Archive member included because of file (symbol)

./Drivers/STM32L4xx_HAL_Driver/libstm32fw.a(stm32l4xx_hal.o)
                              Src/main.o (HAL_Init)
./Drivers/STM32L4xx_HAL_Driver/libstm32fw.a(stm32l4xx_hal_cortex.o)
                              Src/stm32l4xx_hal_msp.o (HAL_NVIC_SetPriorityGrouping)
./Drivers/STM32L4xx_HAL_Driver/libstm32fw.a(stm32l4xx_hal_dma.o)
                              Src/spi.o (HAL_DMA_Init)
./Drivers/STM32L4xx_HAL_Driver/libstm32fw.a(stm32l4xx_hal_gpio.o)
                              Src/gpio.o (HAL_GPIO_Init)
./Drivers/STM32L4xx_HAL_Driver/libstm32fw.a(stm32l4xx_hal_i2c.o)
                              Src/i2c.o (HAL_I2C_Init)
./Drivers/STM32L4xx_HAL_Driver/libstm32fw.a(stm32l4xx_hal_i2c_ex.o)
                              Src/i2c.o (HAL_I2CEx_ConfigAnalogFilter)
./Drivers/STM32L4xx_HAL_Driver/libstm32fw.a(stm32l4xx_hal_pcd.o)
                              Src/usb_otg.o (HAL_PCD_Init)
./Drivers/STM32L4xx_HAL_Driver/libstm32fw.a(stm32l4xx_hal_pcd_ex.o)
                              ./Drivers/STM32L4xx_HAL_Driver/libstm32fw.a(stm32l4xx_hal_pcd.o) (HAL_PCDEx_ActivateLPM)
./Drivers/STM32L4xx_HAL_Driver/libstm32fw.a(stm32l4xx_hal_pwr_ex.o)
                              Src/main.o (HAL_PWREx_ControlVoltageScaling)
./Drivers/STM32L4xx_HAL_Driver/libstm32fw.a(stm32l4xx_hal_rcc.o)
                              Src/main.o (HAL_RCC_OscConfig)
./Drivers/STM32L4xx_HAL_Driver/libstm32fw.a(stm32l4xx_hal_rcc_ex.o)
                              Src/main.o (HAL_RCCEx_PeriphCLKConfig)
./Drivers/STM32L4xx_HAL_Driver/libstm32fw.a(stm32l4xx_hal_rtc.o)
                              Src/rtc.o (HAL_RTC_SetAlarm)
./Drivers/STM32L4xx_HAL_Driver/libstm32fw.a(stm32l4xx_hal_rtc_ex.o)
                              ./Drivers/STM32L4xx_HAL_Driver/libstm32fw.a(stm32l4xx_hal_rtc.o) (HAL_RTCEx_AlarmBEventCallback)
./Drivers/STM32L4xx_HAL_Driver/libstm32fw.a(stm32l4xx_hal_spi.o)
                              Src/spi.o (HAL_SPI_Init)
./Drivers/STM32L4xx_HAL_Driver/libstm32fw.a(stm32l4xx_ll_usb.o)
                              ./Drivers/STM32L4xx_HAL_Driver/libstm32fw.a(stm32l4xx_hal_pcd.o) (USB_CoreInit)
./Drivers/STM32L4xx_HAL_Driver/libstm32fw.a(stm32l4xx_hal_pwr.o)
                              ./Drivers/STM32L4xx_HAL_Driver/libstm32fw.a(stm32l4xx_hal_rcc_ex.o) (HAL_PWR_EnableBkUpAccess)
/usr/local/Cellar/gcc-arm-none-eabi-49/20150609/bin/../lib/gcc/arm-none-eabi/4.9.3/../../../../arm-none-eabi/lib/libc.a(lib_a-exit.o)
                              /usr/local/Cellar/gcc-arm-none-eabi-49/20150609/bin/../lib/gcc/arm-none-eabi/4.9.3/../../../../arm-none-eabi/lib/crt0.o (exit)
/usr/local/Cellar/gcc-arm-none-eabi-49/20150609/bin/../lib/gcc/arm-none-eabi/4.9.3/../../../../arm-none-eabi/lib/libc.a(lib_a-impure.o)
                              /usr/local/Cellar/gcc-arm-none-eabi-49/20150609/bin/../lib/gcc/arm-none-eabi/4.9.3/../../../../arm-none-eabi/lib/libc.a(lib_a-exit.o) (_global_impure_ptr)
/usr/local/Cellar/gcc-arm-none-eabi-49/20150609/bin/../lib/gcc/arm-none-eabi/4.9.3/../../../../arm-none-eabi/lib/libc.a(lib_a-init.o)
                              /usr/local/Cellar/gcc-arm-none-eabi-49/20150609/bin/../lib/gcc/arm-none-eabi/4.9.3/../../../../arm-none-eabi/lib/crt0.o (__libc_init_array)
/usr/local/Cellar/gcc-arm-none-eabi-49/20150609/bin/../lib/gcc/arm-none-eabi/4.9.3/../../../../arm-none-eabi/lib/libc.a(lib_a-memset.o)
                              /usr/local/Cellar/gcc-arm-none-eabi-49/20150609/bin/../lib/gcc/arm-none-eabi/4.9.3/../../../../arm-none-eabi/lib/crt0.o (memset)
/usr/local/Cellar/gcc-arm-none-eabi-49/20150609/bin/../lib/gcc/arm-none-eabi/4.9.3/../../../../arm-none-eabi/lib/libc.a(lib_a-strlen.o)
                              Src/SSD1306.o (strlen)
/usr/local/Cellar/gcc-arm-none-eabi-49/20150609/bin/../lib/gcc/arm-none-eabi/4.9.3/../../../../arm-none-eabi/lib/libc.a(lib_a-__call_atexit.o)
                              /usr/local/Cellar/gcc-arm-none-eabi-49/20150609/bin/../lib/gcc/arm-none-eabi/4.9.3/../../../../arm-none-eabi/lib/libc.a(lib_a-exit.o) (__call_exitprocs)
/usr/local/Cellar/gcc-arm-none-eabi-49/20150609/bin/../lib/gcc/arm-none-eabi/4.9.3/../../../../arm-none-eabi/lib/libc.a(lib_a-atexit.o)
                              /usr/local/Cellar/gcc-arm-none-eabi-49/20150609/bin/../lib/gcc/arm-none-eabi/4.9.3/../../../../arm-none-eabi/lib/libc.a(lib_a-__call_atexit.o) (atexit)
/usr/local/Cellar/gcc-arm-none-eabi-49/20150609/bin/../lib/gcc/arm-none-eabi/4.9.3/../../../../arm-none-eabi/lib/libc.a(lib_a-fini.o)
                              /usr/local/Cellar/gcc-arm-none-eabi-49/20150609/bin/../lib/gcc/arm-none-eabi/4.9.3/../../../../arm-none-eabi/lib/libc.a(lib_a-__call_atexit.o) (__libc_fini_array)
/usr/local/Cellar/gcc-arm-none-eabi-49/20150609/bin/../lib/gcc/arm-none-eabi/4.9.3/../../../../arm-none-eabi/lib/libc.a(lib_a-__atexit.o)
[...]
Memory Configuration

Name             Origin             Length             Attributes
FLASH            0x0000000008000000 0x0000000000100000 xr
RAM              0x0000000020000000 0x0000000000018000 xrw
*default*        0x0000000000000000 0xffffffffffffffff

Linker script and memory map

LOAD /usr/local/Cellar/gcc-arm-none-eabi-49/20150609/bin/../lib/gcc/arm-none-eabi/4.9.3/crti.o
LOAD /usr/local/Cellar/gcc-arm-none-eabi-49/20150609/bin/../lib/gcc/arm-none-eabi/4.9.3/crtbegin.o
LOAD /usr/local/Cellar/gcc-arm-none-eabi-49/20150609/bin/../lib/gcc/arm-none-eabi/4.9.3/../../../../arm-none-eabi/lib/crt0.o
LOAD Drivers/CMSIS/Device/ST/STM32L4xx/Source/Templates/gcc/startup_stm32l476xx.o
LOAD Drivers/CMSIS/Device/ST/STM32L4xx/Source/Templates/system_stm32l4xx.o
LOAD Src/SSD1306.o
LOAD Src/dma.o
LOAD Src/gpio.o
LOAD Src/i2c.o
LOAD Src/main.o
LOAD Src/rtc.o
LOAD Src/spi.o
LOAD Src/stm32l4xx_hal_msp.o
LOAD Src/stm32l4xx_it.o
LOAD Src/usb_otg.o
LOAD ./Drivers/STM32L4xx_HAL_Driver/libstm32fw.a
LOAD /usr/local/Cellar/gcc-arm-none-eabi-49/20150609/bin/../lib/gcc/arm-none-eabi/4.9.3/../../../../arm-none-eabi/lib/libm.a
START GROUP
LOAD /usr/local/Cellar/gcc-arm-none-eabi-49/20150609/bin/../lib/gcc/arm-none-eabi/4.9.3/libgcc.a
LOAD /usr/local/Cellar/gcc-arm-none-eabi-49/20150609/bin/../lib/gcc/arm-none-eabi/4.9.3/../../../../arm-none-eabi/lib/libc.a
END GROUP
LOAD /usr/local/Cellar/gcc-arm-none-eabi-49/20150609/bin/../lib/gcc/arm-none-eabi/4.9.3/crtend.o
LOAD /usr/local/Cellar/gcc-arm-none-eabi-49/20150609/bin/../lib/gcc/arm-none-eabi/4.9.3/crtn.o
                0x0000000020018000                _estack = 0x20018000
                0x0000000000000200                _Min_Heap_Size = 0x200
                0x0000000000000400                _Min_Stack_Size = 0x400

.isr_vector     0x0000000008000000      0x188
                0x0000000008000000                . = ALIGN (0x8)
 *(.isr_vector)
 .isr_vector    0x0000000008000000      0x188 Drivers/CMSIS/Device/ST/STM32L4xx/Source/Templates/gcc/startup_stm32l476xx.o
                0x0000000008000000                g_pfnVectors
                0x0000000008000188                . = ALIGN (0x8)

.text           0x0000000008000188     0xc2e0
                0x0000000008000188                . = ALIGN (0x8)
 *(.text)
 .text          0x0000000008000188       0x98 /usr/local/Cellar/gcc-arm-none-eabi-49/20150609/bin/../lib/gcc/arm-none-eabi/4.9.3/crtbegin.o
 .text          0x0000000008000220      0x104 Drivers/CMSIS/Device/ST/STM32L4xx/Source/Templates/system_stm32l4xx.o
                0x0000000008000220                SystemInit
                0x0000000008000270                SystemCoreClockUpdate
 .text          0x0000000008000324       0x64 Src/dma.o
                0x0000000008000324                MX_DMA_Init
 .text          0x0000000008000388       0xc4 Src/gpio.o
                0x0000000008000388                MX_GPIO_Init
 .text          0x000000000800044c       0xb8 Src/i2c.o
                0x000000000800044c                MX_I2C2_Init
                0x0000000008000484                HAL_I2C_MspInit
                0x00000000080004d8                HAL_I2C_MspDeInit
 .text          0x0000000008000504       0xbc Src/main.o
                0x0000000008000504                SystemClock_Config
 .text          0x00000000080005c0       0xe0 Src/rtc.o
                0x00000000080005c0                MX_RTC_Init
                0x0000000008000658                HAL_RTC_MspInit
                0x000000000800067c                HAL_RTC_MspDeInit
 .text          0x00000000080006a0      0x274 Src/spi.o
                0x00000000080006a0                MX_SPI1_Init
                0x00000000080006ec                MX_SPI3_Init
                0x0000000008000748                HAL_SPI_MspInit
                0x00000000080008ac                HAL_SPI_MspDeInit
 .text          0x0000000008000914       0x34 Src/stm32l4xx_hal_msp.o
                0x0000000008000914                HAL_MspInit
 .text          0x0000000008000948       0x34 Src/stm32l4xx_it.o
                0x0000000008000948                SysTick_Handler
                0x0000000008000958                DMA1_Channel2_IRQHandler
                0x0000000008000964                DMA1_Channel3_IRQHandler
                0x0000000008000970                DMA2_Channel2_IRQHandler
 .text          0x000000000800097c       0xfc Src/usb_otg.o
                0x000000000800097c                MX_USB_OTG_FS_PCD_Init
                0x00000000080009ac                HAL_PCD_MspInit
                0x0000000008000a20                HAL_PCD_MspDeInit
 .text          0x0000000008000a78      0x20c ./Drivers/STM32L4xx_HAL_Driver/libstm32fw.a(stm32l4xx_hal.o)
                0x0000000008000a7c                HAL_MspDeInit
                0x0000000008000a80                HAL_DeInit
                0x0000000008000aac                HAL_InitTick
                0x0000000008000ad4                HAL_Init
                0x0000000008000af8                HAL_IncTick
                0x0000000008000b08                HAL_GetTick
                0x0000000008000b14                HAL_Delay
                0x0000000008000b2c                HAL_SuspendTick
                0x0000000008000b3c                HAL_ResumeTick
                0x0000000008000b4c                HAL_GetHalVersion
                0x0000000008000b54                HAL_GetREVID
                0x0000000008000b60                HAL_GetDEVID
                0x0000000008000b70                HAL_DBGMCU_EnableDBGSleepMode
                0x0000000008000b80                HAL_DBGMCU_DisableDBGSleepMode
                0x0000000008000b90                HAL_DBGMCU_EnableDBGStopMode
                0x0000000008000ba0                HAL_DBGMCU_DisableDBGStopMode
                0x0000000008000bb0                HAL_DBGMCU_EnableDBGStandbyMode
                0x0000000008000bc0                HAL_DBGMCU_DisableDBGStandbyMode
                0x0000000008000bd0                HAL_SYSCFG_SRAM2Erase
                0x0000000008000bf0                HAL_SYSCFG_EnableMemorySwappingBank
                0x0000000008000bfc                HAL_SYSCFG_DisableMemorySwappingBank
                0x0000000008000c08                HAL_SYSCFG_VREFBUF_VoltageScalingConfig
                0x0000000008000c1c                HAL_SYSCFG_VREFBUF_HighImpedanceConfig
                0x0000000008000c30                HAL_SYSCFG_VREFBUF_TrimmingConfig
                0x0000000008000c44                HAL_SYSCFG_EnableVREFBUF
                0x0000000008000c74                HAL_SYSCFG_DisableVREFBUF
 .text          0x0000000008000c84      0x270 ./Drivers/STM32L4xx_HAL_Driver/libstm32fw.a(stm32l4xx_hal_cortex.o)
                0x0000000008000c84                HAL_NVIC_SetPriorityGrouping
                0x0000000008000ca8                HAL_NVIC_SetPriority
                0x0000000008000d14                HAL_NVIC_EnableIRQ
                0x0000000008000d2c                HAL_NVIC_DisableIRQ
                0x0000000008000d44                HAL_NVIC_SystemReset
                0x0000000008000d68                HAL_SYSTICK_Config
                0x0000000008000d9c                HAL_NVIC_GetPriorityGrouping
                0x0000000008000dac                HAL_NVIC_GetPriority
                0x0000000008000e0c                HAL_NVIC_SetPendingIRQ
                0x0000000008000e24                HAL_NVIC_GetPendingIRQ
                0x0000000008000e40                HAL_NVIC_ClearPendingIRQ
                0x0000000008000e58                HAL_NVIC_GetActive
                0x0000000008000e74                HAL_SYSTICK_CLKSourceConfig
                0x0000000008000e8c                HAL_SYSTICK_Callback
                0x0000000008000e90                HAL_SYSTICK_IRQHandler
                0x0000000008000e98                HAL_MPU_ConfigRegion
 .text          0x0000000008000ef4     0x108c ./Drivers/STM32L4xx_HAL_Driver/libstm32fw.a(stm32l4xx_hal_dma.o)
                0x0000000008000ef4                HAL_DMA_Init
                0x00000000080010a8                HAL_DMA_DeInit
                0x00000000080014d8                HAL_DMA_Start
                0x0000000008001528                HAL_DMA_Start_IT
                0x0000000008001584                HAL_DMA_Abort
                0x00000000080015d4                HAL_DMA_PollForTransfer
                0x0000000008001a18                HAL_DMA_IRQHandler
                0x0000000008001f74                HAL_DMA_GetState
                0x0000000008001f7c                HAL_DMA_GetError
 .text          0x0000000008001f80      0x3bc ./Drivers/STM32L4xx_HAL_Driver/libstm32fw.a(stm32l4xx_hal_gpio.o)
                0x0000000008001f80                HAL_GPIO_Init
                0x000000000800217c                HAL_GPIO_DeInit
                0x00000000080022d4                HAL_GPIO_ReadPin
                0x00000000080022e0                HAL_GPIO_WritePin
                0x00000000080022ec                HAL_GPIO_TogglePin
                0x00000000080022f4                HAL_GPIO_LockPin
                0x0000000008002320                HAL_GPIO_EXTI_Callback
                0x0000000008002324                HAL_GPIO_EXTI_IRQHandler
 .text          0x000000000800233c     0x212c ./Drivers/STM32L4xx_HAL_Driver/libstm32fw.a(stm32l4xx_hal_i2c.o)
                0x00000000080025c8                HAL_I2C_Init
                0x0000000008002680                HAL_I2C_DeInit
                0x00000000080026ac                HAL_I2C_Master_Transmit
                0x00000000080027d8                HAL_I2C_Master_Receive
                0x0000000008002904                HAL_I2C_Slave_Transmit
                0x0000000008002a30                HAL_I2C_Slave_Receive
                0x0000000008002b8c                HAL_I2C_Master_Transmit_IT
                0x0000000008002c30                HAL_I2C_Master_Receive_IT
                0x0000000008002cd4                HAL_I2C_Slave_Transmit_IT
                0x0000000008002d2c                HAL_I2C_Slave_Receive_IT
                0x0000000008002d84                HAL_I2C_Master_Transmit_DMA
                0x0000000008002e6c                HAL_I2C_Master_Receive_DMA
                0x0000000008002f40                HAL_I2C_Slave_Transmit_DMA
                0x0000000008003010                HAL_I2C_Slave_Receive_DMA
                0x00000000080030c8                HAL_I2C_Mem_Write
                0x0000000008003220                HAL_I2C_Mem_Read
                0x0000000008003374                HAL_I2C_Mem_Write_IT
                0x0000000008003448                HAL_I2C_Mem_Read_IT
                0x000000000800351c                HAL_I2C_Mem_Write_DMA
                0x000000000800362c                HAL_I2C_Mem_Read_DMA
                0x0000000008003738                HAL_I2C_IsDeviceReady
                0x0000000008003858                HAL_I2C_MasterTxCpltCallback
                0x000000000800385c                HAL_I2C_MasterRxCpltCallback
                0x0000000008003860                HAL_I2C_SlaveTxCpltCallback
                0x0000000008003864                HAL_I2C_SlaveRxCpltCallback
                0x0000000008003868                HAL_I2C_MemTxCpltCallback
                0x000000000800386c                HAL_I2C_MemRxCpltCallback
                0x0000000008003870                HAL_I2C_ErrorCallback
                0x0000000008003f00                HAL_I2C_EV_IRQHandler
                0x00000000080043f0                HAL_I2C_ER_IRQHandler
                0x000000000800445c                HAL_I2C_GetState
                0x0000000008004464                HAL_I2C_GetError
 .text          0x0000000008004468      0x234 ./Drivers/STM32L4xx_HAL_Driver/libstm32fw.a(stm32l4xx_hal_i2c_ex.o)
                0x0000000008004468                HAL_I2CEx_ConfigAnalogFilter
                0x00000000080044e4                HAL_I2CEx_ConfigDigitalFilter
                0x000000000800455c                HAL_I2CEx_EnableWakeUp
                0x00000000080045d0                HAL_I2CEx_DisableWakeUp
                0x0000000008004644                HAL_I2CEx_EnableFastModePlus
                0x0000000008004670                HAL_I2CEx_DisableFastModePlus
 .text          0x000000000800469c      0xa88 ./Drivers/STM32L4xx_HAL_Driver/libstm32fw.a(stm32l4xx_hal_pcd.o)
                0x00000000080046a0                HAL_PCD_Init
                0x00000000080047b8                HAL_PCD_DeInit
                0x00000000080047fc                HAL_PCD_Start
                0x0000000008004828                HAL_PCD_Stop
                0x0000000008004858                HAL_PCD_DataOutStageCallback
                0x000000000800485c                HAL_PCD_DataInStageCallback
                0x0000000008004860                HAL_PCD_SetupStageCallback
                0x0000000008004864                HAL_PCD_SOFCallback
                0x0000000008004868                HAL_PCD_ResetCallback
                0x000000000800486c                HAL_PCD_SuspendCallback
                0x0000000008004870                HAL_PCD_ResumeCallback
                0x0000000008004874                HAL_PCD_ISOOUTIncompleteCallback
                0x0000000008004878                HAL_PCD_ISOINIncompleteCallback
                0x000000000800487c                HAL_PCD_ConnectCallback
                0x0000000008004880                HAL_PCD_DisconnectCallback
                0x0000000008004884                HAL_PCD_IRQHandler
                0x0000000008004ddc                HAL_PCD_DevConnect
                0x0000000008004e00                HAL_PCD_DevDisconnect
                0x0000000008004e24                HAL_PCD_SetAddress
                0x0000000008004e48                HAL_PCD_EP_Open
                0x0000000008004ec0                HAL_PCD_EP_Close
                0x0000000008004f10                HAL_PCD_EP_Receive
                0x0000000008004f80                HAL_PCD_EP_GetRxCount
                0x0000000008004f94                HAL_PCD_EP_Transmit
                0x0000000008004ff8                HAL_PCD_EP_SetStall
                0x000000000800505c                HAL_PCD_EP_ClrStall
                0x00000000080050b0                HAL_PCD_EP_Flush
                0x00000000080050ec                HAL_PCD_ActivateRemoteWakeup
                0x0000000008005108                HAL_PCD_DeActivateRemoteWakeup
                0x000000000800511c                HAL_PCD_GetState
 .text          0x0000000008005124      0x174 ./Drivers/STM32L4xx_HAL_Driver/libstm32fw.a(stm32l4xx_hal_pcd_ex.o)
                0x0000000008005124                HAL_PCDEx_SetTxFiFo
                0x0000000008005170                HAL_PCDEx_SetRxFiFo
                0x0000000008005178                HAL_PCDEx_ActivateLPM
                0x00000000080051a0                HAL_PCDEx_DeActivateLPM
                0x00000000080051c0                HAL_PCDEx_ActivateBCD
                0x00000000080051d4                HAL_PCDEx_DeActivateBCD
                0x00000000080051e8                HAL_PCDEx_LPM_Callback
                0x00000000080051ec                HAL_PCDEx_BCD_Callback
                0x00000000080051f0                HAL_PCDEx_BCD_VBUSDetect
 .text          0x0000000008005298      0x7a8 ./Drivers/STM32L4xx_HAL_Driver/libstm32fw.a(stm32l4xx_hal_pwr_ex.o)
                0x0000000008005298                HAL_PWREx_GetVoltageRange
                0x00000000080052a8                HAL_PWREx_ControlVoltageScaling
                0x0000000008005328                HAL_PWREx_EnableBatteryCharging
                0x0000000008005344                HAL_PWREx_DisableBatteryCharging
                0x0000000008005354                HAL_PWREx_EnableVddUSB
                0x0000000008005364                HAL_PWREx_DisableVddUSB
                0x0000000008005374                HAL_PWREx_EnableVddIO2
                0x0000000008005384                HAL_PWREx_DisableVddIO2
                0x0000000008005394                HAL_PWREx_EnableInternalWakeUpLine
                0x00000000080053a4                HAL_PWREx_DisableInternalWakeUpLine
                0x00000000080053b4                HAL_PWREx_EnableGPIOPullUp
                0x000000000800547c                HAL_PWREx_DisableGPIOPullUp
                0x000000000800550c                HAL_PWREx_EnableGPIOPullDown
                0x00000000080055d4                HAL_PWREx_DisableGPIOPullDown
                0x0000000008005668                HAL_PWREx_EnablePullUpPullDownConfig
                0x0000000008005678                HAL_PWREx_DisablePullUpPullDownConfig
                0x0000000008005688                HAL_PWREx_EnableSRAM2ContentRetention
                0x0000000008005698                HAL_PWREx_DisableSRAM2ContentRetention
                0x00000000080056a8                HAL_PWREx_EnablePVM1
                0x00000000080056b8                HAL_PWREx_DisablePVM1
                0x00000000080056c8                HAL_PWREx_EnablePVM2
                0x00000000080056d8                HAL_PWREx_DisablePVM2
                0x00000000080056e8                HAL_PWREx_EnablePVM3
                0x00000000080056f8                HAL_PWREx_DisablePVM3
                0x0000000008005708                HAL_PWREx_EnablePVM4
                0x0000000008005718                HAL_PWREx_DisablePVM4
                0x0000000008005728                HAL_PWREx_ConfigPVM
                0x00000000080058d8                HAL_PWREx_EnableLowPowerRunMode
                0x00000000080058e8                HAL_PWREx_DisableLowPowerRunMode
                0x0000000008005930                HAL_PWREx_EnterSTOP1Mode
                0x000000000800596c                HAL_PWREx_EnterSTOP2Mode
                0x00000000080059a8                HAL_PWREx_EnterSHUTDOWNMode
                0x00000000080059cc                HAL_PWREx_PVM1Callback
                0x00000000080059d0                HAL_PWREx_PVM2Callback
                0x00000000080059d4                HAL_PWREx_PVM3Callback
                0x00000000080059d8                HAL_PWREx_PVM4Callback
                0x00000000080059dc                HAL_PWREx_PVD_PVM_IRQHandler
 .text          0x0000000008005a40      0xe94 ./Drivers/STM32L4xx_HAL_Driver/libstm32fw.a(stm32l4xx_hal_rcc.o)
                0x0000000008005acc                HAL_RCC_DeInit
                0x0000000008005b30                HAL_RCC_OscConfig
                0x0000000008006304                HAL_RCC_ClockConfig
                0x0000000008006560                HAL_RCC_MCOConfig
                0x00000000080065b0                HAL_RCC_GetSysClockFreq
                0x00000000080066a8                HAL_RCC_GetHCLKFreq
                0x00000000080066dc                HAL_RCC_GetPCLK1Freq
                0x0000000008006708                HAL_RCC_GetPCLK2Freq
                0x0000000008006734                HAL_RCC_GetOscConfig
                0x0000000008006860                HAL_RCC_GetClockConfig
                0x00000000080068a4                HAL_RCC_EnableCSS
                0x00000000080068b4                HAL_RCC_CSSCallback
                0x00000000080068b8                HAL_RCC_NMI_IRQHandler
 .text          0x00000000080068d4     0x11c4 ./Drivers/STM32L4xx_HAL_Driver/libstm32fw.a(stm32l4xx_hal_rcc_ex.o)
                0x0000000008006af0                HAL_RCCEx_PeriphCLKConfig
                0x00000000080070a8                HAL_RCCEx_GetPeriphCLKConfig
                0x0000000008007220                HAL_RCCEx_GetPeriphCLKFreq
                0x00000000080076a0                HAL_RCCEx_EnablePLLSAI1
                0x0000000008007754                HAL_RCCEx_DisablePLLSAI1
                0x00000000080077ac                HAL_RCCEx_EnablePLLSAI2
                0x0000000008007858                HAL_RCCEx_DisablePLLSAI2
                0x00000000080078b0                HAL_RCCEx_WakeUpStopCLKConfig
                0x00000000080078c4                HAL_RCCEx_StandbyMSIRangeConfig
                0x00000000080078dc                HAL_RCCEx_EnableLSECSS
                0x00000000080078f0                HAL_RCCEx_DisableLSECSS
                0x000000000800790c                HAL_RCCEx_EnableLSECSS_IT
                0x0000000008007940                HAL_RCCEx_LSECSS_Callback
                0x0000000008007944                HAL_RCCEx_LSECSS_IRQHandler
                0x0000000008007960                HAL_RCCEx_EnableLSCO
                0x0000000008007a04                HAL_RCCEx_DisableLSCO
                0x0000000008007a78                HAL_RCCEx_EnableMSIPLLMode
                0x0000000008007a88                HAL_RCCEx_DisableMSIPLLMode
 .text          0x0000000008007a98      0xba8 ./Drivers/STM32L4xx_HAL_Driver/libstm32fw.a(stm32l4xx_hal_rtc.o)
                0x0000000008007aa0                HAL_RTC_GetTime
                0x0000000008007b08                HAL_RTC_GetDate
                0x0000000008007b60                HAL_RTC_SetAlarm
                0x0000000008007d50                HAL_RTC_SetAlarm_IT
                0x0000000008007f70                HAL_RTC_DeactivateAlarm
                0x0000000008008028                HAL_RTC_GetAlarm
                0x00000000080080d8                HAL_RTC_AlarmAEventCallback
                0x00000000080080dc                HAL_RTC_AlarmIRQHandler
                0x0000000008008138                HAL_RTC_PollForAlarmAEvent
                0x000000000800817c                HAL_RTC_WaitForSynchro
                0x00000000080081b0                HAL_RTC_GetState
                0x00000000080081b8                RTC_EnterInitMode
                0x00000000080081ec                HAL_RTC_Init
                0x000000000800829c                HAL_RTC_DeInit
                0x0000000008008378                HAL_RTC_SetTime
                0x00000000080084dc                HAL_RTC_SetDate
                0x0000000008008610                RTC_ByteToBcd2
                0x000000000800862c                RTC_Bcd2ToByte
 .text          0x0000000008008640      0xd28 ./Drivers/STM32L4xx_HAL_Driver/libstm32fw.a(stm32l4xx_hal_rtc_ex.o)
                0x0000000008008640                HAL_RTCEx_SetTimeStamp
                0x0000000008008698                HAL_RTCEx_SetTimeStamp_IT
                0x0000000008008710                HAL_RTCEx_DeactivateTimeStamp
                0x0000000008008768                HAL_RTCEx_SetInternalTimeStamp
                0x00000000080087b4                HAL_RTCEx_DeactivateInternalTimeStamp
                0x0000000008008800                HAL_RTCEx_GetTimeStamp
                0x0000000008008898                HAL_RTCEx_SetTamper
                0x0000000008008974                HAL_RTCEx_SetTamper_IT
                0x0000000008008a70                HAL_RTCEx_DeactivateTamper
                0x0000000008008ae0                HAL_RTCEx_TimeStampEventCallback
                0x0000000008008ae4                HAL_RTCEx_Tamper1EventCallback
                0x0000000008008ae8                HAL_RTCEx_Tamper2EventCallback
                0x0000000008008aec                HAL_RTCEx_Tamper3EventCallback
                0x0000000008008af0                HAL_RTCEx_TamperTimeStampIRQHandler
                0x0000000008008ba4                HAL_RTCEx_PollForTimeStampEvent
                0x0000000008008bf8                HAL_RTCEx_PollForTamper1Event
                0x0000000008008c3c                HAL_RTCEx_PollForTamper2Event
                0x0000000008008c80                HAL_RTCEx_PollForTamper3Event
                0x0000000008008cc8                HAL_RTCEx_SetWakeUpTimer
                0x0000000008008da8                HAL_RTCEx_SetWakeUpTimer_IT
                0x0000000008008ea8                HAL_RTCEx_DeactivateWakeUpTimer
                0x0000000008008f2c                HAL_RTCEx_GetWakeUpTimer
                0x0000000008008f34                HAL_RTCEx_WakeUpTimerEventCallback
                0x0000000008008f38                HAL_RTCEx_WakeUpTimerIRQHandler
                0x0000000008008f68                HAL_RTCEx_PollForWakeUpTimerEvent
                0x0000000008008fac                HAL_RTCEx_BKUPWrite
                0x0000000008008fb8                HAL_RTCEx_BKUPRead
                0x0000000008008fc4                HAL_RTCEx_SetSmoothCalib
                0x0000000008009058                HAL_RTCEx_SetSynchroShift
                0x0000000008009110                HAL_RTCEx_SetCalibrationOutPut
                0x000000000800916c                HAL_RTCEx_DeactivateCalibrationOutPut
                0x00000000080091b8                HAL_RTCEx_SetRefClock
                0x0000000008009220                HAL_RTCEx_DeactivateRefClock
                0x0000000008009288                HAL_RTCEx_EnableBypassShadow
                0x00000000080092d4                HAL_RTCEx_DisableBypassShadow
                0x0000000008009320                HAL_RTCEx_AlarmBEventCallback
                0x0000000008009324                HAL_RTCEx_PollForAlarmBEvent
 .text          0x0000000008009368     0x1908 ./Drivers/STM32L4xx_HAL_Driver/libstm32fw.a(stm32l4xx_hal_spi.o)
                0x0000000008009868                HAL_SPI_Init
                0x000000000800999c                HAL_SPI_DeInit
                0x00000000080099c8                HAL_SPI_Transmit
                0x0000000008009b50                HAL_SPI_TransmitReceive
                0x0000000008009e0c                HAL_SPI_Receive
                0x000000000800a04c                HAL_SPI_Transmit_IT
                0x000000000800a10c                HAL_SPI_Receive_IT
                0x000000000800a22c                HAL_SPI_TransmitReceive_IT
                0x000000000800a248                HAL_SPI_Transmit_DMA
                0x000000000800a358                HAL_SPI_Receive_DMA
                0x000000000800a480                HAL_SPI_TransmitReceive_DMA
                0x000000000800a49c                HAL_SPI_DMAPause
                0x000000000800a4c4                HAL_SPI_DMAResume
                0x000000000800a4ec                HAL_SPI_DMAStop
                0x000000000800a514                HAL_SPI_TxCpltCallback
                0x000000000800a518                HAL_SPI_RxCpltCallback
                0x000000000800a51c                HAL_SPI_TxRxCpltCallback
                0x000000000800a520                HAL_SPI_TxHalfCpltCallback
                0x000000000800a530                HAL_SPI_RxHalfCpltCallback
                0x000000000800a540                HAL_SPI_TxRxHalfCpltCallback
                0x000000000800a550                HAL_SPI_ErrorCallback
                0x000000000800abc8                HAL_SPI_IRQHandler
                0x000000000800ac64                HAL_SPI_GetState
                0x000000000800ac6c                HAL_SPI_GetError
 .text          0x000000000800ac70     0x1380 ./Drivers/STM32L4xx_HAL_Driver/libstm32fw.a(stm32l4xx_ll_usb.o)
                0x000000000800ac70                USB_CoreInit
                0x000000000800acc0                USB_EnableGlobalInt
                0x000000000800acd0                USB_DisableGlobalInt
                0x000000000800ace0                USB_SetCurrentMode
                0x000000000800ad14                USB_DevInit
                0x000000000800ae74                USB_FlushTxFifo
                0x000000000800ae98                USB_FlushRxFifo
                0x000000000800aeb8                USB_SetDevSpeed
                0x000000000800aec8                USB_GetDevSpeed
                0x000000000800af00                USB_ActivateEndpoint
                0x000000000800af90                USB_ActivateDedicatedEndpoint
                0x000000000800b07c                USB_DeactivateEndpoint
                0x000000000800b100                USB_DeactivateDedicatedEndpoint
                0x000000000800b160                USB_EPStartXfer
                0x000000000800b3c0                USB_EP0StartXfer
                0x000000000800b530                USB_WritePacket
                0x000000000800b558                USB_ReadPacket
                0x000000000800b584                USB_EPSetStall
                0x000000000800b5c4                USB_EPClearStall
                0x000000000800b600                USB_StopDevice
                0x000000000800b664                USB_SetDevAddress
                0x000000000800b684                USB_DevConnect
                0x000000000800b69c                USB_DevDisconnect
                0x000000000800b6b4                USB_ReadInterrupts
                0x000000000800b6bc                USB_ReadDevAllOutEpInterrupt
                0x000000000800b6cc                USB_ReadDevAllInEpInterrupt
                0x000000000800b6dc                USB_ReadDevOutEPInterrupt
                0x000000000800b6f0                USB_ReadDevInEPInterrupt
                0x000000000800b714                USB_ClearInterrupts
                0x000000000800b71c                USB_GetMode
                0x000000000800b724                USB_ActivateSetup
                0x000000000800b75c                USB_EP0_OutStart
                0x000000000800b7a0                USB_InitFSLSPClkSel
                0x000000000800b7dc                USB_ResetPort
                0x000000000800b810                USB_DriveVbus
                0x000000000800b854                USB_HostInit
                0x000000000800b928                USB_GetHostSpeed
                0x000000000800b93c                USB_GetCurrentFrame
                0x000000000800b948                USB_HC_Init
                0x000000000800ba40                USB_HC_StartXfer
                0x000000000800bc58                USB_HC_ReadInterrupt
                0x000000000800bc78                USB_HC_Halt
                0x000000000800be78                USB_DoPing
                0x000000000800bef0                USB_StopHost
 .text          0x000000000800bff0      0x1b4 ./Drivers/STM32L4xx_HAL_Driver/libstm32fw.a(stm32l4xx_hal_pwr.o)
                0x000000000800bff0                HAL_PWR_DeInit
                0x000000000800c008                HAL_PWR_EnableBkUpAccess
                0x000000000800c018                HAL_PWR_DisableBkUpAccess
                0x000000000800c028                HAL_PWR_ConfigPVD
                0x000000000800c0a8                HAL_PWR_EnablePVD
                0x000000000800c0b8                HAL_PWR_DisablePVD
                0x000000000800c0c8                HAL_PWR_EnableWakeUpPin
                0x000000000800c0e8                HAL_PWR_DisableWakeUpPin
                0x000000000800c0f8                HAL_PWR_EnterSLEEPMode
                0x000000000800c138                HAL_PWR_EnterSTOPMode
                0x000000000800c13c                HAL_PWR_EnterSTANDBYMode
                0x000000000800c160                HAL_PWR_EnableSleepOnExit
                0x000000000800c170                HAL_PWR_DisableSleepOnExit
                0x000000000800c180                HAL_PWR_EnableSEVOnPend
                0x000000000800c190                HAL_PWR_DisableSEVOnPend
                0x000000000800c1a0                HAL_PWR_PVDCallback
 *(.text*)
 .text.Reset_Handler
                0x000000000800c1a4       0x50 Drivers/CMSIS/Device/ST/STM32L4xx/Source/Templates/gcc/startup_stm32l476xx.o
                0x000000000800c1a4                Reset_Handler
 .text.Default_Handler
                0x000000000800c1f4        0x2 Drivers/CMSIS/Device/ST/STM32L4xx/Source/Templates/gcc/startup_stm32l476xx.o
                0x000000000800c1f4                TIM1_BRK_TIM15_IRQHandler
                0x000000000800c1f4                EXTI2_IRQHandler
                0x000000000800c1f4                TIM8_TRG_COM_IRQHandler
                0x000000000800c1f4                TIM8_CC_IRQHandler
                0x000000000800c1f4                DebugMon_Handler
                0x000000000800c1f4                DFSDM0_IRQHandler
                0x000000000800c1f4                TIM1_CC_IRQHandler
                0x000000000800c1f4                TSC_IRQHandler
                0x000000000800c1f4                HardFault_Handler
                0x000000000800c1f4                TAMP_STAMP_IRQHandler
                0x000000000800c1f4                PendSV_Handler
                0x000000000800c1f4                NMI_Handler
                0x000000000800c1f4                EXTI3_IRQHandler
                0x000000000800c1f4                LPTIM2_IRQHandler
                0x000000000800c1f4                I2C3_ER_IRQHandler
                0x000000000800c1f4                EXTI0_IRQHandler
                0x000000000800c1f4                I2C2_EV_IRQHandler
                0x000000000800c1f4                CAN1_RX0_IRQHandler
                0x000000000800c1f4                FPU_IRQHandler
                0x000000000800c1f4                TIM1_UP_TIM16_IRQHandler
                0x000000000800c1f4                UsageFault_Handler
                0x000000000800c1f4                ADC1_2_IRQHandler
                0x000000000800c1f4                SPI1_IRQHandler
                0x000000000800c1f4                TIM6_DAC_IRQHandler
                0x000000000800c1f4                TIM8_UP_IRQHandler
                0x000000000800c1f4                DMA1_Channel4_IRQHandler
                0x000000000800c1f4                SAI2_IRQHandler
                0x000000000800c1f4                USART3_IRQHandler
                0x000000000800c1f4                DMA1_Channel7_IRQHandler
                0x000000000800c1f4                CAN1_RX1_IRQHandler
                0x000000000800c1f4                LCD_IRQHandler
                0x000000000800c1f4                UART5_IRQHandler
                0x000000000800c1f4                ADC3_IRQHandler
                0x000000000800c1f4                TIM4_IRQHandler
                0x000000000800c1f4                DMA2_Channel1_IRQHandler
                0x000000000800c1f4                QUADSPI_IRQHandler
                0x000000000800c1f4                I2C1_EV_IRQHandler
                0x000000000800c1f4                DMA1_Channel6_IRQHandler
                0x000000000800c1f4                UART4_IRQHandler
                0x000000000800c1f4                DMA2_Channel4_IRQHandler
                0x000000000800c1f4                TIM3_IRQHandler
                0x000000000800c1f4                RCC_IRQHandler
                0x000000000800c1f4                DMA1_Channel1_IRQHandler
                0x000000000800c1f4                Default_Handler
                0x000000000800c1f4                DMA2_Channel7_IRQHandler
                0x000000000800c1f4                EXTI15_10_IRQHandler
                0x000000000800c1f4                TIM7_IRQHandler
                0x000000000800c1f4                SDMMC1_IRQHandler
                0x000000000800c1f4                TIM5_IRQHandler
                0x000000000800c1f4                I2C3_EV_IRQHandler
                0x000000000800c1f4                DFSDM2_IRQHandler
                0x000000000800c1f4                EXTI9_5_IRQHandler
                0x000000000800c1f4                RTC_WKUP_IRQHandler
                0x000000000800c1f4                PVD_PVM_IRQHandler
                0x000000000800c1f4                SPI2_IRQHandler
                0x000000000800c1f4                DFSDM3_IRQHandler
                0x000000000800c1f4                MemManage_Handler
                0x000000000800c1f4                CAN1_TX_IRQHandler
                0x000000000800c1f4                SVC_Handler
                0x000000000800c1f4                DMA2_Channel5_IRQHandler
                0x000000000800c1f4                DMA1_Channel5_IRQHandler
                0x000000000800c1f4                EXTI4_IRQHandler
                0x000000000800c1f4                RNG_IRQHandler
                0x000000000800c1f4                TIM1_TRG_COM_TIM17_IRQHandler
                0x000000000800c1f4                COMP_IRQHandler
                0x000000000800c1f4                WWDG_IRQHandler
                0x000000000800c1f4                LPUART1_IRQHandler
                0x000000000800c1f4                DMA2_Channel6_IRQHandler
                0x000000000800c1f4                TIM2_IRQHandler
                0x000000000800c1f4                EXTI1_IRQHandler
                0x000000000800c1f4                USART2_IRQHandler
                0x000000000800c1f4                I2C2_ER_IRQHandler
                0x000000000800c1f4                TIM8_BRK_IRQHandler
                0x000000000800c1f4                CAN1_SCE_IRQHandler
                0x000000000800c1f4                FLASH_IRQHandler
                0x000000000800c1f4                BusFault_Handler
                0x000000000800c1f4                USART1_IRQHandler
                0x000000000800c1f4                OTG_FS_IRQHandler
                0x000000000800c1f4                SPI3_IRQHandler
                0x000000000800c1f4                I2C1_ER_IRQHandler
                0x000000000800c1f4                FMC_IRQHandler
                0x000000000800c1f4                SWPMI1_IRQHandler
                0x000000000800c1f4                LPTIM1_IRQHandler
                0x000000000800c1f4                DFSDM1_IRQHandler
                0x000000000800c1f4                SAI1_IRQHandler
                0x000000000800c1f4                DMA2_Channel3_IRQHandler
                0x000000000800c1f4                RTC_Alarm_IRQHandler
 *fill*         0x000000000800c1f6        0x2 
 .text.startup  0x000000000800c1f8       0x50 Src/main.o
                0x000000000800c1f8                main
 .text.__libc_init_array
                0x000000000800c248       0x80 /usr/local/Cellar/gcc-arm-none-eabi-49/20150609/bin/../lib/gcc/arm-none-eabi/4.9.3/../../../../arm-none-eabi/lib/libc.a(lib_a-init.o)
                0x000000000800c248                __libc_init_array
 .text.startup.register_fini
                0x000000000800c2c8       0x24 /usr/local/Cellar/gcc-arm-none-eabi-49/20150609/bin/../lib/gcc/arm-none-eabi/4.9.3/../../../../arm-none-eabi/lib/libc.a(lib_a-__call_atexit.o)
 .text.atexit   0x000000000800c2ec       0x20 /usr/local/Cellar/gcc-arm-none-eabi-49/20150609/bin/../lib/gcc/arm-none-eabi/4.9.3/../../../../arm-none-eabi/lib/libc.a(lib_a-atexit.o)
                0x000000000800c2ec                atexit
 .text.__libc_fini_array
                0x000000000800c30c       0x48 /usr/local/Cellar/gcc-arm-none-eabi-49/20150609/bin/../lib/gcc/arm-none-eabi/4.9.3/../../../../arm-none-eabi/lib/libc.a(lib_a-fini.o)
                0x000000000800c30c                __libc_fini_array
 .text.__register_exitproc
                0x000000000800c354       0xe0 /usr/local/Cellar/gcc-arm-none-eabi-49/20150609/bin/../lib/gcc/arm-none-eabi/4.9.3/../../../../arm-none-eabi/lib/libc.a(lib_a-__atexit.o)
                0x000000000800c354                __register_exitproc
 *(.glue_7)
 .glue_7        0x0000000000000000        0x0 linker stubs
 *(.glue_7t)
 .glue_7t       0x0000000000000000        0x0 linker stubs
 *(.eh_frame)
 .eh_frame      0x000000000800c434        0x0 /usr/local/Cellar/gcc-arm-none-eabi-49/20150609/bin/../lib/gcc/arm-none-eabi/4.9.3/crtbegin.o
 *(.init)
 .init          0x000000000800c434        0xc /usr/local/Cellar/gcc-arm-none-eabi-49/20150609/bin/../lib/gcc/arm-none-eabi/4.9.3/crti.o
                0x000000000800c434                _init
 .init          0x000000000800c440        0xc /usr/local/Cellar/gcc-arm-none-eabi-49/20150609/bin/../lib/gcc/arm-none-eabi/4.9.3/crtn.o
 *(.fini)
 .fini          0x000000000800c44c        0xc /usr/local/Cellar/gcc-arm-none-eabi-49/20150609/bin/../lib/gcc/arm-none-eabi/4.9.3/crti.o
                0x000000000800c44c                _fini
 .fini          0x000000000800c458        0xc /usr/local/Cellar/gcc-arm-none-eabi-49/20150609/bin/../lib/gcc/arm-none-eabi/4.9.3/crtn.o
                0x000000000800c468                . = ALIGN (0x8)
 *fill*         0x000000000800c464        0x4 
                0x000000000800c468                _etext = .

.vfp11_veneer   0x000000000800c468        0x0
 .vfp11_veneer  0x0000000000000000        0x0 linker stubs

.v4_bx          0x000000000800c468        0x0
 .v4_bx         0x0000000000000000        0x0 linker stubs

.iplt           0x000000000800c468        0x0
 .iplt          0x0000000000000000        0x0 /usr/local/Cellar/gcc-arm-none-eabi-49/20150609/bin/../lib/gcc/arm-none-eabi/4.9.3/crtbegin.o

.rodata         0x000000000800c468       0x50
                0x000000000800c468                . = ALIGN (0x8)
 *(.rodata)
 .rodata        0x000000000800c468       0x40 Drivers/CMSIS/Device/ST/STM32L4xx/Source/Templates/system_stm32l4xx.o
                0x000000000800c468                MSIRangeTable
                0x000000000800c498                AHBPrescTable
 .rodata        0x000000000800c4a8        0x8 ./Drivers/STM32L4xx_HAL_Driver/libstm32fw.a(stm32l4xx_hal_rcc.o)
                0x000000000800c4a8                APBAHBPrescTable
 *(.rodata*)
 .rodata.str1.4
                0x000000000800c4b0        0x4 /usr/local/Cellar/gcc-arm-none-eabi-49/20150609/bin/../lib/gcc/arm-none-eabi/4.9.3/../../../../arm-none-eabi/lib/libc.a(lib_a-impure.o)
                                          0x2 (size before relaxing)
 .rodata._global_impure_ptr
                0x000000000800c4b4        0x4 /usr/local/Cellar/gcc-arm-none-eabi-49/20150609/bin/../lib/gcc/arm-none-eabi/4.9.3/../../../../arm-none-eabi/lib/libc.a(lib_a-impure.o)
                0x000000000800c4b4                _global_impure_ptr
                0x000000000800c4b8                . = ALIGN (0x8)

.rel.dyn        0x000000000800c4b8        0x0
 .rel.iplt      0x0000000000000000        0x0 /usr/local/Cellar/gcc-arm-none-eabi-49/20150609/bin/../lib/gcc/arm-none-eabi/4.9.3/crtbegin.o

.ARM.extab      0x000000000800c4b8        0x0
                0x000000000800c4b8                . = ALIGN (0x8)
 *(.ARM.extab* .gnu.linkonce.armextab.*)
                0x000000000800c4b8                . = ALIGN (0x8)

.ARM            0x000000000800c4b8        0x0
                0x000000000800c4b8                . = ALIGN (0x8)
                0x000000000800c4b8                __exidx_start = .
 *(.ARM.exidx*)
                0x000000000800c4b8                __exidx_end = .
                0x000000000800c4b8                . = ALIGN (0x8)

.preinit_array  0x000000000800c4b8        0x0
                0x000000000800c4b8                . = ALIGN (0x8)
                0x000000000800c4b8                PROVIDE (__preinit_array_start, .)
 *(.preinit_array*)
                0x000000000800c4b8                PROVIDE (__preinit_array_end, .)
                0x000000000800c4b8                . = ALIGN (0x8)

.init_array     0x000000000800c4b8        0x8
                0x000000000800c4b8                . = ALIGN (0x8)
                0x000000000800c4b8                PROVIDE (__init_array_start, .)
 *(SORT(.init_array.*))
 .init_array.00000
                0x000000000800c4b8        0x4 /usr/local/Cellar/gcc-arm-none-eabi-49/20150609/bin/../lib/gcc/arm-none-eabi/4.9.3/../../../../arm-none-eabi/lib/libc.a(lib_a-__call_atexit.o)
 *(.init_array*)
 .init_array    0x000000000800c4bc        0x4 /usr/local/Cellar/gcc-arm-none-eabi-49/20150609/bin/../lib/gcc/arm-none-eabi/4.9.3/crtbegin.o
                0x000000000800c4c0                PROVIDE (__init_array_end, .)
                0x000000000800c4c0                . = ALIGN (0x8)

.fini_array     0x000000000800c4c0        0x8
                0x000000000800c4c0                . = ALIGN (0x8)
                0x000000000800c4c0                PROVIDE (__fini_array_start, .)
 *(SORT(.fini_array.*))
 *(.fini_array*)
 .fini_array    0x000000000800c4c0        0x4 /usr/local/Cellar/gcc-arm-none-eabi-49/20150609/bin/../lib/gcc/arm-none-eabi/4.9.3/crtbegin.o
                0x000000000800c4c4                PROVIDE (__fini_array_end, .)
                0x000000000800c4c8                . = ALIGN (0x8)
 *fill*         0x000000000800c4c4        0x4 
                0x000000000800c4c8                _sidata = LOADADDR (.data)

.data           0x0000000020000000      0x430 load address 0x000000000800c4c8
                0x0000000020000000                . = ALIGN (0x8)
                0x0000000020000000                _sdata = .
 *(.data)
 .data          0x0000000020000000        0x4 Drivers/CMSIS/Device/ST/STM32L4xx/Source/Templates/system_stm32l4xx.o
                0x0000000020000000                SystemCoreClock
 *(.data*)
 *fill*         0x0000000020000004        0x4 
 .data.impure_data
                0x0000000020000008      0x428 /usr/local/Cellar/gcc-arm-none-eabi-49/20150609/bin/../lib/gcc/arm-none-eabi/4.9.3/../../../../arm-none-eabi/lib/libc.a(lib_a-impure.o)
                0x0000000020000430                . = ALIGN (0x8)
                0x0000000020000430                _edata = .

.jcr            0x0000000020000430        0x0 load address 0x000000000800c8f8
 .jcr           0x0000000020000430        0x0 /usr/local/Cellar/gcc-arm-none-eabi-49/20150609/bin/../lib/gcc/arm-none-eabi/4.9.3/crtbegin.o

.igot.plt       0x0000000020000430        0x0 load address 0x000000000800c8f8
 .igot.plt      0x0000000000000000        0x0 /usr/local/Cellar/gcc-arm-none-eabi-49/20150609/bin/../lib/gcc/arm-none-eabi/4.9.3/crtbegin.o
                0x0000000020000430                . = ALIGN (0x4)

.bss            0x0000000020000430      0x5c8 load address 0x000000000800c8f8
                0x0000000020000430                _sbss = .
                0x0000000020000430                __bss_start__ = _sbss
 *(.bss)
 .bss           0x0000000020000430       0x1c /usr/local/Cellar/gcc-arm-none-eabi-49/20150609/bin/../lib/gcc/arm-none-eabi/4.9.3/crtbegin.o
 .bss           0x000000002000044c       0x3c Src/i2c.o
                0x000000002000044c                hi2c2
 .bss           0x0000000020000488       0x24 Src/rtc.o
                0x0000000020000488                hrtc
 .bss           0x00000000200004ac      0x17c Src/spi.o
                0x00000000200004ac                hspi1
                0x0000000020000510                hspi3
                0x0000000020000574                hdma_spi1_tx
                0x00000000200005b0                hdma_spi1_rx
                0x00000000200005ec                hdma_spi3_tx
 .bss           0x0000000020000628      0x3c8 Src/usb_otg.o
                0x0000000020000628                hpcd_USB_OTG_FS
 .bss           0x00000000200009f0        0x4 ./Drivers/STM32L4xx_HAL_Driver/libstm32fw.a(stm32l4xx_hal.o)
 .bss           0x00000000200009f4        0x4 ./Drivers/STM32L4xx_HAL_Driver/libstm32fw.a(stm32l4xx_ll_usb.o)
 *(.bss*)
 *(COMMON)
                0x00000000200009f8                . = ALIGN (0x4)
                0x00000000200009f8                _ebss = .
                0x00000000200009f8                __bss_end__ = _ebss

._user_heap_stack
                0x00000000200009f8      0x600 load address 0x000000000800c8f8
                0x00000000200009f8                . = ALIGN (0x8)
                0x00000000200009f8                PROVIDE (end, .)
                0x00000000200009f8                PROVIDE (_end, .)
                0x0000000020000bf8                . = (. + _Min_Heap_Size)
 *fill*         0x00000000200009f8      0x200 
                0x0000000020000ff8                . = (. + _Min_Stack_Size)
 *fill*         0x0000000020000bf8      0x400 
                0x0000000020000ff8                . = ALIGN (0x8)

/DISCARD/
 libc.a(*)
 libm.a(*)
 libgcc.a(*)

.ARM.attributes
                0x0000000000000000       0x35
 *(.ARM.attributes)
 .ARM.attributes
                0x0000000000000000       0x16 /usr/local/Cellar/gcc-arm-none-eabi-49/20150609/bin/../lib/gcc/arm-none-eabi/4.9.3/crti.o
 .ARM.attributes
                0x0000000000000016       0x30 /usr/local/Cellar/gcc-arm-none-eabi-49/20150609/bin/../lib/gcc/arm-none-eabi/4.9.3/crtbegin.o
 .ARM.attributes
                0x0000000000000046       0x21 Drivers/CMSIS/Device/ST/STM32L4xx/Source/Templates/gcc/startup_stm32l476xx.o
 .ARM.attributes
                0x0000000000000067       0x37 Drivers/CMSIS/Device/ST/STM32L4xx/Source/Templates/system_stm32l4xx.o
 .ARM.attributes
                0x000000000000009e       0x37 Src/dma.o
 .ARM.attributes
                0x00000000000000d5       0x37 Src/gpio.o
 .ARM.attributes
                0x000000000000010c       0x37 Src/i2c.o
 .ARM.attributes
                0x0000000000000143       0x37 Src/main.o
 .ARM.attributes
                0x000000000000017a       0x37 Src/rtc.o
 .ARM.attributes
                0x00000000000001b1       0x37 Src/spi.o
 .ARM.attributes
                0x00000000000001e8       0x37 Src/stm32l4xx_hal_msp.o
 .ARM.attributes
                0x000000000000021f       0x37 Src/stm32l4xx_it.o
 .ARM.attributes
                0x0000000000000256       0x37 Src/usb_otg.o
 .ARM.attributes
                0x000000000000028d       0x37 ./Drivers/STM32L4xx_HAL_Driver/libstm32fw.a(stm32l4xx_hal.o)
 .ARM.attributes
                0x00000000000002c4       0x37 ./Drivers/STM32L4xx_HAL_Driver/libstm32fw.a(stm32l4xx_hal_cortex.o)
 .ARM.attributes
                0x00000000000002fb       0x37 ./Drivers/STM32L4xx_HAL_Driver/libstm32fw.a(stm32l4xx_hal_dma.o)
 .ARM.attributes
                0x0000000000000332       0x37 ./Drivers/STM32L4xx_HAL_Driver/libstm32fw.a(stm32l4xx_hal_gpio.o)
 .ARM.attributes
                0x0000000000000369       0x37 ./Drivers/STM32L4xx_HAL_Driver/libstm32fw.a(stm32l4xx_hal_i2c.o)
 .ARM.attributes
                0x00000000000003a0       0x37 ./Drivers/STM32L4xx_HAL_Driver/libstm32fw.a(stm32l4xx_hal_i2c_ex.o)
 .ARM.attributes
                0x00000000000003d7       0x37 ./Drivers/STM32L4xx_HAL_Driver/libstm32fw.a(stm32l4xx_hal_pcd.o)
 .ARM.attributes
                0x000000000000040e       0x37 ./Drivers/STM32L4xx_HAL_Driver/libstm32fw.a(stm32l4xx_hal_pcd_ex.o)
 .ARM.attributes
                0x0000000000000445       0x37 ./Drivers/STM32L4xx_HAL_Driver/libstm32fw.a(stm32l4xx_hal_pwr_ex.o)
 .ARM.attributes
                0x000000000000047c       0x37 ./Drivers/STM32L4xx_HAL_Driver/libstm32fw.a(stm32l4xx_hal_rcc.o)
 .ARM.attributes
                0x00000000000004b3       0x37 ./Drivers/STM32L4xx_HAL_Driver/libstm32fw.a(stm32l4xx_hal_rcc_ex.o)
 .ARM.attributes
                0x00000000000004ea       0x37 ./Drivers/STM32L4xx_HAL_Driver/libstm32fw.a(stm32l4xx_hal_rtc.o)
 .ARM.attributes
                0x0000000000000521       0x37 ./Drivers/STM32L4xx_HAL_Driver/libstm32fw.a(stm32l4xx_hal_rtc_ex.o)
 .ARM.attributes
                0x0000000000000558       0x37 ./Drivers/STM32L4xx_HAL_Driver/libstm32fw.a(stm32l4xx_hal_spi.o)
 .ARM.attributes
                0x000000000000058f       0x37 ./Drivers/STM32L4xx_HAL_Driver/libstm32fw.a(stm32l4xx_ll_usb.o)
 .ARM.attributes
                0x00000000000005c6       0x37 ./Drivers/STM32L4xx_HAL_Driver/libstm32fw.a(stm32l4xx_hal_pwr.o)
 .ARM.attributes
                0x00000000000005fd       0x30 /usr/local/Cellar/gcc-arm-none-eabi-49/20150609/bin/../lib/gcc/arm-none-eabi/4.9.3/../../../../arm-none-eabi/lib/libc.a(lib_a-impure.o)
 .ARM.attributes
                0x000000000000062d       0x30 /usr/local/Cellar/gcc-arm-none-eabi-49/20150609/bin/../lib/gcc/arm-none-eabi/4.9.3/../../../../arm-none-eabi/lib/libc.a(lib_a-init.o)
 .ARM.attributes
                0x000000000000065d       0x30 /usr/local/Cellar/gcc-arm-none-eabi-49/20150609/bin/../lib/gcc/arm-none-eabi/4.9.3/../../../../arm-none-eabi/lib/libc.a(lib_a-__call_atexit.o)
 .ARM.attributes
                0x000000000000068d       0x30 /usr/local/Cellar/gcc-arm-none-eabi-49/20150609/bin/../lib/gcc/arm-none-eabi/4.9.3/../../../../arm-none-eabi/lib/libc.a(lib_a-atexit.o)
 .ARM.attributes
                0x00000000000006bd       0x30 /usr/local/Cellar/gcc-arm-none-eabi-49/20150609/bin/../lib/gcc/arm-none-eabi/4.9.3/../../../../arm-none-eabi/lib/libc.a(lib_a-fini.o)
 .ARM.attributes
                0x00000000000006ed       0x30 /usr/local/Cellar/gcc-arm-none-eabi-49/20150609/bin/../lib/gcc/arm-none-eabi/4.9.3/../../../../arm-none-eabi/lib/libc.a(lib_a-__atexit.o)
 .ARM.attributes
                0x000000000000071d       0x18 /usr/local/Cellar/gcc-arm-none-eabi-49/20150609/bin/../lib/gcc/arm-none-eabi/4.9.3/crtn.o
OUTPUT(main.out elf32-littlearm)

.debug_line     0x0000000000000000     0x80d8
 .debug_line    0x0000000000000000       0xab Drivers/CMSIS/Device/ST/STM32L4xx/Source/Templates/gcc/startup_stm32l476xx.o
 .debug_line    0x00000000000000ab      0x1eb Drivers/CMSIS/Device/ST/STM32L4xx/Source/Templates/system_stm32l4xx.o
 .debug_line    0x0000000000000296      0x19d Src/dma.o
 .debug_line    0x0000000000000433      0x1c5 Src/gpio.o
 .debug_line    0x00000000000005f8      0x217 Src/i2c.o
 .debug_line    0x000000000000080f      0x2d8 Src/main.o
 .debug_line    0x0000000000000ae7      0x1de Src/rtc.o
 .debug_line    0x0000000000000cc5      0x2bd Src/spi.o
 .debug_line    0x0000000000000f82      0x1a2 Src/stm32l4xx_hal_msp.o
 .debug_line    0x0000000000001124      0x1e5 Src/stm32l4xx_it.o
 .debug_line    0x0000000000001309      0x243 Src/usb_otg.o
 .debug_line    0x000000000000154c      0x26a ./Drivers/STM32L4xx_HAL_Driver/libstm32fw.a(stm32l4xx_hal.o)
 .debug_line    0x00000000000017b6      0x324 ./Drivers/STM32L4xx_HAL_Driver/libstm32fw.a(stm32l4xx_hal_cortex.o)
 .debug_line    0x0000000000001ada      0x983 ./Drivers/STM32L4xx_HAL_Driver/libstm32fw.a(stm32l4xx_hal_dma.o)
 .debug_line    0x000000000000245d      0x354 ./Drivers/STM32L4xx_HAL_Driver/libstm32fw.a(stm32l4xx_hal_gpio.o)
 .debug_line    0x00000000000027b1     0x11b4 ./Drivers/STM32L4xx_HAL_Driver/libstm32fw.a(stm32l4xx_hal_i2c.o)
 .debug_line    0x0000000000003965      0x390 ./Drivers/STM32L4xx_HAL_Driver/libstm32fw.a(stm32l4xx_hal_i2c_ex.o)
 .debug_line    0x0000000000003cf5      0x647 ./Drivers/STM32L4xx_HAL_Driver/libstm32fw.a(stm32l4xx_hal_pcd.o)
 .debug_line    0x000000000000433c      0x2a0 ./Drivers/STM32L4xx_HAL_Driver/libstm32fw.a(stm32l4xx_hal_pcd_ex.o)
 .debug_line    0x00000000000045dc      0x462 ./Drivers/STM32L4xx_HAL_Driver/libstm32fw.a(stm32l4xx_hal_pwr_ex.o)
 .debug_line    0x0000000000004a3e      0x907 ./Drivers/STM32L4xx_HAL_Driver/libstm32fw.a(stm32l4xx_hal_rcc.o)
 .debug_line    0x0000000000005345      0x8dc ./Drivers/STM32L4xx_HAL_Driver/libstm32fw.a(stm32l4xx_hal_rcc_ex.o)
 .debug_line    0x0000000000005c21      0x6a1 ./Drivers/STM32L4xx_HAL_Driver/libstm32fw.a(stm32l4xx_hal_rtc.o)
 .debug_line    0x00000000000062c2      0xa0e ./Drivers/STM32L4xx_HAL_Driver/libstm32fw.a(stm32l4xx_hal_rtc_ex.o)
 .debug_line    0x0000000000006cd0      0xb65 ./Drivers/STM32L4xx_HAL_Driver/libstm32fw.a(stm32l4xx_hal_spi.o)
 .debug_line    0x0000000000007835      0x628 ./Drivers/STM32L4xx_HAL_Driver/libstm32fw.a(stm32l4xx_ll_usb.o)
 .debug_line    0x0000000000007e5d      0x27b ./Drivers/STM32L4xx_HAL_Driver/libstm32fw.a(stm32l4xx_hal_pwr.o)

.debug_info     0x0000000000000000    0x16df7
 .debug_info    0x0000000000000000       0xa5 Drivers/CMSIS/Device/ST/STM32L4xx/Source/Templates/gcc/startup_stm32l476xx.o
 .debug_info    0x00000000000000a5      0x55e Drivers/CMSIS/Device/ST/STM32L4xx/Source/Templates/system_stm32l4xx.o
 .debug_info    0x0000000000000603      0x5fe Src/dma.o
 .debug_info    0x0000000000000c01      0x511 Src/gpio.o
 .debug_info    0x0000000000001112      0x95f Src/i2c.o
 .debug_info    0x0000000000001a71      0xc2c Src/main.o
 .debug_info    0x000000000000269d      0x96c Src/rtc.o
 .debug_info    0x0000000000003009      0xac8 Src/spi.o
 .debug_info    0x0000000000003ad1      0x585 Src/stm32l4xx_hal_msp.o
 .debug_info    0x0000000000004056      0x344 Src/stm32l4xx_it.o
 .debug_info    0x000000000000439a      0xa54 Src/usb_otg.o
 .debug_info    0x0000000000004dee      0xb45 ./Drivers/STM32L4xx_HAL_Driver/libstm32fw.a(stm32l4xx_hal.o)
 .debug_info    0x0000000000005933      0xe78 ./Drivers/STM32L4xx_HAL_Driver/libstm32fw.a(stm32l4xx_hal_cortex.o)
 .debug_info    0x00000000000067ab      0x666 ./Drivers/STM32L4xx_HAL_Driver/libstm32fw.a(stm32l4xx_hal_dma.o)
 .debug_info    0x0000000000006e11      0x7d8 ./Drivers/STM32L4xx_HAL_Driver/libstm32fw.a(stm32l4xx_hal_gpio.o)
 .debug_info    0x00000000000075e9     0x2ff0 ./Drivers/STM32L4xx_HAL_Driver/libstm32fw.a(stm32l4xx_hal_i2c.o)
 .debug_info    0x000000000000a5d9      0x8c4 ./Drivers/STM32L4xx_HAL_Driver/libstm32fw.a(stm32l4xx_hal_i2c_ex.o)
 .debug_info    0x000000000000ae9d     0x1767 ./Drivers/STM32L4xx_HAL_Driver/libstm32fw.a(stm32l4xx_hal_pcd.o)
 .debug_info    0x000000000000c604      0xa1b ./Drivers/STM32L4xx_HAL_Driver/libstm32fw.a(stm32l4xx_hal_pcd_ex.o)
 .debug_info    0x000000000000d01f      0x9be ./Drivers/STM32L4xx_HAL_Driver/libstm32fw.a(stm32l4xx_hal_pwr_ex.o)
 .debug_info    0x000000000000d9dd     0x19f3 ./Drivers/STM32L4xx_HAL_Driver/libstm32fw.a(stm32l4xx_hal_rcc.o)
 .debug_info    0x000000000000f3d0     0x1824 ./Drivers/STM32L4xx_HAL_Driver/libstm32fw.a(stm32l4xx_hal_rcc_ex.o)
 .debug_info    0x0000000000010bf4     0x11f7 ./Drivers/STM32L4xx_HAL_Driver/libstm32fw.a(stm32l4xx_hal_rtc.o)
 .debug_info    0x0000000000011deb     0x11de ./Drivers/STM32L4xx_HAL_Driver/libstm32fw.a(stm32l4xx_hal_rtc_ex.o)
 .debug_info    0x0000000000012fc9     0x1d01 ./Drivers/STM32L4xx_HAL_Driver/libstm32fw.a(stm32l4xx_hal_spi.o)
 .debug_info    0x0000000000014cca     0x17d8 ./Drivers/STM32L4xx_HAL_Driver/libstm32fw.a(stm32l4xx_ll_usb.o)
 .debug_info    0x00000000000164a2      0x955 ./Drivers/STM32L4xx_HAL_Driver/libstm32fw.a(stm32l4xx_hal_pwr.o)

.debug_abbrev   0x0000000000000000     0x369e
 .debug_abbrev  0x0000000000000000       0x12 Drivers/CMSIS/Device/ST/STM32L4xx/Source/Templates/gcc/startup_stm32l476xx.o
 .debug_abbrev  0x0000000000000012      0x120 Drivers/CMSIS/Device/ST/STM32L4xx/Source/Templates/system_stm32l4xx.o
 .debug_abbrev  0x0000000000000132      0x11e Src/dma.o
 .debug_abbrev  0x0000000000000250      0x148 Src/gpio.o
 .debug_abbrev  0x0000000000000398      0x1dd Src/i2c.o
 .debug_abbrev  0x0000000000000575      0x1d1 Src/main.o
 .debug_abbrev  0x0000000000000746      0x14b Src/rtc.o
 .debug_abbrev  0x0000000000000891      0x1e1 Src/spi.o
 .debug_abbrev  0x0000000000000a72      0x11e Src/stm32l4xx_hal_msp.o
 .debug_abbrev  0x0000000000000b90      0x14e Src/stm32l4xx_it.o
 .debug_abbrev  0x0000000000000cde      0x1fa Src/usb_otg.o
 .debug_abbrev  0x0000000000000ed8      0x20a ./Drivers/STM32L4xx_HAL_Driver/libstm32fw.a(stm32l4xx_hal.o)
 .debug_abbrev  0x00000000000010e2      0x2ca ./Drivers/STM32L4xx_HAL_Driver/libstm32fw.a(stm32l4xx_hal_cortex.o)
 .debug_abbrev  0x00000000000013ac      0x205 ./Drivers/STM32L4xx_HAL_Driver/libstm32fw.a(stm32l4xx_hal_dma.o)
 .debug_abbrev  0x00000000000015b1      0x1c6 ./Drivers/STM32L4xx_HAL_Driver/libstm32fw.a(stm32l4xx_hal_gpio.o)
 .debug_abbrev  0x0000000000001777      0x2eb ./Drivers/STM32L4xx_HAL_Driver/libstm32fw.a(stm32l4xx_hal_i2c.o)
 .debug_abbrev  0x0000000000001a62      0x173 ./Drivers/STM32L4xx_HAL_Driver/libstm32fw.a(stm32l4xx_hal_i2c_ex.o)
 .debug_abbrev  0x0000000000001bd5      0x340 ./Drivers/STM32L4xx_HAL_Driver/libstm32fw.a(stm32l4xx_hal_pcd.o)
 .debug_abbrev  0x0000000000001f15      0x26f ./Drivers/STM32L4xx_HAL_Driver/libstm32fw.a(stm32l4xx_hal_pcd_ex.o)
 .debug_abbrev  0x0000000000002184      0x230 ./Drivers/STM32L4xx_HAL_Driver/libstm32fw.a(stm32l4xx_hal_pwr_ex.o)
 .debug_abbrev  0x00000000000023b4      0x304 ./Drivers/STM32L4xx_HAL_Driver/libstm32fw.a(stm32l4xx_hal_rcc.o)
 .debug_abbrev  0x00000000000026b8      0x310 ./Drivers/STM32L4xx_HAL_Driver/libstm32fw.a(stm32l4xx_hal_rcc_ex.o)
 .debug_abbrev  0x00000000000029c8      0x271 ./Drivers/STM32L4xx_HAL_Driver/libstm32fw.a(stm32l4xx_hal_rtc.o)
 .debug_abbrev  0x0000000000002c39      0x1f7 ./Drivers/STM32L4xx_HAL_Driver/libstm32fw.a(stm32l4xx_hal_rtc_ex.o)
 .debug_abbrev  0x0000000000002e30      0x373 ./Drivers/STM32L4xx_HAL_Driver/libstm32fw.a(stm32l4xx_hal_spi.o)
 .debug_abbrev  0x00000000000031a3      0x323 ./Drivers/STM32L4xx_HAL_Driver/libstm32fw.a(stm32l4xx_ll_usb.o)
 .debug_abbrev  0x00000000000034c6      0x1d8 ./Drivers/STM32L4xx_HAL_Driver/libstm32fw.a(stm32l4xx_hal_pwr.o)

.debug_aranges  0x0000000000000000      0x370
 .debug_aranges
                0x0000000000000000       0x28 Drivers/CMSIS/Device/ST/STM32L4xx/Source/Templates/gcc/startup_stm32l476xx.o
 .debug_aranges
                0x0000000000000028       0x20 Drivers/CMSIS/Device/ST/STM32L4xx/Source/Templates/system_stm32l4xx.o
 .debug_aranges
                0x0000000000000048       0x20 Src/dma.o
 .debug_aranges
                0x0000000000000068       0x20 Src/gpio.o
 .debug_aranges
                0x0000000000000088       0x20 Src/i2c.o
 .debug_aranges
                0x00000000000000a8       0x28 Src/main.o
 .debug_aranges
                0x00000000000000d0       0x20 Src/rtc.o
 .debug_aranges
                0x00000000000000f0       0x20 Src/spi.o
 .debug_aranges
                0x0000000000000110       0x20 Src/stm32l4xx_hal_msp.o
 .debug_aranges
                0x0000000000000130       0x20 Src/stm32l4xx_it.o
 .debug_aranges
                0x0000000000000150       0x20 Src/usb_otg.o
 .debug_aranges
                0x0000000000000170       0x20 ./Drivers/STM32L4xx_HAL_Driver/libstm32fw.a(stm32l4xx_hal.o)
 .debug_aranges
                0x0000000000000190       0x20 ./Drivers/STM32L4xx_HAL_Driver/libstm32fw.a(stm32l4xx_hal_cortex.o)
 .debug_aranges
                0x00000000000001b0       0x20 ./Drivers/STM32L4xx_HAL_Driver/libstm32fw.a(stm32l4xx_hal_dma.o)
 .debug_aranges
                0x00000000000001d0       0x20 ./Drivers/STM32L4xx_HAL_Driver/libstm32fw.a(stm32l4xx_hal_gpio.o)
 .debug_aranges
                0x00000000000001f0       0x20 ./Drivers/STM32L4xx_HAL_Driver/libstm32fw.a(stm32l4xx_hal_i2c.o)
 .debug_aranges
                0x0000000000000210       0x20 ./Drivers/STM32L4xx_HAL_Driver/libstm32fw.a(stm32l4xx_hal_i2c_ex.o)
 .debug_aranges
                0x0000000000000230       0x20 ./Drivers/STM32L4xx_HAL_Driver/libstm32fw.a(stm32l4xx_hal_pcd.o)
 .debug_aranges
                0x0000000000000250       0x20 ./Drivers/STM32L4xx_HAL_Driver/libstm32fw.a(stm32l4xx_hal_pcd_ex.o)
 .debug_aranges
                0x0000000000000270       0x20 ./Drivers/STM32L4xx_HAL_Driver/libstm32fw.a(stm32l4xx_hal_pwr_ex.o)
 .debug_aranges
                0x0000000000000290       0x20 ./Drivers/STM32L4xx_HAL_Driver/libstm32fw.a(stm32l4xx_hal_rcc.o)
 .debug_aranges
                0x00000000000002b0       0x20 ./Drivers/STM32L4xx_HAL_Driver/libstm32fw.a(stm32l4xx_hal_rcc_ex.o)
 .debug_aranges
                0x00000000000002d0       0x20 ./Drivers/STM32L4xx_HAL_Driver/libstm32fw.a(stm32l4xx_hal_rtc.o)
 .debug_aranges
                0x00000000000002f0       0x20 ./Drivers/STM32L4xx_HAL_Driver/libstm32fw.a(stm32l4xx_hal_rtc_ex.o)
 .debug_aranges
                0x0000000000000310       0x20 ./Drivers/STM32L4xx_HAL_Driver/libstm32fw.a(stm32l4xx_hal_spi.o)
 .debug_aranges
                0x0000000000000330       0x20 ./Drivers/STM32L4xx_HAL_Driver/libstm32fw.a(stm32l4xx_ll_usb.o)
 .debug_aranges
                0x0000000000000350       0x20 ./Drivers/STM32L4xx_HAL_Driver/libstm32fw.a(stm32l4xx_hal_pwr.o)

.debug_ranges   0x0000000000000000      0xda8
 .debug_ranges  0x0000000000000000       0x20 Drivers/CMSIS/Device/ST/STM32L4xx/Source/Templates/gcc/startup_stm32l476xx.o
 .debug_ranges  0x0000000000000020       0x40 Src/dma.o
 .debug_ranges  0x0000000000000060       0x48 Src/gpio.o
 .debug_ranges  0x00000000000000a8       0x30 Src/main.o
 .debug_ranges  0x00000000000000d8       0x58 Src/spi.o
 .debug_ranges  0x0000000000000130       0x20 Src/stm32l4xx_hal_msp.o
 .debug_ranges  0x0000000000000150       0x18 Src/usb_otg.o
 .debug_ranges  0x0000000000000168       0xb8 ./Drivers/STM32L4xx_HAL_Driver/libstm32fw.a(stm32l4xx_hal_cortex.o)
 .debug_ranges  0x0000000000000220       0x30 ./Drivers/STM32L4xx_HAL_Driver/libstm32fw.a(stm32l4xx_hal_dma.o)
 .debug_ranges  0x0000000000000250       0x20 ./Drivers/STM32L4xx_HAL_Driver/libstm32fw.a(stm32l4xx_hal_gpio.o)
 .debug_ranges  0x0000000000000270      0x278 ./Drivers/STM32L4xx_HAL_Driver/libstm32fw.a(stm32l4xx_hal_i2c.o)
 .debug_ranges  0x00000000000004e8       0x40 ./Drivers/STM32L4xx_HAL_Driver/libstm32fw.a(stm32l4xx_hal_i2c_ex.o)
 .debug_ranges  0x0000000000000528       0x20 ./Drivers/STM32L4xx_HAL_Driver/libstm32fw.a(stm32l4xx_hal_pcd.o)
 .debug_ranges  0x0000000000000548      0x278 ./Drivers/STM32L4xx_HAL_Driver/libstm32fw.a(stm32l4xx_hal_rcc.o)
 .debug_ranges  0x00000000000007c0      0x1d8 ./Drivers/STM32L4xx_HAL_Driver/libstm32fw.a(stm32l4xx_hal_rcc_ex.o)
 .debug_ranges  0x0000000000000998      0x2b0 ./Drivers/STM32L4xx_HAL_Driver/libstm32fw.a(stm32l4xx_hal_rtc.o)
 .debug_ranges  0x0000000000000c48      0x100 ./Drivers/STM32L4xx_HAL_Driver/libstm32fw.a(stm32l4xx_hal_spi.o)
 .debug_ranges  0x0000000000000d48       0x60 ./Drivers/STM32L4xx_HAL_Driver/libstm32fw.a(stm32l4xx_ll_usb.o)

.debug_loc      0x0000000000000000     0xe672
 .debug_loc     0x0000000000000000      0x1c0 Drivers/CMSIS/Device/ST/STM32L4xx/Source/Templates/system_stm32l4xx.o
 .debug_loc     0x00000000000001c0       0x42 Src/i2c.o
 .debug_loc     0x0000000000000202       0x9a Src/spi.o
 .debug_loc     0x000000000000029c       0x42 Src/usb_otg.o
 .debug_loc     0x00000000000002de       0xf6 ./Drivers/STM32L4xx_HAL_Driver/libstm32fw.a(stm32l4xx_hal.o)
 .debug_loc     0x00000000000003d4      0x539 ./Drivers/STM32L4xx_HAL_Driver/libstm32fw.a(stm32l4xx_hal_cortex.o)
 .debug_loc     0x000000000000090d      0x7be ./Drivers/STM32L4xx_HAL_Driver/libstm32fw.a(stm32l4xx_hal_dma.o)
 .debug_loc     0x00000000000010cb      0x372 ./Drivers/STM32L4xx_HAL_Driver/libstm32fw.a(stm32l4xx_hal_gpio.o)
 .debug_loc     0x000000000000143d     0x3f11 ./Drivers/STM32L4xx_HAL_Driver/libstm32fw.a(stm32l4xx_hal_i2c.o)
 .debug_loc     0x000000000000534e      0x1c4 ./Drivers/STM32L4xx_HAL_Driver/libstm32fw.a(stm32l4xx_hal_i2c_ex.o)
 .debug_loc     0x0000000000005512      0xe4a ./Drivers/STM32L4xx_HAL_Driver/libstm32fw.a(stm32l4xx_hal_pcd.o)
 .debug_loc     0x000000000000635c      0x1b2 ./Drivers/STM32L4xx_HAL_Driver/libstm32fw.a(stm32l4xx_hal_pcd_ex.o)
 .debug_loc     0x000000000000650e      0x883 ./Drivers/STM32L4xx_HAL_Driver/libstm32fw.a(stm32l4xx_hal_pwr_ex.o)
 .debug_loc     0x0000000000006d91     0x11b4 ./Drivers/STM32L4xx_HAL_Driver/libstm32fw.a(stm32l4xx_hal_rcc.o)
 .debug_loc     0x0000000000007f45     0x1582 ./Drivers/STM32L4xx_HAL_Driver/libstm32fw.a(stm32l4xx_hal_rcc_ex.o)
 .debug_loc     0x00000000000094c7     0x10d0 ./Drivers/STM32L4xx_HAL_Driver/libstm32fw.a(stm32l4xx_hal_rtc.o)
 .debug_loc     0x000000000000a597      0xcf5 ./Drivers/STM32L4xx_HAL_Driver/libstm32fw.a(stm32l4xx_hal_rtc_ex.o)
 .debug_loc     0x000000000000b28c     0x1847 ./Drivers/STM32L4xx_HAL_Driver/libstm32fw.a(stm32l4xx_hal_spi.o)
 .debug_loc     0x000000000000cad3     0x1a54 ./Drivers/STM32L4xx_HAL_Driver/libstm32fw.a(stm32l4xx_ll_usb.o)
 .debug_loc     0x000000000000e527      0x14b ./Drivers/STM32L4xx_HAL_Driver/libstm32fw.a(stm32l4xx_hal_pwr.o)

.debug_str      0x0000000000000000     0x4d6c
 .debug_str     0x0000000000000000      0x3ab Drivers/CMSIS/Device/ST/STM32L4xx/Source/Templates/system_stm32l4xx.o
                                        0x416 (size before relaxing)
 .debug_str     0x00000000000003ab      0x50b Src/dma.o
                                        0x80f (size before relaxing)
 .debug_str     0x00000000000008b6       0x98 Src/gpio.o
                                        0x3a6 (size before relaxing)
 .debug_str     0x000000000000094e      0x454 Src/i2c.o
                                        0x82d (size before relaxing)
 .debug_str     0x0000000000000da2      0x4ea Src/main.o
                                        0xd89 (size before relaxing)
 .debug_str     0x000000000000128c      0x378 Src/rtc.o
                                        0x724 (size before relaxing)
 .debug_str     0x0000000000001604      0x242 Src/spi.o
                                        0x82c (size before relaxing)
 .debug_str     0x0000000000001846       0x41 Src/stm32l4xx_hal_msp.o
                                        0x827 (size before relaxing)
 .debug_str     0x0000000000001887       0xa4 Src/stm32l4xx_it.o
                                        0x442 (size before relaxing)
 .debug_str     0x000000000000192b      0x3e4 Src/usb_otg.o
                                        0x83b (size before relaxing)
 .debug_str     0x0000000000001d0f      0x3c0 ./Drivers/STM32L4xx_HAL_Driver/libstm32fw.a(stm32l4xx_hal.o)
                                        0xc58 (size before relaxing)
 .debug_str     0x00000000000020cf      0x2db ./Drivers/STM32L4xx_HAL_Driver/libstm32fw.a(stm32l4xx_hal_cortex.o)
                                        0xbcd (size before relaxing)
 .debug_str     0x00000000000023aa      0x11d ./Drivers/STM32L4xx_HAL_Driver/libstm32fw.a(stm32l4xx_hal_dma.o)
                                        0x53c (size before relaxing)
 .debug_str     0x00000000000024c7       0xf1 ./Drivers/STM32L4xx_HAL_Driver/libstm32fw.a(stm32l4xx_hal_gpio.o)
                                        0x561 (size before relaxing)
 .debug_str     0x00000000000025b8      0x4f0 ./Drivers/STM32L4xx_HAL_Driver/libstm32fw.a(stm32l4xx_hal_i2c.o)
                                        0xb8f (size before relaxing)
 .debug_str     0x0000000000002aa8       0xb6 ./Drivers/STM32L4xx_HAL_Driver/libstm32fw.a(stm32l4xx_hal_i2c_ex.o)
                                        0x877 (size before relaxing)
 .debug_str     0x0000000000002b5e      0x707 ./Drivers/STM32L4xx_HAL_Driver/libstm32fw.a(stm32l4xx_hal_pcd.o)
                                        0xd13 (size before relaxing)
 .debug_str     0x0000000000003265      0x16b ./Drivers/STM32L4xx_HAL_Driver/libstm32fw.a(stm32l4xx_hal_pcd_ex.o)
                                        0x8b1 (size before relaxing)
 .debug_str     0x00000000000033d0      0x4c1 ./Drivers/STM32L4xx_HAL_Driver/libstm32fw.a(stm32l4xx_hal_pwr_ex.o)
                                        0x804 (size before relaxing)
 .debug_str     0x0000000000003891      0x172 ./Drivers/STM32L4xx_HAL_Driver/libstm32fw.a(stm32l4xx_hal_rcc.o)
                                        0x873 (size before relaxing)
 .debug_str     0x0000000000003a03      0x2f6 ./Drivers/STM32L4xx_HAL_Driver/libstm32fw.a(stm32l4xx_hal_rcc_ex.o)
                                        0xab6 (size before relaxing)
 .debug_str     0x0000000000003cf9      0x16c ./Drivers/STM32L4xx_HAL_Driver/libstm32fw.a(stm32l4xx_hal_rtc.o)
                                        0x7e1 (size before relaxing)
 .debug_str     0x0000000000003e65      0x57c ./Drivers/STM32L4xx_HAL_Driver/libstm32fw.a(stm32l4xx_hal_rtc_ex.o)
                                        0xb88 (size before relaxing)
 .debug_str     0x00000000000043e1      0x460 ./Drivers/STM32L4xx_HAL_Driver/libstm32fw.a(stm32l4xx_hal_spi.o)
                                        0xadb (size before relaxing)
 .debug_str     0x0000000000004841      0x3a5 ./Drivers/STM32L4xx_HAL_Driver/libstm32fw.a(stm32l4xx_ll_usb.o)
                                        0xbf3 (size before relaxing)
 .debug_str     0x0000000000004be6      0x186 ./Drivers/STM32L4xx_HAL_Driver/libstm32fw.a(stm32l4xx_hal_pwr.o)
                                        0x6c2 (size before relaxing)

.comment        0x0000000000000000       0x70
 .comment       0x0000000000000000       0x70 Drivers/CMSIS/Device/ST/STM32L4xx/Source/Templates/system_stm32l4xx.o
                                         0x71 (size before relaxing)
 .comment       0x0000000000000000       0x71 Src/dma.o
 .comment       0x0000000000000000       0x71 Src/gpio.o
 .comment       0x0000000000000000       0x71 Src/i2c.o
 .comment       0x0000000000000000       0x71 Src/main.o
 .comment       0x0000000000000000       0x71 Src/rtc.o
 .comment       0x0000000000000000       0x71 Src/spi.o
 .comment       0x0000000000000000       0x71 Src/stm32l4xx_hal_msp.o
 .comment       0x0000000000000000       0x71 Src/stm32l4xx_it.o
 .comment       0x0000000000000000       0x71 Src/usb_otg.o
 .comment       0x0000000000000000       0x71 ./Drivers/STM32L4xx_HAL_Driver/libstm32fw.a(stm32l4xx_hal.o)
 .comment       0x0000000000000000       0x71 ./Drivers/STM32L4xx_HAL_Driver/libstm32fw.a(stm32l4xx_hal_cortex.o)
 .comment       0x0000000000000000       0x71 ./Drivers/STM32L4xx_HAL_Driver/libstm32fw.a(stm32l4xx_hal_dma.o)
 .comment       0x0000000000000000       0x71 ./Drivers/STM32L4xx_HAL_Driver/libstm32fw.a(stm32l4xx_hal_gpio.o)
 .comment       0x0000000000000000       0x71 ./Drivers/STM32L4xx_HAL_Driver/libstm32fw.a(stm32l4xx_hal_i2c.o)
 .comment       0x0000000000000000       0x71 ./Drivers/STM32L4xx_HAL_Driver/libstm32fw.a(stm32l4xx_hal_i2c_ex.o)
 .comment       0x0000000000000000       0x71 ./Drivers/STM32L4xx_HAL_Driver/libstm32fw.a(stm32l4xx_hal_pcd.o)
 .comment       0x0000000000000000       0x71 ./Drivers/STM32L4xx_HAL_Driver/libstm32fw.a(stm32l4xx_hal_pcd_ex.o)
 .comment       0x0000000000000000       0x71 ./Drivers/STM32L4xx_HAL_Driver/libstm32fw.a(stm32l4xx_hal_pwr_ex.o)
 .comment       0x0000000000000000       0x71 ./Drivers/STM32L4xx_HAL_Driver/libstm32fw.a(stm32l4xx_hal_rcc.o)
 .comment       0x0000000000000000       0x71 ./Drivers/STM32L4xx_HAL_Driver/libstm32fw.a(stm32l4xx_hal_rcc_ex.o)
 .comment       0x0000000000000000       0x71 ./Drivers/STM32L4xx_HAL_Driver/libstm32fw.a(stm32l4xx_hal_rtc.o)
 .comment       0x0000000000000000       0x71 ./Drivers/STM32L4xx_HAL_Driver/libstm32fw.a(stm32l4xx_hal_rtc_ex.o)
 .comment       0x0000000000000000       0x71 ./Drivers/STM32L4xx_HAL_Driver/libstm32fw.a(stm32l4xx_hal_spi.o)
 .comment       0x0000000000000000       0x71 ./Drivers/STM32L4xx_HAL_Driver/libstm32fw.a(stm32l4xx_ll_usb.o)
 .comment       0x0000000000000000       0x71 ./Drivers/STM32L4xx_HAL_Driver/libstm32fw.a(stm32l4xx_hal_pwr.o)

.debug_frame    0x0000000000000000     0x2c38
 .debug_frame   0x0000000000000000       0x48 Drivers/CMSIS/Device/ST/STM32L4xx/Source/Templates/system_stm32l4xx.o
 .debug_frame   0x0000000000000048       0x2c Src/dma.o
 .debug_frame   0x0000000000000074       0x34 Src/gpio.o
 .debug_frame   0x00000000000000a8       0x64 Src/i2c.o
 .debug_frame   0x000000000000010c       0x50 Src/main.o
 .debug_frame   0x000000000000015c       0x54 Src/rtc.o
 .debug_frame   0x00000000000001b0       0xb0 Src/spi.o
 .debug_frame   0x0000000000000260       0x2c Src/stm32l4xx_hal_msp.o
 .debug_frame   0x000000000000028c       0x5c Src/stm32l4xx_it.o
 .debug_frame   0x00000000000002e8       0x74 Src/usb_otg.o
 .debug_frame   0x000000000000035c      0x1fc ./Drivers/STM32L4xx_HAL_Driver/libstm32fw.a(stm32l4xx_hal.o)
 .debug_frame   0x0000000000000558      0x15c ./Drivers/STM32L4xx_HAL_Driver/libstm32fw.a(stm32l4xx_hal_cortex.o)
 .debug_frame   0x00000000000006b4      0x15c ./Drivers/STM32L4xx_HAL_Driver/libstm32fw.a(stm32l4xx_hal_dma.o)
 .debug_frame   0x0000000000000810       0xec ./Drivers/STM32L4xx_HAL_Driver/libstm32fw.a(stm32l4xx_hal_gpio.o)
 .debug_frame   0x00000000000008fc      0x558 ./Drivers/STM32L4xx_HAL_Driver/libstm32fw.a(stm32l4xx_hal_i2c.o)
 .debug_frame   0x0000000000000e54       0xb0 ./Drivers/STM32L4xx_HAL_Driver/libstm32fw.a(stm32l4xx_hal_i2c_ex.o)
 .debug_frame   0x0000000000000f04      0x2e8 ./Drivers/STM32L4xx_HAL_Driver/libstm32fw.a(stm32l4xx_hal_pcd.o)
 .debug_frame   0x00000000000011ec       0xc4 ./Drivers/STM32L4xx_HAL_Driver/libstm32fw.a(stm32l4xx_hal_pcd_ex.o)
 .debug_frame   0x00000000000012b0      0x268 ./Drivers/STM32L4xx_HAL_Driver/libstm32fw.a(stm32l4xx_hal_pwr_ex.o)
 .debug_frame   0x0000000000001518      0x17c ./Drivers/STM32L4xx_HAL_Driver/libstm32fw.a(stm32l4xx_hal_rcc.o)
 .debug_frame   0x0000000000001694      0x228 ./Drivers/STM32L4xx_HAL_Driver/libstm32fw.a(stm32l4xx_hal_rcc_ex.o)
 .debug_frame   0x00000000000018bc      0x260 ./Drivers/STM32L4xx_HAL_Driver/libstm32fw.a(stm32l4xx_hal_rtc.o)
 .debug_frame   0x0000000000001b1c      0x42c ./Drivers/STM32L4xx_HAL_Driver/libstm32fw.a(stm32l4xx_hal_rtc_ex.o)
 .debug_frame   0x0000000000001f48      0x5c8 ./Drivers/STM32L4xx_HAL_Driver/libstm32fw.a(stm32l4xx_hal_spi.o)
 .debug_frame   0x0000000000002510      0x4cc ./Drivers/STM32L4xx_HAL_Driver/libstm32fw.a(stm32l4xx_ll_usb.o)
 .debug_frame   0x00000000000029dc      0x124 ./Drivers/STM32L4xx_HAL_Driver/libstm32fw.a(stm32l4xx_hal_pwr.o)
 .debug_frame   0x0000000000002b00       0x34 /usr/local/Cellar/gcc-arm-none-eabi-49/20150609/bin/../lib/gcc/arm-none-eabi/4.9.3/../../../../arm-none-eabi/lib/libc.a(lib_a-init.o)
 .debug_frame   0x0000000000002b34       0x68 /usr/local/Cellar/gcc-arm-none-eabi-49/20150609/bin/../lib/gcc/arm-none-eabi/4.9.3/../../../../arm-none-eabi/lib/libc.a(lib_a-__call_atexit.o)
 .debug_frame   0x0000000000002b9c       0x2c /usr/local/Cellar/gcc-arm-none-eabi-49/20150609/bin/../lib/gcc/arm-none-eabi/4.9.3/../../../../arm-none-eabi/lib/libc.a(lib_a-atexit.o)
 .debug_frame   0x0000000000002bc8       0x34 /usr/local/Cellar/gcc-arm-none-eabi-49/20150609/bin/../lib/gcc/arm-none-eabi/4.9.3/../../../../arm-none-eabi/lib/libc.a(lib_a-fini.o)
 .debug_frame   0x0000000000002bfc       0x3c /usr/local/Cellar/gcc-arm-none-eabi-49/20150609/bin/../lib/gcc/arm-none-eabi/4.9.3/../../../../arm-none-eabi/lib/libc.a(lib_a-__atexit.o)

Cross Reference Table

Symbol                                            File
ADC1_2_IRQHandler                                 Drivers/CMSIS/Device/ST/STM32L4xx/Source/Templates/gcc/startup_stm32l476xx.o
ADC3_IRQHandler                                   Drivers/CMSIS/Device/ST/STM32L4xx/Source/Templates/gcc/startup_stm32l476xx.o
AHBPrescTable                                     Drivers/CMSIS/Device/ST/STM32L4xx/Source/Templates/system_stm32l4xx.o
                                                  ./Drivers/STM32L4xx_HAL_Driver/libstm32fw.a(stm32l4xx_hal_rcc.o)
APBAHBPrescTable                                  ./Drivers/STM32L4xx_HAL_Driver/libstm32fw.a(stm32l4xx_hal_rcc.o)
BusFault_Handler                                  Drivers/CMSIS/Device/ST/STM32L4xx/Source/Templates/gcc/startup_stm32l476xx.o
CAN1_RX0_IRQHandler                               Drivers/CMSIS/Device/ST/STM32L4xx/Source/Templates/gcc/startup_stm32l476xx.o
CAN1_RX1_IRQHandler                               Drivers/CMSIS/Device/ST/STM32L4xx/Source/Templates/gcc/startup_stm32l476xx.o
CAN1_SCE_IRQHandler                               Drivers/CMSIS/Device/ST/STM32L4xx/Source/Templates/gcc/startup_stm32l476xx.o
CAN1_TX_IRQHandler                                Drivers/CMSIS/Device/ST/STM32L4xx/Source/Templates/gcc/startup_stm32l476xx.o
COMP_IRQHandler                                   Drivers/CMSIS/Device/ST/STM32L4xx/Source/Templates/gcc/startup_stm32l476xx.o
Color565                                          Src/SSD1306.o
ColorHSV                                          Src/SSD1306.o
DFSDM0_IRQHandler                                 Drivers/CMSIS/Device/ST/STM32L4xx/Source/Templates/gcc/startup_stm32l476xx.o
DFSDM1_IRQHandler                                 Drivers/CMSIS/Device/ST/STM32L4xx/Source/Templates/gcc/startup_stm32l476xx.o
DFSDM2_IRQHandler                                 Drivers/CMSIS/Device/ST/STM32L4xx/Source/Templates/gcc/startup_stm32l476xx.o
DFSDM3_IRQHandler                                 Drivers/CMSIS/Device/ST/STM32L4xx/Source/Templates/gcc/startup_stm32l476xx.o
DMA1_Channel1_IRQHandler                          Drivers/CMSIS/Device/ST/STM32L4xx/Source/Templates/gcc/startup_stm32l476xx.o
DMA1_Channel2_IRQHandler                          Src/stm32l4xx_it.o
                                                  Drivers/CMSIS/Device/ST/STM32L4xx/Source/Templates/gcc/startup_stm32l476xx.o
DMA1_Channel3_IRQHandler                          Src/stm32l4xx_it.o
                                                  Drivers/CMSIS/Device/ST/STM32L4xx/Source/Templates/gcc/startup_stm32l476xx.o
DMA1_Channel4_IRQHandler                          Drivers/CMSIS/Device/ST/STM32L4xx/Source/Templates/gcc/startup_stm32l476xx.o
DMA1_Channel5_IRQHandler                          Drivers/CMSIS/Device/ST/STM32L4xx/Source/Templates/gcc/startup_stm32l476xx.o
DMA1_Channel6_IRQHandler                          Drivers/CMSIS/Device/ST/STM32L4xx/Source/Templates/gcc/startup_stm32l476xx.o
DMA1_Channel7_IRQHandler                          Drivers/CMSIS/Device/ST/STM32L4xx/Source/Templates/gcc/startup_stm32l476xx.o
DMA2_Channel1_IRQHandler                          Drivers/CMSIS/Device/ST/STM32L4xx/Source/Templates/gcc/startup_stm32l476xx.o
DMA2_Channel2_IRQHandler                          Src/stm32l4xx_it.o
                                                  Drivers/CMSIS/Device/ST/STM32L4xx/Source/Templates/gcc/startup_stm32l476xx.o
DMA2_Channel3_IRQHandler                          Drivers/CMSIS/Device/ST/STM32L4xx/Source/Templates/gcc/startup_stm32l476xx.o
DMA2_Channel4_IRQHandler                          Drivers/CMSIS/Device/ST/STM32L4xx/Source/Templates/gcc/startup_stm32l476xx.o
DMA2_Channel5_IRQHandler                          Drivers/CMSIS/Device/ST/STM32L4xx/Source/Templates/gcc/startup_stm32l476xx.o
DMA2_Channel6_IRQHandler                          Drivers/CMSIS/Device/ST/STM32L4xx/Source/Templates/gcc/startup_stm32l476xx.o
DMA2_Channel7_IRQHandler                          Drivers/CMSIS/Device/ST/STM32L4xx/Source/Templates/gcc/startup_stm32l476xx.o
DebugMon_Handler                                  Drivers/CMSIS/Device/ST/STM32L4xx/Source/Templates/gcc/startup_stm32l476xx.o
Default_Handler                                   Drivers/CMSIS/Device/ST/STM32L4xx/Source/Templates/gcc/startup_stm32l476xx.o
EXTI0_IRQHandler                                  Drivers/CMSIS/Device/ST/STM32L4xx/Source/Templates/gcc/startup_stm32l476xx.o
EXTI15_10_IRQHandler                              Drivers/CMSIS/Device/ST/STM32L4xx/Source/Templates/gcc/startup_stm32l476xx.o
EXTI1_IRQHandler                                  Drivers/CMSIS/Device/ST/STM32L4xx/Source/Templates/gcc/startup_stm32l476xx.o
EXTI2_IRQHandler                                  Drivers/CMSIS/Device/ST/STM32L4xx/Source/Templates/gcc/startup_stm32l476xx.o
EXTI3_IRQHandler                                  Drivers/CMSIS/Device/ST/STM32L4xx/Source/Templates/gcc/startup_stm32l476xx.o
EXTI4_IRQHandler                                  Drivers/CMSIS/Device/ST/STM32L4xx/Source/Templates/gcc/startup_stm32l476xx.o
EXTI9_5_IRQHandler                                Drivers/CMSIS/Device/ST/STM32L4xx/Source/Templates/gcc/startup_stm32l476xx.o
FLASH_IRQHandler                                  Drivers/CMSIS/Device/ST/STM32L4xx/Source/Templates/gcc/startup_stm32l476xx.o
FMC_IRQHandler                                    Drivers/CMSIS/Device/ST/STM32L4xx/Source/Templates/gcc/startup_stm32l476xx.o
FPU_IRQHandler                                    Drivers/CMSIS/Device/ST/STM32L4xx/Source/Templates/gcc/startup_stm32l476xx.o
HAL_DBGMCU_DisableDBGSleepMode                    ./Drivers/STM32L4xx_HAL_Driver/libstm32fw.a(stm32l4xx_hal.o)
HAL_DBGMCU_DisableDBGStandbyMode                  ./Drivers/STM32L4xx_HAL_Driver/libstm32fw.a(stm32l4xx_hal.o)
HAL_DBGMCU_DisableDBGStopMode                     ./Drivers/STM32L4xx_HAL_Driver/libstm32fw.a(stm32l4xx_hal.o)
HAL_DBGMCU_EnableDBGSleepMode                     ./Drivers/STM32L4xx_HAL_Driver/libstm32fw.a(stm32l4xx_hal.o)
HAL_DBGMCU_EnableDBGStandbyMode                   ./Drivers/STM32L4xx_HAL_Driver/libstm32fw.a(stm32l4xx_hal.o)
HAL_DBGMCU_EnableDBGStopMode                      ./Drivers/STM32L4xx_HAL_Driver/libstm32fw.a(stm32l4xx_hal.o)
HAL_DMA_Abort                                     ./Drivers/STM32L4xx_HAL_Driver/libstm32fw.a(stm32l4xx_hal_dma.o)
                                                  ./Drivers/STM32L4xx_HAL_Driver/libstm32fw.a(stm32l4xx_hal_spi.o)
HAL_DMA_DeInit                                    ./Drivers/STM32L4xx_HAL_Driver/libstm32fw.a(stm32l4xx_hal_dma.o)
                                                  Src/spi.o
HAL_DMA_GetError                                  ./Drivers/STM32L4xx_HAL_Driver/libstm32fw.a(stm32l4xx_hal_dma.o)
HAL_DMA_GetState                                  ./Drivers/STM32L4xx_HAL_Driver/libstm32fw.a(stm32l4xx_hal_dma.o)
HAL_DMA_IRQHandler                                ./Drivers/STM32L4xx_HAL_Driver/libstm32fw.a(stm32l4xx_hal_dma.o)
                                                  Src/stm32l4xx_it.o
HAL_DMA_Init                                      ./Drivers/STM32L4xx_HAL_Driver/libstm32fw.a(stm32l4xx_hal_dma.o)
                                                  Src/spi.o
HAL_DMA_PollForTransfer                           ./Drivers/STM32L4xx_HAL_Driver/libstm32fw.a(stm32l4xx_hal_dma.o)
HAL_DMA_Start                                     ./Drivers/STM32L4xx_HAL_Driver/libstm32fw.a(stm32l4xx_hal_dma.o)
HAL_DMA_Start_IT                                  ./Drivers/STM32L4xx_HAL_Driver/libstm32fw.a(stm32l4xx_hal_dma.o)
                                                  ./Drivers/STM32L4xx_HAL_Driver/libstm32fw.a(stm32l4xx_hal_spi.o)
                                                  ./Drivers/STM32L4xx_HAL_Driver/libstm32fw.a(stm32l4xx_hal_i2c.o)
HAL_DeInit                                        ./Drivers/STM32L4xx_HAL_Driver/libstm32fw.a(stm32l4xx_hal.o)
HAL_Delay                                         ./Drivers/STM32L4xx_HAL_Driver/libstm32fw.a(stm32l4xx_hal.o)
                                                  ./Drivers/STM32L4xx_HAL_Driver/libstm32fw.a(stm32l4xx_ll_usb.o)
                                                  ./Drivers/STM32L4xx_HAL_Driver/libstm32fw.a(stm32l4xx_hal_pcd_ex.o)
                                                  Src/main.o
                                                  Src/SSD1306.o
HAL_GPIO_DeInit                                   ./Drivers/STM32L4xx_HAL_Driver/libstm32fw.a(stm32l4xx_hal_gpio.o)
                                                  Src/usb_otg.o
                                                  Src/spi.o
                                                  Src/i2c.o
HAL_GPIO_EXTI_Callback                            ./Drivers/STM32L4xx_HAL_Driver/libstm32fw.a(stm32l4xx_hal_gpio.o)
HAL_GPIO_EXTI_IRQHandler                          ./Drivers/STM32L4xx_HAL_Driver/libstm32fw.a(stm32l4xx_hal_gpio.o)
HAL_GPIO_Init                                     ./Drivers/STM32L4xx_HAL_Driver/libstm32fw.a(stm32l4xx_hal_gpio.o)
                                                  ./Drivers/STM32L4xx_HAL_Driver/libstm32fw.a(stm32l4xx_hal_rcc_ex.o)
                                                  ./Drivers/STM32L4xx_HAL_Driver/libstm32fw.a(stm32l4xx_hal_rcc.o)
                                                  Src/usb_otg.o
                                                  Src/spi.o
                                                  Src/i2c.o
                                                  Src/gpio.o
HAL_GPIO_LockPin                                  ./Drivers/STM32L4xx_HAL_Driver/libstm32fw.a(stm32l4xx_hal_gpio.o)
HAL_GPIO_ReadPin                                  ./Drivers/STM32L4xx_HAL_Driver/libstm32fw.a(stm32l4xx_hal_gpio.o)
HAL_GPIO_TogglePin                                ./Drivers/STM32L4xx_HAL_Driver/libstm32fw.a(stm32l4xx_hal_gpio.o)
HAL_GPIO_WritePin                                 ./Drivers/STM32L4xx_HAL_Driver/libstm32fw.a(stm32l4xx_hal_gpio.o)
                                                  Src/main.o
                                                  Src/SSD1306.o
HAL_GetDEVID                                      ./Drivers/STM32L4xx_HAL_Driver/libstm32fw.a(stm32l4xx_hal.o)
HAL_GetHalVersion                                 ./Drivers/STM32L4xx_HAL_Driver/libstm32fw.a(stm32l4xx_hal.o)
HAL_GetREVID                                      ./Drivers/STM32L4xx_HAL_Driver/libstm32fw.a(stm32l4xx_hal.o)
HAL_GetTick                                       ./Drivers/STM32L4xx_HAL_Driver/libstm32fw.a(stm32l4xx_hal.o)
                                                  ./Drivers/STM32L4xx_HAL_Driver/libstm32fw.a(stm32l4xx_hal_spi.o)
                                                  ./Drivers/STM32L4xx_HAL_Driver/libstm32fw.a(stm32l4xx_hal_rtc_ex.o)
                                                  ./Drivers/STM32L4xx_HAL_Driver/libstm32fw.a(stm32l4xx_hal_rtc.o)
                                                  ./Drivers/STM32L4xx_HAL_Driver/libstm32fw.a(stm32l4xx_hal_rcc_ex.o)
                                                  ./Drivers/STM32L4xx_HAL_Driver/libstm32fw.a(stm32l4xx_hal_rcc.o)
                                                  ./Drivers/STM32L4xx_HAL_Driver/libstm32fw.a(stm32l4xx_hal_pcd_ex.o)
                                                  ./Drivers/STM32L4xx_HAL_Driver/libstm32fw.a(stm32l4xx_hal_i2c.o)
                                                  ./Drivers/STM32L4xx_HAL_Driver/libstm32fw.a(stm32l4xx_hal_dma.o)
HAL_I2CEx_ConfigAnalogFilter                      ./Drivers/STM32L4xx_HAL_Driver/libstm32fw.a(stm32l4xx_hal_i2c_ex.o)
                                                  Src/i2c.o
HAL_I2CEx_ConfigDigitalFilter                     ./Drivers/STM32L4xx_HAL_Driver/libstm32fw.a(stm32l4xx_hal_i2c_ex.o)
HAL_I2CEx_DisableFastModePlus                     ./Drivers/STM32L4xx_HAL_Driver/libstm32fw.a(stm32l4xx_hal_i2c_ex.o)
HAL_I2CEx_DisableWakeUp                           ./Drivers/STM32L4xx_HAL_Driver/libstm32fw.a(stm32l4xx_hal_i2c_ex.o)
HAL_I2CEx_EnableFastModePlus                      ./Drivers/STM32L4xx_HAL_Driver/libstm32fw.a(stm32l4xx_hal_i2c_ex.o)
HAL_I2CEx_EnableWakeUp                            ./Drivers/STM32L4xx_HAL_Driver/libstm32fw.a(stm32l4xx_hal_i2c_ex.o)
HAL_I2C_DeInit                                    ./Drivers/STM32L4xx_HAL_Driver/libstm32fw.a(stm32l4xx_hal_i2c.o)
HAL_I2C_ER_IRQHandler                             ./Drivers/STM32L4xx_HAL_Driver/libstm32fw.a(stm32l4xx_hal_i2c.o)
HAL_I2C_EV_IRQHandler                             ./Drivers/STM32L4xx_HAL_Driver/libstm32fw.a(stm32l4xx_hal_i2c.o)
HAL_I2C_ErrorCallback                             ./Drivers/STM32L4xx_HAL_Driver/libstm32fw.a(stm32l4xx_hal_i2c.o)
HAL_I2C_GetError                                  ./Drivers/STM32L4xx_HAL_Driver/libstm32fw.a(stm32l4xx_hal_i2c.o)
HAL_I2C_GetState                                  ./Drivers/STM32L4xx_HAL_Driver/libstm32fw.a(stm32l4xx_hal_i2c.o)
HAL_I2C_Init                                      ./Drivers/STM32L4xx_HAL_Driver/libstm32fw.a(stm32l4xx_hal_i2c.o)
                                                  Src/i2c.o
HAL_I2C_IsDeviceReady                             ./Drivers/STM32L4xx_HAL_Driver/libstm32fw.a(stm32l4xx_hal_i2c.o)
HAL_I2C_MasterRxCpltCallback                      ./Drivers/STM32L4xx_HAL_Driver/libstm32fw.a(stm32l4xx_hal_i2c.o)
HAL_I2C_MasterTxCpltCallback                      ./Drivers/STM32L4xx_HAL_Driver/libstm32fw.a(stm32l4xx_hal_i2c.o)
HAL_I2C_Master_Receive                            ./Drivers/STM32L4xx_HAL_Driver/libstm32fw.a(stm32l4xx_hal_i2c.o)
HAL_I2C_Master_Receive_DMA                        ./Drivers/STM32L4xx_HAL_Driver/libstm32fw.a(stm32l4xx_hal_i2c.o)
HAL_I2C_Master_Receive_IT                         ./Drivers/STM32L4xx_HAL_Driver/libstm32fw.a(stm32l4xx_hal_i2c.o)
HAL_I2C_Master_Transmit                           ./Drivers/STM32L4xx_HAL_Driver/libstm32fw.a(stm32l4xx_hal_i2c.o)
HAL_I2C_Master_Transmit_DMA                       ./Drivers/STM32L4xx_HAL_Driver/libstm32fw.a(stm32l4xx_hal_i2c.o)
HAL_I2C_Master_Transmit_IT                        ./Drivers/STM32L4xx_HAL_Driver/libstm32fw.a(stm32l4xx_hal_i2c.o)
HAL_I2C_MemRxCpltCallback                         ./Drivers/STM32L4xx_HAL_Driver/libstm32fw.a(stm32l4xx_hal_i2c.o)
HAL_I2C_MemTxCpltCallback                         ./Drivers/STM32L4xx_HAL_Driver/libstm32fw.a(stm32l4xx_hal_i2c.o)
HAL_I2C_Mem_Read                                  ./Drivers/STM32L4xx_HAL_Driver/libstm32fw.a(stm32l4xx_hal_i2c.o)
HAL_I2C_Mem_Read_DMA                              ./Drivers/STM32L4xx_HAL_Driver/libstm32fw.a(stm32l4xx_hal_i2c.o)
HAL_I2C_Mem_Read_IT                               ./Drivers/STM32L4xx_HAL_Driver/libstm32fw.a(stm32l4xx_hal_i2c.o)
HAL_I2C_Mem_Write                                 ./Drivers/STM32L4xx_HAL_Driver/libstm32fw.a(stm32l4xx_hal_i2c.o)
HAL_I2C_Mem_Write_DMA                             ./Drivers/STM32L4xx_HAL_Driver/libstm32fw.a(stm32l4xx_hal_i2c.o)
HAL_I2C_Mem_Write_IT                              ./Drivers/STM32L4xx_HAL_Driver/libstm32fw.a(stm32l4xx_hal_i2c.o)
HAL_I2C_MspDeInit                                 Src/i2c.o
HAL_I2C_MspInit                                   Src/i2c.o
HAL_I2C_SlaveRxCpltCallback                       ./Drivers/STM32L4xx_HAL_Driver/libstm32fw.a(stm32l4xx_hal_i2c.o)
HAL_I2C_SlaveTxCpltCallback                       ./Drivers/STM32L4xx_HAL_Driver/libstm32fw.a(stm32l4xx_hal_i2c.o)
HAL_I2C_Slave_Receive                             ./Drivers/STM32L4xx_HAL_Driver/libstm32fw.a(stm32l4xx_hal_i2c.o)
HAL_I2C_Slave_Receive_DMA                         ./Drivers/STM32L4xx_HAL_Driver/libstm32fw.a(stm32l4xx_hal_i2c.o)
HAL_I2C_Slave_Receive_IT                          ./Drivers/STM32L4xx_HAL_Driver/libstm32fw.a(stm32l4xx_hal_i2c.o)
HAL_I2C_Slave_Transmit                            ./Drivers/STM32L4xx_HAL_Driver/libstm32fw.a(stm32l4xx_hal_i2c.o)
HAL_I2C_Slave_Transmit_DMA                        ./Drivers/STM32L4xx_HAL_Driver/libstm32fw.a(stm32l4xx_hal_i2c.o)
HAL_I2C_Slave_Transmit_IT                         ./Drivers/STM32L4xx_HAL_Driver/libstm32fw.a(stm32l4xx_hal_i2c.o)
HAL_IncTick                                       ./Drivers/STM32L4xx_HAL_Driver/libstm32fw.a(stm32l4xx_hal.o)
                                                  Src/stm32l4xx_it.o
HAL_Init                                          ./Drivers/STM32L4xx_HAL_Driver/libstm32fw.a(stm32l4xx_hal.o)
                                                  Src/main.o
HAL_InitTick                                      ./Drivers/STM32L4xx_HAL_Driver/libstm32fw.a(stm32l4xx_hal.o)
                                                  ./Drivers/STM32L4xx_HAL_Driver/libstm32fw.a(stm32l4xx_hal_rcc.o)
HAL_MPU_ConfigRegion                              ./Drivers/STM32L4xx_HAL_Driver/libstm32fw.a(stm32l4xx_hal_cortex.o)
HAL_MspDeInit                                     ./Drivers/STM32L4xx_HAL_Driver/libstm32fw.a(stm32l4xx_hal.o)
HAL_MspInit                                       Src/stm32l4xx_hal_msp.o
HAL_NVIC_ClearPendingIRQ                          ./Drivers/STM32L4xx_HAL_Driver/libstm32fw.a(stm32l4xx_hal_cortex.o)
HAL_NVIC_DisableIRQ                               ./Drivers/STM32L4xx_HAL_Driver/libstm32fw.a(stm32l4xx_hal_cortex.o)
HAL_NVIC_EnableIRQ                                ./Drivers/STM32L4xx_HAL_Driver/libstm32fw.a(stm32l4xx_hal_cortex.o)