Archive member included because of file (symbol)

./Drivers/STM32L4xx_HAL_Driver/libstm32fw.a(stm32l4xx_hal.o)
                              Src/main.o (HAL_Init)
./Drivers/STM32L4xx_HAL_Driver/libstm32fw.a(stm32l4xx_hal_cortex.o)
                              Src/stm32l4xx_hal_msp.o (HAL_NVIC_SetPriorityGrouping)
./Drivers/STM32L4xx_HAL_Driver/libstm32fw.a(stm32l4xx_hal_gpio.o)
                              Src/main.o (HAL_GPIO_Init)
./Drivers/STM32L4xx_HAL_Driver/libstm32fw.a(stm32l4xx_hal_pwr_ex.o)
                              Src/main.o (HAL_PWREx_ControlVoltageScaling)
./Drivers/STM32L4xx_HAL_Driver/libstm32fw.a(stm32l4xx_hal_rcc.o)
                              Src/main.o (HAL_RCC_OscConfig)
./Drivers/STM32L4xx_HAL_Driver/libstm32fw.a(stm32l4xx_hal_pwr.o)
                              ./Drivers/STM32L4xx_HAL_Driver/libstm32fw.a(stm32l4xx_hal_pwr_ex.o) (HAL_PWR_PVDCallback)
/opt/gcc-arm-none-eabi-4_9-2015q3/bin/../lib/gcc/arm-none-eabi/4.9.3/../../../../arm-none-eabi/lib/libc_nano.a(lib_a-exit.o)
                              /opt/gcc-arm-none-eabi-4_9-2015q3/bin/../lib/gcc/arm-none-eabi/4.9.3/../../../../arm-none-eabi/lib/crt0.o (exit)
/opt/gcc-arm-none-eabi-4_9-2015q3/bin/../lib/gcc/arm-none-eabi/4.9.3/../../../../arm-none-eabi/lib/libc_nano.a(lib_a-impure.o)
                              /opt/gcc-arm-none-eabi-4_9-2015q3/bin/../lib/gcc/arm-none-eabi/4.9.3/../../../../arm-none-eabi/lib/libc_nano.a(lib_a-exit.o) (_global_impure_ptr)
/opt/gcc-arm-none-eabi-4_9-2015q3/bin/../lib/gcc/arm-none-eabi/4.9.3/../../../../arm-none-eabi/lib/libc_nano.a(lib_a-init.o)
                              /opt/gcc-arm-none-eabi-4_9-2015q3/bin/../lib/gcc/arm-none-eabi/4.9.3/../../../../arm-none-eabi/lib/crt0.o (__libc_init_array)
/opt/gcc-arm-none-eabi-4_9-2015q3/bin/../lib/gcc/arm-none-eabi/4.9.3/../../../../arm-none-eabi/lib/libc_nano.a(lib_a-memset.o)
                              /opt/gcc-arm-none-eabi-4_9-2015q3/bin/../lib/gcc/arm-none-eabi/4.9.3/../../../../arm-none-eabi/lib/crt0.o (memset)

Discarded input sections

 .text          0x00000000        0x0 /opt/gcc-arm-none-eabi-4_9-2015q3/bin/../lib/gcc/arm-none-eabi/4.9.3/crti.o
 .data          0x00000000        0x0 /opt/gcc-arm-none-eabi-4_9-2015q3/bin/../lib/gcc/arm-none-eabi/4.9.3/crti.o
 .bss           0x00000000        0x0 /opt/gcc-arm-none-eabi-4_9-2015q3/bin/../lib/gcc/arm-none-eabi/4.9.3/crti.o
 .data          0x00000000        0x4 /opt/gcc-arm-none-eabi-4_9-2015q3/bin/../lib/gcc/arm-none-eabi/4.9.3/crtbegin.o
 .text          0x00000000      0x114 /opt/gcc-arm-none-eabi-4_9-2015q3/bin/../lib/gcc/arm-none-eabi/4.9.3/../../../../arm-none-eabi/lib/crt0.o
 .data          0x00000000        0x0 /opt/gcc-arm-none-eabi-4_9-2015q3/bin/../lib/gcc/arm-none-eabi/4.9.3/../../../../arm-none-eabi/lib/crt0.o
 .bss           0x00000000        0x0 /opt/gcc-arm-none-eabi-4_9-2015q3/bin/../lib/gcc/arm-none-eabi/4.9.3/../../../../arm-none-eabi/lib/crt0.o
 .ARM.extab     0x00000000        0x0 /opt/gcc-arm-none-eabi-4_9-2015q3/bin/../lib/gcc/arm-none-eabi/4.9.3/../../../../arm-none-eabi/lib/crt0.o
 .ARM.exidx     0x00000000        0x8 /opt/gcc-arm-none-eabi-4_9-2015q3/bin/../lib/gcc/arm-none-eabi/4.9.3/../../../../arm-none-eabi/lib/crt0.o
 .ARM.attributes
                0x00000000       0x14 /opt/gcc-arm-none-eabi-4_9-2015q3/bin/../lib/gcc/arm-none-eabi/4.9.3/../../../../arm-none-eabi/lib/crt0.o
 .text          0x00000000       0x14 Drivers/CMSIS/Device/ST/STM32L4xx/Source/Templates/gcc/startup_stm32l476xx.o
 .data          0x00000000        0x0 Drivers/CMSIS/Device/ST/STM32L4xx/Source/Templates/gcc/startup_stm32l476xx.o
 .bss           0x00000000        0x0 Drivers/CMSIS/Device/ST/STM32L4xx/Source/Templates/gcc/startup_stm32l476xx.o
 .bss           0x00000000        0x0 Drivers/CMSIS/Device/ST/STM32L4xx/Source/Templates/system_stm32l4xx.o
 .data          0x00000000        0x0 Src/main.o
 .bss           0x00000000        0x0 Src/main.o
 .data          0x00000000        0x0 Src/stm32l4xx_hal_msp.o
 .bss           0x00000000        0x0 Src/stm32l4xx_hal_msp.o
 .data          0x00000000        0x0 Src/stm32l4xx_it.o
 .bss           0x00000000        0x0 Src/stm32l4xx_it.o
 .data          0x00000000        0x0 ./Drivers/STM32L4xx_HAL_Driver/libstm32fw.a(stm32l4xx_hal.o)
 .data          0x00000000        0x0 ./Drivers/STM32L4xx_HAL_Driver/libstm32fw.a(stm32l4xx_hal_cortex.o)
 .bss           0x00000000        0x0 ./Drivers/STM32L4xx_HAL_Driver/libstm32fw.a(stm32l4xx_hal_cortex.o)
 .data          0x00000000        0x0 ./Drivers/STM32L4xx_HAL_Driver/libstm32fw.a(stm32l4xx_hal_gpio.o)
 .bss           0x00000000        0x0 ./Drivers/STM32L4xx_HAL_Driver/libstm32fw.a(stm32l4xx_hal_gpio.o)
 .data          0x00000000        0x0 ./Drivers/STM32L4xx_HAL_Driver/libstm32fw.a(stm32l4xx_hal_pwr_ex.o)
 .bss           0x00000000        0x0 ./Drivers/STM32L4xx_HAL_Driver/libstm32fw.a(stm32l4xx_hal_pwr_ex.o)
 .data          0x00000000        0x0 ./Drivers/STM32L4xx_HAL_Driver/libstm32fw.a(stm32l4xx_hal_rcc.o)
 .bss           0x00000000        0x0 ./Drivers/STM32L4xx_HAL_Driver/libstm32fw.a(stm32l4xx_hal_rcc.o)
 .data          0x00000000        0x0 ./Drivers/STM32L4xx_HAL_Driver/libstm32fw.a(stm32l4xx_hal_pwr.o)
 .bss           0x00000000        0x0 ./Drivers/STM32L4xx_HAL_Driver/libstm32fw.a(stm32l4xx_hal_pwr.o)
 .text          0x00000000        0x0 /opt/gcc-arm-none-eabi-4_9-2015q3/bin/../lib/gcc/arm-none-eabi/4.9.3/../../../../arm-none-eabi/lib/libc_nano.a(lib_a-exit.o)
 .data          0x00000000        0x0 /opt/gcc-arm-none-eabi-4_9-2015q3/bin/../lib/gcc/arm-none-eabi/4.9.3/../../../../arm-none-eabi/lib/libc_nano.a(lib_a-exit.o)
 .bss           0x00000000        0x0 /opt/gcc-arm-none-eabi-4_9-2015q3/bin/../lib/gcc/arm-none-eabi/4.9.3/../../../../arm-none-eabi/lib/libc_nano.a(lib_a-exit.o)
 .text.exit     0x00000000       0x40 /opt/gcc-arm-none-eabi-4_9-2015q3/bin/../lib/gcc/arm-none-eabi/4.9.3/../../../../arm-none-eabi/lib/libc_nano.a(lib_a-exit.o)
 .debug_frame   0x00000000       0x28 /opt/gcc-arm-none-eabi-4_9-2015q3/bin/../lib/gcc/arm-none-eabi/4.9.3/../../../../arm-none-eabi/lib/libc_nano.a(lib_a-exit.o)
 .ARM.attributes
                0x00000000       0x30 /opt/gcc-arm-none-eabi-4_9-2015q3/bin/../lib/gcc/arm-none-eabi/4.9.3/../../../../arm-none-eabi/lib/libc_nano.a(lib_a-exit.o)
 .text          0x00000000        0x0 /opt/gcc-arm-none-eabi-4_9-2015q3/bin/../lib/gcc/arm-none-eabi/4.9.3/../../../../arm-none-eabi/lib/libc_nano.a(lib_a-impure.o)
 .data          0x00000000        0x0 /opt/gcc-arm-none-eabi-4_9-2015q3/bin/../lib/gcc/arm-none-eabi/4.9.3/../../../../arm-none-eabi/lib/libc_nano.a(lib_a-impure.o)
 .bss           0x00000000        0x0 /opt/gcc-arm-none-eabi-4_9-2015q3/bin/../lib/gcc/arm-none-eabi/4.9.3/../../../../arm-none-eabi/lib/libc_nano.a(lib_a-impure.o)
 .data.impure_data
                0x00000000       0x60 /opt/gcc-arm-none-eabi-4_9-2015q3/bin/../lib/gcc/arm-none-eabi/4.9.3/../../../../arm-none-eabi/lib/libc_nano.a(lib_a-impure.o)
 .data._impure_ptr
                0x00000000        0x4 /opt/gcc-arm-none-eabi-4_9-2015q3/bin/../lib/gcc/arm-none-eabi/4.9.3/../../../../arm-none-eabi/lib/libc_nano.a(lib_a-impure.o)
 .rodata.str1.1
                0x00000000        0x2 /opt/gcc-arm-none-eabi-4_9-2015q3/bin/../lib/gcc/arm-none-eabi/4.9.3/../../../../arm-none-eabi/lib/libc_nano.a(lib_a-impure.o)
 .rodata._global_impure_ptr
                0x00000000        0x4 /opt/gcc-arm-none-eabi-4_9-2015q3/bin/../lib/gcc/arm-none-eabi/4.9.3/../../../../arm-none-eabi/lib/libc_nano.a(lib_a-impure.o)
 .ARM.attributes
                0x00000000       0x30 /opt/gcc-arm-none-eabi-4_9-2015q3/bin/../lib/gcc/arm-none-eabi/4.9.3/../../../../arm-none-eabi/lib/libc_nano.a(lib_a-impure.o)
 .text          0x00000000        0x0 /opt/gcc-arm-none-eabi-4_9-2015q3/bin/../lib/gcc/arm-none-eabi/4.9.3/../../../../arm-none-eabi/lib/libc_nano.a(lib_a-init.o)
 .data          0x00000000        0x0 /opt/gcc-arm-none-eabi-4_9-2015q3/bin/../lib/gcc/arm-none-eabi/4.9.3/../../../../arm-none-eabi/lib/libc_nano.a(lib_a-init.o)
 .bss           0x00000000        0x0 /opt/gcc-arm-none-eabi-4_9-2015q3/bin/../lib/gcc/arm-none-eabi/4.9.3/../../../../arm-none-eabi/lib/libc_nano.a(lib_a-init.o)
 .text          0x00000000        0x0 /opt/gcc-arm-none-eabi-4_9-2015q3/bin/../lib/gcc/arm-none-eabi/4.9.3/../../../../arm-none-eabi/lib/libc_nano.a(lib_a-memset.o)
 .data          0x00000000        0x0 /opt/gcc-arm-none-eabi-4_9-2015q3/bin/../lib/gcc/arm-none-eabi/4.9.3/../../../../arm-none-eabi/lib/libc_nano.a(lib_a-memset.o)
 .bss           0x00000000        0x0 /opt/gcc-arm-none-eabi-4_9-2015q3/bin/../lib/gcc/arm-none-eabi/4.9.3/../../../../arm-none-eabi/lib/libc_nano.a(lib_a-memset.o)
 .text.memset   0x00000000       0x18 /opt/gcc-arm-none-eabi-4_9-2015q3/bin/../lib/gcc/arm-none-eabi/4.9.3/../../../../arm-none-eabi/lib/libc_nano.a(lib_a-memset.o)
 .debug_frame   0x00000000       0x20 /opt/gcc-arm-none-eabi-4_9-2015q3/bin/../lib/gcc/arm-none-eabi/4.9.3/../../../../arm-none-eabi/lib/libc_nano.a(lib_a-memset.o)
 .ARM.attributes
                0x00000000       0x30 /opt/gcc-arm-none-eabi-4_9-2015q3/bin/../lib/gcc/arm-none-eabi/4.9.3/../../../../arm-none-eabi/lib/libc_nano.a(lib_a-memset.o)
 .text          0x00000000        0x0 /opt/gcc-arm-none-eabi-4_9-2015q3/bin/../lib/gcc/arm-none-eabi/4.9.3/crtend.o
 .data          0x00000000        0x0 /opt/gcc-arm-none-eabi-4_9-2015q3/bin/../lib/gcc/arm-none-eabi/4.9.3/crtend.o
 .bss           0x00000000        0x0 /opt/gcc-arm-none-eabi-4_9-2015q3/bin/../lib/gcc/arm-none-eabi/4.9.3/crtend.o
 .eh_frame      0x00000000        0x4 /opt/gcc-arm-none-eabi-4_9-2015q3/bin/../lib/gcc/arm-none-eabi/4.9.3/crtend.o
 .jcr           0x00000000        0x4 /opt/gcc-arm-none-eabi-4_9-2015q3/bin/../lib/gcc/arm-none-eabi/4.9.3/crtend.o
 .ARM.attributes
                0x00000000       0x30 /opt/gcc-arm-none-eabi-4_9-2015q3/bin/../lib/gcc/arm-none-eabi/4.9.3/crtend.o
 .text          0x00000000        0x0 /opt/gcc-arm-none-eabi-4_9-2015q3/bin/../lib/gcc/arm-none-eabi/4.9.3/crtn.o
 .data          0x00000000        0x0 /opt/gcc-arm-none-eabi-4_9-2015q3/bin/../lib/gcc/arm-none-eabi/4.9.3/crtn.o
 .bss           0x00000000        0x0 /opt/gcc-arm-none-eabi-4_9-2015q3/bin/../lib/gcc/arm-none-eabi/4.9.3/crtn.o

Memory Configuration

Name             Origin             Length             Attributes
FLASH            0x08000000         0x00100000         xr
RAM              0x20000000         0x00018000         xrw
*default*        0x00000000         0xffffffff

Linker script and memory map

LOAD /opt/gcc-arm-none-eabi-4_9-2015q3/bin/../lib/gcc/arm-none-eabi/4.9.3/crti.o
LOAD /opt/gcc-arm-none-eabi-4_9-2015q3/bin/../lib/gcc/arm-none-eabi/4.9.3/crtbegin.o
LOAD /opt/gcc-arm-none-eabi-4_9-2015q3/bin/../lib/gcc/arm-none-eabi/4.9.3/../../../../arm-none-eabi/lib/crt0.o
LOAD Drivers/CMSIS/Device/ST/STM32L4xx/Source/Templates/gcc/startup_stm32l476xx.o
LOAD Drivers/CMSIS/Device/ST/STM32L4xx/Source/Templates/system_stm32l4xx.o
LOAD Src/main.o
LOAD Src/stm32l4xx_hal_msp.o
LOAD Src/stm32l4xx_it.o
LOAD ./Drivers/STM32L4xx_HAL_Driver/libstm32fw.a
LOAD /opt/gcc-arm-none-eabi-4_9-2015q3/bin/../lib/gcc/arm-none-eabi/4.9.3/../../../../arm-none-eabi/lib/libm.a
START GROUP
LOAD /opt/gcc-arm-none-eabi-4_9-2015q3/bin/../lib/gcc/arm-none-eabi/4.9.3/libgcc.a
LOAD /opt/gcc-arm-none-eabi-4_9-2015q3/bin/../lib/gcc/arm-none-eabi/4.9.3/../../../../arm-none-eabi/lib/libc_nano.a
END GROUP
START GROUP
LOAD /opt/gcc-arm-none-eabi-4_9-2015q3/bin/../lib/gcc/arm-none-eabi/4.9.3/libgcc.a
LOAD /opt/gcc-arm-none-eabi-4_9-2015q3/bin/../lib/gcc/arm-none-eabi/4.9.3/../../../../arm-none-eabi/lib/libc_nano.a
END GROUP
LOAD /opt/gcc-arm-none-eabi-4_9-2015q3/bin/../lib/gcc/arm-none-eabi/4.9.3/crtend.o
LOAD /opt/gcc-arm-none-eabi-4_9-2015q3/bin/../lib/gcc/arm-none-eabi/4.9.3/crtn.o
                0x20018000                _estack = 0x20018000
                0x00000200                _Min_Heap_Size = 0x200
                0x00000400                _Min_Stack_Size = 0x400

.isr_vector     0x08000000      0x188
                0x08000000                . = ALIGN (0x8)
 *(.isr_vector)
 .isr_vector    0x08000000      0x188 Drivers/CMSIS/Device/ST/STM32L4xx/Source/Templates/gcc/startup_stm32l476xx.o
                0x08000000                g_pfnVectors
                0x08000188                . = ALIGN (0x8)

.text           0x08000188     0x21d8
                0x08000188                . = ALIGN (0x8)
 *(.text)
 .text          0x08000188       0x98 /opt/gcc-arm-none-eabi-4_9-2015q3/bin/../lib/gcc/arm-none-eabi/4.9.3/crtbegin.o
 .text          0x08000220       0xfc Drivers/CMSIS/Device/ST/STM32L4xx/Source/Templates/system_stm32l4xx.o
                0x08000220                SystemInit
                0x08000268                SystemCoreClockUpdate
 .text          0x0800031c       0x88 Src/main.o
                0x0800031c                SystemClock_Config
 .text          0x080003a4       0x34 Src/stm32l4xx_hal_msp.o
                0x080003a4                HAL_MspInit
 .text          0x080003d8        0xe Src/stm32l4xx_it.o
                0x080003d8                SysTick_Handler
 *fill*         0x080003e6        0x2 
 .text          0x080003e8      0x200 ./Drivers/STM32L4xx_HAL_Driver/libstm32fw.a(stm32l4xx_hal.o)
                0x080003ea                HAL_MspDeInit
                0x080003ec                HAL_DeInit
                0x08000418                HAL_InitTick
                0x0800043c                HAL_Init
                0x08000460                HAL_IncTick
                0x08000470                HAL_GetTick
                0x0800047c                HAL_Delay
                0x08000492                HAL_SuspendTick
                0x080004a4                HAL_ResumeTick
                0x080004b4                HAL_GetHalVersion
                0x080004bc                HAL_GetREVID
                0x080004c8                HAL_GetDEVID
                0x080004d8                HAL_DBGMCU_EnableDBGSleepMode
                0x080004e8                HAL_DBGMCU_DisableDBGSleepMode
                0x080004f8                HAL_DBGMCU_EnableDBGStopMode
                0x08000508                HAL_DBGMCU_DisableDBGStopMode
                0x08000518                HAL_DBGMCU_EnableDBGStandbyMode
                0x08000528                HAL_DBGMCU_DisableDBGStandbyMode
                0x08000538                HAL_SYSCFG_SRAM2Erase
                0x08000554                HAL_SYSCFG_EnableMemorySwappingBank
                0x08000560                HAL_SYSCFG_DisableMemorySwappingBank
                0x0800056c                HAL_SYSCFG_VREFBUF_VoltageScalingConfig
                0x08000580                HAL_SYSCFG_VREFBUF_HighImpedanceConfig
                0x08000594                HAL_SYSCFG_VREFBUF_TrimmingConfig
                0x080005a8                HAL_SYSCFG_EnableVREFBUF
                0x080005d8                HAL_SYSCFG_DisableVREFBUF
 .text          0x080005e8      0x244 ./Drivers/STM32L4xx_HAL_Driver/libstm32fw.a(stm32l4xx_hal_cortex.o)
                0x080005e8                HAL_NVIC_SetPriorityGrouping
                0x0800060c                HAL_NVIC_SetPriority
                0x0800066c                HAL_NVIC_EnableIRQ
                0x08000684                HAL_NVIC_DisableIRQ
                0x0800069c                HAL_NVIC_SystemReset
                0x080006c0                HAL_SYSTICK_Config
                0x080006ec                HAL_NVIC_GetPriorityGrouping
                0x080006fc                HAL_NVIC_GetPriority
                0x08000754                HAL_NVIC_SetPendingIRQ
                0x0800076c                HAL_NVIC_GetPendingIRQ
                0x08000788                HAL_NVIC_ClearPendingIRQ
                0x080007a0                HAL_NVIC_GetActive
                0x080007bc                HAL_SYSTICK_CLKSourceConfig
                0x080007d4                HAL_SYSTICK_Callback
                0x080007d6                HAL_SYSTICK_IRQHandler
                0x080007de                HAL_MPU_ConfigRegion
 .text          0x0800082c      0x320 ./Drivers/STM32L4xx_HAL_Driver/libstm32fw.a(stm32l4xx_hal_gpio.o)
                0x0800082c                HAL_GPIO_Init
                0x080009c0                HAL_GPIO_DeInit
                0x08000aec                HAL_GPIO_ReadPin
                0x08000af8                HAL_GPIO_WritePin
                0x08000b02                HAL_GPIO_TogglePin
                0x08000b0a                HAL_GPIO_LockPin
                0x08000b34                HAL_GPIO_EXTI_Callback
                0x08000b36                HAL_GPIO_EXTI_IRQHandler
 .text          0x08000b4c      0x728 ./Drivers/STM32L4xx_HAL_Driver/libstm32fw.a(stm32l4xx_hal_pwr_ex.o)
                0x08000b4c                HAL_PWREx_GetVoltageRange
                0x08000b5c                HAL_PWREx_ControlVoltageScaling
                0x08000bc8                HAL_PWREx_EnableBatteryCharging
                0x08000be4                HAL_PWREx_DisableBatteryCharging
                0x08000bf4                HAL_PWREx_EnableVddUSB
                0x08000c04                HAL_PWREx_DisableVddUSB
                0x08000c14                HAL_PWREx_EnableVddIO2
                0x08000c24                HAL_PWREx_DisableVddIO2
                0x08000c34                HAL_PWREx_EnableInternalWakeUpLine
                0x08000c44                HAL_PWREx_DisableInternalWakeUpLine
                0x08000c54                HAL_PWREx_EnableGPIOPullUp
                0x08000d10                HAL_PWREx_DisableGPIOPullUp
                0x08000d94                HAL_PWREx_EnableGPIOPullDown
                0x08000e50                HAL_PWREx_DisableGPIOPullDown
                0x08000ed8                HAL_PWREx_EnablePullUpPullDownConfig
                0x08000ee8                HAL_PWREx_DisablePullUpPullDownConfig
                0x08000ef8                HAL_PWREx_EnableSRAM2ContentRetention
                0x08000f08                HAL_PWREx_DisableSRAM2ContentRetention
                0x08000f18                HAL_PWREx_EnablePVM1
                0x08000f28                HAL_PWREx_DisablePVM1
                0x08000f38                HAL_PWREx_EnablePVM2
                0x08000f48                HAL_PWREx_DisablePVM2
                0x08000f58                HAL_PWREx_EnablePVM3
                0x08000f68                HAL_PWREx_DisablePVM3
                0x08000f78                HAL_PWREx_EnablePVM4
                0x08000f88                HAL_PWREx_DisablePVM4
                0x08000f98                HAL_PWREx_ConfigPVM
                0x08001128                HAL_PWREx_EnableLowPowerRunMode
                0x08001138                HAL_PWREx_DisableLowPowerRunMode
                0x08001178                HAL_PWREx_EnterSTOP1Mode
                0x080011b4                HAL_PWREx_EnterSTOP2Mode
                0x080011ec                HAL_PWREx_EnterSHUTDOWNMode
                0x08001210                HAL_PWREx_PVM1Callback
                0x08001212                HAL_PWREx_PVM2Callback
                0x08001214                HAL_PWREx_PVM3Callback
                0x08001216                HAL_PWREx_PVM4Callback
                0x08001218                HAL_PWREx_PVD_PVM_IRQHandler
 .text          0x08001274      0xd7c ./Drivers/STM32L4xx_HAL_Driver/libstm32fw.a(stm32l4xx_hal_rcc.o)
                0x080012f8                HAL_RCC_DeInit
                0x0800135c                HAL_RCC_OscConfig
                0x08001a70                HAL_RCC_ClockConfig
                0x08001cbc                HAL_RCC_MCOConfig
                0x08001d0c                HAL_RCC_GetSysClockFreq
                0x08001ddc                HAL_RCC_GetHCLKFreq
                0x08001e10                HAL_RCC_GetPCLK1Freq
                0x08001e3c                HAL_RCC_GetPCLK2Freq
                0x08001e68                HAL_RCC_GetOscConfig
                0x08001f88                HAL_RCC_GetClockConfig
                0x08001fc4                HAL_RCC_EnableCSS
                0x08001fd4                HAL_RCC_CSSCallback
                0x08001fd6                HAL_RCC_NMI_IRQHandler
 .text          0x08001ff0      0x1a8 ./Drivers/STM32L4xx_HAL_Driver/libstm32fw.a(stm32l4xx_hal_pwr.o)
                0x08001ff0                HAL_PWR_DeInit
                0x08002008                HAL_PWR_EnableBkUpAccess
                0x08002018                HAL_PWR_DisableBkUpAccess
                0x08002028                HAL_PWR_ConfigPVD
                0x0800209c                HAL_PWR_EnablePVD
                0x080020ac                HAL_PWR_DisablePVD
                0x080020bc                HAL_PWR_EnableWakeUpPin
                0x080020dc                HAL_PWR_DisableWakeUpPin
                0x080020ec                HAL_PWR_EnterSLEEPMode
                0x0800212c                HAL_PWR_EnterSTOPMode
                0x08002130                HAL_PWR_EnterSTANDBYMode
                0x08002154                HAL_PWR_EnableSleepOnExit
                0x08002164                HAL_PWR_DisableSleepOnExit
                0x08002174                HAL_PWR_EnableSEVOnPend
                0x08002184                HAL_PWR_DisableSEVOnPend
                0x08002194                HAL_PWR_PVDCallback
 *(.text*)
 .text.Reset_Handler
                0x08002198       0x50 Drivers/CMSIS/Device/ST/STM32L4xx/Source/Templates/gcc/startup_stm32l476xx.o
                0x08002198                Reset_Handler
 .text.Default_Handler
                0x080021e8        0x2 Drivers/CMSIS/Device/ST/STM32L4xx/Source/Templates/gcc/startup_stm32l476xx.o
                0x080021e8                RTC_Alarm_IRQHandler
                0x080021e8                EXTI2_IRQHandler
                0x080021e8                TIM8_TRG_COM_IRQHandler
                0x080021e8                TIM8_CC_IRQHandler
                0x080021e8                DebugMon_Handler
                0x080021e8                DFSDM0_IRQHandler
                0x080021e8                TIM1_CC_IRQHandler
                0x080021e8                TSC_IRQHandler
                0x080021e8                HardFault_Handler
                0x080021e8                TAMP_STAMP_IRQHandler
                0x080021e8                PendSV_Handler
                0x080021e8                NMI_Handler
                0x080021e8                EXTI3_IRQHandler
                0x080021e8                LPTIM2_IRQHandler
                0x080021e8                I2C3_ER_IRQHandler
                0x080021e8                EXTI0_IRQHandler
                0x080021e8                I2C2_EV_IRQHandler
                0x080021e8                CAN1_RX0_IRQHandler
                0x080021e8                FPU_IRQHandler
                0x080021e8                TIM1_UP_TIM16_IRQHandler
                0x080021e8                UsageFault_Handler
                0x080021e8                ADC1_2_IRQHandler
                0x080021e8                SPI1_IRQHandler
                0x080021e8                TIM6_DAC_IRQHandler
                0x080021e8                TIM8_UP_IRQHandler
                0x080021e8                DMA2_Channel2_IRQHandler
                0x080021e8                DMA1_Channel4_IRQHandler
                0x080021e8                SAI2_IRQHandler
                0x080021e8                USART3_IRQHandler
                0x080021e8                DMA1_Channel7_IRQHandler
                0x080021e8                CAN1_RX1_IRQHandler
                0x080021e8                LCD_IRQHandler
                0x080021e8                UART5_IRQHandler
                0x080021e8                ADC3_IRQHandler
                0x080021e8                TIM4_IRQHandler
                0x080021e8                DMA2_Channel1_IRQHandler
                0x080021e8                QUADSPI_IRQHandler
                0x080021e8                I2C1_EV_IRQHandler
                0x080021e8                DMA1_Channel6_IRQHandler
                0x080021e8                UART4_IRQHandler
                0x080021e8                DMA2_Channel4_IRQHandler
                0x080021e8                TIM3_IRQHandler
                0x080021e8                RCC_IRQHandler
                0x080021e8                DMA1_Channel1_IRQHandler
                0x080021e8                Default_Handler
                0x080021e8                DMA2_Channel7_IRQHandler
                0x080021e8                EXTI15_10_IRQHandler
                0x080021e8                TIM7_IRQHandler
                0x080021e8                SDMMC1_IRQHandler
                0x080021e8                TIM5_IRQHandler
                0x080021e8                I2C3_EV_IRQHandler
                0x080021e8                DFSDM2_IRQHandler
                0x080021e8                EXTI9_5_IRQHandler
                0x080021e8                RTC_WKUP_IRQHandler
                0x080021e8                PVD_PVM_IRQHandler
                0x080021e8                SPI2_IRQHandler
                0x080021e8                DFSDM3_IRQHandler
                0x080021e8                MemManage_Handler
                0x080021e8                CAN1_TX_IRQHandler
                0x080021e8                SVC_Handler
                0x080021e8                DMA2_Channel5_IRQHandler
                0x080021e8                DMA1_Channel5_IRQHandler
                0x080021e8                EXTI4_IRQHandler
                0x080021e8                RNG_IRQHandler
                0x080021e8                TIM1_TRG_COM_TIM17_IRQHandler
                0x080021e8                DMA1_Channel3_IRQHandler
                0x080021e8                COMP_IRQHandler
                0x080021e8                WWDG_IRQHandler
                0x080021e8                LPUART1_IRQHandler
                0x080021e8                DMA2_Channel6_IRQHandler
                0x080021e8                TIM2_IRQHandler
                0x080021e8                EXTI1_IRQHandler
                0x080021e8                USART2_IRQHandler
                0x080021e8                I2C2_ER_IRQHandler
                0x080021e8                DMA1_Channel2_IRQHandler
                0x080021e8                TIM8_BRK_IRQHandler
                0x080021e8                CAN1_SCE_IRQHandler
                0x080021e8                FLASH_IRQHandler
                0x080021e8                BusFault_Handler
                0x080021e8                USART1_IRQHandler
                0x080021e8                OTG_FS_IRQHandler
                0x080021e8                SPI3_IRQHandler
                0x080021e8                I2C1_ER_IRQHandler
                0x080021e8                FMC_IRQHandler
                0x080021e8                SWPMI1_IRQHandler
                0x080021e8                LPTIM1_IRQHandler
                0x080021e8                DFSDM1_IRQHandler
                0x080021e8                SAI1_IRQHandler
                0x080021e8                DMA2_Channel3_IRQHandler
                0x080021e8                TIM1_BRK_TIM15_IRQHandler
 *fill*         0x080021ea        0x2 
 .text.startup  0x080021ec       0xb8 Src/main.o
                0x080021ec                main
 .text.__libc_init_array
                0x080022a4       0x88 /opt/gcc-arm-none-eabi-4_9-2015q3/bin/../lib/gcc/arm-none-eabi/4.9.3/../../../../arm-none-eabi/lib/libc_nano.a(lib_a-init.o)
                0x080022a4                __libc_init_array
 *(.glue_7)
 .glue_7        0x00000000        0x0 linker stubs
 *(.glue_7t)
 .glue_7t       0x00000000        0x0 linker stubs
 *(.eh_frame)
 .eh_frame      0x0800232c        0x0 /opt/gcc-arm-none-eabi-4_9-2015q3/bin/../lib/gcc/arm-none-eabi/4.9.3/crtbegin.o
 *(.init)
 .init          0x0800232c        0xc /opt/gcc-arm-none-eabi-4_9-2015q3/bin/../lib/gcc/arm-none-eabi/4.9.3/crti.o
                0x0800232c                _init
 .init          0x08002338        0xc /opt/gcc-arm-none-eabi-4_9-2015q3/bin/../lib/gcc/arm-none-eabi/4.9.3/crtn.o
 *(.fini)
 .fini          0x08002344        0xc /opt/gcc-arm-none-eabi-4_9-2015q3/bin/../lib/gcc/arm-none-eabi/4.9.3/crti.o
                0x08002344                _fini
 .fini          0x08002350        0xc /opt/gcc-arm-none-eabi-4_9-2015q3/bin/../lib/gcc/arm-none-eabi/4.9.3/crtn.o
                0x08002360                . = ALIGN (0x8)
 *fill*         0x0800235c        0x4 
                0x08002360                _etext = .

.vfp11_veneer   0x08002360        0x0
 .vfp11_veneer  0x00000000        0x0 linker stubs

.v4_bx          0x08002360        0x0
 .v4_bx         0x00000000        0x0 linker stubs

.iplt           0x08002360        0x0
 .iplt          0x00000000        0x0 /opt/gcc-arm-none-eabi-4_9-2015q3/bin/../lib/gcc/arm-none-eabi/4.9.3/crtbegin.o

.rodata         0x08002360       0x48
                0x08002360                . = ALIGN (0x8)
 *(.rodata)
 .rodata        0x08002360       0x40 Drivers/CMSIS/Device/ST/STM32L4xx/Source/Templates/system_stm32l4xx.o
                0x08002360                MSIRangeTable
                0x08002390                AHBPrescTable
 .rodata        0x080023a0        0x8 ./Drivers/STM32L4xx_HAL_Driver/libstm32fw.a(stm32l4xx_hal_rcc.o)
                0x080023a0                APBAHBPrescTable
 *(.rodata*)
                0x080023a8                . = ALIGN (0x8)

.rel.dyn        0x080023a8        0x0
 .rel.iplt      0x00000000        0x0 /opt/gcc-arm-none-eabi-4_9-2015q3/bin/../lib/gcc/arm-none-eabi/4.9.3/crtbegin.o

.ARM.extab      0x080023a8        0x0
                0x080023a8                . = ALIGN (0x8)
 *(.ARM.extab* .gnu.linkonce.armextab.*)
                0x080023a8                . = ALIGN (0x8)

.ARM            0x080023a8        0x0
                0x080023a8                . = ALIGN (0x8)
                0x080023a8                __exidx_start = .
 *(.ARM.exidx*)
                0x080023a8                __exidx_end = .
                0x080023a8                . = ALIGN (0x8)

.preinit_array  0x080023a8        0x0
                0x080023a8                . = ALIGN (0x8)
                0x080023a8                PROVIDE (__preinit_array_start, .)
 *(.preinit_array*)
                0x080023a8                PROVIDE (__preinit_array_end, .)
                0x080023a8                . = ALIGN (0x8)

.init_array     0x080023a8        0x8
                0x080023a8                . = ALIGN (0x8)
                0x080023a8                PROVIDE (__init_array_start, .)
 *(SORT(.init_array.*))
 *(.init_array*)
 .init_array    0x080023a8        0x4 /opt/gcc-arm-none-eabi-4_9-2015q3/bin/../lib/gcc/arm-none-eabi/4.9.3/crtbegin.o
                0x080023ac                PROVIDE (__init_array_end, .)
                0x080023b0                . = ALIGN (0x8)
 *fill*         0x080023ac        0x4 

.fini_array     0x080023b0        0x8
                0x080023b0                . = ALIGN (0x8)
                0x080023b0                PROVIDE (__fini_array_start, .)
 *(SORT(.fini_array.*))
 *(.fini_array*)
 .fini_array    0x080023b0        0x4 /opt/gcc-arm-none-eabi-4_9-2015q3/bin/../lib/gcc/arm-none-eabi/4.9.3/crtbegin.o
                0x080023b4                PROVIDE (__fini_array_end, .)
                0x080023b8                . = ALIGN (0x8)
 *fill*         0x080023b4        0x4 
                0x080023b8                _sidata = LOADADDR (.data)

.data           0x20000000        0x8 load address 0x080023b8
                0x20000000                . = ALIGN (0x8)
                0x20000000                _sdata = .
 *(.data)
 .data          0x20000000        0x4 Drivers/CMSIS/Device/ST/STM32L4xx/Source/Templates/system_stm32l4xx.o
                0x20000000                SystemCoreClock
 *(.data*)
                0x20000008                . = ALIGN (0x8)
 *fill*         0x20000004        0x4 
                0x20000008                _edata = .

.jcr            0x20000008        0x0 load address 0x080023c0
 .jcr           0x20000008        0x0 /opt/gcc-arm-none-eabi-4_9-2015q3/bin/../lib/gcc/arm-none-eabi/4.9.3/crtbegin.o

.igot.plt       0x20000008        0x0 load address 0x080023c0
 .igot.plt      0x00000000        0x0 /opt/gcc-arm-none-eabi-4_9-2015q3/bin/../lib/gcc/arm-none-eabi/4.9.3/crtbegin.o
                0x20000008                . = ALIGN (0x4)

.bss            0x20000008       0x20 load address 0x080023c0
                0x20000008                _sbss = .
                0x20000008                __bss_start__ = _sbss
 *(.bss)
 .bss           0x20000008       0x1c /opt/gcc-arm-none-eabi-4_9-2015q3/bin/../lib/gcc/arm-none-eabi/4.9.3/crtbegin.o
 .bss           0x20000024        0x4 ./Drivers/STM32L4xx_HAL_Driver/libstm32fw.a(stm32l4xx_hal.o)
 *(.bss*)
 *(COMMON)
                0x20000028                . = ALIGN (0x4)
                0x20000028                _ebss = .
                0x20000028                __bss_end__ = _ebss

._user_heap_stack
                0x20000028      0x600 load address 0x080023c0
                0x20000028                . = ALIGN (0x8)
                0x20000028                PROVIDE (end, .)
                0x20000028                PROVIDE (_end, .)
                0x20000228                . = (. + _Min_Heap_Size)
 *fill*         0x20000028      0x200 
                0x20000628                . = (. + _Min_Stack_Size)
 *fill*         0x20000228      0x400 
                0x20000628                . = ALIGN (0x8)

/DISCARD/
 libc.a(*)
 libm.a(*)
 libgcc.a(*)

.ARM.attributes
                0x00000000       0x35
 *(.ARM.attributes)
 .ARM.attributes
                0x00000000       0x16 /opt/gcc-arm-none-eabi-4_9-2015q3/bin/../lib/gcc/arm-none-eabi/4.9.3/crti.o
 .ARM.attributes
                0x00000016       0x30 /opt/gcc-arm-none-eabi-4_9-2015q3/bin/../lib/gcc/arm-none-eabi/4.9.3/crtbegin.o
 .ARM.attributes
                0x00000046       0x21 Drivers/CMSIS/Device/ST/STM32L4xx/Source/Templates/gcc/startup_stm32l476xx.o
 .ARM.attributes
                0x00000067       0x37 Drivers/CMSIS/Device/ST/STM32L4xx/Source/Templates/system_stm32l4xx.o
 .ARM.attributes
                0x0000009e       0x37 Src/main.o
 .ARM.attributes
                0x000000d5       0x37 Src/stm32l4xx_hal_msp.o
 .ARM.attributes
                0x0000010c       0x37 Src/stm32l4xx_it.o
 .ARM.attributes
                0x00000143       0x37 ./Drivers/STM32L4xx_HAL_Driver/libstm32fw.a(stm32l4xx_hal.o)
 .ARM.attributes
                0x0000017a       0x37 ./Drivers/STM32L4xx_HAL_Driver/libstm32fw.a(stm32l4xx_hal_cortex.o)
 .ARM.attributes
                0x000001b1       0x37 ./Drivers/STM32L4xx_HAL_Driver/libstm32fw.a(stm32l4xx_hal_gpio.o)
 .ARM.attributes
                0x000001e8       0x37 ./Drivers/STM32L4xx_HAL_Driver/libstm32fw.a(stm32l4xx_hal_pwr_ex.o)
 .ARM.attributes
                0x0000021f       0x37 ./Drivers/STM32L4xx_HAL_Driver/libstm32fw.a(stm32l4xx_hal_rcc.o)
 .ARM.attributes
                0x00000256       0x37 ./Drivers/STM32L4xx_HAL_Driver/libstm32fw.a(stm32l4xx_hal_pwr.o)
 .ARM.attributes
                0x0000028d       0x30 /opt/gcc-arm-none-eabi-4_9-2015q3/bin/../lib/gcc/arm-none-eabi/4.9.3/../../../../arm-none-eabi/lib/libc_nano.a(lib_a-init.o)
 .ARM.attributes
                0x000002bd       0x18 /opt/gcc-arm-none-eabi-4_9-2015q3/bin/../lib/gcc/arm-none-eabi/4.9.3/crtn.o
OUTPUT(main.out elf32-littlearm)

.debug_line     0x00000000     0x1ce1
 .debug_line    0x00000000       0xab Drivers/CMSIS/Device/ST/STM32L4xx/Source/Templates/gcc/startup_stm32l476xx.o
 .debug_line    0x000000ab      0x1b5 Drivers/CMSIS/Device/ST/STM32L4xx/Source/Templates/system_stm32l4xx.o
 .debug_line    0x00000260      0x263 Src/main.o
 .debug_line    0x000004c3      0x184 Src/stm32l4xx_hal_msp.o
 .debug_line    0x00000647      0x154 Src/stm32l4xx_it.o
 .debug_line    0x0000079b      0x248 ./Drivers/STM32L4xx_HAL_Driver/libstm32fw.a(stm32l4xx_hal.o)
 .debug_line    0x000009e3      0x2da ./Drivers/STM32L4xx_HAL_Driver/libstm32fw.a(stm32l4xx_hal_cortex.o)
 .debug_line    0x00000cbd      0x2ff ./Drivers/STM32L4xx_HAL_Driver/libstm32fw.a(stm32l4xx_hal_gpio.o)
 .debug_line    0x00000fbc      0x377 ./Drivers/STM32L4xx_HAL_Driver/libstm32fw.a(stm32l4xx_hal_pwr_ex.o)
 .debug_line    0x00001333      0x762 ./Drivers/STM32L4xx_HAL_Driver/libstm32fw.a(stm32l4xx_hal_rcc.o)
 .debug_line    0x00001a95      0x24c ./Drivers/STM32L4xx_HAL_Driver/libstm32fw.a(stm32l4xx_hal_pwr.o)

.debug_info     0x00000000     0x665f
 .debug_info    0x00000000       0x94 Drivers/CMSIS/Device/ST/STM32L4xx/Source/Templates/gcc/startup_stm32l476xx.o
 .debug_info    0x00000094      0x55e Drivers/CMSIS/Device/ST/STM32L4xx/Source/Templates/system_stm32l4xx.o
 .debug_info    0x000005f2      0xb37 Src/main.o
 .debug_info    0x00001129      0x585 Src/stm32l4xx_hal_msp.o
 .debug_info    0x000016ae       0xd9 Src/stm32l4xx_it.o
 .debug_info    0x00001787      0xb45 ./Drivers/STM32L4xx_HAL_Driver/libstm32fw.a(stm32l4xx_hal.o)
 .debug_info    0x000022cc      0xe6a ./Drivers/STM32L4xx_HAL_Driver/libstm32fw.a(stm32l4xx_hal_cortex.o)
 .debug_info    0x00003136      0x7d8 ./Drivers/STM32L4xx_HAL_Driver/libstm32fw.a(stm32l4xx_hal_gpio.o)
 .debug_info    0x0000390e      0x9be ./Drivers/STM32L4xx_HAL_Driver/libstm32fw.a(stm32l4xx_hal_pwr_ex.o)
 .debug_info    0x000042cc     0x1a3e ./Drivers/STM32L4xx_HAL_Driver/libstm32fw.a(stm32l4xx_hal_rcc.o)
 .debug_info    0x00005d0a      0x955 ./Drivers/STM32L4xx_HAL_Driver/libstm32fw.a(stm32l4xx_hal_pwr.o)

.debug_abbrev   0x00000000     0x12c1
 .debug_abbrev  0x00000000       0x12 Drivers/CMSIS/Device/ST/STM32L4xx/Source/Templates/gcc/startup_stm32l476xx.o
 .debug_abbrev  0x00000012      0x120 Drivers/CMSIS/Device/ST/STM32L4xx/Source/Templates/system_stm32l4xx.o
 .debug_abbrev  0x00000132      0x20b Src/main.o
 .debug_abbrev  0x0000033d      0x11e Src/stm32l4xx_hal_msp.o
 .debug_abbrev  0x0000045b       0x93 Src/stm32l4xx_it.o
 .debug_abbrev  0x000004ee      0x20a ./Drivers/STM32L4xx_HAL_Driver/libstm32fw.a(stm32l4xx_hal.o)
 .debug_abbrev  0x000006f8      0x2ee ./Drivers/STM32L4xx_HAL_Driver/libstm32fw.a(stm32l4xx_hal_cortex.o)
 .debug_abbrev  0x000009e6      0x1c6 ./Drivers/STM32L4xx_HAL_Driver/libstm32fw.a(stm32l4xx_hal_gpio.o)
 .debug_abbrev  0x00000bac      0x230 ./Drivers/STM32L4xx_HAL_Driver/libstm32fw.a(stm32l4xx_hal_pwr_ex.o)
 .debug_abbrev  0x00000ddc      0x30d ./Drivers/STM32L4xx_HAL_Driver/libstm32fw.a(stm32l4xx_hal_rcc.o)
 .debug_abbrev  0x000010e9      0x1d8 ./Drivers/STM32L4xx_HAL_Driver/libstm32fw.a(stm32l4xx_hal_pwr.o)

.debug_aranges  0x00000000      0x170
 .debug_aranges
                0x00000000       0x28 Drivers/CMSIS/Device/ST/STM32L4xx/Source/Templates/gcc/startup_stm32l476xx.o
 .debug_aranges
                0x00000028       0x20 Drivers/CMSIS/Device/ST/STM32L4xx/Source/Templates/system_stm32l4xx.o
 .debug_aranges
                0x00000048       0x28 Src/main.o
 .debug_aranges
                0x00000070       0x20 Src/stm32l4xx_hal_msp.o
 .debug_aranges
                0x00000090       0x20 Src/stm32l4xx_it.o
 .debug_aranges
                0x000000b0       0x20 ./Drivers/STM32L4xx_HAL_Driver/libstm32fw.a(stm32l4xx_hal.o)
 .debug_aranges
                0x000000d0       0x20 ./Drivers/STM32L4xx_HAL_Driver/libstm32fw.a(stm32l4xx_hal_cortex.o)
 .debug_aranges
                0x000000f0       0x20 ./Drivers/STM32L4xx_HAL_Driver/libstm32fw.a(stm32l4xx_hal_gpio.o)
 .debug_aranges
                0x00000110       0x20 ./Drivers/STM32L4xx_HAL_Driver/libstm32fw.a(stm32l4xx_hal_pwr_ex.o)
 .debug_aranges
                0x00000130       0x20 ./Drivers/STM32L4xx_HAL_Driver/libstm32fw.a(stm32l4xx_hal_rcc.o)
 .debug_aranges
                0x00000150       0x20 ./Drivers/STM32L4xx_HAL_Driver/libstm32fw.a(stm32l4xx_hal_pwr.o)

.debug_ranges   0x00000000      0x1a8
 .debug_ranges  0x00000000       0x20 Drivers/CMSIS/Device/ST/STM32L4xx/Source/Templates/gcc/startup_stm32l476xx.o
 .debug_ranges  0x00000020       0x60 Src/main.o
 .debug_ranges  0x00000080       0x18 Src/stm32l4xx_hal_msp.o
 .debug_ranges  0x00000098       0x98 ./Drivers/STM32L4xx_HAL_Driver/libstm32fw.a(stm32l4xx_hal_cortex.o)
 .debug_ranges  0x00000130       0x18 ./Drivers/STM32L4xx_HAL_Driver/libstm32fw.a(stm32l4xx_hal_gpio.o)
 .debug_ranges  0x00000148       0x60 ./Drivers/STM32L4xx_HAL_Driver/libstm32fw.a(stm32l4xx_hal_rcc.o)

.debug_loc      0x00000000     0x1c96
 .debug_loc     0x00000000      0x17b Drivers/CMSIS/Device/ST/STM32L4xx/Source/Templates/system_stm32l4xx.o
 .debug_loc     0x0000017b       0xdd ./Drivers/STM32L4xx_HAL_Driver/libstm32fw.a(stm32l4xx_hal.o)
 .debug_loc     0x00000258      0x31e ./Drivers/STM32L4xx_HAL_Driver/libstm32fw.a(stm32l4xx_hal_cortex.o)
 .debug_loc     0x00000576      0x302 ./Drivers/STM32L4xx_HAL_Driver/libstm32fw.a(stm32l4xx_hal_gpio.o)
 .debug_loc     0x00000878      0x57e ./Drivers/STM32L4xx_HAL_Driver/libstm32fw.a(stm32l4xx_hal_pwr_ex.o)
 .debug_loc     0x00000df6      0xd87 ./Drivers/STM32L4xx_HAL_Driver/libstm32fw.a(stm32l4xx_hal_rcc.o)
 .debug_loc     0x00001b7d      0x119 ./Drivers/STM32L4xx_HAL_Driver/libstm32fw.a(stm32l4xx_hal_pwr.o)

.debug_str      0x00000000     0x1bfb
 .debug_str     0x00000000      0x3aa Drivers/CMSIS/Device/ST/STM32L4xx/Source/Templates/system_stm32l4xx.o
                                0x415 (size before relaxing)
 .debug_str     0x000003aa      0x7ed Src/main.o
                                0xaf7 (size before relaxing)
 .debug_str     0x00000b97       0x41 Src/stm32l4xx_hal_msp.o
                                0x826 (size before relaxing)
 .debug_str     0x00000bd8       0x46 Src/stm32l4xx_it.o
                                0x1db (size before relaxing)
 .debug_str     0x00000c1e      0x3be ./Drivers/STM32L4xx_HAL_Driver/libstm32fw.a(stm32l4xx_hal.o)
                                0xc57 (size before relaxing)
 .debug_str     0x00000fdc      0x2f3 ./Drivers/STM32L4xx_HAL_Driver/libstm32fw.a(stm32l4xx_hal_cortex.o)
                                0xbcc (size before relaxing)
 .debug_str     0x000012cf      0x106 ./Drivers/STM32L4xx_HAL_Driver/libstm32fw.a(stm32l4xx_hal_gpio.o)
                                0x560 (size before relaxing)
 .debug_str     0x000013d5      0x4f0 ./Drivers/STM32L4xx_HAL_Driver/libstm32fw.a(stm32l4xx_hal_pwr_ex.o)
                                0x803 (size before relaxing)
 .debug_str     0x000018c5      0x17d ./Drivers/STM32L4xx_HAL_Driver/libstm32fw.a(stm32l4xx_hal_rcc.o)
                                0x872 (size before relaxing)
 .debug_str     0x00001a42      0x1b9 ./Drivers/STM32L4xx_HAL_Driver/libstm32fw.a(stm32l4xx_hal_pwr.o)
                                0x6c1 (size before relaxing)

.comment        0x00000000       0x70
 .comment       0x00000000       0x70 Drivers/CMSIS/Device/ST/STM32L4xx/Source/Templates/system_stm32l4xx.o
                                 0x71 (size before relaxing)
 .comment       0x00000000       0x71 Src/main.o
 .comment       0x00000000       0x71 Src/stm32l4xx_hal_msp.o
 .comment       0x00000000       0x71 Src/stm32l4xx_it.o
 .comment       0x00000000       0x71 ./Drivers/STM32L4xx_HAL_Driver/libstm32fw.a(stm32l4xx_hal.o)
 .comment       0x00000000       0x71 ./Drivers/STM32L4xx_HAL_Driver/libstm32fw.a(stm32l4xx_hal_cortex.o)
 .comment       0x00000000       0x71 ./Drivers/STM32L4xx_HAL_Driver/libstm32fw.a(stm32l4xx_hal_gpio.o)
 .comment       0x00000000       0x71 ./Drivers/STM32L4xx_HAL_Driver/libstm32fw.a(stm32l4xx_hal_pwr_ex.o)
 .comment       0x00000000       0x71 ./Drivers/STM32L4xx_HAL_Driver/libstm32fw.a(stm32l4xx_hal_rcc.o)
 .comment       0x00000000       0x71 ./Drivers/STM32L4xx_HAL_Driver/libstm32fw.a(stm32l4xx_hal_pwr.o)

.debug_frame    0x00000000      0x9d4
 .debug_frame   0x00000000       0x3c Drivers/CMSIS/Device/ST/STM32L4xx/Source/Templates/system_stm32l4xx.o
 .debug_frame   0x0000003c       0x48 Src/main.o
 .debug_frame   0x00000084       0x28 Src/stm32l4xx_hal_msp.o
 .debug_frame   0x000000ac       0x2c Src/stm32l4xx_it.o
 .debug_frame   0x000000d8      0x1f0 ./Drivers/STM32L4xx_HAL_Driver/libstm32fw.a(stm32l4xx_hal.o)
 .debug_frame   0x000002c8      0x134 ./Drivers/STM32L4xx_HAL_Driver/libstm32fw.a(stm32l4xx_hal_cortex.o)
 .debug_frame   0x000003fc       0xc8 ./Drivers/STM32L4xx_HAL_Driver/libstm32fw.a(stm32l4xx_hal_gpio.o)
 .debug_frame   0x000004c4      0x268 ./Drivers/STM32L4xx_HAL_Driver/libstm32fw.a(stm32l4xx_hal_pwr_ex.o)
 .debug_frame   0x0000072c      0x15c ./Drivers/STM32L4xx_HAL_Driver/libstm32fw.a(stm32l4xx_hal_rcc.o)
 .debug_frame   0x00000888      0x118 ./Drivers/STM32L4xx_HAL_Driver/libstm32fw.a(stm32l4xx_hal_pwr.o)
 .debug_frame   0x000009a0       0x34 /opt/gcc-arm-none-eabi-4_9-2015q3/bin/../lib/gcc/arm-none-eabi/4.9.3/../../../../arm-none-eabi/lib/libc_nano.a(lib_a-init.o)

Cross Reference Table

Symbol                                            File
ADC1_2_IRQHandler                                 Drivers/CMSIS/Device/ST/STM32L4xx/Source/Templates/gcc/startup_stm32l476xx.o
ADC3_IRQHandler                                   Drivers/CMSIS/Device/ST/STM32L4xx/Source/Templates/gcc/startup_stm32l476xx.o
AHBPrescTable                                     Drivers/CMSIS/Device/ST/STM32L4xx/Source/Templates/system_stm32l4xx.o
                                                  ./Drivers/STM32L4xx_HAL_Driver/libstm32fw.a(stm32l4xx_hal_rcc.o)
APBAHBPrescTable                                  ./Drivers/STM32L4xx_HAL_Driver/libstm32fw.a(stm32l4xx_hal_rcc.o)
BusFault_Handler                                  Drivers/CMSIS/Device/ST/STM32L4xx/Source/Templates/gcc/startup_stm32l476xx.o
CAN1_RX0_IRQHandler                               Drivers/CMSIS/Device/ST/STM32L4xx/Source/Templates/gcc/startup_stm32l476xx.o
CAN1_RX1_IRQHandler                               Drivers/CMSIS/Device/ST/STM32L4xx/Source/Templates/gcc/startup_stm32l476xx.o
CAN1_SCE_IRQHandler                               Drivers/CMSIS/Device/ST/STM32L4xx/Source/Templates/gcc/startup_stm32l476xx.o
CAN1_TX_IRQHandler                                Drivers/CMSIS/Device/ST/STM32L4xx/Source/Templates/gcc/startup_stm32l476xx.o
COMP_IRQHandler                                   Drivers/CMSIS/Device/ST/STM32L4xx/Source/Templates/gcc/startup_stm32l476xx.o
DFSDM0_IRQHandler                                 Drivers/CMSIS/Device/ST/STM32L4xx/Source/Templates/gcc/startup_stm32l476xx.o
DFSDM1_IRQHandler                                 Drivers/CMSIS/Device/ST/STM32L4xx/Source/Templates/gcc/startup_stm32l476xx.o
DFSDM2_IRQHandler                                 Drivers/CMSIS/Device/ST/STM32L4xx/Source/Templates/gcc/startup_stm32l476xx.o
DFSDM3_IRQHandler                                 Drivers/CMSIS/Device/ST/STM32L4xx/Source/Templates/gcc/startup_stm32l476xx.o
DMA1_Channel1_IRQHandler                          Drivers/CMSIS/Device/ST/STM32L4xx/Source/Templates/gcc/startup_stm32l476xx.o
DMA1_Channel2_IRQHandler                          Drivers/CMSIS/Device/ST/STM32L4xx/Source/Templates/gcc/startup_stm32l476xx.o
DMA1_Channel3_IRQHandler                          Drivers/CMSIS/Device/ST/STM32L4xx/Source/Templates/gcc/startup_stm32l476xx.o
DMA1_Channel4_IRQHandler                          Drivers/CMSIS/Device/ST/STM32L4xx/Source/Templates/gcc/startup_stm32l476xx.o
DMA1_Channel5_IRQHandler                          Drivers/CMSIS/Device/ST/STM32L4xx/Source/Templates/gcc/startup_stm32l476xx.o
DMA1_Channel6_IRQHandler                          Drivers/CMSIS/Device/ST/STM32L4xx/Source/Templates/gcc/startup_stm32l476xx.o
DMA1_Channel7_IRQHandler                          Drivers/CMSIS/Device/ST/STM32L4xx/Source/Templates/gcc/startup_stm32l476xx.o
DMA2_Channel1_IRQHandler                          Drivers/CMSIS/Device/ST/STM32L4xx/Source/Templates/gcc/startup_stm32l476xx.o
DMA2_Channel2_IRQHandler                          Drivers/CMSIS/Device/ST/STM32L4xx/Source/Templates/gcc/startup_stm32l476xx.o
DMA2_Channel3_IRQHandler                          Drivers/CMSIS/Device/ST/STM32L4xx/Source/Templates/gcc/startup_stm32l476xx.o
DMA2_Channel4_IRQHandler                          Drivers/CMSIS/Device/ST/STM32L4xx/Source/Templates/gcc/startup_stm32l476xx.o
DMA2_Channel5_IRQHandler                          Drivers/CMSIS/Device/ST/STM32L4xx/Source/Templates/gcc/startup_stm32l476xx.o
DMA2_Channel6_IRQHandler                          Drivers/CMSIS/Device/ST/STM32L4xx/Source/Templates/gcc/startup_stm32l476xx.o
DMA2_Channel7_IRQHandler                          Drivers/CMSIS/Device/ST/STM32L4xx/Source/Templates/gcc/startup_stm32l476xx.o
DebugMon_Handler                                  Drivers/CMSIS/Device/ST/STM32L4xx/Source/Templates/gcc/startup_stm32l476xx.o
Default_Handler                                   Drivers/CMSIS/Device/ST/STM32L4xx/Source/Templates/gcc/startup_stm32l476xx.o
EXTI0_IRQHandler                                  Drivers/CMSIS/Device/ST/STM32L4xx/Source/Templates/gcc/startup_stm32l476xx.o
EXTI15_10_IRQHandler                              Drivers/CMSIS/Device/ST/STM32L4xx/Source/Templates/gcc/startup_stm32l476xx.o
EXTI1_IRQHandler                                  Drivers/CMSIS/Device/ST/STM32L4xx/Source/Templates/gcc/startup_stm32l476xx.o
EXTI2_IRQHandler                                  Drivers/CMSIS/Device/ST/STM32L4xx/Source/Templates/gcc/startup_stm32l476xx.o
EXTI3_IRQHandler                                  Drivers/CMSIS/Device/ST/STM32L4xx/Source/Templates/gcc/startup_stm32l476xx.o
EXTI4_IRQHandler                                  Drivers/CMSIS/Device/ST/STM32L4xx/Source/Templates/gcc/startup_stm32l476xx.o
EXTI9_5_IRQHandler                                Drivers/CMSIS/Device/ST/STM32L4xx/Source/Templates/gcc/startup_stm32l476xx.o
FLASH_IRQHandler                                  Drivers/CMSIS/Device/ST/STM32L4xx/Source/Templates/gcc/startup_stm32l476xx.o
FMC_IRQHandler                                    Drivers/CMSIS/Device/ST/STM32L4xx/Source/Templates/gcc/startup_stm32l476xx.o
FPU_IRQHandler                                    Drivers/CMSIS/Device/ST/STM32L4xx/Source/Templates/gcc/startup_stm32l476xx.o
HAL_DBGMCU_DisableDBGSleepMode                    ./Drivers/STM32L4xx_HAL_Driver/libstm32fw.a(stm32l4xx_hal.o)
HAL_DBGMCU_DisableDBGStandbyMode                  ./Drivers/STM32L4xx_HAL_Driver/libstm32fw.a(stm32l4xx_hal.o)
HAL_DBGMCU_DisableDBGStopMode                     ./Drivers/STM32L4xx_HAL_Driver/libstm32fw.a(stm32l4xx_hal.o)
HAL_DBGMCU_EnableDBGSleepMode                     ./Drivers/STM32L4xx_HAL_Driver/libstm32fw.a(stm32l4xx_hal.o)
HAL_DBGMCU_EnableDBGStandbyMode                   ./Drivers/STM32L4xx_HAL_Driver/libstm32fw.a(stm32l4xx_hal.o)
HAL_DBGMCU_EnableDBGStopMode                      ./Drivers/STM32L4xx_HAL_Driver/libstm32fw.a(stm32l4xx_hal.o)
HAL_DeInit                                        ./Drivers/STM32L4xx_HAL_Driver/libstm32fw.a(stm32l4xx_hal.o)
HAL_Delay                                         ./Drivers/STM32L4xx_HAL_Driver/libstm32fw.a(stm32l4xx_hal.o)
                                                  Src/main.o
HAL_GPIO_DeInit                                   ./Drivers/STM32L4xx_HAL_Driver/libstm32fw.a(stm32l4xx_hal_gpio.o)
HAL_GPIO_EXTI_Callback                            ./Drivers/STM32L4xx_HAL_Driver/libstm32fw.a(stm32l4xx_hal_gpio.o)
HAL_GPIO_EXTI_IRQHandler                          ./Drivers/STM32L4xx_HAL_Driver/libstm32fw.a(stm32l4xx_hal_gpio.o)
HAL_GPIO_Init                                     ./Drivers/STM32L4xx_HAL_Driver/libstm32fw.a(stm32l4xx_hal_gpio.o)
                                                  ./Drivers/STM32L4xx_HAL_Driver/libstm32fw.a(stm32l4xx_hal_rcc.o)
                                                  Src/main.o
HAL_GPIO_LockPin                                  ./Drivers/STM32L4xx_HAL_Driver/libstm32fw.a(stm32l4xx_hal_gpio.o)
HAL_GPIO_ReadPin                                  ./Drivers/STM32L4xx_HAL_Driver/libstm32fw.a(stm32l4xx_hal_gpio.o)
HAL_GPIO_TogglePin                                ./Drivers/STM32L4xx_HAL_Driver/libstm32fw.a(stm32l4xx_hal_gpio.o)
HAL_GPIO_WritePin                                 ./Drivers/STM32L4xx_HAL_Driver/libstm32fw.a(stm32l4xx_hal_gpio.o)
                                                  Src/main.o
HAL_GetDEVID                                      ./Drivers/STM32L4xx_HAL_Driver/libstm32fw.a(stm32l4xx_hal.o)
HAL_GetHalVersion                                 ./Drivers/STM32L4xx_HAL_Driver/libstm32fw.a(stm32l4xx_hal.o)
HAL_GetREVID                                      ./Drivers/STM32L4xx_HAL_Driver/libstm32fw.a(stm32l4xx_hal.o)
HAL_GetTick                                       ./Drivers/STM32L4xx_HAL_Driver/libstm32fw.a(stm32l4xx_hal.o)
                                                  ./Drivers/STM32L4xx_HAL_Driver/libstm32fw.a(stm32l4xx_hal_rcc.o)
HAL_IncTick                                       ./Drivers/STM32L4xx_HAL_Driver/libstm32fw.a(stm32l4xx_hal.o)
                                                  Src/stm32l4xx_it.o
HAL_Init                                          ./Drivers/STM32L4xx_HAL_Driver/libstm32fw.a(stm32l4xx_hal.o)
                                                  Src/main.o
HAL_InitTick                                      ./Drivers/STM32L4xx_HAL_Driver/libstm32fw.a(stm32l4xx_hal.o)
                                                  ./Drivers/STM32L4xx_HAL_Driver/libstm32fw.a(stm32l4xx_hal_rcc.o)
HAL_MPU_ConfigRegion                              ./Drivers/STM32L4xx_HAL_Driver/libstm32fw.a(stm32l4xx_hal_cortex.o)
HAL_MspDeInit                                     ./Drivers/STM32L4xx_HAL_Driver/libstm32fw.a(stm32l4xx_hal.o)
HAL_MspInit                                       Src/stm32l4xx_hal_msp.o
HAL_NVIC_ClearPendingIRQ                          ./Drivers/STM32L4xx_HAL_Driver/libstm32fw.a(stm32l4xx_hal_cortex.o)
HAL_NVIC_DisableIRQ                               ./Drivers/STM32L4xx_HAL_Driver/libstm32fw.a(stm32l4xx_hal_cortex.o)
HAL_NVIC_EnableIRQ                                ./Drivers/STM32L4xx_HAL_Driver/libstm32fw.a(stm32l4xx_hal_cortex.o)
HAL_NVIC_GetActive                                ./Drivers/STM32L4xx_HAL_Driver/libstm32fw.a(stm32l4xx_hal_cortex.o)
HAL_NVIC_GetPendingIRQ                            ./Drivers/STM32L4xx_HAL_Driver/libstm32fw.a(stm32l4xx_hal_cortex.o)
HAL_NVIC_GetPriority                              ./Drivers/STM32L4xx_HAL_Driver/libstm32fw.a(stm32l4xx_hal_cortex.o)
HAL_NVIC_GetPriorityGrouping                      ./Drivers/STM32L4xx_HAL_Driver/libstm32fw.a(stm32l4xx_hal_cortex.o)
HAL_NVIC_SetPendingIRQ                            ./Drivers/STM32L4xx_HAL_Driver/libstm32fw.a(stm32l4xx_hal_cortex.o)
HAL_NVIC_SetPriority                              ./Drivers/STM32L4xx_HAL_Driver/libstm32fw.a(stm32l4xx_hal_cortex.o)
                                                  ./Drivers/STM32L4xx_HAL_Driver/libstm32fw.a(stm32l4xx_hal.o)
                                                  Src/stm32l4xx_hal_msp.o
                                                  Src/main.o
HAL_NVIC_SetPriorityGrouping                      ./Drivers/STM32L4xx_HAL_Driver/libstm32fw.a(stm32l4xx_hal_cortex.o)
                                                  ./Drivers/STM32L4xx_HAL_Driver/libstm32fw.a(stm32l4xx_hal.o)
                                                  Src/stm32l4xx_hal_msp.o
HAL_NVIC_SystemReset                              ./Drivers/STM32L4xx_HAL_Driver/libstm32fw.a(stm32l4xx_hal_cortex.o)
HAL_PWREx_ConfigPVM                               ./Drivers/STM32L4xx_HAL_Driver/libstm32fw.a(stm32l4xx_hal_pwr_ex.o)
HAL_PWREx_ControlVoltageScaling                   ./Drivers/STM32L4xx_HAL_Driver/libstm32fw.a(stm32l4xx_hal_pwr_ex.o)
                                                  Src/main.o
HAL_PWREx_DisableBatteryCharging                  ./Drivers/STM32L4xx_HAL_Driver/libstm32fw.a(stm32l4xx_hal_pwr_ex.o)
HAL_PWREx_DisableGPIOPullDown                     ./Drivers/STM32L4xx_HAL_Driver/libstm32fw.a(stm32l4xx_hal_pwr_ex.o)
HAL_PWREx_DisableGPIOPullUp                       ./Drivers/STM32L4xx_HAL_Driver/libstm32fw.a(stm32l4xx_hal_pwr_ex.o)
HAL_PWREx_DisableInternalWakeUpLine               ./Drivers/STM32L4xx_HAL_Driver/libstm32fw.a(stm32l4xx_hal_pwr_ex.o)
HAL_PWREx_DisableLowPowerRunMode                  ./Drivers/STM32L4xx_HAL_Driver/libstm32fw.a(stm32l4xx_hal_pwr_ex.o)
                                                  ./Drivers/STM32L4xx_HAL_Driver/libstm32fw.a(stm32l4xx_hal_pwr.o)
HAL_PWREx_DisablePVM1                             ./Drivers/STM32L4xx_HAL_Driver/libstm32fw.a(stm32l4xx_hal_pwr_ex.o)
HAL_PWREx_DisablePVM2                             ./Drivers/STM32L4xx_HAL_Driver/libstm32fw.a(stm32l4xx_hal_pwr_ex.o)
HAL_PWREx_DisablePVM3                             ./Drivers/STM32L4xx_HAL_Driver/libstm32fw.a(stm32l4xx_hal_pwr_ex.o)
HAL_PWREx_DisablePVM4                             ./Drivers/STM32L4xx_HAL_Driver/libstm32fw.a(stm32l4xx_hal_pwr_ex.o)
HAL_PWREx_DisablePullUpPullDownConfig             ./Drivers/STM32L4xx_HAL_Driver/libstm32fw.a(stm32l4xx_hal_pwr_ex.o)
HAL_PWREx_DisableSRAM2ContentRetention            ./Drivers/STM32L4xx_HAL_Driver/libstm32fw.a(stm32l4xx_hal_pwr_ex.o)
HAL_PWREx_DisableVddIO2                           ./Drivers/STM32L4xx_HAL_Driver/libstm32fw.a(stm32l4xx_hal_pwr_ex.o)
HAL_PWREx_DisableVddUSB                           ./Drivers/STM32L4xx_HAL_Driver/libstm32fw.a(stm32l4xx_hal_pwr_ex.o)
HAL_PWREx_EnableBatteryCharging                   ./Drivers/STM32L4xx_HAL_Driver/libstm32fw.a(stm32l4xx_hal_pwr_ex.o)
HAL_PWREx_EnableGPIOPullDown                      ./Drivers/STM32L4xx_HAL_Driver/libstm32fw.a(stm32l4xx_hal_pwr_ex.o)
HAL_PWREx_EnableGPIOPullUp                        ./Drivers/STM32L4xx_HAL_Driver/libstm32fw.a(stm32l4xx_hal_pwr_ex.o)
HAL_PWREx_EnableInternalWakeUpLine                ./Drivers/STM32L4xx_HAL_Driver/libstm32fw.a(stm32l4xx_hal_pwr_ex.o)
HAL_PWREx_EnableLowPowerRunMode                   ./Drivers/STM32L4xx_HAL_Driver/libstm32fw.a(stm32l4xx_hal_pwr_ex.o)
                                                  ./Drivers/STM32L4xx_HAL_Driver/libstm32fw.a(stm32l4xx_hal_pwr.o)
HAL_PWREx_EnablePVM1                              ./Drivers/STM32L4xx_HAL_Driver/libstm32fw.a(stm32l4xx_hal_pwr_ex.o)
HAL_PWREx_EnablePVM2                              ./Drivers/STM32L4xx_HAL_Driver/libstm32fw.a(stm32l4xx_hal_pwr_ex.o)
HAL_PWREx_EnablePVM3                              ./Drivers/STM32L4xx_HAL_Driver/libstm32fw.a(stm32l4xx_hal_pwr_ex.o)
HAL_PWREx_EnablePVM4                              ./Drivers/STM32L4xx_HAL_Driver/libstm32fw.a(stm32l4xx_hal_pwr_ex.o)
HAL_PWREx_EnablePullUpPullDownConfig              ./Drivers/STM32L4xx_HAL_Driver/libstm32fw.a(stm32l4xx_hal_pwr_ex.o)
HAL_PWREx_EnableSRAM2ContentRetention             ./Drivers/STM32L4xx_HAL_Driver/libstm32fw.a(stm32l4xx_hal_pwr_ex.o)
HAL_PWREx_EnableVddIO2                            ./Drivers/STM32L4xx_HAL_Driver/libstm32fw.a(stm32l4xx_hal_pwr_ex.o)
HAL_PWREx_EnableVddUSB                            ./Drivers/STM32L4xx_HAL_Driver/libstm32fw.a(stm32l4xx_hal_pwr_ex.o)
HAL_PWREx_EnterSHUTDOWNMode                       ./Drivers/STM32L4xx_HAL_Driver/libstm32fw.a(stm32l4xx_hal_pwr_ex.o)
HAL_PWREx_EnterSTOP1Mode                          ./Drivers/STM32L4xx_HAL_Driver/libstm32fw.a(stm32l4xx_hal_pwr_ex.o)
                                                  ./Drivers/STM32L4xx_HAL_Driver/libstm32fw.a(stm32l4xx_hal_pwr.o)
HAL_PWREx_EnterSTOP2Mode                          ./Drivers/STM32L4xx_HAL_Driver/libstm32fw.a(stm32l4xx_hal_pwr_ex.o)
HAL_PWREx_GetVoltageRange                         ./Drivers/STM32L4xx_HAL_Driver/libstm32fw.a(stm32l4xx_hal_pwr_ex.o)
                                                  ./Drivers/STM32L4xx_HAL_Driver/libstm32fw.a(stm32l4xx_hal_rcc.o)
HAL_PWREx_PVD_PVM_IRQHandler                      ./Drivers/STM32L4xx_HAL_Driver/libstm32fw.a(stm32l4xx_hal_pwr_ex.o)
HAL_PWREx_PVM1Callback                            ./Drivers/STM32L4xx_HAL_Driver/libstm32fw.a(stm32l4xx_hal_pwr_ex.o)
HAL_PWREx_PVM2Callback                            ./Drivers/STM32L4xx_HAL_Driver/libstm32fw.a(stm32l4xx_hal_pwr_ex.o)
HAL_PWREx_PVM3Callback                            ./Drivers/STM32L4xx_HAL_Driver/libstm32fw.a(stm32l4xx_hal_pwr_ex.o)
HAL_PWREx_PVM4Callback                            ./Drivers/STM32L4xx_HAL_Driver/libstm32fw.a(stm32l4xx_hal_pwr_ex.o)
HAL_PWR_ConfigPVD                                 ./Drivers/STM32L4xx_HAL_Driver/libstm32fw.a(stm32l4xx_hal_pwr.o)
HAL_PWR_DeInit                                    ./Drivers/STM32L4xx_HAL_Driver/libstm32fw.a(stm32l4xx_hal_pwr.o)
HAL_PWR_DisableBkUpAccess                         ./Drivers/STM32L4xx_HAL_Driver/libstm32fw.a(stm32l4xx_hal_pwr.o)
HAL_PWR_DisablePVD                                ./Drivers/STM32L4xx_HAL_Driver/libstm32fw.a(stm32l4xx_hal_pwr.o)
HAL_PWR_DisableSEVOnPend                          ./Drivers/STM32L4xx_HAL_Driver/libstm32fw.a(stm32l4xx_hal_pwr.o)
HAL_PWR_DisableSleepOnExit                        ./Drivers/STM32L4xx_HAL_Driver/libstm32fw.a(stm32l4xx_hal_pwr.o)
HAL_PWR_DisableWakeUpPin                          ./Drivers/STM32L4xx_HAL_Driver/libstm32fw.a(stm32l4xx_hal_pwr.o)
HAL_PWR_EnableBkUpAccess                          ./Drivers/STM32L4xx_HAL_Driver/libstm32fw.a(stm32l4xx_hal_pwr.o)
HAL_PWR_EnablePVD                                 ./Drivers/STM32L4xx_HAL_Driver/libstm32fw.a(stm32l4xx_hal_pwr.o)
HAL_PWR_EnableSEVOnPend                           ./Drivers/STM32L4xx_HAL_Driver/libstm32fw.a(stm32l4xx_hal_pwr.o)
HAL_PWR_EnableSleepOnExit                         ./Drivers/STM32L4xx_HAL_Driver/libstm32fw.a(stm32l4xx_hal_pwr.o)
HAL_PWR_EnableWakeUpPin                           ./Drivers/STM32L4xx_HAL_Driver/libstm32fw.a(stm32l4xx_hal_pwr.o)
HAL_PWR_EnterSLEEPMode                            ./Drivers/STM32L4xx_HAL_Driver/libstm32fw.a(stm32l4xx_hal_pwr.o)
HAL_PWR_EnterSTANDBYMode                          ./Drivers/STM32L4xx_HAL_Driver/libstm32fw.a(stm32l4xx_hal_pwr.o)
HAL_PWR_EnterSTOPMode                             ./Drivers/STM32L4xx_HAL_Driver/libstm32fw.a(stm32l4xx_hal_pwr.o)
HAL_PWR_PVDCallback                               ./Drivers/STM32L4xx_HAL_Driver/libstm32fw.a(stm32l4xx_hal_pwr.o)
                                                  ./Drivers/STM32L4xx_HAL_Driver/libstm32fw.a(stm32l4xx_hal_pwr_ex.o)
HAL_RCC_CSSCallback                               ./Drivers/STM32L4xx_HAL_Driver/libstm32fw.a(stm32l4xx_hal_rcc.o)
HAL_RCC_ClockConfig                               ./Drivers/STM32L4xx_HAL_Driver/libstm32fw.a(stm32l4xx_hal_rcc.o)
                                                  Src/main.o
HAL_RCC_DeInit                                    ./Drivers/STM32L4xx_HAL_Driver/libstm32fw.a(stm32l4xx_hal_rcc.o)
HAL_RCC_EnableCSS                                 ./Drivers/STM32L4xx_HAL_Driver/libstm32fw.a(stm32l4xx_hal_rcc.o)
HAL_RCC_GetClockConfig                            ./Drivers/STM32L4xx_HAL_Driver/libstm32fw.a(stm32l4xx_hal_rcc.o)
HAL_RCC_GetHCLKFreq                               ./Drivers/STM32L4xx_HAL_Driver/libstm32fw.a(stm32l4xx_hal_rcc.o)
                                                  ./Drivers/STM32L4xx_HAL_Driver/libstm32fw.a(stm32l4xx_hal.o)
                                                  Src/main.o
HAL_RCC_GetOscConfig                              ./Drivers/STM32L4xx_HAL_Driver/libstm32fw.a(stm32l4xx_hal_rcc.o)
HAL_RCC_GetPCLK1Freq                              ./Drivers/STM32L4xx_HAL_Driver/libstm32fw.a(stm32l4xx_hal_rcc.o)
HAL_RCC_GetPCLK2Freq                              ./Drivers/STM32L4xx_HAL_Driver/libstm32fw.a(stm32l4xx_hal_rcc.o)
HAL_RCC_GetSysClockFreq                           ./Drivers/STM32L4xx_HAL_Driver/libstm32fw.a(stm32l4xx_hal_rcc.o)
HAL_RCC_MCOConfig                                 ./Drivers/STM32L4xx_HAL_Driver/libstm32fw.a(stm32l4xx_hal_rcc.o)
HAL_RCC_NMI_IRQHandler                            ./Drivers/STM32L4xx_HAL_Driver/libstm32fw.a(stm32l4xx_hal_rcc.o)
HAL_RCC_OscConfig                                 ./Drivers/STM32L4xx_HAL_Driver/libstm32fw.a(stm32l4xx_hal_rcc.o)
                                                  Src/main.o
HAL_ResumeTick                                    ./Drivers/STM32L4xx_HAL_Driver/libstm32fw.a(stm32l4xx_hal.o)
HAL_SYSCFG_DisableMemorySwappingBank              ./Drivers/STM32L4xx_HAL_Driver/libstm32fw.a(stm32l4xx_hal.o)
HAL_SYSCFG_DisableVREFBUF                         ./Drivers/STM32L4xx_HAL_Driver/libstm32fw.a(stm32l4xx_hal.o)
HAL_SYSCFG_EnableMemorySwappingBank               ./Drivers/STM32L4xx_HAL_Driver/libstm32fw.a(stm32l4xx_hal.o)
HAL_SYSCFG_EnableVREFBUF                          ./Drivers/STM32L4xx_HAL_Driver/libstm32fw.a(stm32l4xx_hal.o)
HAL_SYSCFG_SRAM2Erase                             ./Drivers/STM32L4xx_HAL_Driver/libstm32fw.a(stm32l4xx_hal.o)
HAL_SYSCFG_VREFBUF_HighImpedanceConfig            ./Drivers/STM32L4xx_HAL_Driver/libstm32fw.a(stm32l4xx_hal.o)
HAL_SYSCFG_VREFBUF_TrimmingConfig                 ./Drivers/STM32L4xx_HAL_Driver/libstm32fw.a(stm32l4xx_hal.o)
HAL_SYSCFG_VREFBUF_VoltageScalingConfig           ./Drivers/STM32L4xx_HAL_Driver/libstm32fw.a(stm32l4xx_hal.o)
HAL_SYSTICK_CLKSourceConfig                       ./Drivers/STM32L4xx_HAL_Driver/libstm32fw.a(stm32l4xx_hal_cortex.o)
                                                  Src/main.o
HAL_SYSTICK_Callback                              ./Drivers/STM32L4xx_HAL_Driver/libstm32fw.a(stm32l4xx_hal_cortex.o)
HAL_SYSTICK_Config                                ./Drivers/STM32L4xx_HAL_Driver/libstm32fw.a(stm32l4xx_hal_cortex.o)
                                                  ./Drivers/STM32L4xx_HAL_Driver/libstm32fw.a(stm32l4xx_hal.o)
                                                  Src/main.o
HAL_SYSTICK_IRQHandler                            ./Drivers/STM32L4xx_HAL_Driver/libstm32fw.a(stm32l4xx_hal_cortex.o)
                                                  Src/stm32l4xx_it.o
HAL_SuspendTick                                   ./Drivers/STM32L4xx_HAL_Driver/libstm32fw.a(stm32l4xx_hal.o)
HardFault_Handler                                 Drivers/CMSIS/Device/ST/STM32L4xx/Source/Templates/gcc/startup_stm32l476xx.o
I2C1_ER_IRQHandler                                Drivers/CMSIS/Device/ST/STM32L4xx/Source/Templates/gcc/startup_stm32l476xx.o
I2C1_EV_IRQHandler                                Drivers/CMSIS/Device/ST/STM32L4xx/Source/Templates/gcc/startup_stm32l476xx.o
I2C2_ER_IRQHandler                                Drivers/CMSIS/Device/ST/STM32L4xx/Source/Templates/gcc/startup_stm32l476xx.o
I2C2_EV_IRQHandler                                Drivers/CMSIS/Device/ST/STM32L4xx/Source/Templates/gcc/startup_stm32l476xx.o
I2C3_ER_IRQHandler                                Drivers/CMSIS/Device/ST/STM32L4xx/Source/Templates/gcc/startup_stm32l476xx.o
I2C3_EV_IRQHandler                                Drivers/CMSIS/Device/ST/STM32L4xx/Source/Templates/gcc/startup_stm32l476xx.o
LCD_IRQHandler                                    Drivers/CMSIS/Device/ST/STM32L4xx/Source/Templates/gcc/startup_stm32l476xx.o
LPTIM1_IRQHandler                                 Drivers/CMSIS/Device/ST/STM32L4xx/Source/Templates/gcc/startup_stm32l476xx.o
LPTIM2_IRQHandler                                 Drivers/CMSIS/Device/ST/STM32L4xx/Source/Templates/gcc/startup_stm32l476xx.o
LPUART1_IRQHandler                                Drivers/CMSIS/Device/ST/STM32L4xx/Source/Templates/gcc/startup_stm32l476xx.o
MSIRangeTable                                     Drivers/CMSIS/Device/ST/STM32L4xx/Source/Templates/system_stm32l4xx.o
                                                  ./Drivers/STM32L4xx_HAL_Driver/libstm32fw.a(stm32l4xx_hal_rcc.o)
MemManage_Handler                                 Drivers/CMSIS/Device/ST/STM32L4xx/Source/Templates/gcc/startup_stm32l476xx.o
NMI_Handler                                       Drivers/CMSIS/Device/ST/STM32L4xx/Source/Templates/gcc/startup_stm32l476xx.o
OTG_FS_IRQHandler                                 Drivers/CMSIS/Device/ST/STM32L4xx/Source/Templates/gcc/startup_stm32l476xx.o
PVD_PVM_IRQHandler                                Drivers/CMSIS/Device/ST/STM32L4xx/Source/Templates/gcc/startup_stm32l476xx.o
PendSV_Handler                                    Drivers/CMSIS/Device/ST/STM32L4xx/Source/Templates/gcc/startup_stm32l476xx.o
QUADSPI_IRQHandler                                Drivers/CMSIS/Device/ST/STM32L4xx/Source/Templates/gcc/startup_stm32l476xx.o
RCC_IRQHandler                                    Drivers/CMSIS/Device/ST/STM32L4xx/Source/Templates/gcc/startup_stm32l476xx.o
RNG_IRQHandler                                    Drivers/CMSIS/Device/ST/STM32L4xx/Source/Templates/gcc/startup_stm32l476xx.o
RTC_Alarm_IRQHandler                              Drivers/CMSIS/Device/ST/STM32L4xx/Source/Templates/gcc/startup_stm32l476xx.o
RTC_WKUP_IRQHandler                               Drivers/CMSIS/Device/ST/STM32L4xx/Source/Templates/gcc/startup_stm32l476xx.o
Reset_Handler                                     Drivers/CMSIS/Device/ST/STM32L4xx/Source/Templates/gcc/startup_stm32l476xx.o
SAI1_IRQHandler                                   Drivers/CMSIS/Device/ST/STM32L4xx/Source/Templates/gcc/startup_stm32l476xx.o
SAI2_IRQHandler                                   Drivers/CMSIS/Device/ST/STM32L4xx/Source/Templates/gcc/startup_stm32l476xx.o
SDMMC1_IRQHandler                                 Drivers/CMSIS/Device/ST/STM32L4xx/Source/Templates/gcc/startup_stm32l476xx.o
SPI1_IRQHandler                                   Drivers/CMSIS/Device/ST/STM32L4xx/Source/Templates/gcc/startup_stm32l476xx.o
SPI2_IRQHandler                                   Drivers/CMSIS/Device/ST/STM32L4xx/Source/Templates/gcc/startup_stm32l476xx.o
SPI3_IRQHandler                                   Drivers/CMSIS/Device/ST/STM32L4xx/Source/Templates/gcc/startup_stm32l476xx.o
SVC_Handler                                       Drivers/CMSIS/Device/ST/STM32L4xx/Source/Templates/gcc/startup_stm32l476xx.o
SWPMI1_IRQHandler                                 Drivers/CMSIS/Device/ST/STM32L4xx/Source/Templates/gcc/startup_stm32l476xx.o
SysTick_Handler                                   Src/stm32l4xx_it.o
                                                  Drivers/CMSIS/Device/ST/STM32L4xx/Source/Templates/gcc/startup_stm32l476xx.o
SystemClock_Config                                Src/main.o
SystemCoreClock                                   Drivers/CMSIS/Device/ST/STM32L4xx/Source/Templates/system_stm32l4xx.o
                                                  ./Drivers/STM32L4xx_HAL_Driver/libstm32fw.a(stm32l4xx_hal_rcc.o)
                                                  ./Drivers/STM32L4xx_HAL_Driver/libstm32fw.a(stm32l4xx_hal_pwr_ex.o)
SystemCoreClockUpdate                             Drivers/CMSIS/Device/ST/STM32L4xx/Source/Templates/system_stm32l4xx.o
SystemInit                                        Drivers/CMSIS/Device/ST/STM32L4xx/Source/Templates/system_stm32l4xx.o
                                                  Drivers/CMSIS/Device/ST/STM32L4xx/Source/Templates/gcc/startup_stm32l476xx.o
TAMP_STAMP_IRQHandler                             Drivers/CMSIS/Device/ST/STM32L4xx/Source/Templates/gcc/startup_stm32l476xx.o
TIM1_BRK_TIM15_IRQHandler                         Drivers/CMSIS/Device/ST/STM32L4xx/Source/Templates/gcc/startup_stm32l476xx.o
TIM1_CC_IRQHandler                                Drivers/CMSIS/Device/ST/STM32L4xx/Source/Templates/gcc/startup_stm32l476xx.o
TIM1_TRG_COM_TIM17_IRQHandler                     Drivers/CMSIS/Device/ST/STM32L4xx/Source/Templates/gcc/startup_stm32l476xx.o
TIM1_UP_TIM16_IRQHandler                          Drivers/CMSIS/Device/ST/STM32L4xx/Source/Templates/gcc/startup_stm32l476xx.o
TIM2_IRQHandler                                   Drivers/CMSIS/Device/ST/STM32L4xx/Source/Templates/gcc/startup_stm32l476xx.o
TIM3_IRQHandler                                   Drivers/CMSIS/Device/ST/STM32L4xx/Source/Templates/gcc/startup_stm32l476xx.o
TIM4_IRQHandler                                   Drivers/CMSIS/Device/ST/STM32L4xx/Source/Templates/gcc/startup_stm32l476xx.o
TIM5_IRQHandler                                   Drivers/CMSIS/Device/ST/STM32L4xx/Source/Templates/gcc/startup_stm32l476xx.o
TIM6_DAC_IRQHandler                               Drivers/CMSIS/Device/ST/STM32L4xx/Source/Templates/gcc/startup_stm32l476xx.o
TIM7_IRQHandler                                   Drivers/CMSIS/Device/ST/STM32L4xx/Source/Templates/gcc/startup_stm32l476xx.o
TIM8_BRK_IRQHandler                               Drivers/CMSIS/Device/ST/STM32L4xx/Source/Templates/gcc/startup_stm32l476xx.o
TIM8_CC_IRQHandler                                Drivers/CMSIS/Device/ST/STM32L4xx/Source/Templates/gcc/startup_stm32l476xx.o
TIM8_TRG_COM_IRQHandler                           Drivers/CMSIS/Device/ST/STM32L4xx/Source/Templates/gcc/startup_stm32l476xx.o
TIM8_UP_IRQHandler                                Drivers/CMSIS/Device/ST/STM32L4xx/Source/Templates/gcc/startup_stm32l476xx.o
TSC_IRQHandler                                    Drivers/CMSIS/Device/ST/STM32L4xx/Source/Templates/gcc/startup_stm32l476xx.o
UART4_IRQHandler                                  Drivers/CMSIS/Device/ST/STM32L4xx/Source/Templates/gcc/startup_stm32l476xx.o
UART5_IRQHandler                                  Drivers/CMSIS/Device/ST/STM32L4xx/Source/Templates/gcc/startup_stm32l476xx.o
USART1_IRQHandler                                 Drivers/CMSIS/Device/ST/STM32L4xx/Source/Templates/gcc/startup_stm32l476xx.o
USART2_IRQHandler                                 Drivers/CMSIS/Device/ST/STM32L4xx/Source/Templates/gcc/startup_stm32l476xx.o
USART3_IRQHandler                                 Drivers/CMSIS/Device/ST/STM32L4xx/Source/Templates/gcc/startup_stm32l476xx.o
UsageFault_Handler                                Drivers/CMSIS/Device/ST/STM32L4xx/Source/Templates/gcc/startup_stm32l476xx.o
WWDG_IRQHandler                                   Drivers/CMSIS/Device/ST/STM32L4xx/Source/Templates/gcc/startup_stm32l476xx.o
_Jv_RegisterClasses                               /opt/gcc-arm-none-eabi-4_9-2015q3/bin/../lib/gcc/arm-none-eabi/4.9.3/crtbegin.o
__bss_end__                                       /opt/gcc-arm-none-eabi-4_9-2015q3/bin/../lib/gcc/arm-none-eabi/4.9.3/../../../../arm-none-eabi/lib/crt0.o
__bss_start__                                     /opt/gcc-arm-none-eabi-4_9-2015q3/bin/../lib/gcc/arm-none-eabi/4.9.3/../../../../arm-none-eabi/lib/crt0.o
__call_exitprocs                                  /opt/gcc-arm-none-eabi-4_9-2015q3/bin/../lib/gcc/arm-none-eabi/4.9.3/../../../../arm-none-eabi/lib/libc_nano.a(lib_a-exit.o)
__deregister_frame_info                           /opt/gcc-arm-none-eabi-4_9-2015q3/bin/../lib/gcc/arm-none-eabi/4.9.3/crtbegin.o
__dso_handle                                      /opt/gcc-arm-none-eabi-4_9-2015q3/bin/../lib/gcc/arm-none-eabi/4.9.3/crtbegin.o
__init_array_end                                  /opt/gcc-arm-none-eabi-4_9-2015q3/bin/../lib/gcc/arm-none-eabi/4.9.3/../../../../arm-none-eabi/lib/libc_nano.a(lib_a-init.o)
__init_array_start                                /opt/gcc-arm-none-eabi-4_9-2015q3/bin/../lib/gcc/arm-none-eabi/4.9.3/../../../../arm-none-eabi/lib/libc_nano.a(lib_a-init.o)
__libc_fini_array                                 /opt/gcc-arm-none-eabi-4_9-2015q3/bin/../lib/gcc/arm-none-eabi/4.9.3/../../../../arm-none-eabi/lib/crt0.o
__libc_init_array                                 /opt/gcc-arm-none-eabi-4_9-2015q3/bin/../lib/gcc/arm-none-eabi/4.9.3/../../../../arm-none-eabi/lib/libc_nano.a(lib_a-init.o)
                                                  Drivers/CMSIS/Device/ST/STM32L4xx/Source/Templates/gcc/startup_stm32l476xx.o
                                                  /opt/gcc-arm-none-eabi-4_9-2015q3/bin/../lib/gcc/arm-none-eabi/4.9.3/../../../../arm-none-eabi/lib/crt0.o
__preinit_array_end                               /opt/gcc-arm-none-eabi-4_9-2015q3/bin/../lib/gcc/arm-none-eabi/4.9.3/../../../../arm-none-eabi/lib/libc_nano.a(lib_a-init.o)
__preinit_array_start                             /opt/gcc-arm-none-eabi-4_9-2015q3/bin/../lib/gcc/arm-none-eabi/4.9.3/../../../../arm-none-eabi/lib/libc_nano.a(lib_a-init.o)
__register_frame_info                             /opt/gcc-arm-none-eabi-4_9-2015q3/bin/../lib/gcc/arm-none-eabi/4.9.3/crtbegin.o
__sf_fake_stderr                                  /opt/gcc-arm-none-eabi-4_9-2015q3/bin/../lib/gcc/arm-none-eabi/4.9.3/../../../../arm-none-eabi/lib/libc_nano.a(lib_a-impure.o)
__sf_fake_stdin                                   /opt/gcc-arm-none-eabi-4_9-2015q3/bin/../lib/gcc/arm-none-eabi/4.9.3/../../../../arm-none-eabi/lib/libc_nano.a(lib_a-impure.o)
__sf_fake_stdout                                  /opt/gcc-arm-none-eabi-4_9-2015q3/bin/../lib/gcc/arm-none-eabi/4.9.3/../../../../arm-none-eabi/lib/libc_nano.a(lib_a-impure.o)
__stack                                           /opt/gcc-arm-none-eabi-4_9-2015q3/bin/../lib/gcc/arm-none-eabi/4.9.3/../../../../arm-none-eabi/lib/crt0.o
_ebss                                             Drivers/CMSIS/Device/ST/STM32L4xx/Source/Templates/gcc/startup_stm32l476xx.o
_edata                                            Drivers/CMSIS/Device/ST/STM32L4xx/Source/Templates/gcc/startup_stm32l476xx.o
_estack                                           Drivers/CMSIS/Device/ST/STM32L4xx/Source/Templates/gcc/startup_stm32l476xx.o
_exit                                             /opt/gcc-arm-none-eabi-4_9-2015q3/bin/../lib/gcc/arm-none-eabi/4.9.3/../../../../arm-none-eabi/lib/libc_nano.a(lib_a-exit.o)
_fini                                             /opt/gcc-arm-none-eabi-4_9-2015q3/bin/../lib/gcc/arm-none-eabi/4.9.3/crti.o
_global_impure_ptr                                /opt/gcc-arm-none-eabi-4_9-2015q3/bin/../lib/gcc/arm-none-eabi/4.9.3/../../../../arm-none-eabi/lib/libc_nano.a(lib_a-impure.o)
                                                  /opt/gcc-arm-none-eabi-4_9-2015q3/bin/../lib/gcc/arm-none-eabi/4.9.3/../../../../arm-none-eabi/lib/libc_nano.a(lib_a-exit.o)
_impure_ptr                                       /opt/gcc-arm-none-eabi-4_9-2015q3/bin/../lib/gcc/arm-none-eabi/4.9.3/../../../../arm-none-eabi/lib/libc_nano.a(lib_a-impure.o)
_init                                             /opt/gcc-arm-none-eabi-4_9-2015q3/bin/../lib/gcc/arm-none-eabi/4.9.3/crti.o
                                                  /opt/gcc-arm-none-eabi-4_9-2015q3/bin/../lib/gcc/arm-none-eabi/4.9.3/../../../../arm-none-eabi/lib/libc_nano.a(lib_a-init.o)
_mainCRTStartup                                   /opt/gcc-arm-none-eabi-4_9-2015q3/bin/../lib/gcc/arm-none-eabi/4.9.3/../../../../arm-none-eabi/lib/crt0.o
_sbss                                             Drivers/CMSIS/Device/ST/STM32L4xx/Source/Templates/gcc/startup_stm32l476xx.o
_sdata                                            Drivers/CMSIS/Device/ST/STM32L4xx/Source/Templates/gcc/startup_stm32l476xx.o
_sidata                                           Drivers/CMSIS/Device/ST/STM32L4xx/Source/Templates/gcc/startup_stm32l476xx.o
_start                                            /opt/gcc-arm-none-eabi-4_9-2015q3/bin/../lib/gcc/arm-none-eabi/4.9.3/../../../../arm-none-eabi/lib/crt0.o
atexit                                            /opt/gcc-arm-none-eabi-4_9-2015q3/bin/../lib/gcc/arm-none-eabi/4.9.3/../../../../arm-none-eabi/lib/crt0.o
exit                                              /opt/gcc-arm-none-eabi-4_9-2015q3/bin/../lib/gcc/arm-none-eabi/4.9.3/../../../../arm-none-eabi/lib/libc_nano.a(lib_a-exit.o)
                                                  /opt/gcc-arm-none-eabi-4_9-2015q3/bin/../lib/gcc/arm-none-eabi/4.9.3/../../../../arm-none-eabi/lib/crt0.o
g_pfnVectors                                      Drivers/CMSIS/Device/ST/STM32L4xx/Source/Templates/gcc/startup_stm32l476xx.o
hardware_init_hook                                /opt/gcc-arm-none-eabi-4_9-2015q3/bin/../lib/gcc/arm-none-eabi/4.9.3/../../../../arm-none-eabi/lib/crt0.o
main                                              Src/main.o
                                                  Drivers/CMSIS/Device/ST/STM32L4xx/Source/Templates/gcc/startup_stm32l476xx.o
                                                  /opt/gcc-arm-none-eabi-4_9-2015q3/bin/../lib/gcc/arm-none-eabi/4.9.3/../../../../arm-none-eabi/lib/crt0.o
memset                                            /opt/gcc-arm-none-eabi-4_9-2015q3/bin/../lib/gcc/arm-none-eabi/4.9.3/../../../../arm-none-eabi/lib/libc_nano.a(lib_a-memset.o)
                                                  /opt/gcc-arm-none-eabi-4_9-2015q3/bin/../lib/gcc/arm-none-eabi/4.9.3/../../../../arm-none-eabi/lib/crt0.o
software_init_hook                                /opt/gcc-arm-none-eabi-4_9-2015q3/bin/../lib/gcc/arm-none-eabi/4.9.3/../../../../arm-none-eabi/lib/crt0.o
