Archive member included because of file (symbol)

/opt/gcc-arm-none-eabi-4_9-2015q3/bin/../lib/gcc/arm-none-eabi/4.9.3/../../../../arm-none-eabi/lib/armv7e-m/softfp/libc_nano.a(lib_a-exit.o)
                              /opt/gcc-arm-none-eabi-4_9-2015q3/bin/../lib/gcc/arm-none-eabi/4.9.3/../../../../arm-none-eabi/lib/armv7e-m/softfp/crt0.o (exit)
/opt/gcc-arm-none-eabi-4_9-2015q3/bin/../lib/gcc/arm-none-eabi/4.9.3/../../../../arm-none-eabi/lib/armv7e-m/softfp/libc_nano.a(lib_a-impure.o)
                              /opt/gcc-arm-none-eabi-4_9-2015q3/bin/../lib/gcc/arm-none-eabi/4.9.3/../../../../arm-none-eabi/lib/armv7e-m/softfp/libc_nano.a(lib_a-exit.o) (_global_impure_ptr)
/opt/gcc-arm-none-eabi-4_9-2015q3/bin/../lib/gcc/arm-none-eabi/4.9.3/../../../../arm-none-eabi/lib/armv7e-m/softfp/libc_nano.a(lib_a-init.o)
                              /opt/gcc-arm-none-eabi-4_9-2015q3/bin/../lib/gcc/arm-none-eabi/4.9.3/../../../../arm-none-eabi/lib/armv7e-m/softfp/crt0.o (__libc_init_array)
/opt/gcc-arm-none-eabi-4_9-2015q3/bin/../lib/gcc/arm-none-eabi/4.9.3/../../../../arm-none-eabi/lib/armv7e-m/softfp/libc_nano.a(lib_a-memset.o)
                              /opt/gcc-arm-none-eabi-4_9-2015q3/bin/../lib/gcc/arm-none-eabi/4.9.3/../../../../arm-none-eabi/lib/armv7e-m/softfp/crt0.o (memset)
/opt/gcc-arm-none-eabi-4_9-2015q3/bin/../lib/gcc/arm-none-eabi/4.9.3/../../../../arm-none-eabi/lib/armv7e-m/softfp/libnosys.a(_exit.o)
                              /opt/gcc-arm-none-eabi-4_9-2015q3/bin/../lib/gcc/arm-none-eabi/4.9.3/../../../../arm-none-eabi/lib/armv7e-m/softfp/libc_nano.a(lib_a-exit.o) (_exit)

Allocating common symbols
Common symbol       size              file

pFlash              0x1c              build/stm32l4xx_hal_flash.o

Discarded input sections

 .text          0x00000000        0x0 /opt/gcc-arm-none-eabi-4_9-2015q3/bin/../lib/gcc/arm-none-eabi/4.9.3/armv7e-m/softfp/crti.o
 .data          0x00000000        0x0 /opt/gcc-arm-none-eabi-4_9-2015q3/bin/../lib/gcc/arm-none-eabi/4.9.3/armv7e-m/softfp/crti.o
 .bss           0x00000000        0x0 /opt/gcc-arm-none-eabi-4_9-2015q3/bin/../lib/gcc/arm-none-eabi/4.9.3/armv7e-m/softfp/crti.o
 .data          0x00000000        0x4 /opt/gcc-arm-none-eabi-4_9-2015q3/bin/../lib/gcc/arm-none-eabi/4.9.3/armv7e-m/softfp/crtbegin.o
 .text          0x00000000       0x74 /opt/gcc-arm-none-eabi-4_9-2015q3/bin/../lib/gcc/arm-none-eabi/4.9.3/../../../../arm-none-eabi/lib/armv7e-m/softfp/crt0.o
 .data          0x00000000        0x0 /opt/gcc-arm-none-eabi-4_9-2015q3/bin/../lib/gcc/arm-none-eabi/4.9.3/../../../../arm-none-eabi/lib/armv7e-m/softfp/crt0.o
 .bss           0x00000000        0x0 /opt/gcc-arm-none-eabi-4_9-2015q3/bin/../lib/gcc/arm-none-eabi/4.9.3/../../../../arm-none-eabi/lib/armv7e-m/softfp/crt0.o
 .ARM.extab     0x00000000        0x0 /opt/gcc-arm-none-eabi-4_9-2015q3/bin/../lib/gcc/arm-none-eabi/4.9.3/../../../../arm-none-eabi/lib/armv7e-m/softfp/crt0.o
 .ARM.exidx     0x00000000        0x8 /opt/gcc-arm-none-eabi-4_9-2015q3/bin/../lib/gcc/arm-none-eabi/4.9.3/../../../../arm-none-eabi/lib/armv7e-m/softfp/crt0.o
 .ARM.attributes
                0x00000000       0x20 /opt/gcc-arm-none-eabi-4_9-2015q3/bin/../lib/gcc/arm-none-eabi/4.9.3/../../../../arm-none-eabi/lib/armv7e-m/softfp/crt0.o
 .text          0x00000000        0x0 build/system_stm32l4xx.o
 .data          0x00000000        0x0 build/system_stm32l4xx.o
 .bss           0x00000000        0x0 build/system_stm32l4xx.o
 .text.SystemCoreClockUpdate
                0x00000000      0x170 build/system_stm32l4xx.o
 .text          0x00000000        0x0 build/stm32l4xx_hal.o
 .data          0x00000000        0x0 build/stm32l4xx_hal.o
 .bss           0x00000000        0x0 build/stm32l4xx_hal.o
 .text.HAL_DeInit
                0x00000000       0x58 build/stm32l4xx_hal.o
 .text.HAL_MspInit
                0x00000000        0xc build/stm32l4xx_hal.o
 .text.HAL_MspDeInit
                0x00000000        0xc build/stm32l4xx_hal.o
 .text.HAL_SuspendTick
                0x00000000       0x1c build/stm32l4xx_hal.o
 .text.HAL_ResumeTick
                0x00000000       0x1c build/stm32l4xx_hal.o
 .text.HAL_GetHalVersion
                0x00000000       0x14 build/stm32l4xx_hal.o
 .text.HAL_GetREVID
                0x00000000       0x18 build/stm32l4xx_hal.o
 .text.HAL_GetDEVID
                0x00000000       0x1c build/stm32l4xx_hal.o
 .text.HAL_DBGMCU_EnableDBGSleepMode
                0x00000000       0x1c build/stm32l4xx_hal.o
 .text.HAL_DBGMCU_DisableDBGSleepMode
                0x00000000       0x1c build/stm32l4xx_hal.o
 .text.HAL_DBGMCU_EnableDBGStopMode
                0x00000000       0x1c build/stm32l4xx_hal.o
 .text.HAL_DBGMCU_DisableDBGStopMode
                0x00000000       0x1c build/stm32l4xx_hal.o
 .text.HAL_DBGMCU_EnableDBGStandbyMode
                0x00000000       0x1c build/stm32l4xx_hal.o
 .text.HAL_DBGMCU_DisableDBGStandbyMode
                0x00000000       0x1c build/stm32l4xx_hal.o
 .text.HAL_SYSCFG_SRAM2Erase
                0x00000000       0x28 build/stm32l4xx_hal.o
 .text.HAL_SYSCFG_EnableMemorySwappingBank
                0x00000000       0x18 build/stm32l4xx_hal.o
 .text.HAL_SYSCFG_DisableMemorySwappingBank
                0x00000000       0x18 build/stm32l4xx_hal.o
 .text.HAL_SYSCFG_VREFBUF_VoltageScalingConfig
                0x00000000       0x28 build/stm32l4xx_hal.o
 .text.HAL_SYSCFG_VREFBUF_HighImpedanceConfig
                0x00000000       0x28 build/stm32l4xx_hal.o
 .text.HAL_SYSCFG_VREFBUF_TrimmingConfig
                0x00000000       0x28 build/stm32l4xx_hal.o
 .text.HAL_SYSCFG_EnableVREFBUF
                0x00000000       0x4c build/stm32l4xx_hal.o
 .text.HAL_SYSCFG_DisableVREFBUF
                0x00000000       0x1c build/stm32l4xx_hal.o
 .text          0x00000000        0x0 build/stm32l4xx_hal_cortex.o
 .data          0x00000000        0x0 build/stm32l4xx_hal_cortex.o
 .bss           0x00000000        0x0 build/stm32l4xx_hal_cortex.o
 .text.NVIC_EnableIRQ
                0x00000000       0x30 build/stm32l4xx_hal_cortex.o
 .text.NVIC_DisableIRQ
                0x00000000       0x34 build/stm32l4xx_hal_cortex.o
 .text.NVIC_GetPendingIRQ
                0x00000000       0x38 build/stm32l4xx_hal_cortex.o
 .text.NVIC_SetPendingIRQ
                0x00000000       0x34 build/stm32l4xx_hal_cortex.o
 .text.NVIC_ClearPendingIRQ
                0x00000000       0x34 build/stm32l4xx_hal_cortex.o
 .text.NVIC_GetActive
                0x00000000       0x38 build/stm32l4xx_hal_cortex.o
 .text.NVIC_GetPriority
                0x00000000       0x50 build/stm32l4xx_hal_cortex.o
 .text.NVIC_DecodePriority
                0x00000000       0x68 build/stm32l4xx_hal_cortex.o
 .text.NVIC_SystemReset
                0x00000000       0x28 build/stm32l4xx_hal_cortex.o
 .text.HAL_NVIC_EnableIRQ
                0x00000000       0x1c build/stm32l4xx_hal_cortex.o
 .text.HAL_NVIC_DisableIRQ
                0x00000000       0x1c build/stm32l4xx_hal_cortex.o
 .text.HAL_NVIC_SystemReset
                0x00000000        0xc build/stm32l4xx_hal_cortex.o
 .text.HAL_NVIC_GetPriorityGrouping
                0x00000000       0x10 build/stm32l4xx_hal_cortex.o
 .text.HAL_NVIC_GetPriority
                0x00000000       0x30 build/stm32l4xx_hal_cortex.o
 .text.HAL_NVIC_SetPendingIRQ
                0x00000000       0x1c build/stm32l4xx_hal_cortex.o
 .text.HAL_NVIC_GetPendingIRQ
                0x00000000       0x20 build/stm32l4xx_hal_cortex.o
 .text.HAL_NVIC_ClearPendingIRQ
                0x00000000       0x1c build/stm32l4xx_hal_cortex.o
 .text.HAL_NVIC_GetActive
                0x00000000       0x20 build/stm32l4xx_hal_cortex.o
 .text.HAL_SYSTICK_CLKSourceConfig
                0x00000000       0x38 build/stm32l4xx_hal_cortex.o
 .text.HAL_SYSTICK_IRQHandler
                0x00000000        0xc build/stm32l4xx_hal_cortex.o
 .text.HAL_SYSTICK_Callback
                0x00000000        0xc build/stm32l4xx_hal_cortex.o
 .text.HAL_MPU_ConfigRegion
                0x00000000       0x84 build/stm32l4xx_hal_cortex.o
 .text          0x00000000        0x0 build/stm32l4xx_hal_dma.o
 .data          0x00000000        0x0 build/stm32l4xx_hal_dma.o
 .bss           0x00000000        0x0 build/stm32l4xx_hal_dma.o
 .debug_info    0x00000000       0x9b build/stm32l4xx_hal_dma.o
 .debug_abbrev  0x00000000       0x4b build/stm32l4xx_hal_dma.o
 .debug_aranges
                0x00000000       0x18 build/stm32l4xx_hal_dma.o
 .debug_line    0x00000000       0xde build/stm32l4xx_hal_dma.o
 .debug_str     0x00000000      0x1c4 build/stm32l4xx_hal_dma.o
 .comment       0x00000000       0x71 build/stm32l4xx_hal_dma.o
 .ARM.attributes
                0x00000000       0x37 build/stm32l4xx_hal_dma.o
 .text          0x00000000        0x0 build/stm32l4xx_hal_flash.o
 .data          0x00000000        0x0 build/stm32l4xx_hal_flash.o
 .bss           0x00000000        0x0 build/stm32l4xx_hal_flash.o
 .text.HAL_FLASH_Program
                0x00000000       0xb0 build/stm32l4xx_hal_flash.o
 .text.HAL_FLASH_Program_IT
                0x00000000       0x8c build/stm32l4xx_hal_flash.o
 .text.HAL_FLASH_IRQHandler
                0x00000000      0x1e8 build/stm32l4xx_hal_flash.o
 .text.HAL_FLASH_EndOfOperationCallback
                0x00000000       0x14 build/stm32l4xx_hal_flash.o
 .text.HAL_FLASH_OperationErrorCallback
                0x00000000       0x14 build/stm32l4xx_hal_flash.o
 .text.HAL_FLASH_Unlock
                0x00000000       0x34 build/stm32l4xx_hal_flash.o
 .text.HAL_FLASH_Lock
                0x00000000       0x20 build/stm32l4xx_hal_flash.o
 .text.HAL_FLASH_OB_Unlock
                0x00000000       0x38 build/stm32l4xx_hal_flash.o
 .text.HAL_FLASH_OB_Lock
                0x00000000       0x20 build/stm32l4xx_hal_flash.o
 .text.HAL_FLASH_OB_Launch
                0x00000000       0x24 build/stm32l4xx_hal_flash.o
 .text.HAL_FLASH_GetError
                0x00000000       0x18 build/stm32l4xx_hal_flash.o
 .text.FLASH_WaitForLastOperation
                0x00000000       0xe4 build/stm32l4xx_hal_flash.o
 .text.FLASH_SetErrorCode
                0x00000000      0x12c build/stm32l4xx_hal_flash.o
 .text.FLASH_Program_DoubleWord
                0x00000000       0x3c build/stm32l4xx_hal_flash.o
 .text.FLASH_Program_Fast
                0x00000000       0x58 build/stm32l4xx_hal_flash.o
 .debug_info    0x00000000      0x651 build/stm32l4xx_hal_flash.o
 .debug_abbrev  0x00000000      0x218 build/stm32l4xx_hal_flash.o
 .debug_loc     0x00000000      0x474 build/stm32l4xx_hal_flash.o
 .debug_aranges
                0x00000000       0x90 build/stm32l4xx_hal_flash.o
 .debug_ranges  0x00000000       0x80 build/stm32l4xx_hal_flash.o
 .debug_line    0x00000000      0x444 build/stm32l4xx_hal_flash.o
 .debug_str     0x00000000      0x590 build/stm32l4xx_hal_flash.o
 .comment       0x00000000       0x71 build/stm32l4xx_hal_flash.o
 .debug_frame   0x00000000      0x250 build/stm32l4xx_hal_flash.o
 .ARM.attributes
                0x00000000       0x37 build/stm32l4xx_hal_flash.o
 COMMON         0x00000000       0x1c build/stm32l4xx_hal_flash.o
 .text          0x00000000        0x0 build/stm32l4xx_hal_flash_ex.o
 .data          0x00000000        0x0 build/stm32l4xx_hal_flash_ex.o
 .bss           0x00000000        0x0 build/stm32l4xx_hal_flash_ex.o
 .text.HAL_FLASHEx_Erase
                0x00000000       0xe4 build/stm32l4xx_hal_flash_ex.o
 .text.HAL_FLASHEx_Erase_IT
                0x00000000       0x8c build/stm32l4xx_hal_flash_ex.o
 .text.HAL_FLASHEx_OBProgram
                0x00000000       0xc0 build/stm32l4xx_hal_flash_ex.o
 .text.HAL_FLASHEx_OBGetConfig
                0x00000000       0x5c build/stm32l4xx_hal_flash_ex.o
 .text.FLASH_MassErase
                0x00000000       0x50 build/stm32l4xx_hal_flash_ex.o
 .text.FLASH_PageErase
                0x00000000       0x68 build/stm32l4xx_hal_flash_ex.o
 .text.FLASH_FlushCaches
                0x00000000       0x70 build/stm32l4xx_hal_flash_ex.o
 .text.FLASH_OB_WRPConfig
                0x00000000       0xcc build/stm32l4xx_hal_flash_ex.o
 .text.FLASH_OB_RDPConfig
                0x00000000       0x60 build/stm32l4xx_hal_flash_ex.o
 .text.FLASH_OB_UserConfig
                0x00000000      0x1f4 build/stm32l4xx_hal_flash_ex.o
 .text.FLASH_OB_PCROPConfig
                0x00000000      0x158 build/stm32l4xx_hal_flash_ex.o
 .text.FLASH_OB_GetWRP
                0x00000000       0x98 build/stm32l4xx_hal_flash_ex.o
 .text.FLASH_OB_GetRDP
                0x00000000       0x30 build/stm32l4xx_hal_flash_ex.o
 .text.FLASH_OB_GetUser
                0x00000000       0x28 build/stm32l4xx_hal_flash_ex.o
 .text.FLASH_OB_GetPCROP
                0x00000000      0x104 build/stm32l4xx_hal_flash_ex.o
 .debug_info    0x00000000      0x8ac build/stm32l4xx_hal_flash_ex.o
 .debug_abbrev  0x00000000      0x214 build/stm32l4xx_hal_flash_ex.o
 .debug_loc     0x00000000      0x4d4 build/stm32l4xx_hal_flash_ex.o
 .debug_aranges
                0x00000000       0x90 build/stm32l4xx_hal_flash_ex.o
 .debug_ranges  0x00000000       0x80 build/stm32l4xx_hal_flash_ex.o
 .debug_line    0x00000000      0x42b build/stm32l4xx_hal_flash_ex.o
 .debug_str     0x00000000      0x654 build/stm32l4xx_hal_flash_ex.o
 .comment       0x00000000       0x71 build/stm32l4xx_hal_flash_ex.o
 .debug_frame   0x00000000      0x260 build/stm32l4xx_hal_flash_ex.o
 .ARM.attributes
                0x00000000       0x37 build/stm32l4xx_hal_flash_ex.o
 .text          0x00000000        0x0 build/stm32l4xx_hal_flash_ramfunc.o
 .data          0x00000000        0x0 build/stm32l4xx_hal_flash_ramfunc.o
 .bss           0x00000000        0x0 build/stm32l4xx_hal_flash_ramfunc.o
 .RamFunc       0x00000000       0x68 build/stm32l4xx_hal_flash_ramfunc.o
 .debug_info    0x00000000      0x254 build/stm32l4xx_hal_flash_ramfunc.o
 .debug_abbrev  0x00000000       0xcb build/stm32l4xx_hal_flash_ramfunc.o
 .debug_loc     0x00000000       0x88 build/stm32l4xx_hal_flash_ramfunc.o
 .debug_aranges
                0x00000000       0x28 build/stm32l4xx_hal_flash_ramfunc.o
 .debug_ranges  0x00000000       0x18 build/stm32l4xx_hal_flash_ramfunc.o
 .debug_line    0x00000000      0x1aa build/stm32l4xx_hal_flash_ramfunc.o
 .debug_str     0x00000000      0x2d9 build/stm32l4xx_hal_flash_ramfunc.o
 .comment       0x00000000       0x71 build/stm32l4xx_hal_flash_ramfunc.o
 .debug_frame   0x00000000       0x58 build/stm32l4xx_hal_flash_ramfunc.o
 .ARM.attributes
                0x00000000       0x37 build/stm32l4xx_hal_flash_ramfunc.o
 .text          0x00000000        0x0 build/stm32l4xx_hal_gpio.o
 .data          0x00000000        0x0 build/stm32l4xx_hal_gpio.o
 .bss           0x00000000        0x0 build/stm32l4xx_hal_gpio.o
 .text.HAL_GPIO_DeInit
                0x00000000      0x1ec build/stm32l4xx_hal_gpio.o
 .text.HAL_GPIO_ReadPin
                0x00000000       0x30 build/stm32l4xx_hal_gpio.o
 .text.HAL_GPIO_WritePin
                0x00000000       0x30 build/stm32l4xx_hal_gpio.o
 .text.HAL_GPIO_LockPin
                0x00000000       0x50 build/stm32l4xx_hal_gpio.o
 .text.HAL_GPIO_EXTI_IRQHandler
                0x00000000       0x30 build/stm32l4xx_hal_gpio.o
 .text.HAL_GPIO_EXTI_Callback
                0x00000000       0x14 build/stm32l4xx_hal_gpio.o
 .text          0x00000000        0x0 build/stm32l4xx_hal_i2c.o
 .data          0x00000000        0x0 build/stm32l4xx_hal_i2c.o
 .bss           0x00000000        0x0 build/stm32l4xx_hal_i2c.o
 .debug_info    0x00000000       0x9b build/stm32l4xx_hal_i2c.o
 .debug_abbrev  0x00000000       0x4b build/stm32l4xx_hal_i2c.o
 .debug_aranges
                0x00000000       0x18 build/stm32l4xx_hal_i2c.o
 .debug_line    0x00000000       0xde build/stm32l4xx_hal_i2c.o
 .debug_str     0x00000000      0x1c4 build/stm32l4xx_hal_i2c.o
 .comment       0x00000000       0x71 build/stm32l4xx_hal_i2c.o
 .ARM.attributes
                0x00000000       0x37 build/stm32l4xx_hal_i2c.o
 .text          0x00000000        0x0 build/stm32l4xx_hal_i2c_ex.o
 .data          0x00000000        0x0 build/stm32l4xx_hal_i2c_ex.o
 .bss           0x00000000        0x0 build/stm32l4xx_hal_i2c_ex.o
 .debug_info    0x00000000       0x9b build/stm32l4xx_hal_i2c_ex.o
 .debug_abbrev  0x00000000       0x4b build/stm32l4xx_hal_i2c_ex.o
 .debug_aranges
                0x00000000       0x18 build/stm32l4xx_hal_i2c_ex.o
 .debug_line    0x00000000       0xde build/stm32l4xx_hal_i2c_ex.o
 .debug_str     0x00000000      0x1c7 build/stm32l4xx_hal_i2c_ex.o
 .comment       0x00000000       0x71 build/stm32l4xx_hal_i2c_ex.o
 .ARM.attributes
                0x00000000       0x37 build/stm32l4xx_hal_i2c_ex.o
 .text          0x00000000        0x0 build/stm32l4xx_hal_pwr.o
 .data          0x00000000        0x0 build/stm32l4xx_hal_pwr.o
 .bss           0x00000000        0x0 build/stm32l4xx_hal_pwr.o
 .text.HAL_PWR_DeInit
                0x00000000       0x28 build/stm32l4xx_hal_pwr.o
 .text.HAL_PWR_EnableBkUpAccess
                0x00000000       0x1c build/stm32l4xx_hal_pwr.o
 .text.HAL_PWR_DisableBkUpAccess
                0x00000000       0x1c build/stm32l4xx_hal_pwr.o
 .text.HAL_PWR_ConfigPVD
                0x00000000       0xc0 build/stm32l4xx_hal_pwr.o
 .text.HAL_PWR_EnablePVD
                0x00000000       0x1c build/stm32l4xx_hal_pwr.o
 .text.HAL_PWR_DisablePVD
                0x00000000       0x1c build/stm32l4xx_hal_pwr.o
 .text.HAL_PWR_EnableWakeUpPin
                0x00000000       0x40 build/stm32l4xx_hal_pwr.o
 .text.HAL_PWR_DisableWakeUpPin
                0x00000000       0x24 build/stm32l4xx_hal_pwr.o
 .text.HAL_PWR_EnterSLEEPMode
                0x00000000       0x60 build/stm32l4xx_hal_pwr.o
 .text.HAL_PWR_EnterSTOPMode
                0x00000000       0x1c build/stm32l4xx_hal_pwr.o
 .text.HAL_PWR_EnterSTANDBYMode
                0x00000000       0x34 build/stm32l4xx_hal_pwr.o
 .text.HAL_PWR_EnableSleepOnExit
                0x00000000       0x1c build/stm32l4xx_hal_pwr.o
 .text.HAL_PWR_DisableSleepOnExit
                0x00000000       0x1c build/stm32l4xx_hal_pwr.o
 .text.HAL_PWR_EnableSEVOnPend
                0x00000000       0x1c build/stm32l4xx_hal_pwr.o
 .text.HAL_PWR_DisableSEVOnPend
                0x00000000       0x1c build/stm32l4xx_hal_pwr.o
 .text.HAL_PWR_PVDCallback
                0x00000000        0xc build/stm32l4xx_hal_pwr.o
 .debug_info    0x00000000      0xa2a build/stm32l4xx_hal_pwr.o
 .debug_abbrev  0x00000000      0x193 build/stm32l4xx_hal_pwr.o
 .debug_loc     0x00000000      0x4a0 build/stm32l4xx_hal_pwr.o
 .debug_aranges
                0x00000000       0x98 build/stm32l4xx_hal_pwr.o
 .debug_ranges  0x00000000       0x88 build/stm32l4xx_hal_pwr.o
 .debug_line    0x00000000      0x311 build/stm32l4xx_hal_pwr.o
 .debug_str     0x00000000      0x661 build/stm32l4xx_hal_pwr.o
 .comment       0x00000000       0x71 build/stm32l4xx_hal_pwr.o
 .debug_frame   0x00000000      0x264 build/stm32l4xx_hal_pwr.o
 .ARM.attributes
                0x00000000       0x37 build/stm32l4xx_hal_pwr.o
 .text          0x00000000        0x0 build/stm32l4xx_hal_pwr_ex.o
 .data          0x00000000        0x0 build/stm32l4xx_hal_pwr_ex.o
 .bss           0x00000000        0x0 build/stm32l4xx_hal_pwr_ex.o
 .text.HAL_PWREx_ControlVoltageScaling
                0x00000000       0xa8 build/stm32l4xx_hal_pwr_ex.o
 .text.HAL_PWREx_EnableBatteryCharging
                0x00000000       0x34 build/stm32l4xx_hal_pwr_ex.o
 .text.HAL_PWREx_DisableBatteryCharging
                0x00000000       0x1c build/stm32l4xx_hal_pwr_ex.o
 .text.HAL_PWREx_EnableVddUSB
                0x00000000       0x1c build/stm32l4xx_hal_pwr_ex.o
 .text.HAL_PWREx_DisableVddUSB
                0x00000000       0x1c build/stm32l4xx_hal_pwr_ex.o
 .text.HAL_PWREx_EnableVddIO2
                0x00000000       0x1c build/stm32l4xx_hal_pwr_ex.o
 .text.HAL_PWREx_DisableVddIO2
                0x00000000       0x1c build/stm32l4xx_hal_pwr_ex.o
 .text.HAL_PWREx_EnableInternalWakeUpLine
                0x00000000       0x1c build/stm32l4xx_hal_pwr_ex.o
 .text.HAL_PWREx_DisableInternalWakeUpLine
                0x00000000       0x1c build/stm32l4xx_hal_pwr_ex.o
 .text.HAL_PWREx_EnableGPIOPullUp
                0x00000000      0x144 build/stm32l4xx_hal_pwr_ex.o
 .text.HAL_PWREx_DisableGPIOPullUp
                0x00000000       0xd8 build/stm32l4xx_hal_pwr_ex.o
 .text.HAL_PWREx_EnableGPIOPullDown
                0x00000000      0x144 build/stm32l4xx_hal_pwr_ex.o
 .text.HAL_PWREx_DisableGPIOPullDown
                0x00000000       0xdc build/stm32l4xx_hal_pwr_ex.o
 .text.HAL_PWREx_EnablePullUpPullDownConfig
                0x00000000       0x1c build/stm32l4xx_hal_pwr_ex.o
 .text.HAL_PWREx_DisablePullUpPullDownConfig
                0x00000000       0x1c build/stm32l4xx_hal_pwr_ex.o
 .text.HAL_PWREx_EnableSRAM2ContentRetention
                0x00000000       0x1c build/stm32l4xx_hal_pwr_ex.o
 .text.HAL_PWREx_DisableSRAM2ContentRetention
                0x00000000       0x1c build/stm32l4xx_hal_pwr_ex.o
 .text.HAL_PWREx_EnablePVM1
                0x00000000       0x1c build/stm32l4xx_hal_pwr_ex.o
 .text.HAL_PWREx_DisablePVM1
                0x00000000       0x1c build/stm32l4xx_hal_pwr_ex.o
 .text.HAL_PWREx_EnablePVM2
                0x00000000       0x1c build/stm32l4xx_hal_pwr_ex.o
 .text.HAL_PWREx_DisablePVM2
                0x00000000       0x1c build/stm32l4xx_hal_pwr_ex.o
 .text.HAL_PWREx_EnablePVM3
                0x00000000       0x1c build/stm32l4xx_hal_pwr_ex.o
 .text.HAL_PWREx_DisablePVM3
                0x00000000       0x1c build/stm32l4xx_hal_pwr_ex.o
 .text.HAL_PWREx_EnablePVM4
                0x00000000       0x1c build/stm32l4xx_hal_pwr_ex.o
 .text.HAL_PWREx_DisablePVM4
                0x00000000       0x1c build/stm32l4xx_hal_pwr_ex.o
 .text.HAL_PWREx_ConfigPVM
                0x00000000      0x290 build/stm32l4xx_hal_pwr_ex.o
 .text.HAL_PWREx_EnableLowPowerRunMode
                0x00000000       0x1c build/stm32l4xx_hal_pwr_ex.o
 .text.HAL_PWREx_DisableLowPowerRunMode
                0x00000000       0x70 build/stm32l4xx_hal_pwr_ex.o
 .text.HAL_PWREx_EnterSTOP1Mode
                0x00000000       0x6c build/stm32l4xx_hal_pwr_ex.o
 .text.HAL_PWREx_EnterSTOP2Mode
                0x00000000       0x54 build/stm32l4xx_hal_pwr_ex.o
 .text.HAL_PWREx_EnterSHUTDOWNMode
                0x00000000       0x34 build/stm32l4xx_hal_pwr_ex.o
 .text.HAL_PWREx_PVD_PVM_IRQHandler
                0x00000000       0x7c build/stm32l4xx_hal_pwr_ex.o
 .text.HAL_PWREx_PVM1Callback
                0x00000000        0xc build/stm32l4xx_hal_pwr_ex.o
 .text.HAL_PWREx_PVM2Callback
                0x00000000        0xc build/stm32l4xx_hal_pwr_ex.o
 .text.HAL_PWREx_PVM3Callback
                0x00000000        0xc build/stm32l4xx_hal_pwr_ex.o
 .text.HAL_PWREx_PVM4Callback
                0x00000000        0xc build/stm32l4xx_hal_pwr_ex.o
 .text          0x00000000        0x0 build/stm32l4xx_hal_rcc.o
 .data          0x00000000        0x0 build/stm32l4xx_hal_rcc.o
 .bss           0x00000000        0x0 build/stm32l4xx_hal_rcc.o
 .rodata.APBAHBPrescTable
                0x00000000        0x8 build/stm32l4xx_hal_rcc.o
 .text.HAL_RCC_DeInit
                0x00000000       0x9c build/stm32l4xx_hal_rcc.o
 .text.HAL_RCC_MCOConfig
                0x00000000       0x68 build/stm32l4xx_hal_rcc.o
 .text.HAL_RCC_GetPCLK1Freq
                0x00000000       0x44 build/stm32l4xx_hal_rcc.o
 .text.HAL_RCC_GetPCLK2Freq
                0x00000000       0x44 build/stm32l4xx_hal_rcc.o
 .text.HAL_RCC_GetOscConfig
                0x00000000      0x1f8 build/stm32l4xx_hal_rcc.o
 .text.HAL_RCC_GetClockConfig
                0x00000000       0x60 build/stm32l4xx_hal_rcc.o
 .text.HAL_RCC_EnableCSS
                0x00000000       0x1c build/stm32l4xx_hal_rcc.o
 .text.HAL_RCC_NMI_IRQHandler
                0x00000000       0x24 build/stm32l4xx_hal_rcc.o
 .text.HAL_RCC_CSSCallback
                0x00000000        0xc build/stm32l4xx_hal_rcc.o
 .text          0x00000000        0x0 build/stm32l4xx_hal_rcc_ex.o
 .data          0x00000000        0x0 build/stm32l4xx_hal_rcc_ex.o
 .bss           0x00000000        0x0 build/stm32l4xx_hal_rcc_ex.o
 .text.HAL_RCCEx_PeriphCLKConfig
                0x00000000      0x684 build/stm32l4xx_hal_rcc_ex.o
 .text.HAL_RCCEx_GetPeriphCLKConfig
                0x00000000      0x244 build/stm32l4xx_hal_rcc_ex.o
 .text.HAL_RCCEx_GetPeriphCLKFreq
                0x00000000      0x92c build/stm32l4xx_hal_rcc_ex.o
 .text.HAL_RCCEx_EnablePLLSAI1
                0x00000000      0x1e8 build/stm32l4xx_hal_rcc_ex.o
 .text.HAL_RCCEx_DisablePLLSAI1
                0x00000000       0xf4 build/stm32l4xx_hal_rcc_ex.o
 .text.HAL_RCCEx_EnablePLLSAI2
                0x00000000      0x1dc build/stm32l4xx_hal_rcc_ex.o
 .text.HAL_RCCEx_DisablePLLSAI2
                0x00000000       0xf4 build/stm32l4xx_hal_rcc_ex.o
 .text.HAL_RCCEx_WakeUpStopCLKConfig
                0x00000000       0x28 build/stm32l4xx_hal_rcc_ex.o
 .text.HAL_RCCEx_StandbyMSIRangeConfig
                0x00000000       0x2c build/stm32l4xx_hal_rcc_ex.o
 .text.HAL_RCCEx_EnableLSECSS
                0x00000000       0x20 build/stm32l4xx_hal_rcc_ex.o
 .text.HAL_RCCEx_DisableLSECSS
                0x00000000       0x2c build/stm32l4xx_hal_rcc_ex.o
 .text.HAL_RCCEx_EnableLSECSS_IT
                0x00000000       0x48 build/stm32l4xx_hal_rcc_ex.o
 .text.HAL_RCCEx_LSECSS_IRQHandler
                0x00000000       0x24 build/stm32l4xx_hal_rcc_ex.o
 .text.HAL_RCCEx_LSECSS_Callback
                0x00000000        0xc build/stm32l4xx_hal_rcc_ex.o
 .text.HAL_RCCEx_EnableLSCO
                0x00000000       0xd0 build/stm32l4xx_hal_rcc_ex.o
 .text.HAL_RCCEx_DisableLSCO
                0x00000000       0x84 build/stm32l4xx_hal_rcc_ex.o
 .text.HAL_RCCEx_EnableMSIPLLMode
                0x00000000       0x1c build/stm32l4xx_hal_rcc_ex.o
 .text.HAL_RCCEx_DisableMSIPLLMode
                0x00000000       0x1c build/stm32l4xx_hal_rcc_ex.o
 .text.RCCEx_PLLSAI1_ConfigNP
                0x00000000      0x1f0 build/stm32l4xx_hal_rcc_ex.o
 .text.RCCEx_PLLSAI1_ConfigNQ
                0x00000000      0x1f4 build/stm32l4xx_hal_rcc_ex.o
 .text.RCCEx_PLLSAI1_ConfigNR
                0x00000000      0x1f4 build/stm32l4xx_hal_rcc_ex.o
 .text.RCCEx_PLLSAI2_ConfigNP
                0x00000000      0x1f0 build/stm32l4xx_hal_rcc_ex.o
 .text.RCCEx_PLLSAI2_ConfigNR
                0x00000000      0x1f4 build/stm32l4xx_hal_rcc_ex.o
 .debug_info    0x00000000     0x1ca8 build/stm32l4xx_hal_rcc_ex.o
 .debug_abbrev  0x00000000      0x262 build/stm32l4xx_hal_rcc_ex.o
 .debug_loc     0x00000000      0x6fa build/stm32l4xx_hal_rcc_ex.o
 .debug_aranges
                0x00000000       0xd0 build/stm32l4xx_hal_rcc_ex.o
 .debug_ranges  0x00000000       0xc0 build/stm32l4xx_hal_rcc_ex.o
 .debug_line    0x00000000      0xf74 build/stm32l4xx_hal_rcc_ex.o
 .debug_str     0x00000000      0xa20 build/stm32l4xx_hal_rcc_ex.o
 .comment       0x00000000       0x71 build/stm32l4xx_hal_rcc_ex.o
 .debug_frame   0x00000000      0x388 build/stm32l4xx_hal_rcc_ex.o
 .ARM.attributes
                0x00000000       0x37 build/stm32l4xx_hal_rcc_ex.o
 .text          0x00000000        0x0 build/main.o
 .data          0x00000000        0x0 build/main.o
 .bss           0x00000000        0x0 build/main.o
 .text          0x00000000        0x0 build/stm32l4xx_hal_msp.o
 .data          0x00000000        0x0 build/stm32l4xx_hal_msp.o
 .bss           0x00000000        0x0 build/stm32l4xx_hal_msp.o
 .text          0x00000000        0x0 build/stm32l4xx_it.o
 .data          0x00000000        0x0 build/stm32l4xx_it.o
 .bss           0x00000000        0x0 build/stm32l4xx_it.o
 .text          0x00000000       0x14 build/startup_stm32l476xx.o
 .data          0x00000000        0x0 build/startup_stm32l476xx.o
 .bss           0x00000000        0x0 build/startup_stm32l476xx.o
 .text          0x00000000        0x0 /opt/gcc-arm-none-eabi-4_9-2015q3/bin/../lib/gcc/arm-none-eabi/4.9.3/../../../../arm-none-eabi/lib/armv7e-m/softfp/libc_nano.a(lib_a-exit.o)
 .data          0x00000000        0x0 /opt/gcc-arm-none-eabi-4_9-2015q3/bin/../lib/gcc/arm-none-eabi/4.9.3/../../../../arm-none-eabi/lib/armv7e-m/softfp/libc_nano.a(lib_a-exit.o)
 .bss           0x00000000        0x0 /opt/gcc-arm-none-eabi-4_9-2015q3/bin/../lib/gcc/arm-none-eabi/4.9.3/../../../../arm-none-eabi/lib/armv7e-m/softfp/libc_nano.a(lib_a-exit.o)
 .text.exit     0x00000000       0x28 /opt/gcc-arm-none-eabi-4_9-2015q3/bin/../lib/gcc/arm-none-eabi/4.9.3/../../../../arm-none-eabi/lib/armv7e-m/softfp/libc_nano.a(lib_a-exit.o)
 .debug_frame   0x00000000       0x28 /opt/gcc-arm-none-eabi-4_9-2015q3/bin/../lib/gcc/arm-none-eabi/4.9.3/../../../../arm-none-eabi/lib/armv7e-m/softfp/libc_nano.a(lib_a-exit.o)
 .ARM.attributes
                0x00000000       0x32 /opt/gcc-arm-none-eabi-4_9-2015q3/bin/../lib/gcc/arm-none-eabi/4.9.3/../../../../arm-none-eabi/lib/armv7e-m/softfp/libc_nano.a(lib_a-exit.o)
 .text          0x00000000        0x0 /opt/gcc-arm-none-eabi-4_9-2015q3/bin/../lib/gcc/arm-none-eabi/4.9.3/../../../../arm-none-eabi/lib/armv7e-m/softfp/libc_nano.a(lib_a-impure.o)
 .data          0x00000000        0x0 /opt/gcc-arm-none-eabi-4_9-2015q3/bin/../lib/gcc/arm-none-eabi/4.9.3/../../../../arm-none-eabi/lib/armv7e-m/softfp/libc_nano.a(lib_a-impure.o)
 .bss           0x00000000        0x0 /opt/gcc-arm-none-eabi-4_9-2015q3/bin/../lib/gcc/arm-none-eabi/4.9.3/../../../../arm-none-eabi/lib/armv7e-m/softfp/libc_nano.a(lib_a-impure.o)
 .data.impure_data
                0x00000000       0x60 /opt/gcc-arm-none-eabi-4_9-2015q3/bin/../lib/gcc/arm-none-eabi/4.9.3/../../../../arm-none-eabi/lib/armv7e-m/softfp/libc_nano.a(lib_a-impure.o)
 .data._impure_ptr
                0x00000000        0x4 /opt/gcc-arm-none-eabi-4_9-2015q3/bin/../lib/gcc/arm-none-eabi/4.9.3/../../../../arm-none-eabi/lib/armv7e-m/softfp/libc_nano.a(lib_a-impure.o)
 .rodata.str1.1
                0x00000000        0x2 /opt/gcc-arm-none-eabi-4_9-2015q3/bin/../lib/gcc/arm-none-eabi/4.9.3/../../../../arm-none-eabi/lib/armv7e-m/softfp/libc_nano.a(lib_a-impure.o)
 .rodata._global_impure_ptr
                0x00000000        0x4 /opt/gcc-arm-none-eabi-4_9-2015q3/bin/../lib/gcc/arm-none-eabi/4.9.3/../../../../arm-none-eabi/lib/armv7e-m/softfp/libc_nano.a(lib_a-impure.o)
 .ARM.attributes
                0x00000000       0x32 /opt/gcc-arm-none-eabi-4_9-2015q3/bin/../lib/gcc/arm-none-eabi/4.9.3/../../../../arm-none-eabi/lib/armv7e-m/softfp/libc_nano.a(lib_a-impure.o)
 .text          0x00000000        0x0 /opt/gcc-arm-none-eabi-4_9-2015q3/bin/../lib/gcc/arm-none-eabi/4.9.3/../../../../arm-none-eabi/lib/armv7e-m/softfp/libc_nano.a(lib_a-init.o)
 .data          0x00000000        0x0 /opt/gcc-arm-none-eabi-4_9-2015q3/bin/../lib/gcc/arm-none-eabi/4.9.3/../../../../arm-none-eabi/lib/armv7e-m/softfp/libc_nano.a(lib_a-init.o)
 .bss           0x00000000        0x0 /opt/gcc-arm-none-eabi-4_9-2015q3/bin/../lib/gcc/arm-none-eabi/4.9.3/../../../../arm-none-eabi/lib/armv7e-m/softfp/libc_nano.a(lib_a-init.o)
 .text          0x00000000        0x0 /opt/gcc-arm-none-eabi-4_9-2015q3/bin/../lib/gcc/arm-none-eabi/4.9.3/../../../../arm-none-eabi/lib/armv7e-m/softfp/libc_nano.a(lib_a-memset.o)
 .data          0x00000000        0x0 /opt/gcc-arm-none-eabi-4_9-2015q3/bin/../lib/gcc/arm-none-eabi/4.9.3/../../../../arm-none-eabi/lib/armv7e-m/softfp/libc_nano.a(lib_a-memset.o)
 .bss           0x00000000        0x0 /opt/gcc-arm-none-eabi-4_9-2015q3/bin/../lib/gcc/arm-none-eabi/4.9.3/../../../../arm-none-eabi/lib/armv7e-m/softfp/libc_nano.a(lib_a-memset.o)
 .text          0x00000000        0x0 /opt/gcc-arm-none-eabi-4_9-2015q3/bin/../lib/gcc/arm-none-eabi/4.9.3/../../../../arm-none-eabi/lib/armv7e-m/softfp/libnosys.a(_exit.o)
 .data          0x00000000        0x0 /opt/gcc-arm-none-eabi-4_9-2015q3/bin/../lib/gcc/arm-none-eabi/4.9.3/../../../../arm-none-eabi/lib/armv7e-m/softfp/libnosys.a(_exit.o)
 .bss           0x00000000        0x0 /opt/gcc-arm-none-eabi-4_9-2015q3/bin/../lib/gcc/arm-none-eabi/4.9.3/../../../../arm-none-eabi/lib/armv7e-m/softfp/libnosys.a(_exit.o)
 .text._exit    0x00000000        0x4 /opt/gcc-arm-none-eabi-4_9-2015q3/bin/../lib/gcc/arm-none-eabi/4.9.3/../../../../arm-none-eabi/lib/armv7e-m/softfp/libnosys.a(_exit.o)
 .debug_frame   0x00000000       0x20 /opt/gcc-arm-none-eabi-4_9-2015q3/bin/../lib/gcc/arm-none-eabi/4.9.3/../../../../arm-none-eabi/lib/armv7e-m/softfp/libnosys.a(_exit.o)
 .ARM.attributes
                0x00000000       0x32 /opt/gcc-arm-none-eabi-4_9-2015q3/bin/../lib/gcc/arm-none-eabi/4.9.3/../../../../arm-none-eabi/lib/armv7e-m/softfp/libnosys.a(_exit.o)
 .text          0x00000000        0x0 /opt/gcc-arm-none-eabi-4_9-2015q3/bin/../lib/gcc/arm-none-eabi/4.9.3/armv7e-m/softfp/crtend.o
 .data          0x00000000        0x0 /opt/gcc-arm-none-eabi-4_9-2015q3/bin/../lib/gcc/arm-none-eabi/4.9.3/armv7e-m/softfp/crtend.o
 .bss           0x00000000        0x0 /opt/gcc-arm-none-eabi-4_9-2015q3/bin/../lib/gcc/arm-none-eabi/4.9.3/armv7e-m/softfp/crtend.o
 .eh_frame      0x00000000        0x4 /opt/gcc-arm-none-eabi-4_9-2015q3/bin/../lib/gcc/arm-none-eabi/4.9.3/armv7e-m/softfp/crtend.o
 .jcr           0x00000000        0x4 /opt/gcc-arm-none-eabi-4_9-2015q3/bin/../lib/gcc/arm-none-eabi/4.9.3/armv7e-m/softfp/crtend.o
 .ARM.attributes
                0x00000000       0x32 /opt/gcc-arm-none-eabi-4_9-2015q3/bin/../lib/gcc/arm-none-eabi/4.9.3/armv7e-m/softfp/crtend.o
 .text          0x00000000        0x0 /opt/gcc-arm-none-eabi-4_9-2015q3/bin/../lib/gcc/arm-none-eabi/4.9.3/armv7e-m/softfp/crtn.o
 .data          0x00000000        0x0 /opt/gcc-arm-none-eabi-4_9-2015q3/bin/../lib/gcc/arm-none-eabi/4.9.3/armv7e-m/softfp/crtn.o
 .bss           0x00000000        0x0 /opt/gcc-arm-none-eabi-4_9-2015q3/bin/../lib/gcc/arm-none-eabi/4.9.3/armv7e-m/softfp/crtn.o

Memory Configuration

Name             Origin             Length             Attributes
FLASH            0x08000000         0x00100000         xr
RAM              0x20000000         0x00018000         xrw
*default*        0x00000000         0xffffffff

Linker script and memory map

LOAD /opt/gcc-arm-none-eabi-4_9-2015q3/bin/../lib/gcc/arm-none-eabi/4.9.3/armv7e-m/softfp/crti.o
LOAD /opt/gcc-arm-none-eabi-4_9-2015q3/bin/../lib/gcc/arm-none-eabi/4.9.3/armv7e-m/softfp/crtbegin.o
LOAD /opt/gcc-arm-none-eabi-4_9-2015q3/bin/../lib/gcc/arm-none-eabi/4.9.3/../../../../arm-none-eabi/lib/armv7e-m/softfp/crt0.o
LOAD build/system_stm32l4xx.o
LOAD build/stm32l4xx_hal.o
LOAD build/stm32l4xx_hal_cortex.o
LOAD build/stm32l4xx_hal_dma.o
LOAD build/stm32l4xx_hal_flash.o
LOAD build/stm32l4xx_hal_flash_ex.o
LOAD build/stm32l4xx_hal_flash_ramfunc.o
LOAD build/stm32l4xx_hal_gpio.o
LOAD build/stm32l4xx_hal_i2c.o
LOAD build/stm32l4xx_hal_i2c_ex.o
LOAD build/stm32l4xx_hal_pwr.o
LOAD build/stm32l4xx_hal_pwr_ex.o
LOAD build/stm32l4xx_hal_rcc.o
LOAD build/stm32l4xx_hal_rcc_ex.o
LOAD build/main.o
LOAD build/stm32l4xx_hal_msp.o
LOAD build/stm32l4xx_it.o
LOAD build/startup_stm32l476xx.o
LOAD /opt/gcc-arm-none-eabi-4_9-2015q3/bin/../lib/gcc/arm-none-eabi/4.9.3/../../../../arm-none-eabi/lib/armv7e-m/softfp/libc_nano.a
LOAD /opt/gcc-arm-none-eabi-4_9-2015q3/bin/../lib/gcc/arm-none-eabi/4.9.3/../../../../arm-none-eabi/lib/armv7e-m/softfp/libm.a
LOAD /opt/gcc-arm-none-eabi-4_9-2015q3/bin/../lib/gcc/arm-none-eabi/4.9.3/../../../../arm-none-eabi/lib/armv7e-m/softfp/libnosys.a
START GROUP
LOAD /opt/gcc-arm-none-eabi-4_9-2015q3/bin/../lib/gcc/arm-none-eabi/4.9.3/armv7e-m/softfp/libgcc.a
LOAD /opt/gcc-arm-none-eabi-4_9-2015q3/bin/../lib/gcc/arm-none-eabi/4.9.3/../../../../arm-none-eabi/lib/armv7e-m/softfp/libc_nano.a
END GROUP
START GROUP
LOAD /opt/gcc-arm-none-eabi-4_9-2015q3/bin/../lib/gcc/arm-none-eabi/4.9.3/armv7e-m/softfp/libgcc.a
LOAD /opt/gcc-arm-none-eabi-4_9-2015q3/bin/../lib/gcc/arm-none-eabi/4.9.3/../../../../arm-none-eabi/lib/armv7e-m/softfp/libc_nano.a
END GROUP
LOAD /opt/gcc-arm-none-eabi-4_9-2015q3/bin/../lib/gcc/arm-none-eabi/4.9.3/armv7e-m/softfp/crtend.o
LOAD /opt/gcc-arm-none-eabi-4_9-2015q3/bin/../lib/gcc/arm-none-eabi/4.9.3/armv7e-m/softfp/crtn.o
                0x20018000                _estack = 0x20018000
                0x00000200                _Min_Heap_Size = 0x200
                0x00000400                _Min_Stack_Size = 0x400

.isr_vector     0x08000000      0x188
                0x08000000                . = ALIGN (0x8)
 *(.isr_vector)
 .isr_vector    0x08000000      0x188 build/startup_stm32l476xx.o
                0x08000000                g_pfnVectors
                0x08000188                . = ALIGN (0x8)

.text           0x08000188     0x2a58
                0x08000188                . = ALIGN (0x8)
 *(.text)
 .text          0x08000188       0x5c /opt/gcc-arm-none-eabi-4_9-2015q3/bin/../lib/gcc/arm-none-eabi/4.9.3/armv7e-m/softfp/crtbegin.o
 *(.text*)
 .text.SystemInit
                0x080001e4       0x68 build/system_stm32l4xx.o
                0x080001e4                SystemInit
 .text.HAL_Init
                0x0800024c       0x2c build/stm32l4xx_hal.o
                0x0800024c                HAL_Init
 .text.HAL_InitTick
                0x08000278       0x38 build/stm32l4xx_hal.o
                0x08000278                HAL_InitTick
 .text.HAL_IncTick
                0x080002b0       0x1c build/stm32l4xx_hal.o
                0x080002b0                HAL_IncTick
 .text.HAL_GetTick
                0x080002cc       0x18 build/stm32l4xx_hal.o
                0x080002cc                HAL_GetTick
 .text.HAL_Delay
                0x080002e4       0x2c build/stm32l4xx_hal.o
                0x080002e4                HAL_Delay
 .text.NVIC_SetPriorityGrouping
                0x08000310       0x48 build/stm32l4xx_hal_cortex.o
 .text.NVIC_GetPriorityGrouping
                0x08000358       0x1c build/stm32l4xx_hal_cortex.o
 .text.NVIC_SetPriority
                0x08000374       0x54 build/stm32l4xx_hal_cortex.o
 .text.NVIC_EncodePriority
                0x080003c8       0x64 build/stm32l4xx_hal_cortex.o
 .text.SysTick_Config
                0x0800042c       0x44 build/stm32l4xx_hal_cortex.o
 .text.HAL_NVIC_SetPriorityGrouping
                0x08000470       0x14 build/stm32l4xx_hal_cortex.o
                0x08000470                HAL_NVIC_SetPriorityGrouping
 .text.HAL_NVIC_SetPriority
                0x08000484       0x38 build/stm32l4xx_hal_cortex.o
                0x08000484                HAL_NVIC_SetPriority
 .text.HAL_SYSTICK_Config
                0x080004bc       0x18 build/stm32l4xx_hal_cortex.o
                0x080004bc                HAL_SYSTICK_Config
 .text.HAL_GPIO_Init
                0x080004d4      0x350 build/stm32l4xx_hal_gpio.o
                0x080004d4                HAL_GPIO_Init
 .text.HAL_GPIO_TogglePin
                0x08000824       0x24 build/stm32l4xx_hal_gpio.o
                0x08000824                HAL_GPIO_TogglePin
 .text.HAL_PWREx_GetVoltageRange
                0x08000848       0x1c build/stm32l4xx_hal_pwr_ex.o
                0x08000848                HAL_PWREx_GetVoltageRange
 .text.HAL_RCC_OscConfig
                0x08000864     0x1588 build/stm32l4xx_hal_rcc.o
                0x08000864                HAL_RCC_OscConfig
 .text.HAL_RCC_ClockConfig
                0x08001dec      0x8f4 build/stm32l4xx_hal_rcc.o
                0x08001dec                HAL_RCC_ClockConfig
 .text.HAL_RCC_GetSysClockFreq
                0x080026e0      0x160 build/stm32l4xx_hal_rcc.o
                0x080026e0                HAL_RCC_GetSysClockFreq
 .text.HAL_RCC_GetHCLKFreq
                0x08002840       0x50 build/stm32l4xx_hal_rcc.o
                0x08002840                HAL_RCC_GetHCLKFreq
 .text.RCC_SetFlashLatencyFromMSIRange
                0x08002890       0xe8 build/stm32l4xx_hal_rcc.o
 .text.main     0x08002978       0x64 build/main.o
                0x08002978                main
 .text.SystemClock_Config
                0x080029dc       0xa0 build/main.o
                0x080029dc                SystemClock_Config
 .text.HAL_MspInit
                0x08002a7c       0x3c build/stm32l4xx_hal_msp.o
                0x08002a7c                HAL_MspInit
 .text.NMI_Handler
                0x08002ab8        0xc build/stm32l4xx_it.o
                0x08002ab8                NMI_Handler
 .text.HardFault_Handler
                0x08002ac4        0x8 build/stm32l4xx_it.o
                0x08002ac4                HardFault_Handler
 .text.MemManage_Handler
                0x08002acc        0x8 build/stm32l4xx_it.o
                0x08002acc                MemManage_Handler
 .text.BusFault_Handler
                0x08002ad4        0x8 build/stm32l4xx_it.o
                0x08002ad4                BusFault_Handler
 .text.UsageFault_Handler
                0x08002adc        0x8 build/stm32l4xx_it.o
                0x08002adc                UsageFault_Handler
 .text.SVC_Handler
                0x08002ae4        0xc build/stm32l4xx_it.o
                0x08002ae4                SVC_Handler
 .text.DebugMon_Handler
                0x08002af0        0xc build/stm32l4xx_it.o
                0x08002af0                DebugMon_Handler
 .text.PendSV_Handler
                0x08002afc        0xc build/stm32l4xx_it.o
                0x08002afc                PendSV_Handler
 .text.SysTick_Handler
                0x08002b08        0xc build/stm32l4xx_it.o
                0x08002b08                SysTick_Handler
 .text.Reset_Handler
                0x08002b14       0x50 build/startup_stm32l476xx.o
                0x08002b14                Reset_Handler
 .text.Default_Handler
                0x08002b64        0x2 build/startup_stm32l476xx.o
                0x08002b64                RTC_Alarm_IRQHandler
                0x08002b64                EXTI2_IRQHandler
                0x08002b64                TIM8_TRG_COM_IRQHandler
                0x08002b64                TIM8_CC_IRQHandler
                0x08002b64                DFSDM0_IRQHandler
                0x08002b64                TIM1_CC_IRQHandler
                0x08002b64                TSC_IRQHandler
                0x08002b64                TAMP_STAMP_IRQHandler
                0x08002b64                EXTI3_IRQHandler
                0x08002b64                LPTIM2_IRQHandler
                0x08002b64                I2C3_ER_IRQHandler
                0x08002b64                EXTI0_IRQHandler
                0x08002b64                I2C2_EV_IRQHandler
                0x08002b64                CAN1_RX0_IRQHandler
                0x08002b64                FPU_IRQHandler
                0x08002b64                TIM1_UP_TIM16_IRQHandler
                0x08002b64                ADC1_2_IRQHandler
                0x08002b64                SPI1_IRQHandler
                0x08002b64                TIM6_DAC_IRQHandler
                0x08002b64                TIM8_UP_IRQHandler
                0x08002b64                DMA2_Channel2_IRQHandler
                0x08002b64                DMA1_Channel4_IRQHandler
                0x08002b64                SAI2_IRQHandler
                0x08002b64                USART3_IRQHandler
                0x08002b64                DMA1_Channel7_IRQHandler
                0x08002b64                CAN1_RX1_IRQHandler
                0x08002b64                LCD_IRQHandler
                0x08002b64                UART5_IRQHandler
                0x08002b64                ADC3_IRQHandler
                0x08002b64                TIM4_IRQHandler
                0x08002b64                DMA2_Channel1_IRQHandler
                0x08002b64                QUADSPI_IRQHandler
                0x08002b64                I2C1_EV_IRQHandler
                0x08002b64                DMA1_Channel6_IRQHandler
                0x08002b64                UART4_IRQHandler
                0x08002b64                DMA2_Channel4_IRQHandler
                0x08002b64                TIM3_IRQHandler
                0x08002b64                RCC_IRQHandler
                0x08002b64                DMA1_Channel1_IRQHandler
                0x08002b64                Default_Handler
                0x08002b64                DMA2_Channel7_IRQHandler
                0x08002b64                EXTI15_10_IRQHandler
                0x08002b64                TIM7_IRQHandler
                0x08002b64                SDMMC1_IRQHandler
                0x08002b64                TIM5_IRQHandler
                0x08002b64                I2C3_EV_IRQHandler
                0x08002b64                DFSDM2_IRQHandler
                0x08002b64                EXTI9_5_IRQHandler
                0x08002b64                RTC_WKUP_IRQHandler
                0x08002b64                PVD_PVM_IRQHandler
                0x08002b64                SPI2_IRQHandler
                0x08002b64                DFSDM3_IRQHandler
                0x08002b64                CAN1_TX_IRQHandler
                0x08002b64                DMA2_Channel5_IRQHandler
                0x08002b64                DMA1_Channel5_IRQHandler
                0x08002b64                EXTI4_IRQHandler
                0x08002b64                RNG_IRQHandler
                0x08002b64                TIM1_TRG_COM_TIM17_IRQHandler
                0x08002b64                DMA1_Channel3_IRQHandler
                0x08002b64                COMP_IRQHandler
                0x08002b64                WWDG_IRQHandler
                0x08002b64                LPUART1_IRQHandler
                0x08002b64                DMA2_Channel6_IRQHandler
                0x08002b64                TIM2_IRQHandler
                0x08002b64                EXTI1_IRQHandler
                0x08002b64                USART2_IRQHandler
                0x08002b64                I2C2_ER_IRQHandler
                0x08002b64                DMA1_Channel2_IRQHandler
                0x08002b64                TIM8_BRK_IRQHandler
                0x08002b64                CAN1_SCE_IRQHandler
                0x08002b64                FLASH_IRQHandler
                0x08002b64                USART1_IRQHandler
                0x08002b64                OTG_FS_IRQHandler
                0x08002b64                SPI3_IRQHandler
                0x08002b64                I2C1_ER_IRQHandler
                0x08002b64                FMC_IRQHandler
                0x08002b64                SWPMI1_IRQHandler
                0x08002b64                LPTIM1_IRQHandler
                0x08002b64                DFSDM1_IRQHandler
                0x08002b64                SAI1_IRQHandler
                0x08002b64                DMA2_Channel3_IRQHandler
                0x08002b64                TIM1_BRK_TIM15_IRQHandler
 *fill*         0x08002b66        0x2 
 .text.__libc_init_array
                0x08002b68       0x4c /opt/gcc-arm-none-eabi-4_9-2015q3/bin/../lib/gcc/arm-none-eabi/4.9.3/../../../../arm-none-eabi/lib/armv7e-m/softfp/libc_nano.a(lib_a-init.o)
                0x08002b68                __libc_init_array
 .text.memset   0x08002bb4       0x10 /opt/gcc-arm-none-eabi-4_9-2015q3/bin/../lib/gcc/arm-none-eabi/4.9.3/../../../../arm-none-eabi/lib/armv7e-m/softfp/libc_nano.a(lib_a-memset.o)
                0x08002bb4                memset
 *(.glue_7)
 .glue_7        0x00000000        0x0 linker stubs
 *(.glue_7t)
 .glue_7t       0x00000000        0x0 linker stubs
 *(.eh_frame)
 .eh_frame      0x08002bc4        0x0 /opt/gcc-arm-none-eabi-4_9-2015q3/bin/../lib/gcc/arm-none-eabi/4.9.3/armv7e-m/softfp/crtbegin.o
 *(.init)
 .init          0x08002bc4        0x4 /opt/gcc-arm-none-eabi-4_9-2015q3/bin/../lib/gcc/arm-none-eabi/4.9.3/armv7e-m/softfp/crti.o
                0x08002bc4                _init
 .init          0x08002bc8        0x8 /opt/gcc-arm-none-eabi-4_9-2015q3/bin/../lib/gcc/arm-none-eabi/4.9.3/armv7e-m/softfp/crtn.o
 *(.fini)
 .fini          0x08002bd0        0x4 /opt/gcc-arm-none-eabi-4_9-2015q3/bin/../lib/gcc/arm-none-eabi/4.9.3/armv7e-m/softfp/crti.o
                0x08002bd0                _fini
 .fini          0x08002bd4        0x8 /opt/gcc-arm-none-eabi-4_9-2015q3/bin/../lib/gcc/arm-none-eabi/4.9.3/armv7e-m/softfp/crtn.o
                0x08002be0                . = ALIGN (0x8)
 *fill*         0x08002bdc        0x4 
                0x08002be0                _etext = .

.vfp11_veneer   0x08002be0        0x0
 .vfp11_veneer  0x00000000        0x0 linker stubs

.v4_bx          0x08002be0        0x0
 .v4_bx         0x00000000        0x0 linker stubs

.iplt           0x08002be0        0x0
 .iplt          0x00000000        0x0 /opt/gcc-arm-none-eabi-4_9-2015q3/bin/../lib/gcc/arm-none-eabi/4.9.3/armv7e-m/softfp/crtbegin.o

.rodata         0x08002be0       0x40
                0x08002be0                . = ALIGN (0x8)
 *(.rodata)
 *(.rodata*)
 .rodata.AHBPrescTable
                0x08002be0       0x10 build/system_stm32l4xx.o
                0x08002be0                AHBPrescTable
 .rodata.MSIRangeTable
                0x08002bf0       0x30 build/system_stm32l4xx.o
                0x08002bf0                MSIRangeTable
                0x08002c20                . = ALIGN (0x8)

.rel.dyn        0x08002c20        0x0
 .rel.iplt      0x00000000        0x0 /opt/gcc-arm-none-eabi-4_9-2015q3/bin/../lib/gcc/arm-none-eabi/4.9.3/armv7e-m/softfp/crtbegin.o

.ARM.extab      0x08002c20        0x0
                0x08002c20                . = ALIGN (0x8)
 *(.ARM.extab* .gnu.linkonce.armextab.*)
                0x08002c20                . = ALIGN (0x8)

.ARM            0x08002c20        0x0
                0x08002c20                . = ALIGN (0x8)
                0x08002c20                __exidx_start = .
 *(.ARM.exidx*)
                0x08002c20                __exidx_end = .
                0x08002c20                . = ALIGN (0x8)

.preinit_array  0x08002c20        0x0
                0x08002c20                . = ALIGN (0x8)
                0x08002c20                PROVIDE (__preinit_array_start, .)
 *(.preinit_array*)
                0x08002c20                PROVIDE (__preinit_array_end, .)
                0x08002c20                . = ALIGN (0x8)

.init_array     0x08002c20        0x8
                0x08002c20                . = ALIGN (0x8)
                0x08002c20                PROVIDE (__init_array_start, .)
 *(SORT(.init_array.*))
 *(.init_array*)
 .init_array    0x08002c20        0x4 /opt/gcc-arm-none-eabi-4_9-2015q3/bin/../lib/gcc/arm-none-eabi/4.9.3/armv7e-m/softfp/crtbegin.o
                0x08002c24                PROVIDE (__init_array_end, .)
                0x08002c28                . = ALIGN (0x8)
 *fill*         0x08002c24        0x4 

.fini_array     0x08002c28        0x8
                0x08002c28                . = ALIGN (0x8)
                0x08002c28                PROVIDE (__fini_array_start, .)
 *(SORT(.fini_array.*))
 *(.fini_array*)
 .fini_array    0x08002c28        0x4 /opt/gcc-arm-none-eabi-4_9-2015q3/bin/../lib/gcc/arm-none-eabi/4.9.3/armv7e-m/softfp/crtbegin.o
                0x08002c2c                PROVIDE (__fini_array_end, .)
                0x08002c30                . = ALIGN (0x8)
 *fill*         0x08002c2c        0x4 
                0x08002c30                _sidata = LOADADDR (.data)

.data           0x20000000        0x8 load address 0x08002c30
                0x20000000                . = ALIGN (0x8)
                0x20000000                _sdata = .
 *(.data)
 *(.data*)
 .data.SystemCoreClock
                0x20000000        0x4 build/system_stm32l4xx.o
                0x20000000                SystemCoreClock
                0x20000008                . = ALIGN (0x8)
 *fill*         0x20000004        0x4 
                0x20000008                _edata = .

.jcr            0x20000008        0x0 load address 0x08002c38
 .jcr           0x20000008        0x0 /opt/gcc-arm-none-eabi-4_9-2015q3/bin/../lib/gcc/arm-none-eabi/4.9.3/armv7e-m/softfp/crtbegin.o

.igot.plt       0x20000008        0x0 load address 0x08002c38
 .igot.plt      0x00000000        0x0 /opt/gcc-arm-none-eabi-4_9-2015q3/bin/../lib/gcc/arm-none-eabi/4.9.3/armv7e-m/softfp/crtbegin.o
                0x20000008                . = ALIGN (0x4)

.bss            0x20000008       0x34 load address 0x08002c38
                0x20000008                _sbss = .
                0x20000008                __bss_start__ = _sbss
 *(.bss)
 .bss           0x20000008       0x1c /opt/gcc-arm-none-eabi-4_9-2015q3/bin/../lib/gcc/arm-none-eabi/4.9.3/armv7e-m/softfp/crtbegin.o
 *(.bss*)
 .bss.uwTick    0x20000024        0x4 build/stm32l4xx_hal.o
 .bss.GPIO_InitStruct
                0x20000028       0x14 build/main.o
 *(COMMON)
                0x2000003c                . = ALIGN (0x4)
                0x2000003c                _ebss = .
                0x2000003c                __bss_end__ = _ebss

._user_heap_stack
                0x2000003c      0x604 load address 0x08002c38
                0x20000040                . = ALIGN (0x8)
 *fill*         0x2000003c        0x4 
                0x20000040                PROVIDE (end, .)
                0x20000040                PROVIDE (_end, .)
                0x20000240                . = (. + _Min_Heap_Size)
 *fill*         0x20000040      0x200 
                0x20000640                . = (. + _Min_Stack_Size)
 *fill*         0x20000240      0x400 
                0x20000640                . = ALIGN (0x8)

/DISCARD/
 libc.a(*)
 libm.a(*)
 libgcc.a(*)

.ARM.attributes
                0x00000000       0x2e
 *(.ARM.attributes)
 .ARM.attributes
                0x00000000       0x22 /opt/gcc-arm-none-eabi-4_9-2015q3/bin/../lib/gcc/arm-none-eabi/4.9.3/armv7e-m/softfp/crti.o
 .ARM.attributes
                0x00000022       0x32 /opt/gcc-arm-none-eabi-4_9-2015q3/bin/../lib/gcc/arm-none-eabi/4.9.3/armv7e-m/softfp/crtbegin.o
 .ARM.attributes
                0x00000054       0x37 build/system_stm32l4xx.o
 .ARM.attributes
                0x0000008b       0x37 build/stm32l4xx_hal.o
 .ARM.attributes
                0x000000c2       0x37 build/stm32l4xx_hal_cortex.o
 .ARM.attributes
                0x000000f9       0x37 build/stm32l4xx_hal_gpio.o
 .ARM.attributes
                0x00000130       0x37 build/stm32l4xx_hal_pwr_ex.o
 .ARM.attributes
                0x00000167       0x37 build/stm32l4xx_hal_rcc.o
 .ARM.attributes
                0x0000019e       0x37 build/main.o
 .ARM.attributes
                0x000001d5       0x37 build/stm32l4xx_hal_msp.o
 .ARM.attributes
                0x0000020c       0x37 build/stm32l4xx_it.o
 .ARM.attributes
                0x00000243       0x21 build/startup_stm32l476xx.o
 .ARM.attributes
                0x00000264       0x32 /opt/gcc-arm-none-eabi-4_9-2015q3/bin/../lib/gcc/arm-none-eabi/4.9.3/../../../../arm-none-eabi/lib/armv7e-m/softfp/libc_nano.a(lib_a-init.o)
 .ARM.attributes
                0x00000296       0x32 /opt/gcc-arm-none-eabi-4_9-2015q3/bin/../lib/gcc/arm-none-eabi/4.9.3/../../../../arm-none-eabi/lib/armv7e-m/softfp/libc_nano.a(lib_a-memset.o)
 .ARM.attributes
                0x000002c8       0x22 /opt/gcc-arm-none-eabi-4_9-2015q3/bin/../lib/gcc/arm-none-eabi/4.9.3/armv7e-m/softfp/crtn.o
OUTPUT(build/GPIOTest.elf elf32-littlearm)

.debug_info     0x00000000     0x6355
 .debug_info    0x00000000      0x5e8 build/system_stm32l4xx.o
 .debug_info    0x000005e8      0xb7b build/stm32l4xx_hal.o
 .debug_info    0x00001163      0xe17 build/stm32l4xx_hal_cortex.o
 .debug_info    0x00001f7a      0x894 build/stm32l4xx_hal_gpio.o
 .debug_info    0x0000280e      0xab9 build/stm32l4xx_hal_pwr_ex.o
 .debug_info    0x000032c7     0x22a5 build/stm32l4xx_hal_rcc.o
 .debug_info    0x0000556c      0x668 build/main.o
 .debug_info    0x00005bd4      0x580 build/stm32l4xx_hal_msp.o
 .debug_info    0x00006154      0x16d build/stm32l4xx_it.o
 .debug_info    0x000062c1       0x94 build/startup_stm32l476xx.o

.debug_abbrev   0x00000000      0xe2e
 .debug_abbrev  0x00000000      0x122 build/system_stm32l4xx.o
 .debug_abbrev  0x00000122      0x1a2 build/stm32l4xx_hal.o
 .debug_abbrev  0x000002c4      0x286 build/stm32l4xx_hal_cortex.o
 .debug_abbrev  0x0000054a      0x1ac build/stm32l4xx_hal_gpio.o
 .debug_abbrev  0x000006f6      0x21f build/stm32l4xx_hal_pwr_ex.o
 .debug_abbrev  0x00000915      0x28b build/stm32l4xx_hal_rcc.o
 .debug_abbrev  0x00000ba0      0x12a build/main.o
 .debug_abbrev  0x00000cca       0xd1 build/stm32l4xx_hal_msp.o
 .debug_abbrev  0x00000d9b       0x81 build/stm32l4xx_it.o
 .debug_abbrev  0x00000e1c       0x12 build/startup_stm32l476xx.o

.debug_loc      0x00000000     0x25e4
 .debug_loc     0x00000000       0xa0 build/system_stm32l4xx.o
 .debug_loc     0x000000a0      0x768 build/stm32l4xx_hal.o
 .debug_loc     0x00000808      0x954 build/stm32l4xx_hal_cortex.o
 .debug_loc     0x0000115c      0x2d4 build/stm32l4xx_hal_gpio.o
 .debug_loc     0x00001430      0xaac build/stm32l4xx_hal_pwr_ex.o
 .debug_loc     0x00001edc      0x442 build/stm32l4xx_hal_rcc.o
 .debug_loc     0x0000231e       0x8a build/main.o
 .debug_loc     0x000023a8       0x50 build/stm32l4xx_hal_msp.o
 .debug_loc     0x000023f8      0x1ec build/stm32l4xx_it.o

.debug_aranges  0x00000000      0x510
 .debug_aranges
                0x00000000       0x28 build/system_stm32l4xx.o
 .debug_aranges
                0x00000028       0xf0 build/stm32l4xx_hal.o
 .debug_aranges
                0x00000118      0x108 build/stm32l4xx_hal_cortex.o
 .debug_aranges
                0x00000220       0x58 build/stm32l4xx_hal_gpio.o
 .debug_aranges
                0x00000278      0x140 build/stm32l4xx_hal_pwr_ex.o
 .debug_aranges
                0x000003b8       0x88 build/stm32l4xx_hal_rcc.o
 .debug_aranges
                0x00000440       0x28 build/main.o
 .debug_aranges
                0x00000468       0x20 build/stm32l4xx_hal_msp.o
 .debug_aranges
                0x00000488       0x60 build/stm32l4xx_it.o
 .debug_aranges
                0x000004e8       0x28 build/startup_stm32l476xx.o

.debug_ranges   0x00000000      0x478
 .debug_ranges  0x00000000       0x18 build/system_stm32l4xx.o
 .debug_ranges  0x00000018       0xe0 build/stm32l4xx_hal.o
 .debug_ranges  0x000000f8       0xf8 build/stm32l4xx_hal_cortex.o
 .debug_ranges  0x000001f0       0x48 build/stm32l4xx_hal_gpio.o
 .debug_ranges  0x00000238      0x130 build/stm32l4xx_hal_pwr_ex.o
 .debug_ranges  0x00000368       0x78 build/stm32l4xx_hal_rcc.o
 .debug_ranges  0x000003e0       0x18 build/main.o
 .debug_ranges  0x000003f8       0x10 build/stm32l4xx_hal_msp.o
 .debug_ranges  0x00000408       0x50 build/stm32l4xx_it.o
 .debug_ranges  0x00000458       0x20 build/startup_stm32l476xx.o

.debug_line     0x00000000     0x2a86
 .debug_line    0x00000000      0x1b9 build/system_stm32l4xx.o
 .debug_line    0x000001b9      0x39d build/stm32l4xx_hal.o
 .debug_line    0x00000556      0x48b build/stm32l4xx_hal_cortex.o
 .debug_line    0x000009e1      0x371 build/stm32l4xx_hal_gpio.o
 .debug_line    0x00000d52      0x56e build/stm32l4xx_hal_pwr_ex.o
 .debug_line    0x000012c0     0x124f build/stm32l4xx_hal_rcc.o
 .debug_line    0x0000250f      0x1e7 build/main.o
 .debug_line    0x000026f6      0x147 build/stm32l4xx_hal_msp.o
 .debug_line    0x0000283d      0x19e build/stm32l4xx_it.o
 .debug_line    0x000029db       0xab build/startup_stm32l476xx.o

.debug_str      0x00000000     0x1aec
 .debug_str     0x00000000      0x3a4 build/system_stm32l4xx.o
                                0x40f (size before relaxing)
 .debug_str     0x000003a4      0x8c1 build/stm32l4xx_hal.o
                                0xbee (size before relaxing)
 .debug_str     0x00000c65      0x392 build/stm32l4xx_hal_cortex.o
                                0xbc6 (size before relaxing)
 .debug_str     0x00000ff7      0x1dc build/stm32l4xx_hal_gpio.o
                                0x55a (size before relaxing)
 .debug_str     0x000011d3      0x519 build/stm32l4xx_hal_pwr_ex.o
                                0x7e9 (size before relaxing)
 .debug_str     0x000016ec      0x322 build/stm32l4xx_hal_rcc.o
                                0x82b (size before relaxing)
 .debug_str     0x00001a0e       0x23 build/main.o
                                0x500 (size before relaxing)
 .debug_str     0x00001a31       0x18 build/stm32l4xx_hal_msp.o
                                0x7e4 (size before relaxing)
 .debug_str     0x00001a49       0xa3 build/stm32l4xx_it.o
                                0x232 (size before relaxing)

.comment        0x00000000       0x70
 .comment       0x00000000       0x70 build/system_stm32l4xx.o
                                 0x71 (size before relaxing)
 .comment       0x00000000       0x71 build/stm32l4xx_hal.o
 .comment       0x00000000       0x71 build/stm32l4xx_hal_cortex.o
 .comment       0x00000000       0x71 build/stm32l4xx_hal_gpio.o
 .comment       0x00000000       0x71 build/stm32l4xx_hal_pwr_ex.o
 .comment       0x00000000       0x71 build/stm32l4xx_hal_rcc.o
 .comment       0x00000000       0x71 build/main.o
 .comment       0x00000000       0x71 build/stm32l4xx_hal_msp.o
 .comment       0x00000000       0x71 build/stm32l4xx_it.o

.debug_frame    0x00000000     0x13b8
 .debug_frame   0x00000000       0x5c build/system_stm32l4xx.o
 .debug_frame   0x0000005c      0x3e4 build/stm32l4xx_hal.o
 .debug_frame   0x00000440      0x488 build/stm32l4xx_hal_cortex.o
 .debug_frame   0x000008c8      0x154 build/stm32l4xx_hal_gpio.o
 .debug_frame   0x00000a1c      0x568 build/stm32l4xx_hal_pwr_ex.o
 .debug_frame   0x00000f84      0x22c build/stm32l4xx_hal_rcc.o
 .debug_frame   0x000011b0       0x58 build/main.o
 .debug_frame   0x00001208       0x38 build/stm32l4xx_hal_msp.o
 .debug_frame   0x00001240      0x12c build/stm32l4xx_it.o
 .debug_frame   0x0000136c       0x2c /opt/gcc-arm-none-eabi-4_9-2015q3/bin/../lib/gcc/arm-none-eabi/4.9.3/../../../../arm-none-eabi/lib/armv7e-m/softfp/libc_nano.a(lib_a-init.o)
 .debug_frame   0x00001398       0x20 /opt/gcc-arm-none-eabi-4_9-2015q3/bin/../lib/gcc/arm-none-eabi/4.9.3/../../../../arm-none-eabi/lib/armv7e-m/softfp/libc_nano.a(lib_a-memset.o)

Cross Reference Table

Symbol                                            File
ADC1_2_IRQHandler                                 build/startup_stm32l476xx.o
ADC3_IRQHandler                                   build/startup_stm32l476xx.o
AHBPrescTable                                     build/system_stm32l4xx.o
                                                  build/stm32l4xx_hal_rcc.o
APBAHBPrescTable                                  build/stm32l4xx_hal_rcc.o
BusFault_Handler                                  build/stm32l4xx_it.o
CAN1_RX0_IRQHandler                               build/startup_stm32l476xx.o
CAN1_RX1_IRQHandler                               build/startup_stm32l476xx.o
CAN1_SCE_IRQHandler                               build/startup_stm32l476xx.o
CAN1_TX_IRQHandler                                build/startup_stm32l476xx.o
COMP_IRQHandler                                   build/startup_stm32l476xx.o
DFSDM0_IRQHandler                                 build/startup_stm32l476xx.o
DFSDM1_IRQHandler                                 build/startup_stm32l476xx.o
DFSDM2_IRQHandler                                 build/startup_stm32l476xx.o
DFSDM3_IRQHandler                                 build/startup_stm32l476xx.o
DMA1_Channel1_IRQHandler                          build/startup_stm32l476xx.o
DMA1_Channel2_IRQHandler                          build/startup_stm32l476xx.o
DMA1_Channel3_IRQHandler                          build/startup_stm32l476xx.o
DMA1_Channel4_IRQHandler                          build/startup_stm32l476xx.o
DMA1_Channel5_IRQHandler                          build/startup_stm32l476xx.o
DMA1_Channel6_IRQHandler                          build/startup_stm32l476xx.o
DMA1_Channel7_IRQHandler                          build/startup_stm32l476xx.o
DMA2_Channel1_IRQHandler                          build/startup_stm32l476xx.o
DMA2_Channel2_IRQHandler                          build/startup_stm32l476xx.o
DMA2_Channel3_IRQHandler                          build/startup_stm32l476xx.o
DMA2_Channel4_IRQHandler                          build/startup_stm32l476xx.o
DMA2_Channel5_IRQHandler                          build/startup_stm32l476xx.o
DMA2_Channel6_IRQHandler                          build/startup_stm32l476xx.o
DMA2_Channel7_IRQHandler                          build/startup_stm32l476xx.o
DebugMon_Handler                                  build/stm32l4xx_it.o
Default_Handler                                   build/startup_stm32l476xx.o
EXTI0_IRQHandler                                  build/startup_stm32l476xx.o
EXTI15_10_IRQHandler                              build/startup_stm32l476xx.o
EXTI1_IRQHandler                                  build/startup_stm32l476xx.o
EXTI2_IRQHandler                                  build/startup_stm32l476xx.o
EXTI3_IRQHandler                                  build/startup_stm32l476xx.o
EXTI4_IRQHandler                                  build/startup_stm32l476xx.o
EXTI9_5_IRQHandler                                build/startup_stm32l476xx.o
FLASH_FlushCaches                                 build/stm32l4xx_hal_flash_ex.o
                                                  build/stm32l4xx_hal_flash.o
FLASH_IRQHandler                                  build/startup_stm32l476xx.o
FLASH_PageErase                                   build/stm32l4xx_hal_flash_ex.o
                                                  build/stm32l4xx_hal_flash.o
FLASH_WaitForLastOperation                        build/stm32l4xx_hal_flash.o
                                                  build/stm32l4xx_hal_flash_ex.o
FMC_IRQHandler                                    build/startup_stm32l476xx.o
FPU_IRQHandler                                    build/startup_stm32l476xx.o
HAL_DBGMCU_DisableDBGSleepMode                    build/stm32l4xx_hal.o
HAL_DBGMCU_DisableDBGStandbyMode                  build/stm32l4xx_hal.o
HAL_DBGMCU_DisableDBGStopMode                     build/stm32l4xx_hal.o
HAL_DBGMCU_EnableDBGSleepMode                     build/stm32l4xx_hal.o
HAL_DBGMCU_EnableDBGStandbyMode                   build/stm32l4xx_hal.o
HAL_DBGMCU_EnableDBGStopMode                      build/stm32l4xx_hal.o
HAL_DeInit                                        build/stm32l4xx_hal.o
HAL_Delay                                         build/stm32l4xx_hal.o
                                                  build/main.o
HAL_FLASHEx_DisableRunPowerDown                   build/stm32l4xx_hal_flash_ramfunc.o
HAL_FLASHEx_EnableRunPowerDown                    build/stm32l4xx_hal_flash_ramfunc.o
HAL_FLASHEx_Erase                                 build/stm32l4xx_hal_flash_ex.o
HAL_FLASHEx_Erase_IT                              build/stm32l4xx_hal_flash_ex.o
HAL_FLASHEx_OBGetConfig                           build/stm32l4xx_hal_flash_ex.o
HAL_FLASHEx_OBProgram                             build/stm32l4xx_hal_flash_ex.o
HAL_FLASH_EndOfOperationCallback                  build/stm32l4xx_hal_flash.o
HAL_FLASH_GetError                                build/stm32l4xx_hal_flash.o
HAL_FLASH_IRQHandler                              build/stm32l4xx_hal_flash.o
HAL_FLASH_Lock                                    build/stm32l4xx_hal_flash.o
HAL_FLASH_OB_Launch                               build/stm32l4xx_hal_flash.o
HAL_FLASH_OB_Lock                                 build/stm32l4xx_hal_flash.o
HAL_FLASH_OB_Unlock                               build/stm32l4xx_hal_flash.o
HAL_FLASH_OperationErrorCallback                  build/stm32l4xx_hal_flash.o
HAL_FLASH_Program                                 build/stm32l4xx_hal_flash.o
HAL_FLASH_Program_IT                              build/stm32l4xx_hal_flash.o
HAL_FLASH_Unlock                                  build/stm32l4xx_hal_flash.o
HAL_GPIO_DeInit                                   build/stm32l4xx_hal_gpio.o
HAL_GPIO_EXTI_Callback                            build/stm32l4xx_hal_gpio.o
HAL_GPIO_EXTI_IRQHandler                          build/stm32l4xx_hal_gpio.o
HAL_GPIO_Init                                     build/stm32l4xx_hal_gpio.o
                                                  build/main.o
                                                  build/stm32l4xx_hal_rcc_ex.o
                                                  build/stm32l4xx_hal_rcc.o
HAL_GPIO_LockPin                                  build/stm32l4xx_hal_gpio.o
HAL_GPIO_ReadPin                                  build/stm32l4xx_hal_gpio.o
HAL_GPIO_TogglePin                                build/stm32l4xx_hal_gpio.o
                                                  build/main.o
HAL_GPIO_WritePin                                 build/stm32l4xx_hal_gpio.o
HAL_GetDEVID                                      build/stm32l4xx_hal.o
HAL_GetHalVersion                                 build/stm32l4xx_hal.o
HAL_GetREVID                                      build/stm32l4xx_hal.o
HAL_GetTick                                       build/stm32l4xx_hal.o
                                                  build/stm32l4xx_hal_rcc_ex.o
                                                  build/stm32l4xx_hal_rcc.o
                                                  build/stm32l4xx_hal_flash.o
HAL_IncTick                                       build/stm32l4xx_hal.o
                                                  build/stm32l4xx_it.o
HAL_Init                                          build/stm32l4xx_hal.o
                                                  build/main.o
HAL_InitTick                                      build/stm32l4xx_hal.o
                                                  build/stm32l4xx_hal_rcc.o
HAL_MPU_ConfigRegion                              build/stm32l4xx_hal_cortex.o
HAL_MspDeInit                                     build/stm32l4xx_hal.o
HAL_MspInit                                       build/stm32l4xx_hal_msp.o
                                                  build/stm32l4xx_hal.o
HAL_NVIC_ClearPendingIRQ                          build/stm32l4xx_hal_cortex.o
HAL_NVIC_DisableIRQ                               build/stm32l4xx_hal_cortex.o
HAL_NVIC_EnableIRQ                                build/stm32l4xx_hal_cortex.o
HAL_NVIC_GetActive                                build/stm32l4xx_hal_cortex.o
HAL_NVIC_GetPendingIRQ                            build/stm32l4xx_hal_cortex.o
HAL_NVIC_GetPriority                              build/stm32l4xx_hal_cortex.o
HAL_NVIC_GetPriorityGrouping                      build/stm32l4xx_hal_cortex.o
HAL_NVIC_SetPendingIRQ                            build/stm32l4xx_hal_cortex.o
HAL_NVIC_SetPriority                              build/stm32l4xx_hal_cortex.o
                                                  build/stm32l4xx_hal_msp.o
                                                  build/stm32l4xx_hal.o
HAL_NVIC_SetPriorityGrouping                      build/stm32l4xx_hal_cortex.o
                                                  build/stm32l4xx_hal_msp.o
                                                  build/stm32l4xx_hal.o
HAL_NVIC_SystemReset                              build/stm32l4xx_hal_cortex.o
HAL_PWREx_ConfigPVM                               build/stm32l4xx_hal_pwr_ex.o
HAL_PWREx_ControlVoltageScaling                   build/stm32l4xx_hal_pwr_ex.o
HAL_PWREx_DisableBatteryCharging                  build/stm32l4xx_hal_pwr_ex.o
HAL_PWREx_DisableGPIOPullDown                     build/stm32l4xx_hal_pwr_ex.o
HAL_PWREx_DisableGPIOPullUp                       build/stm32l4xx_hal_pwr_ex.o
HAL_PWREx_DisableInternalWakeUpLine               build/stm32l4xx_hal_pwr_ex.o
HAL_PWREx_DisableLowPowerRunMode                  build/stm32l4xx_hal_pwr_ex.o
                                                  build/stm32l4xx_hal_pwr.o
HAL_PWREx_DisablePVM1                             build/stm32l4xx_hal_pwr_ex.o
HAL_PWREx_DisablePVM2                             build/stm32l4xx_hal_pwr_ex.o
HAL_PWREx_DisablePVM3                             build/stm32l4xx_hal_pwr_ex.o
HAL_PWREx_DisablePVM4                             build/stm32l4xx_hal_pwr_ex.o
HAL_PWREx_DisablePullUpPullDownConfig             build/stm32l4xx_hal_pwr_ex.o
HAL_PWREx_DisableSRAM2ContentRetention            build/stm32l4xx_hal_pwr_ex.o
HAL_PWREx_DisableVddIO2                           build/stm32l4xx_hal_pwr_ex.o
HAL_PWREx_DisableVddUSB                           build/stm32l4xx_hal_pwr_ex.o
HAL_PWREx_EnableBatteryCharging                   build/stm32l4xx_hal_pwr_ex.o
HAL_PWREx_EnableGPIOPullDown                      build/stm32l4xx_hal_pwr_ex.o
HAL_PWREx_EnableGPIOPullUp                        build/stm32l4xx_hal_pwr_ex.o
HAL_PWREx_EnableInternalWakeUpLine                build/stm32l4xx_hal_pwr_ex.o
HAL_PWREx_EnableLowPowerRunMode                   build/stm32l4xx_hal_pwr_ex.o
                                                  build/stm32l4xx_hal_pwr.o
HAL_PWREx_EnablePVM1                              build/stm32l4xx_hal_pwr_ex.o
HAL_PWREx_EnablePVM2                              build/stm32l4xx_hal_pwr_ex.o
HAL_PWREx_EnablePVM3                              build/stm32l4xx_hal_pwr_ex.o
HAL_PWREx_EnablePVM4                              build/stm32l4xx_hal_pwr_ex.o
HAL_PWREx_EnablePullUpPullDownConfig              build/stm32l4xx_hal_pwr_ex.o
HAL_PWREx_EnableSRAM2ContentRetention             build/stm32l4xx_hal_pwr_ex.o
HAL_PWREx_EnableVddIO2                            build/stm32l4xx_hal_pwr_ex.o
HAL_PWREx_EnableVddUSB                            build/stm32l4xx_hal_pwr_ex.o
HAL_PWREx_EnterSHUTDOWNMode                       build/stm32l4xx_hal_pwr_ex.o
HAL_PWREx_EnterSTOP1Mode                          build/stm32l4xx_hal_pwr_ex.o
                                                  build/stm32l4xx_hal_pwr.o
HAL_PWREx_EnterSTOP2Mode                          build/stm32l4xx_hal_pwr_ex.o
HAL_PWREx_GetVoltageRange                         build/stm32l4xx_hal_pwr_ex.o
                                                  build/stm32l4xx_hal_rcc.o
HAL_PWREx_PVD_PVM_IRQHandler                      build/stm32l4xx_hal_pwr_ex.o
HAL_PWREx_PVM1Callback                            build/stm32l4xx_hal_pwr_ex.o
HAL_PWREx_PVM2Callback                            build/stm32l4xx_hal_pwr_ex.o
HAL_PWREx_PVM3Callback                            build/stm32l4xx_hal_pwr_ex.o
HAL_PWREx_PVM4Callback                            build/stm32l4xx_hal_pwr_ex.o
HAL_PWR_ConfigPVD                                 build/stm32l4xx_hal_pwr.o
HAL_PWR_DeInit                                    build/stm32l4xx_hal_pwr.o
HAL_PWR_DisableBkUpAccess                         build/stm32l4xx_hal_pwr.o
                                                  build/stm32l4xx_hal_rcc_ex.o
HAL_PWR_DisablePVD                                build/stm32l4xx_hal_pwr.o
HAL_PWR_DisableSEVOnPend                          build/stm32l4xx_hal_pwr.o
HAL_PWR_DisableSleepOnExit                        build/stm32l4xx_hal_pwr.o
HAL_PWR_DisableWakeUpPin                          build/stm32l4xx_hal_pwr.o
HAL_PWR_EnableBkUpAccess                          build/stm32l4xx_hal_pwr.o
                                                  build/stm32l4xx_hal_rcc_ex.o
HAL_PWR_EnablePVD                                 build/stm32l4xx_hal_pwr.o
HAL_PWR_EnableSEVOnPend                           build/stm32l4xx_hal_pwr.o
HAL_PWR_EnableSleepOnExit                         build/stm32l4xx_hal_pwr.o
HAL_PWR_EnableWakeUpPin                           build/stm32l4xx_hal_pwr.o
HAL_PWR_EnterSLEEPMode                            build/stm32l4xx_hal_pwr.o
HAL_PWR_EnterSTANDBYMode                          build/stm32l4xx_hal_pwr.o
HAL_PWR_EnterSTOPMode                             build/stm32l4xx_hal_pwr.o
HAL_PWR_PVDCallback                               build/stm32l4xx_hal_pwr.o
                                                  build/stm32l4xx_hal_pwr_ex.o
HAL_RCCEx_DisableLSCO                             build/stm32l4xx_hal_rcc_ex.o
HAL_RCCEx_DisableLSECSS                           build/stm32l4xx_hal_rcc_ex.o
HAL_RCCEx_DisableMSIPLLMode                       build/stm32l4xx_hal_rcc_ex.o
HAL_RCCEx_DisablePLLSAI1                          build/stm32l4xx_hal_rcc_ex.o
HAL_RCCEx_DisablePLLSAI2                          build/stm32l4xx_hal_rcc_ex.o
HAL_RCCEx_EnableLSCO                              build/stm32l4xx_hal_rcc_ex.o
HAL_RCCEx_EnableLSECSS                            build/stm32l4xx_hal_rcc_ex.o
HAL_RCCEx_EnableLSECSS_IT                         build/stm32l4xx_hal_rcc_ex.o
HAL_RCCEx_EnableMSIPLLMode                        build/stm32l4xx_hal_rcc_ex.o
HAL_RCCEx_EnablePLLSAI1                           build/stm32l4xx_hal_rcc_ex.o
HAL_RCCEx_EnablePLLSAI2                           build/stm32l4xx_hal_rcc_ex.o
HAL_RCCEx_GetPeriphCLKConfig                      build/stm32l4xx_hal_rcc_ex.o
HAL_RCCEx_GetPeriphCLKFreq                        build/stm32l4xx_hal_rcc_ex.o
HAL_RCCEx_LSECSS_Callback                         build/stm32l4xx_hal_rcc_ex.o
HAL_RCCEx_LSECSS_IRQHandler                       build/stm32l4xx_hal_rcc_ex.o
HAL_RCCEx_PeriphCLKConfig                         build/stm32l4xx_hal_rcc_ex.o
HAL_RCCEx_StandbyMSIRangeConfig                   build/stm32l4xx_hal_rcc_ex.o
HAL_RCCEx_WakeUpStopCLKConfig                     build/stm32l4xx_hal_rcc_ex.o
HAL_RCC_CSSCallback                               build/stm32l4xx_hal_rcc.o
HAL_RCC_ClockConfig                               build/stm32l4xx_hal_rcc.o
                                                  build/main.o
HAL_RCC_DeInit                                    build/stm32l4xx_hal_rcc.o
HAL_RCC_EnableCSS                                 build/stm32l4xx_hal_rcc.o
HAL_RCC_GetClockConfig                            build/stm32l4xx_hal_rcc.o
HAL_RCC_GetHCLKFreq                               build/stm32l4xx_hal_rcc.o
                                                  build/stm32l4xx_hal.o
HAL_RCC_GetOscConfig                              build/stm32l4xx_hal_rcc.o
HAL_RCC_GetPCLK1Freq                              build/stm32l4xx_hal_rcc.o
                                                  build/stm32l4xx_hal_rcc_ex.o
HAL_RCC_GetPCLK2Freq                              build/stm32l4xx_hal_rcc.o
                                                  build/stm32l4xx_hal_rcc_ex.o
HAL_RCC_GetSysClockFreq                           build/stm32l4xx_hal_rcc.o
                                                  build/stm32l4xx_hal_rcc_ex.o
HAL_RCC_MCOConfig                                 build/stm32l4xx_hal_rcc.o
HAL_RCC_NMI_IRQHandler                            build/stm32l4xx_hal_rcc.o
HAL_RCC_OscConfig                                 build/stm32l4xx_hal_rcc.o
                                                  build/main.o
HAL_ResumeTick                                    build/stm32l4xx_hal.o
HAL_SYSCFG_DisableMemorySwappingBank              build/stm32l4xx_hal.o
HAL_SYSCFG_DisableVREFBUF                         build/stm32l4xx_hal.o
HAL_SYSCFG_EnableMemorySwappingBank               build/stm32l4xx_hal.o
HAL_SYSCFG_EnableVREFBUF                          build/stm32l4xx_hal.o
HAL_SYSCFG_SRAM2Erase                             build/stm32l4xx_hal.o
HAL_SYSCFG_VREFBUF_HighImpedanceConfig            build/stm32l4xx_hal.o
HAL_SYSCFG_VREFBUF_TrimmingConfig                 build/stm32l4xx_hal.o
HAL_SYSCFG_VREFBUF_VoltageScalingConfig           build/stm32l4xx_hal.o
HAL_SYSTICK_CLKSourceConfig                       build/stm32l4xx_hal_cortex.o
HAL_SYSTICK_Callback                              build/stm32l4xx_hal_cortex.o
HAL_SYSTICK_Config                                build/stm32l4xx_hal_cortex.o
                                                  build/stm32l4xx_hal.o
HAL_SYSTICK_IRQHandler                            build/stm32l4xx_hal_cortex.o
HAL_SuspendTick                                   build/stm32l4xx_hal.o
HardFault_Handler                                 build/stm32l4xx_it.o
I2C1_ER_IRQHandler                                build/startup_stm32l476xx.o
I2C1_EV_IRQHandler                                build/startup_stm32l476xx.o
I2C2_ER_IRQHandler                                build/startup_stm32l476xx.o
I2C2_EV_IRQHandler                                build/startup_stm32l476xx.o
I2C3_ER_IRQHandler                                build/startup_stm32l476xx.o
I2C3_EV_IRQHandler                                build/startup_stm32l476xx.o
LCD_IRQHandler                                    build/startup_stm32l476xx.o
LPTIM1_IRQHandler                                 build/startup_stm32l476xx.o
LPTIM2_IRQHandler                                 build/startup_stm32l476xx.o
LPUART1_IRQHandler                                build/startup_stm32l476xx.o
MSIRangeTable                                     build/system_stm32l4xx.o
                                                  build/stm32l4xx_hal_rcc.o
MemManage_Handler                                 build/stm32l4xx_it.o
NMI_Handler                                       build/stm32l4xx_it.o
OTG_FS_IRQHandler                                 build/startup_stm32l476xx.o
PVD_PVM_IRQHandler                                build/startup_stm32l476xx.o
PendSV_Handler                                    build/stm32l4xx_it.o
QUADSPI_IRQHandler                                build/startup_stm32l476xx.o
RCC_IRQHandler                                    build/startup_stm32l476xx.o
RNG_IRQHandler                                    build/startup_stm32l476xx.o
RTC_Alarm_IRQHandler                              build/startup_stm32l476xx.o
RTC_WKUP_IRQHandler                               build/startup_stm32l476xx.o
Reset_Handler                                     build/startup_stm32l476xx.o
SAI1_IRQHandler                                   build/startup_stm32l476xx.o
SAI2_IRQHandler                                   build/startup_stm32l476xx.o
SDMMC1_IRQHandler                                 build/startup_stm32l476xx.o
SPI1_IRQHandler                                   build/startup_stm32l476xx.o
SPI2_IRQHandler                                   build/startup_stm32l476xx.o
SPI3_IRQHandler                                   build/startup_stm32l476xx.o
SVC_Handler                                       build/stm32l4xx_it.o
SWPMI1_IRQHandler                                 build/startup_stm32l476xx.o
SysTick_Handler                                   build/stm32l4xx_it.o
SystemClock_Config                                build/main.o
SystemCoreClock                                   build/system_stm32l4xx.o
                                                  build/stm32l4xx_hal_rcc.o
                                                  build/stm32l4xx_hal_pwr_ex.o
SystemCoreClockUpdate                             build/system_stm32l4xx.o
SystemInit                                        build/system_stm32l4xx.o
                                                  build/startup_stm32l476xx.o
TAMP_STAMP_IRQHandler                             build/startup_stm32l476xx.o
TIM1_BRK_TIM15_IRQHandler                         build/startup_stm32l476xx.o
TIM1_CC_IRQHandler                                build/startup_stm32l476xx.o
TIM1_TRG_COM_TIM17_IRQHandler                     build/startup_stm32l476xx.o
TIM1_UP_TIM16_IRQHandler                          build/startup_stm32l476xx.o
TIM2_IRQHandler                                   build/startup_stm32l476xx.o
TIM3_IRQHandler                                   build/startup_stm32l476xx.o
TIM4_IRQHandler                                   build/startup_stm32l476xx.o
TIM5_IRQHandler                                   build/startup_stm32l476xx.o
TIM6_DAC_IRQHandler                               build/startup_stm32l476xx.o
TIM7_IRQHandler                                   build/startup_stm32l476xx.o
TIM8_BRK_IRQHandler                               build/startup_stm32l476xx.o
TIM8_CC_IRQHandler                                build/startup_stm32l476xx.o
TIM8_TRG_COM_IRQHandler                           build/startup_stm32l476xx.o
TIM8_UP_IRQHandler                                build/startup_stm32l476xx.o
TSC_IRQHandler                                    build/startup_stm32l476xx.o
UART4_IRQHandler                                  build/startup_stm32l476xx.o
UART5_IRQHandler                                  build/startup_stm32l476xx.o
USART1_IRQHandler                                 build/startup_stm32l476xx.o
USART2_IRQHandler                                 build/startup_stm32l476xx.o
USART3_IRQHandler                                 build/startup_stm32l476xx.o
UsageFault_Handler                                build/stm32l4xx_it.o
WWDG_IRQHandler                                   build/startup_stm32l476xx.o
_Jv_RegisterClasses                               /opt/gcc-arm-none-eabi-4_9-2015q3/bin/../lib/gcc/arm-none-eabi/4.9.3/armv7e-m/softfp/crtbegin.o
__bss_end__                                       /opt/gcc-arm-none-eabi-4_9-2015q3/bin/../lib/gcc/arm-none-eabi/4.9.3/../../../../arm-none-eabi/lib/armv7e-m/softfp/crt0.o
__bss_start__                                     /opt/gcc-arm-none-eabi-4_9-2015q3/bin/../lib/gcc/arm-none-eabi/4.9.3/../../../../arm-none-eabi/lib/armv7e-m/softfp/crt0.o
__call_exitprocs                                  /opt/gcc-arm-none-eabi-4_9-2015q3/bin/../lib/gcc/arm-none-eabi/4.9.3/../../../../arm-none-eabi/lib/armv7e-m/softfp/libc_nano.a(lib_a-exit.o)
__deregister_frame_info                           /opt/gcc-arm-none-eabi-4_9-2015q3/bin/../lib/gcc/arm-none-eabi/4.9.3/armv7e-m/softfp/crtbegin.o
__dso_handle                                      /opt/gcc-arm-none-eabi-4_9-2015q3/bin/../lib/gcc/arm-none-eabi/4.9.3/armv7e-m/softfp/crtbegin.o
__init_array_end                                  /opt/gcc-arm-none-eabi-4_9-2015q3/bin/../lib/gcc/arm-none-eabi/4.9.3/../../../../arm-none-eabi/lib/armv7e-m/softfp/libc_nano.a(lib_a-init.o)
__init_array_start                                /opt/gcc-arm-none-eabi-4_9-2015q3/bin/../lib/gcc/arm-none-eabi/4.9.3/../../../../arm-none-eabi/lib/armv7e-m/softfp/libc_nano.a(lib_a-init.o)
__libc_fini_array                                 /opt/gcc-arm-none-eabi-4_9-2015q3/bin/../lib/gcc/arm-none-eabi/4.9.3/../../../../arm-none-eabi/lib/armv7e-m/softfp/crt0.o
__libc_init_array                                 /opt/gcc-arm-none-eabi-4_9-2015q3/bin/../lib/gcc/arm-none-eabi/4.9.3/../../../../arm-none-eabi/lib/armv7e-m/softfp/libc_nano.a(lib_a-init.o)
                                                  build/startup_stm32l476xx.o
                                                  /opt/gcc-arm-none-eabi-4_9-2015q3/bin/../lib/gcc/arm-none-eabi/4.9.3/../../../../arm-none-eabi/lib/armv7e-m/softfp/crt0.o
__preinit_array_end                               /opt/gcc-arm-none-eabi-4_9-2015q3/bin/../lib/gcc/arm-none-eabi/4.9.3/../../../../arm-none-eabi/lib/armv7e-m/softfp/libc_nano.a(lib_a-init.o)
__preinit_array_start                             /opt/gcc-arm-none-eabi-4_9-2015q3/bin/../lib/gcc/arm-none-eabi/4.9.3/../../../../arm-none-eabi/lib/armv7e-m/softfp/libc_nano.a(lib_a-init.o)
__register_frame_info                             /opt/gcc-arm-none-eabi-4_9-2015q3/bin/../lib/gcc/arm-none-eabi/4.9.3/armv7e-m/softfp/crtbegin.o
__sf_fake_stderr                                  /opt/gcc-arm-none-eabi-4_9-2015q3/bin/../lib/gcc/arm-none-eabi/4.9.3/../../../../arm-none-eabi/lib/armv7e-m/softfp/libc_nano.a(lib_a-impure.o)
__sf_fake_stdin                                   /opt/gcc-arm-none-eabi-4_9-2015q3/bin/../lib/gcc/arm-none-eabi/4.9.3/../../../../arm-none-eabi/lib/armv7e-m/softfp/libc_nano.a(lib_a-impure.o)
__sf_fake_stdout                                  /opt/gcc-arm-none-eabi-4_9-2015q3/bin/../lib/gcc/arm-none-eabi/4.9.3/../../../../arm-none-eabi/lib/armv7e-m/softfp/libc_nano.a(lib_a-impure.o)
__stack                                           /opt/gcc-arm-none-eabi-4_9-2015q3/bin/../lib/gcc/arm-none-eabi/4.9.3/../../../../arm-none-eabi/lib/armv7e-m/softfp/crt0.o
_ebss                                             build/startup_stm32l476xx.o
_edata                                            build/startup_stm32l476xx.o
_estack                                           build/startup_stm32l476xx.o
_exit                                             /opt/gcc-arm-none-eabi-4_9-2015q3/bin/../lib/gcc/arm-none-eabi/4.9.3/../../../../arm-none-eabi/lib/armv7e-m/softfp/libnosys.a(_exit.o)
                                                  /opt/gcc-arm-none-eabi-4_9-2015q3/bin/../lib/gcc/arm-none-eabi/4.9.3/../../../../arm-none-eabi/lib/armv7e-m/softfp/libc_nano.a(lib_a-exit.o)
_fini                                             /opt/gcc-arm-none-eabi-4_9-2015q3/bin/../lib/gcc/arm-none-eabi/4.9.3/armv7e-m/softfp/crti.o
_global_impure_ptr                                /opt/gcc-arm-none-eabi-4_9-2015q3/bin/../lib/gcc/arm-none-eabi/4.9.3/../../../../arm-none-eabi/lib/armv7e-m/softfp/libc_nano.a(lib_a-impure.o)
                                                  /opt/gcc-arm-none-eabi-4_9-2015q3/bin/../lib/gcc/arm-none-eabi/4.9.3/../../../../arm-none-eabi/lib/armv7e-m/softfp/libc_nano.a(lib_a-exit.o)
_impure_ptr                                       /opt/gcc-arm-none-eabi-4_9-2015q3/bin/../lib/gcc/arm-none-eabi/4.9.3/../../../../arm-none-eabi/lib/armv7e-m/softfp/libc_nano.a(lib_a-impure.o)
_init                                             /opt/gcc-arm-none-eabi-4_9-2015q3/bin/../lib/gcc/arm-none-eabi/4.9.3/armv7e-m/softfp/crti.o
                                                  /opt/gcc-arm-none-eabi-4_9-2015q3/bin/../lib/gcc/arm-none-eabi/4.9.3/../../../../arm-none-eabi/lib/armv7e-m/softfp/libc_nano.a(lib_a-init.o)
_mainCRTStartup                                   /opt/gcc-arm-none-eabi-4_9-2015q3/bin/../lib/gcc/arm-none-eabi/4.9.3/../../../../arm-none-eabi/lib/armv7e-m/softfp/crt0.o
_sbss                                             build/startup_stm32l476xx.o
_sdata                                            build/startup_stm32l476xx.o
_sidata                                           build/startup_stm32l476xx.o
_start                                            /opt/gcc-arm-none-eabi-4_9-2015q3/bin/../lib/gcc/arm-none-eabi/4.9.3/../../../../arm-none-eabi/lib/armv7e-m/softfp/crt0.o
atexit                                            /opt/gcc-arm-none-eabi-4_9-2015q3/bin/../lib/gcc/arm-none-eabi/4.9.3/../../../../arm-none-eabi/lib/armv7e-m/softfp/crt0.o
exit                                              /opt/gcc-arm-none-eabi-4_9-2015q3/bin/../lib/gcc/arm-none-eabi/4.9.3/../../../../arm-none-eabi/lib/armv7e-m/softfp/libc_nano.a(lib_a-exit.o)
                                                  /opt/gcc-arm-none-eabi-4_9-2015q3/bin/../lib/gcc/arm-none-eabi/4.9.3/../../../../arm-none-eabi/lib/armv7e-m/softfp/crt0.o
g_pfnVectors                                      build/startup_stm32l476xx.o
hardware_init_hook                                /opt/gcc-arm-none-eabi-4_9-2015q3/bin/../lib/gcc/arm-none-eabi/4.9.3/../../../../arm-none-eabi/lib/armv7e-m/softfp/crt0.o
main                                              build/main.o
                                                  build/startup_stm32l476xx.o
                                                  /opt/gcc-arm-none-eabi-4_9-2015q3/bin/../lib/gcc/arm-none-eabi/4.9.3/../../../../arm-none-eabi/lib/armv7e-m/softfp/crt0.o
memset                                            /opt/gcc-arm-none-eabi-4_9-2015q3/bin/../lib/gcc/arm-none-eabi/4.9.3/../../../../arm-none-eabi/lib/armv7e-m/softfp/libc_nano.a(lib_a-memset.o)
                                                  build/main.o
                                                  /opt/gcc-arm-none-eabi-4_9-2015q3/bin/../lib/gcc/arm-none-eabi/4.9.3/../../../../arm-none-eabi/lib/armv7e-m/softfp/crt0.o
pFlash                                            build/stm32l4xx_hal_flash.o
                                                  build/stm32l4xx_hal_flash_ex.o
software_init_hook                                /opt/gcc-arm-none-eabi-4_9-2015q3/bin/../lib/gcc/arm-none-eabi/4.9.3/../../../../arm-none-eabi/lib/armv7e-m/softfp/crt0.o
