Archive member included because of file (symbol)

./mbed/TARGET_NUCLEO_L476RG/TOOLCHAIN_GCC_ARM/libmbed.a(serial_api.o)
                              mbed/TARGET_NUCLEO_L476RG/TOOLCHAIN_GCC_ARM/retarget.o (serial_init)
./mbed/TARGET_NUCLEO_L476RG/TOOLCHAIN_GCC_ARM/libmbed.a(FilePath.o)
                              mbed/TARGET_NUCLEO_L476RG/TOOLCHAIN_GCC_ARM/retarget.o (mbed::FilePath::FilePath(char const*))
./mbed/TARGET_NUCLEO_L476RG/TOOLCHAIN_GCC_ARM/libmbed.a(FileSystemLike.o)
                              mbed/TARGET_NUCLEO_L476RG/TOOLCHAIN_GCC_ARM/retarget.o (mbed::FileSystemLike::opendir())
./mbed/TARGET_NUCLEO_L476RG/TOOLCHAIN_GCC_ARM/libmbed.a(assert.o)
                              ./mbed/TARGET_NUCLEO_L476RG/TOOLCHAIN_GCC_ARM/libmbed.a(serial_api.o) (mbed_assert_internal)
./mbed/TARGET_NUCLEO_L476RG/TOOLCHAIN_GCC_ARM/libmbed.a(error.o)
                              mbed/TARGET_NUCLEO_L476RG/TOOLCHAIN_GCC_ARM/retarget.o (error)
./mbed/TARGET_NUCLEO_L476RG/TOOLCHAIN_GCC_ARM/libmbed.a(gpio.o)
                              main.o (gpio_init_out)
./mbed/TARGET_NUCLEO_L476RG/TOOLCHAIN_GCC_ARM/libmbed.a(pinmap_common.o)
                              ./mbed/TARGET_NUCLEO_L476RG/TOOLCHAIN_GCC_ARM/libmbed.a(serial_api.o) (pinmap_pinout)
./mbed/TARGET_NUCLEO_L476RG/TOOLCHAIN_GCC_ARM/libmbed.a(us_ticker_api.o)
                              mbed/TARGET_NUCLEO_L476RG/TOOLCHAIN_GCC_ARM/hal_tick.o (us_ticker_irq_handler)
./mbed/TARGET_NUCLEO_L476RG/TOOLCHAIN_GCC_ARM/libmbed.a(wait_api.o)
                              main.o (wait)
./mbed/TARGET_NUCLEO_L476RG/TOOLCHAIN_GCC_ARM/libmbed.a(PeripheralPins.o)
                              ./mbed/TARGET_NUCLEO_L476RG/TOOLCHAIN_GCC_ARM/libmbed.a(serial_api.o) (PinMap_UART_RX)
./mbed/TARGET_NUCLEO_L476RG/TOOLCHAIN_GCC_ARM/libmbed.a(gpio_api.o)
                              ./mbed/TARGET_NUCLEO_L476RG/TOOLCHAIN_GCC_ARM/libmbed.a(gpio.o) (gpio_init)
./mbed/TARGET_NUCLEO_L476RG/TOOLCHAIN_GCC_ARM/libmbed.a(pinmap.o)
                              ./mbed/TARGET_NUCLEO_L476RG/TOOLCHAIN_GCC_ARM/libmbed.a(gpio_api.o) (Set_GPIO_Clock)
./mbed/TARGET_NUCLEO_L476RG/TOOLCHAIN_GCC_ARM/libmbed.a(us_ticker.o)
                              ./mbed/TARGET_NUCLEO_L476RG/TOOLCHAIN_GCC_ARM/libmbed.a(us_ticker_api.o) (us_ticker_init)
./mbed/TARGET_NUCLEO_L476RG/TOOLCHAIN_GCC_ARM/libmbed.a(FileBase.o)
                              ./mbed/TARGET_NUCLEO_L476RG/TOOLCHAIN_GCC_ARM/libmbed.a(FileSystemLike.o) (mbed::FileBase::~FileBase())
./mbed/TARGET_NUCLEO_L476RG/TOOLCHAIN_GCC_ARM/libmbed.a(ticker_api.o)
                              ./mbed/TARGET_NUCLEO_L476RG/TOOLCHAIN_GCC_ARM/libmbed.a(us_ticker_api.o) (ticker_irq_handler)
/opt/gcc-arm-none-eabi-4_9-2015q3/bin/../lib/gcc/arm-none-eabi/4.9.3/../../../../arm-none-eabi/lib/armv7e-m/softfp/libstdc++_nano.a(del_op.o)
                              mbed/TARGET_NUCLEO_L476RG/TOOLCHAIN_GCC_ARM/retarget.o (operator delete(void*))
/opt/gcc-arm-none-eabi-4_9-2015q3/bin/../lib/gcc/arm-none-eabi/4.9.3/../../../../arm-none-eabi/lib/armv7e-m/softfp/libstdc++_nano.a(new_op.o)
                              ./mbed/TARGET_NUCLEO_L476RG/TOOLCHAIN_GCC_ARM/libmbed.a(FileSystemLike.o) (operator new(unsigned int))
/opt/gcc-arm-none-eabi-4_9-2015q3/bin/../lib/gcc/arm-none-eabi/4.9.3/../../../../arm-none-eabi/lib/armv7e-m/softfp/libstdc++_nano.a(new_handler.o)
                              /opt/gcc-arm-none-eabi-4_9-2015q3/bin/../lib/gcc/arm-none-eabi/4.9.3/../../../../arm-none-eabi/lib/armv7e-m/softfp/libstdc++_nano.a(new_op.o) (std::get_new_handler())
/opt/gcc-arm-none-eabi-4_9-2015q3/bin/../lib/gcc/arm-none-eabi/4.9.3/../../../../arm-none-eabi/lib/armv7e-m/softfp/libc_nano.a(lib_a-abort.o)
                              /opt/gcc-arm-none-eabi-4_9-2015q3/bin/../lib/gcc/arm-none-eabi/4.9.3/../../../../arm-none-eabi/lib/armv7e-m/softfp/libstdc++_nano.a(new_op.o) (abort)
/opt/gcc-arm-none-eabi-4_9-2015q3/bin/../lib/gcc/arm-none-eabi/4.9.3/../../../../arm-none-eabi/lib/armv7e-m/softfp/libc_nano.a(lib_a-errno.o)
                              mbed/TARGET_NUCLEO_L476RG/TOOLCHAIN_GCC_ARM/retarget.o (__errno)
/opt/gcc-arm-none-eabi-4_9-2015q3/bin/../lib/gcc/arm-none-eabi/4.9.3/../../../../arm-none-eabi/lib/armv7e-m/softfp/libc_nano.a(lib_a-exit.o)
                              /opt/gcc-arm-none-eabi-4_9-2015q3/bin/../lib/gcc/arm-none-eabi/4.9.3/../../../../arm-none-eabi/lib/armv7e-m/softfp/crt0.o (exit)
/opt/gcc-arm-none-eabi-4_9-2015q3/bin/../lib/gcc/arm-none-eabi/4.9.3/../../../../arm-none-eabi/lib/armv7e-m/softfp/libc_nano.a(lib_a-fflush.o)
                              mbed/TARGET_NUCLEO_L476RG/TOOLCHAIN_GCC_ARM/retarget.o (fflush)
/opt/gcc-arm-none-eabi-4_9-2015q3/bin/../lib/gcc/arm-none-eabi/4.9.3/../../../../arm-none-eabi/lib/armv7e-m/softfp/libc_nano.a(lib_a-fgetc.o)
                              mbed/TARGET_NUCLEO_L476RG/TOOLCHAIN_GCC_ARM/retarget.o (fgetc)
[...]
Memory Configuration

Name             Origin             Length             Attributes
FLASH            0x08000000         0x00100000         xr
SRAM2            0x10000188         0x00007e78         xrw
SRAM1            0x20000000         0x00018000         xrw
*default*        0x00000000         0xffffffff

Linker script and memory map

LOAD /opt/gcc-arm-none-eabi-4_9-2015q3/bin/../lib/gcc/arm-none-eabi/4.9.3/armv7e-m/softfp/crti.o
LOAD /opt/gcc-arm-none-eabi-4_9-2015q3/bin/../lib/gcc/arm-none-eabi/4.9.3/armv7e-m/softfp/crtbegin.o
LOAD /opt/gcc-arm-none-eabi-4_9-2015q3/bin/../lib/gcc/arm-none-eabi/4.9.3/../../../../arm-none-eabi/lib/armv7e-m/softfp/crt0.o
LOAD main.o
LOAD mbed/TARGET_NUCLEO_L476RG/TOOLCHAIN_GCC_ARM/stm32l4xx_hal_flash_ramfunc.o
LOAD mbed/TARGET_NUCLEO_L476RG/TOOLCHAIN_GCC_ARM/board.o
LOAD mbed/TARGET_NUCLEO_L476RG/TOOLCHAIN_GCC_ARM/cmsis_nvic.o
LOAD mbed/TARGET_NUCLEO_L476RG/TOOLCHAIN_GCC_ARM/hal_tick.o
LOAD mbed/TARGET_NUCLEO_L476RG/TOOLCHAIN_GCC_ARM/mbed_overrides.o
LOAD mbed/TARGET_NUCLEO_L476RG/TOOLCHAIN_GCC_ARM/retarget.o
LOAD mbed/TARGET_NUCLEO_L476RG/TOOLCHAIN_GCC_ARM/startup_stm32l476xx.o
LOAD mbed/TARGET_NUCLEO_L476RG/TOOLCHAIN_GCC_ARM/stm32l4xx_hal.o
LOAD mbed/TARGET_NUCLEO_L476RG/TOOLCHAIN_GCC_ARM/stm32l4xx_hal_adc.o
LOAD mbed/TARGET_NUCLEO_L476RG/TOOLCHAIN_GCC_ARM/stm32l4xx_hal_adc_ex.o
LOAD mbed/TARGET_NUCLEO_L476RG/TOOLCHAIN_GCC_ARM/stm32l4xx_hal_can.o
LOAD mbed/TARGET_NUCLEO_L476RG/TOOLCHAIN_GCC_ARM/stm32l4xx_hal_comp.o
LOAD mbed/TARGET_NUCLEO_L476RG/TOOLCHAIN_GCC_ARM/stm32l4xx_hal_cortex.o
LOAD mbed/TARGET_NUCLEO_L476RG/TOOLCHAIN_GCC_ARM/stm32l4xx_hal_crc.o
LOAD mbed/TARGET_NUCLEO_L476RG/TOOLCHAIN_GCC_ARM/stm32l4xx_hal_crc_ex.o
LOAD mbed/TARGET_NUCLEO_L476RG/TOOLCHAIN_GCC_ARM/stm32l4xx_hal_cryp.o
LOAD mbed/TARGET_NUCLEO_L476RG/TOOLCHAIN_GCC_ARM/stm32l4xx_hal_cryp_ex.o
LOAD mbed/TARGET_NUCLEO_L476RG/TOOLCHAIN_GCC_ARM/stm32l4xx_hal_dac.o
LOAD mbed/TARGET_NUCLEO_L476RG/TOOLCHAIN_GCC_ARM/stm32l4xx_hal_dac_ex.o
LOAD mbed/TARGET_NUCLEO_L476RG/TOOLCHAIN_GCC_ARM/stm32l4xx_hal_dfsdm.o
LOAD mbed/TARGET_NUCLEO_L476RG/TOOLCHAIN_GCC_ARM/stm32l4xx_hal_dma.o
LOAD mbed/TARGET_NUCLEO_L476RG/TOOLCHAIN_GCC_ARM/stm32l4xx_hal_firewall.o
LOAD mbed/TARGET_NUCLEO_L476RG/TOOLCHAIN_GCC_ARM/stm32l4xx_hal_flash.o
LOAD mbed/TARGET_NUCLEO_L476RG/TOOLCHAIN_GCC_ARM/stm32l4xx_hal_flash_ex.o
LOAD mbed/TARGET_NUCLEO_L476RG/TOOLCHAIN_GCC_ARM/stm32l4xx_hal_msp_template.o
LOAD mbed/TARGET_NUCLEO_L476RG/TOOLCHAIN_GCC_ARM/stm32l4xx_hal_gpio.o
LOAD mbed/TARGET_NUCLEO_L476RG/TOOLCHAIN_GCC_ARM/stm32l4xx_hal_hcd.o
LOAD mbed/TARGET_NUCLEO_L476RG/TOOLCHAIN_GCC_ARM/stm32l4xx_hal_i2c.o
LOAD mbed/TARGET_NUCLEO_L476RG/TOOLCHAIN_GCC_ARM/stm32l4xx_hal_i2c_ex.o
LOAD mbed/TARGET_NUCLEO_L476RG/TOOLCHAIN_GCC_ARM/stm32l4xx_hal_irda.o
LOAD mbed/TARGET_NUCLEO_L476RG/TOOLCHAIN_GCC_ARM/stm32l4xx_hal_iwdg.o
LOAD mbed/TARGET_NUCLEO_L476RG/TOOLCHAIN_GCC_ARM/stm32l4xx_hal_lcd.o
LOAD mbed/TARGET_NUCLEO_L476RG/TOOLCHAIN_GCC_ARM/stm32l4xx_hal_lptim.o
LOAD mbed/TARGET_NUCLEO_L476RG/TOOLCHAIN_GCC_ARM/stm32l4xx_hal_smartcard.o
LOAD mbed/TARGET_NUCLEO_L476RG/TOOLCHAIN_GCC_ARM/stm32l4xx_hal_nand.o
LOAD mbed/TARGET_NUCLEO_L476RG/TOOLCHAIN_GCC_ARM/stm32l4xx_hal_nor.o
LOAD mbed/TARGET_NUCLEO_L476RG/TOOLCHAIN_GCC_ARM/stm32l4xx_hal_opamp.o
LOAD mbed/TARGET_NUCLEO_L476RG/TOOLCHAIN_GCC_ARM/stm32l4xx_hal_opamp_ex.o
LOAD mbed/TARGET_NUCLEO_L476RG/TOOLCHAIN_GCC_ARM/stm32l4xx_hal_pcd.o
LOAD mbed/TARGET_NUCLEO_L476RG/TOOLCHAIN_GCC_ARM/stm32l4xx_hal_pcd_ex.o
LOAD mbed/TARGET_NUCLEO_L476RG/TOOLCHAIN_GCC_ARM/stm32l4xx_hal_pwr.o
LOAD mbed/TARGET_NUCLEO_L476RG/TOOLCHAIN_GCC_ARM/stm32l4xx_hal_pwr_ex.o
LOAD mbed/TARGET_NUCLEO_L476RG/TOOLCHAIN_GCC_ARM/stm32l4xx_hal_qspi.o
LOAD mbed/TARGET_NUCLEO_L476RG/TOOLCHAIN_GCC_ARM/stm32l4xx_hal_rcc.o
LOAD mbed/TARGET_NUCLEO_L476RG/TOOLCHAIN_GCC_ARM/stm32l4xx_hal_rcc_ex.o
LOAD mbed/TARGET_NUCLEO_L476RG/TOOLCHAIN_GCC_ARM/stm32l4xx_hal_rng.o
LOAD mbed/TARGET_NUCLEO_L476RG/TOOLCHAIN_GCC_ARM/stm32l4xx_hal_rtc.o
LOAD mbed/TARGET_NUCLEO_L476RG/TOOLCHAIN_GCC_ARM/stm32l4xx_hal_rtc_ex.o
LOAD mbed/TARGET_NUCLEO_L476RG/TOOLCHAIN_GCC_ARM/stm32l4xx_hal_sai.o
LOAD mbed/TARGET_NUCLEO_L476RG/TOOLCHAIN_GCC_ARM/stm32l4xx_hal_sd.o
LOAD mbed/TARGET_NUCLEO_L476RG/TOOLCHAIN_GCC_ARM/stm32l4xx_hal_smartcard_ex.o
LOAD mbed/TARGET_NUCLEO_L476RG/TOOLCHAIN_GCC_ARM/stm32l4xx_hal_smbus.o
LOAD mbed/TARGET_NUCLEO_L476RG/TOOLCHAIN_GCC_ARM/stm32l4xx_hal_spi.o
LOAD mbed/TARGET_NUCLEO_L476RG/TOOLCHAIN_GCC_ARM/stm32l4xx_hal_spi_ex.o
LOAD mbed/TARGET_NUCLEO_L476RG/TOOLCHAIN_GCC_ARM/stm32l4xx_hal_sram.o
LOAD mbed/TARGET_NUCLEO_L476RG/TOOLCHAIN_GCC_ARM/stm32l4xx_hal_swpmi.o
LOAD mbed/TARGET_NUCLEO_L476RG/TOOLCHAIN_GCC_ARM/stm32l4xx_hal_tim.o
LOAD mbed/TARGET_NUCLEO_L476RG/TOOLCHAIN_GCC_ARM/stm32l4xx_hal_tim_ex.o
LOAD mbed/TARGET_NUCLEO_L476RG/TOOLCHAIN_GCC_ARM/stm32l4xx_hal_tsc.o
LOAD mbed/TARGET_NUCLEO_L476RG/TOOLCHAIN_GCC_ARM/stm32l4xx_hal_uart.o
LOAD mbed/TARGET_NUCLEO_L476RG/TOOLCHAIN_GCC_ARM/stm32l4xx_hal_uart_ex.o
LOAD mbed/TARGET_NUCLEO_L476RG/TOOLCHAIN_GCC_ARM/stm32l4xx_hal_usart.o
LOAD mbed/TARGET_NUCLEO_L476RG/TOOLCHAIN_GCC_ARM/stm32l4xx_hal_wwdg.o
LOAD mbed/TARGET_NUCLEO_L476RG/TOOLCHAIN_GCC_ARM/stm32l4xx_ll_fmc.o
LOAD mbed/TARGET_NUCLEO_L476RG/TOOLCHAIN_GCC_ARM/stm32l4xx_ll_sdmmc.o
LOAD mbed/TARGET_NUCLEO_L476RG/TOOLCHAIN_GCC_ARM/stm32l4xx_ll_usb.o
LOAD mbed/TARGET_NUCLEO_L476RG/TOOLCHAIN_GCC_ARM/system_stm32l4xx.o
LOAD ./mbed/TARGET_NUCLEO_L476RG/TOOLCHAIN_GCC_ARM/libmbed.a
LOAD /opt/gcc-arm-none-eabi-4_9-2015q3/bin/../lib/gcc/arm-none-eabi/4.9.3/../../../../arm-none-eabi/lib/armv7e-m/softfp/libstdc++_nano.a
LOAD /opt/gcc-arm-none-eabi-4_9-2015q3/bin/../lib/gcc/arm-none-eabi/4.9.3/../../../../arm-none-eabi/lib/armv7e-m/softfp/libsupc++_nano.a
LOAD /opt/gcc-arm-none-eabi-4_9-2015q3/bin/../lib/gcc/arm-none-eabi/4.9.3/../../../../arm-none-eabi/lib/armv7e-m/softfp/libm.a
LOAD /opt/gcc-arm-none-eabi-4_9-2015q3/bin/../lib/gcc/arm-none-eabi/4.9.3/../../../../arm-none-eabi/lib/armv7e-m/softfp/libc_nano.a
LOAD /opt/gcc-arm-none-eabi-4_9-2015q3/bin/../lib/gcc/arm-none-eabi/4.9.3/armv7e-m/softfp/libgcc.a
LOAD /opt/gcc-arm-none-eabi-4_9-2015q3/bin/../lib/gcc/arm-none-eabi/4.9.3/../../../../arm-none-eabi/lib/armv7e-m/softfp/libnosys.a
LOAD ./mbed/TARGET_NUCLEO_L476RG/TOOLCHAIN_GCC_ARM/libmbed.a
LOAD /opt/gcc-arm-none-eabi-4_9-2015q3/bin/../lib/gcc/arm-none-eabi/4.9.3/../../../../arm-none-eabi/lib/armv7e-m/softfp/libstdc++_nano.a
LOAD /opt/gcc-arm-none-eabi-4_9-2015q3/bin/../lib/gcc/arm-none-eabi/4.9.3/../../../../arm-none-eabi/lib/armv7e-m/softfp/libsupc++_nano.a
LOAD /opt/gcc-arm-none-eabi-4_9-2015q3/bin/../lib/gcc/arm-none-eabi/4.9.3/../../../../arm-none-eabi/lib/armv7e-m/softfp/libm.a
LOAD /opt/gcc-arm-none-eabi-4_9-2015q3/bin/../lib/gcc/arm-none-eabi/4.9.3/../../../../arm-none-eabi/lib/armv7e-m/softfp/libc_nano.a
LOAD /opt/gcc-arm-none-eabi-4_9-2015q3/bin/../lib/gcc/arm-none-eabi/4.9.3/armv7e-m/softfp/libgcc.a
LOAD /opt/gcc-arm-none-eabi-4_9-2015q3/bin/../lib/gcc/arm-none-eabi/4.9.3/../../../../arm-none-eabi/lib/armv7e-m/softfp/libnosys.a
START GROUP
LOAD /opt/gcc-arm-none-eabi-4_9-2015q3/bin/../lib/gcc/arm-none-eabi/4.9.3/armv7e-m/softfp/libgcc.a
LOAD /opt/gcc-arm-none-eabi-4_9-2015q3/bin/../lib/gcc/arm-none-eabi/4.9.3/../../../../arm-none-eabi/lib/armv7e-m/softfp/libc_nano.a
END GROUP
START GROUP
LOAD /opt/gcc-arm-none-eabi-4_9-2015q3/bin/../lib/gcc/arm-none-eabi/4.9.3/armv7e-m/softfp/libgcc.a
LOAD /opt/gcc-arm-none-eabi-4_9-2015q3/bin/../lib/gcc/arm-none-eabi/4.9.3/../../../../arm-none-eabi/lib/armv7e-m/softfp/libc_nano.a
END GROUP
LOAD /opt/gcc-arm-none-eabi-4_9-2015q3/bin/../lib/gcc/arm-none-eabi/4.9.3/armv7e-m/softfp/crtend.o
LOAD /opt/gcc-arm-none-eabi-4_9-2015q3/bin/../lib/gcc/arm-none-eabi/4.9.3/armv7e-m/softfp/crtn.o

.text           0x08000000     0x8680
 *(.isr_vector)
 .isr_vector    0x08000000      0x188 mbed/TARGET_NUCLEO_L476RG/TOOLCHAIN_GCC_ARM/startup_stm32l476xx.o
                0x08000000                g_pfnVectors
 *(.text*)
 .text          0x08000188       0x5c /opt/gcc-arm-none-eabi-4_9-2015q3/bin/../lib/gcc/arm-none-eabi/4.9.3/armv7e-m/softfp/crtbegin.o
 .text          0x080001e4       0x74 /opt/gcc-arm-none-eabi-4_9-2015q3/bin/../lib/gcc/arm-none-eabi/4.9.3/../../../../arm-none-eabi/lib/armv7e-m/softfp/crt0.o
                0x080001e4                _mainCRTStartup
                0x080001e4                _start
 .text._ZN4mbed10DigitalOutC2E7PinName
                0x08000258       0x1a main.o
                0x08000258                mbed::DigitalOut::DigitalOut(PinName)
                0x08000258                mbed::DigitalOut::DigitalOut(PinName)
 *fill*         0x08000272        0x2 
 .text.startup.main
                0x08000274       0x4c main.o
                0x08000274                main
 .text.startup._GLOBAL__sub_I_red
                0x080002c0       0x28 main.o
 .text.mbed_die
                0x080002e8       0x14 mbed/TARGET_NUCLEO_L476RG/TOOLCHAIN_GCC_ARM/board.o
                0x080002e8                mbed_die
 .text.NVIC_SetVector
                0x080002fc       0x48 mbed/TARGET_NUCLEO_L476RG/TOOLCHAIN_GCC_ARM/cmsis_nvic.o
                0x080002fc                NVIC_SetVector
 .text.timer_irq_handler
                0x08000344       0x48 mbed/TARGET_NUCLEO_L476RG/TOOLCHAIN_GCC_ARM/hal_tick.o
                0x08000344                timer_irq_handler
 .text.HAL_InitTick
                0x0800038c       0xb0 mbed/TARGET_NUCLEO_L476RG/TOOLCHAIN_GCC_ARM/hal_tick.o
                0x0800038c                HAL_InitTick
 .text.mbed_sdk_init
                0x0800043c        0x4 mbed/TARGET_NUCLEO_L476RG/TOOLCHAIN_GCC_ARM/mbed_overrides.o
                0x0800043c                mbed_sdk_init
 .text._ZL11init_serialv.part.0
                0x08000440       0x10 mbed/TARGET_NUCLEO_L476RG/TOOLCHAIN_GCC_ARM/retarget.o
 .text._close   0x08000450       0x2c mbed/TARGET_NUCLEO_L476RG/TOOLCHAIN_GCC_ARM/retarget.o
                0x08000450                _close
 .text._write   0x0800047c       0x50 mbed/TARGET_NUCLEO_L476RG/TOOLCHAIN_GCC_ARM/retarget.o
                0x0800047c                _write
 .text._read    0x080004cc       0x4c mbed/TARGET_NUCLEO_L476RG/TOOLCHAIN_GCC_ARM/retarget.o
                0x080004cc                _read
 .text._isatty  0x08000518       0x28 mbed/TARGET_NUCLEO_L476RG/TOOLCHAIN_GCC_ARM/retarget.o
                0x08000518                _isatty
 .text._lseek   0x08000540       0x28 mbed/TARGET_NUCLEO_L476RG/TOOLCHAIN_GCC_ARM/retarget.o
                0x08000540                _lseek
 .text._fstat   0x08000568       0x20 mbed/TARGET_NUCLEO_L476RG/TOOLCHAIN_GCC_ARM/retarget.o
                0x08000568                _fstat
 .text.mbed_main
                0x08000588        0x4 mbed/TARGET_NUCLEO_L476RG/TOOLCHAIN_GCC_ARM/retarget.o
                0x08000588                mbed_main
 .text.__wrap_main
                0x0800058c       0x14 mbed/TARGET_NUCLEO_L476RG/TOOLCHAIN_GCC_ARM/retarget.o
                0x0800058c                __wrap_main
 .text._sbrk    0x080005a0       0x28 mbed/TARGET_NUCLEO_L476RG/TOOLCHAIN_GCC_ARM/retarget.o
                0x080005a0                _sbrk
 .text._exit    0x080005c8       0x24 mbed/TARGET_NUCLEO_L476RG/TOOLCHAIN_GCC_ARM/retarget.o
                0x080005c8                _exit
 .text.Reset_Handler
                0x080005ec       0x54 mbed/TARGET_NUCLEO_L476RG/TOOLCHAIN_GCC_ARM/startup_stm32l476xx.o
                0x080005ec                Reset_Handler
 .text.Default_Handler
                0x08000640        0x4 mbed/TARGET_NUCLEO_L476RG/TOOLCHAIN_GCC_ARM/startup_stm32l476xx.o
                0x08000640                RTC_Alarm_IRQHandler
                0x08000640                EXTI2_IRQHandler
                0x08000640                TIM8_TRG_COM_IRQHandler
                0x08000640                TIM8_CC_IRQHandler
                0x08000640                DebugMon_Handler
                0x08000640                DFSDM0_IRQHandler
                0x08000640                TIM1_CC_IRQHandler
                0x08000640                TSC_IRQHandler
                0x08000640                HardFault_Handler
                0x08000640                SysTick_Handler
                0x08000640                TAMP_STAMP_IRQHandler
                0x08000640                PendSV_Handler
                0x08000640                NMI_Handler
                0x08000640                EXTI3_IRQHandler
                0x08000640                LPTIM2_IRQHandler
                0x08000640                I2C3_ER_IRQHandler
                0x08000640                EXTI0_IRQHandler
                0x08000640                I2C2_EV_IRQHandler
                0x08000640                CAN1_RX0_IRQHandler
                0x08000640                FPU_IRQHandler
                0x08000640                TIM1_UP_TIM16_IRQHandler
                0x08000640                UsageFault_Handler
                0x08000640                ADC1_2_IRQHandler
                0x08000640                SPI1_IRQHandler
                0x08000640                TIM6_DAC_IRQHandler
                0x08000640                TIM8_UP_IRQHandler
                0x08000640                DMA2_Channel2_IRQHandler
                0x08000640                DMA1_Channel4_IRQHandler
                0x08000640                SAI2_IRQHandler
                0x08000640                USART3_IRQHandler
                0x08000640                DMA1_Channel7_IRQHandler
                0x08000640                CAN1_RX1_IRQHandler
                0x08000640                LCD_IRQHandler
                0x08000640                UART5_IRQHandler
                0x08000640                ADC3_IRQHandler
                0x08000640                TIM4_IRQHandler
                0x08000640                DMA2_Channel1_IRQHandler
                0x08000640                QUADSPI_IRQHandler
                0x08000640                I2C1_EV_IRQHandler
                0x08000640                DMA1_Channel6_IRQHandler
                0x08000640                UART4_IRQHandler
                0x08000640                DMA2_Channel4_IRQHandler
                0x08000640                TIM3_IRQHandler
                0x08000640                RCC_IRQHandler
                0x08000640                DMA1_Channel1_IRQHandler
                0x08000640                Default_Handler
                0x08000640                DMA2_Channel7_IRQHandler
                0x08000640                EXTI15_10_IRQHandler
                0x08000640                TIM7_IRQHandler
                0x08000640                SDMMC1_IRQHandler
                0x08000640                TIM5_IRQHandler
                0x08000640                I2C3_EV_IRQHandler
                0x08000640                DFSDM2_IRQHandler
                0x08000640                EXTI9_5_IRQHandler
                0x08000640                RTC_WKUP_IRQHandler
                0x08000640                PVD_PVM_IRQHandler
                0x08000640                SPI2_IRQHandler
                0x08000640                DFSDM3_IRQHandler
                0x08000640                MemManage_Handler
                0x08000640                CAN1_TX_IRQHandler
                0x08000640                SVC_Handler
                0x08000640                DMA2_Channel5_IRQHandler
                0x08000640                DMA1_Channel5_IRQHandler
                0x08000640                EXTI4_IRQHandler
                0x08000640                RNG_IRQHandler
                0x08000640                TIM1_TRG_COM_TIM17_IRQHandler
                0x08000640                DMA1_Channel3_IRQHandler
                0x08000640                COMP_IRQHandler
                0x08000640                WWDG_IRQHandler
                0x08000640                LPUART1_IRQHandler
                0x08000640                DMA2_Channel6_IRQHandler
                0x08000640                TIM2_IRQHandler
                0x08000640                EXTI1_IRQHandler
                0x08000640                USART2_IRQHandler
                0x08000640                I2C2_ER_IRQHandler
                0x08000640                DMA1_Channel2_IRQHandler
                0x08000640                TIM8_BRK_IRQHandler
                0x08000640                CAN1_SCE_IRQHandler
                0x08000640                FLASH_IRQHandler
                0x08000640                BusFault_Handler
                0x08000640                USART1_IRQHandler
                0x08000640                OTG_FS_IRQHandler
                0x08000640                SPI3_IRQHandler
                0x08000640                I2C1_ER_IRQHandler
                0x08000640                FMC_IRQHandler
                0x08000640                SWPMI1_IRQHandler
                0x08000640                LPTIM1_IRQHandler
                0x08000640                DFSDM1_IRQHandler
                0x08000640                SAI1_IRQHandler
                0x08000640                DMA2_Channel3_IRQHandler
                0x08000640                TIM1_BRK_TIM15_IRQHandler
 .text.HAL_Init
                0x08000644       0x24 mbed/TARGET_NUCLEO_L476RG/TOOLCHAIN_GCC_ARM/stm32l4xx_hal.o
                0x08000644                HAL_Init
 .text.HAL_IncTick
                0x08000668       0x10 mbed/TARGET_NUCLEO_L476RG/TOOLCHAIN_GCC_ARM/stm32l4xx_hal.o
                0x08000668                HAL_IncTick
 .text.HAL_GetTick
                0x08000678        0xc mbed/TARGET_NUCLEO_L476RG/TOOLCHAIN_GCC_ARM/stm32l4xx_hal.o
                0x08000678                HAL_GetTick
 .text.HAL_NVIC_SetPriorityGrouping
                0x08000684       0x24 mbed/TARGET_NUCLEO_L476RG/TOOLCHAIN_GCC_ARM/stm32l4xx_hal_cortex.o
                0x08000684                HAL_NVIC_SetPriorityGrouping
 .text.HAL_MspInit
                0x080006a8        0x4 mbed/TARGET_NUCLEO_L476RG/TOOLCHAIN_GCC_ARM/stm32l4xx_hal_msp_template.o
                0x080006a8                HAL_MspInit
 .text.HAL_GPIO_Init
                0x080006ac      0x264 mbed/TARGET_NUCLEO_L476RG/TOOLCHAIN_GCC_ARM/stm32l4xx_hal_gpio.o
                0x080006ac                HAL_GPIO_Init
 .text.HAL_PWREx_GetVoltageRange
                0x08000910       0x10 mbed/TARGET_NUCLEO_L476RG/TOOLCHAIN_GCC_ARM/stm32l4xx_hal_pwr_ex.o
                0x08000910                HAL_PWREx_GetVoltageRange
 .text.RCC_SetFlashLatencyFromMSIRange
                0x08000920       0x88 mbed/TARGET_NUCLEO_L476RG/TOOLCHAIN_GCC_ARM/stm32l4xx_hal_rcc.o
 .text.HAL_RCC_OscConfig
                0x080009a8      0xb0c mbed/TARGET_NUCLEO_L476RG/TOOLCHAIN_GCC_ARM/stm32l4xx_hal_rcc.o
                0x080009a8                HAL_RCC_OscConfig
 .text.HAL_RCC_ClockConfig
                0x080014b4      0x4b0 mbed/TARGET_NUCLEO_L476RG/TOOLCHAIN_GCC_ARM/stm32l4xx_hal_rcc.o
                0x080014b4                HAL_RCC_ClockConfig
 .text.HAL_RCC_GetSysClockFreq
                0x08001964      0x100 mbed/TARGET_NUCLEO_L476RG/TOOLCHAIN_GCC_ARM/stm32l4xx_hal_rcc.o
                0x08001964                HAL_RCC_GetSysClockFreq
 .text.HAL_RCC_GetHCLKFreq
                0x08001a64       0x38 mbed/TARGET_NUCLEO_L476RG/TOOLCHAIN_GCC_ARM/stm32l4xx_hal_rcc.o
                0x08001a64                HAL_RCC_GetHCLKFreq
 .text.HAL_RCC_GetPCLK1Freq
                0x08001a9c       0x30 mbed/TARGET_NUCLEO_L476RG/TOOLCHAIN_GCC_ARM/stm32l4xx_hal_rcc.o
                0x08001a9c                HAL_RCC_GetPCLK1Freq
 .text.HAL_RCC_GetPCLK2Freq
                0x08001acc       0x30 mbed/TARGET_NUCLEO_L476RG/TOOLCHAIN_GCC_ARM/stm32l4xx_hal_rcc.o
                0x08001acc                HAL_RCC_GetPCLK2Freq
 .text.HAL_TIM_OC_MspInit
                0x08001afc        0x4 mbed/TARGET_NUCLEO_L476RG/TOOLCHAIN_GCC_ARM/stm32l4xx_hal_tim.o
                0x08001afc                HAL_TIM_OC_MspInit
 .text.HAL_TIM_OC_Start
                0x08001b00       0x60 mbed/TARGET_NUCLEO_L476RG/TOOLCHAIN_GCC_ARM/stm32l4xx_hal_tim.o
                0x08001b00                HAL_TIM_OC_Start
 .text.TIM_Base_SetConfig
                0x08001b60       0xdc mbed/TARGET_NUCLEO_L476RG/TOOLCHAIN_GCC_ARM/stm32l4xx_hal_tim.o
                0x08001b60                TIM_Base_SetConfig
 .text.HAL_TIM_OC_Init
                0x08001c3c       0x38 mbed/TARGET_NUCLEO_L476RG/TOOLCHAIN_GCC_ARM/stm32l4xx_hal_tim.o
                0x08001c3c                HAL_TIM_OC_Init
 .text.HAL_UART_MspInit
                0x08001c74        0x4 mbed/TARGET_NUCLEO_L476RG/TOOLCHAIN_GCC_ARM/stm32l4xx_hal_uart.o
                0x08001c74                HAL_UART_MspInit
 .text.UART_SetConfig
                0x08001c78      0x304 mbed/TARGET_NUCLEO_L476RG/TOOLCHAIN_GCC_ARM/stm32l4xx_hal_uart.o
                0x08001c78                UART_SetConfig
 .text.UART_AdvFeatureConfig
                0x08001f7c       0xb0 mbed/TARGET_NUCLEO_L476RG/TOOLCHAIN_GCC_ARM/stm32l4xx_hal_uart.o
                0x08001f7c                UART_AdvFeatureConfig
 .text.UART_WaitOnFlagUntilTimeout
                0x0800202c       0x90 mbed/TARGET_NUCLEO_L476RG/TOOLCHAIN_GCC_ARM/stm32l4xx_hal_uart.o
                0x0800202c                UART_WaitOnFlagUntilTimeout
 .text.UART_CheckIdleState
                0x080020bc       0x54 mbed/TARGET_NUCLEO_L476RG/TOOLCHAIN_GCC_ARM/stm32l4xx_hal_uart.o
                0x080020bc                UART_CheckIdleState
 .text.HAL_UART_Init
                0x08002110       0x68 mbed/TARGET_NUCLEO_L476RG/TOOLCHAIN_GCC_ARM/stm32l4xx_hal_uart.o
                0x08002110                HAL_UART_Init
 .text.SystemCoreClockUpdate
                0x08002178       0xb0 mbed/TARGET_NUCLEO_L476RG/TOOLCHAIN_GCC_ARM/system_stm32l4xx.o
                0x08002178                SystemCoreClockUpdate
 .text.SetSysClock_PLL_HSE
                0x08002228      0x10c mbed/TARGET_NUCLEO_L476RG/TOOLCHAIN_GCC_ARM/system_stm32l4xx.o
                0x08002228                SetSysClock_PLL_HSE
 .text.SetSysClock_PLL_MSI
                0x08002334       0x9c mbed/TARGET_NUCLEO_L476RG/TOOLCHAIN_GCC_ARM/system_stm32l4xx.o
                0x08002334                SetSysClock_PLL_MSI
 .text.SetSysClock
                0x080023d0       0x18 mbed/TARGET_NUCLEO_L476RG/TOOLCHAIN_GCC_ARM/system_stm32l4xx.o
                0x080023d0                SetSysClock
 .text.SystemInit
                0x080023e8       0x70 mbed/TARGET_NUCLEO_L476RG/TOOLCHAIN_GCC_ARM/system_stm32l4xx.o
                0x080023e8                SystemInit
 .text.init_uart
                0x08002458       0x5c ./mbed/TARGET_NUCLEO_L476RG/TOOLCHAIN_GCC_ARM/libmbed.a(serial_api.o)
 .text.serial_init
                0x080024b4      0x198 ./mbed/TARGET_NUCLEO_L476RG/TOOLCHAIN_GCC_ARM/libmbed.a(serial_api.o)
                0x080024b4                serial_init
 .text.serial_getc
                0x0800264c       0x18 ./mbed/TARGET_NUCLEO_L476RG/TOOLCHAIN_GCC_ARM/libmbed.a(serial_api.o)
                0x0800264c                serial_getc
 .text.serial_putc
                0x08002664       0x18 ./mbed/TARGET_NUCLEO_L476RG/TOOLCHAIN_GCC_ARM/libmbed.a(serial_api.o)
                0x08002664                serial_putc
 .text.mbed_assert_internal
                0x0800267c       0x18 ./mbed/TARGET_NUCLEO_L476RG/TOOLCHAIN_GCC_ARM/libmbed.a(assert.o)
                0x0800267c                mbed_assert_internal
 .text.error    0x08002694       0x24 ./mbed/TARGET_NUCLEO_L476RG/TOOLCHAIN_GCC_ARM/libmbed.a(error.o)
                0x08002694                error
 .text.gpio_init_out
                0x080026b8       0x48 ./mbed/TARGET_NUCLEO_L476RG/TOOLCHAIN_GCC_ARM/libmbed.a(gpio.o)
                0x080026b8                gpio_init_out
 .text.pinmap_pinout
                0x08002700       0x44 ./mbed/TARGET_NUCLEO_L476RG/TOOLCHAIN_GCC_ARM/libmbed.a(pinmap_common.o)
                0x08002700                pinmap_pinout
 .text.pinmap_merge
                0x08002744       0x24 ./mbed/TARGET_NUCLEO_L476RG/TOOLCHAIN_GCC_ARM/libmbed.a(pinmap_common.o)
                0x08002744                pinmap_merge
 .text.pinmap_peripheral
                0x08002768       0x34 ./mbed/TARGET_NUCLEO_L476RG/TOOLCHAIN_GCC_ARM/libmbed.a(pinmap_common.o)
                0x08002768                pinmap_peripheral
 .text.us_ticker_irq_handler
                0x0800279c        0xc ./mbed/TARGET_NUCLEO_L476RG/TOOLCHAIN_GCC_ARM/libmbed.a(us_ticker_api.o)
                0x0800279c                us_ticker_irq_handler
 .text.wait_us  0x080027a8       0x18 ./mbed/TARGET_NUCLEO_L476RG/TOOLCHAIN_GCC_ARM/libmbed.a(wait_api.o)
                0x080027a8                wait_us
 .text.wait     0x080027c0       0x1c ./mbed/TARGET_NUCLEO_L476RG/TOOLCHAIN_GCC_ARM/libmbed.a(wait_api.o)
                0x080027c0                wait
 .text.wait_ms  0x080027dc        0xc ./mbed/TARGET_NUCLEO_L476RG/TOOLCHAIN_GCC_ARM/libmbed.a(wait_api.o)
                0x080027dc                wait_ms
 .text.gpio_set
                0x080027e8       0x30 ./mbed/TARGET_NUCLEO_L476RG/TOOLCHAIN_GCC_ARM/libmbed.a(gpio_api.o)
                0x080027e8                gpio_set
 .text.gpio_init
                0x08002818       0x30 ./mbed/TARGET_NUCLEO_L476RG/TOOLCHAIN_GCC_ARM/libmbed.a(gpio_api.o)
                0x08002818                gpio_init
 .text.gpio_mode
                0x08002848        0x8 ./mbed/TARGET_NUCLEO_L476RG/TOOLCHAIN_GCC_ARM/libmbed.a(gpio_api.o)
                0x08002848                gpio_mode
 .text.gpio_dir
                0x08002850       0x40 ./mbed/TARGET_NUCLEO_L476RG/TOOLCHAIN_GCC_ARM/libmbed.a(gpio_api.o)
                0x08002850                gpio_dir
 .text.Set_GPIO_Clock
                0x08002890       0xe8 ./mbed/TARGET_NUCLEO_L476RG/TOOLCHAIN_GCC_ARM/libmbed.a(pinmap.o)
                0x08002890                Set_GPIO_Clock
 .text.pin_function
                0x08002978       0x60 ./mbed/TARGET_NUCLEO_L476RG/TOOLCHAIN_GCC_ARM/libmbed.a(pinmap.o)
                0x08002978                pin_function
 .text.pin_mode
                0x080029d8       0x50 ./mbed/TARGET_NUCLEO_L476RG/TOOLCHAIN_GCC_ARM/libmbed.a(pinmap.o)
                0x080029d8                pin_mode
 .text.us_ticker_init
                0x08002a28       0x24 ./mbed/TARGET_NUCLEO_L476RG/TOOLCHAIN_GCC_ARM/libmbed.a(us_ticker.o)
                0x08002a28                us_ticker_init
 .text.us_ticker_read
                0x08002a4c       0x1c ./mbed/TARGET_NUCLEO_L476RG/TOOLCHAIN_GCC_ARM/libmbed.a(us_ticker.o)
                0x08002a4c                us_ticker_read
 .text.us_ticker_set_interrupt
                0x08002a68       0x14 ./mbed/TARGET_NUCLEO_L476RG/TOOLCHAIN_GCC_ARM/libmbed.a(us_ticker.o)
                0x08002a68                us_ticker_set_interrupt
 .text.us_ticker_disable_interrupt
                0x08002a7c       0x14 ./mbed/TARGET_NUCLEO_L476RG/TOOLCHAIN_GCC_ARM/libmbed.a(us_ticker.o)
                0x08002a7c                us_ticker_disable_interrupt
 .text.us_ticker_clear_interrupt
                0x08002a90       0x10 ./mbed/TARGET_NUCLEO_L476RG/TOOLCHAIN_GCC_ARM/libmbed.a(us_ticker.o)
                0x08002a90                us_ticker_clear_interrupt
 .text.ticker_irq_handler
                0x08002aa0       0x48 ./mbed/TARGET_NUCLEO_L476RG/TOOLCHAIN_GCC_ARM/libmbed.a(ticker_api.o)
                0x08002aa0                ticker_irq_handler
 .text.__errno  0x08002ae8        0xc /opt/gcc-arm-none-eabi-4_9-2015q3/bin/../lib/gcc/arm-none-eabi/4.9.3/../../../../arm-none-eabi/lib/armv7e-m/softfp/libc_nano.a(lib_a-errno.o)
                0x08002ae8                __errno
 .text.exit     0x08002af4       0x28 /opt/gcc-arm-none-eabi-4_9-2015q3/bin/../lib/gcc/arm-none-eabi/4.9.3/../../../../arm-none-eabi/lib/armv7e-m/softfp/libc_nano.a(lib_a-exit.o)
                0x08002af4                exit
 .text.__sflush_r
                0x08002b1c      0x108 /opt/gcc-arm-none-eabi-4_9-2015q3/bin/../lib/gcc/arm-none-eabi/4.9.3/../../../../arm-none-eabi/lib/armv7e-m/softfp/libc_nano.a(lib_a-fflush.o)
                0x08002b1c                __sflush_r
 .text._fflush_r
                0x08002c24       0x54 /opt/gcc-arm-none-eabi-4_9-2015q3/bin/../lib/gcc/arm-none-eabi/4.9.3/../../../../arm-none-eabi/lib/armv7e-m/softfp/libc_nano.a(lib_a-fflush.o)
                0x08002c24                _fflush_r
 .text.fflush   0x08002c78       0x24 /opt/gcc-arm-none-eabi-4_9-2015q3/bin/../lib/gcc/arm-none-eabi/4.9.3/../../../../arm-none-eabi/lib/armv7e-m/softfp/libc_nano.a(lib_a-fflush.o)
                0x08002c78                fflush
 .text._cleanup_r
                0x08002c9c        0xc /opt/gcc-arm-none-eabi-4_9-2015q3/bin/../lib/gcc/arm-none-eabi/4.9.3/../../../../arm-none-eabi/lib/armv7e-m/softfp/libc_nano.a(lib_a-findfp.o)
                0x08002c9c                _cleanup_r
 .text.std.isra.0
                0x08002ca8       0x48 /opt/gcc-arm-none-eabi-4_9-2015q3/bin/../lib/gcc/arm-none-eabi/4.9.3/../../../../arm-none-eabi/lib/armv7e-m/softfp/libc_nano.a(lib_a-findfp.o)
 .text.__sfmoreglue
                0x08002cf0       0x2c /opt/gcc-arm-none-eabi-4_9-2015q3/bin/../lib/gcc/arm-none-eabi/4.9.3/../../../../arm-none-eabi/lib/armv7e-m/softfp/libc_nano.a(lib_a-findfp.o)
                0x08002cf0                __sfmoreglue
 .text.__sinit  0x08002d1c       0x60 /opt/gcc-arm-none-eabi-4_9-2015q3/bin/../lib/gcc/arm-none-eabi/4.9.3/../../../../arm-none-eabi/lib/armv7e-m/softfp/libc_nano.a(lib_a-findfp.o)
                0x08002d1c                __sinit
 .text.__sfp    0x08002d7c       0x74 /opt/gcc-arm-none-eabi-4_9-2015q3/bin/../lib/gcc/arm-none-eabi/4.9.3/../../../../arm-none-eabi/lib/armv7e-m/softfp/libc_nano.a(lib_a-findfp.o)
                0x08002d7c                __sfp
 .text._fwalk_reent
                0x08002df0       0x3c /opt/gcc-arm-none-eabi-4_9-2015q3/bin/../lib/gcc/arm-none-eabi/4.9.3/../../../../arm-none-eabi/lib/armv7e-m/softfp/libc_nano.a(lib_a-fwalk.o)
                0x08002df0                _fwalk_reent
 .text.__libc_init_array
                0x08002e2c       0x4c /opt/gcc-arm-none-eabi-4_9-2015q3/bin/../lib/gcc/arm-none-eabi/4.9.3/../../../../arm-none-eabi/lib/armv7e-m/softfp/libc_nano.a(lib_a-init.o)
                0x08002e2c                __libc_init_array
 .text.malloc   0x08002e78       0x10 /opt/gcc-arm-none-eabi-4_9-2015q3/bin/../lib/gcc/arm-none-eabi/4.9.3/../../../../arm-none-eabi/lib/armv7e-m/softfp/libc_nano.a(lib_a-malloc.o)
                0x08002e78                malloc
 .text.memchr   0x08002e88       0x1e /opt/gcc-arm-none-eabi-4_9-2015q3/bin/../lib/gcc/arm-none-eabi/4.9.3/../../../../arm-none-eabi/lib/armv7e-m/softfp/libc_nano.a(lib_a-memchr.o)
                0x08002e88                memchr
 .text.memcpy   0x08002ea6       0x16 /opt/gcc-arm-none-eabi-4_9-2015q3/bin/../lib/gcc/arm-none-eabi/4.9.3/../../../../arm-none-eabi/lib/armv7e-m/softfp/libc_nano.a(lib_a-memcpy.o)
                0x08002ea6                memcpy
 .text.memset   0x08002ebc       0x10 /opt/gcc-arm-none-eabi-4_9-2015q3/bin/../lib/gcc/arm-none-eabi/4.9.3/../../../../arm-none-eabi/lib/armv7e-m/softfp/libc_nano.a(lib_a-memset.o)
                0x08002ebc                memset
 .text._free_r  0x08002ecc       0x88 /opt/gcc-arm-none-eabi-4_9-2015q3/bin/../lib/gcc/arm-none-eabi/4.9.3/../../../../arm-none-eabi/lib/armv7e-m/softfp/libc_nano.a(lib_a-nano-freer.o)
                0x08002ecc                _free_r
 .text._malloc_r
                0x08002f54       0xac /opt/gcc-arm-none-eabi-4_9-2015q3/bin/../lib/gcc/arm-none-eabi/4.9.3/../../../../arm-none-eabi/lib/armv7e-m/softfp/libc_nano.a(lib_a-nano-mallocr.o)
                0x08002f54                _malloc_r
 .text.__sfputc_r
                0x08003000       0x2c /opt/gcc-arm-none-eabi-4_9-2015q3/bin/../lib/gcc/arm-none-eabi/4.9.3/../../../../arm-none-eabi/lib/armv7e-m/softfp/libc_nano.a(lib_a-nano-vfprintf.o)
 .text.__sfputs_r
                0x0800302c       0x24 /opt/gcc-arm-none-eabi-4_9-2015q3/bin/../lib/gcc/arm-none-eabi/4.9.3/../../../../arm-none-eabi/lib/armv7e-m/softfp/libc_nano.a(lib_a-nano-vfprintf.o)
                0x0800302c                __sfputs_r
 .text._vfprintf_r
                0x08003050      0x210 /opt/gcc-arm-none-eabi-4_9-2015q3/bin/../lib/gcc/arm-none-eabi/4.9.3/../../../../arm-none-eabi/lib/armv7e-m/softfp/libc_nano.a(lib_a-nano-vfprintf.o)
                0x08003050                _vfiprintf_r
                0x08003050                _vfprintf_r
 .text.vfprintf
                0x08003260       0x1c /opt/gcc-arm-none-eabi-4_9-2015q3/bin/../lib/gcc/arm-none-eabi/4.9.3/../../../../arm-none-eabi/lib/armv7e-m/softfp/libc_nano.a(lib_a-nano-vfprintf.o)
                0x08003260                vfiprintf
                0x08003260                vfprintf
 .text.__cvt    0x0800327c       0xc0 /opt/gcc-arm-none-eabi-4_9-2015q3/bin/../lib/gcc/arm-none-eabi/4.9.3/../../../../arm-none-eabi/lib/armv7e-m/softfp/libc_nano.a(lib_a-nano-vfprintf_float.o)
                0x0800327c                __cvt
 .text.__exponent
                0x0800333c       0x60 /opt/gcc-arm-none-eabi-4_9-2015q3/bin/../lib/gcc/arm-none-eabi/4.9.3/../../../../arm-none-eabi/lib/armv7e-m/softfp/libc_nano.a(lib_a-nano-vfprintf_float.o)
                0x0800333c                __exponent
 .text._printf_float
                0x0800339c      0x48c /opt/gcc-arm-none-eabi-4_9-2015q3/bin/../lib/gcc/arm-none-eabi/4.9.3/../../../../arm-none-eabi/lib/armv7e-m/softfp/libc_nano.a(lib_a-nano-vfprintf_float.o)
                0x0800339c                _printf_float
 .text._printf_common
                0x08003828       0xea /opt/gcc-arm-none-eabi-4_9-2015q3/bin/../lib/gcc/arm-none-eabi/4.9.3/../../../../arm-none-eabi/lib/armv7e-m/softfp/libc_nano.a(lib_a-nano-vfprintf_i.o)
                0x08003828                _printf_common
 *fill*         0x08003912        0x2 
 .text._printf_i
                0x08003914      0x240 /opt/gcc-arm-none-eabi-4_9-2015q3/bin/../lib/gcc/arm-none-eabi/4.9.3/../../../../arm-none-eabi/lib/armv7e-m/softfp/libc_nano.a(lib_a-nano-vfprintf_i.o)
                0x08003914                _printf_i
 .text._scanf_float
                0x08003b54      0x3cc /opt/gcc-arm-none-eabi-4_9-2015q3/bin/../lib/gcc/arm-none-eabi/4.9.3/../../../../arm-none-eabi/lib/armv7e-m/softfp/libc_nano.a(lib_a-nano-vfscanf_float.o)
                0x08003b54                _scanf_float
 .text.__fpclassifyd
                0x08003f20       0x54 /opt/gcc-arm-none-eabi-4_9-2015q3/bin/../lib/gcc/arm-none-eabi/4.9.3/../../../../arm-none-eabi/lib/armv7e-m/softfp/libc_nano.a(lib_a-s_fpclassify.o)
                0x08003f20                __fpclassifyd
 .text._sbrk_r  0x08003f74       0x20 /opt/gcc-arm-none-eabi-4_9-2015q3/bin/../lib/gcc/arm-none-eabi/4.9.3/../../../../arm-none-eabi/lib/armv7e-m/softfp/libc_nano.a(lib_a-sbrkr.o)
                0x08003f74                _sbrk_r
 .text.nanf     0x08003f94        0x8 /opt/gcc-arm-none-eabi-4_9-2015q3/bin/../lib/gcc/arm-none-eabi/4.9.3/../../../../arm-none-eabi/lib/armv7e-m/softfp/libc_nano.a(lib_a-sf_nan.o)
                0x08003f94                nanf
 .text.sprintf  0x08003f9c       0x48 /opt/gcc-arm-none-eabi-4_9-2015q3/bin/../lib/gcc/arm-none-eabi/4.9.3/../../../../arm-none-eabi/lib/armv7e-m/softfp/libc_nano.a(lib_a-sprintf.o)
                0x08003f9c                sprintf
                0x08003f9c                siprintf
 .text.__sread  0x08003fe4       0x22 /opt/gcc-arm-none-eabi-4_9-2015q3/bin/../lib/gcc/arm-none-eabi/4.9.3/../../../../arm-none-eabi/lib/armv7e-m/softfp/libc_nano.a(lib_a-stdio.o)
                0x08003fe4                __sread
 .text.__swrite
                0x08004006       0x38 /opt/gcc-arm-none-eabi-4_9-2015q3/bin/../lib/gcc/arm-none-eabi/4.9.3/../../../../arm-none-eabi/lib/armv7e-m/softfp/libc_nano.a(lib_a-stdio.o)
                0x08004006                __swrite
 .text.__sseek  0x0800403e       0x24 /opt/gcc-arm-none-eabi-4_9-2015q3/bin/../lib/gcc/arm-none-eabi/4.9.3/../../../../arm-none-eabi/lib/armv7e-m/softfp/libc_nano.a(lib_a-stdio.o)
                0x0800403e                __sseek
 .text.__sclose
                0x08004062        0x8 /opt/gcc-arm-none-eabi-4_9-2015q3/bin/../lib/gcc/arm-none-eabi/4.9.3/../../../../arm-none-eabi/lib/armv7e-m/softfp/libc_nano.a(lib_a-stdio.o)
                0x08004062                __sclose
 .text.strlen   0x0800406a       0x10 /opt/gcc-arm-none-eabi-4_9-2015q3/bin/../lib/gcc/arm-none-eabi/4.9.3/../../../../arm-none-eabi/lib/armv7e-m/softfp/libc_nano.a(lib_a-strlen.o)
                0x0800406a                strlen
 .text.strncmp  0x0800407a       0x34 /opt/gcc-arm-none-eabi-4_9-2015q3/bin/../lib/gcc/arm-none-eabi/4.9.3/../../../../arm-none-eabi/lib/armv7e-m/softfp/libc_nano.a(lib_a-strncmp.o)
                0x0800407a                strncmp
 .text.match    0x080040ae       0x26 /opt/gcc-arm-none-eabi-4_9-2015q3/bin/../lib/gcc/arm-none-eabi/4.9.3/../../../../arm-none-eabi/lib/armv7e-m/softfp/libc_nano.a(lib_a-strtod.o)
 .text.sulp     0x080040d4       0x42 /opt/gcc-arm-none-eabi-4_9-2015q3/bin/../lib/gcc/arm-none-eabi/4.9.3/../../../../arm-none-eabi/lib/armv7e-m/softfp/libc_nano.a(lib_a-strtod.o)
 *fill*         0x08004116        0x2 
 .text._strtod_r
                0x08004118      0xc24 /opt/gcc-arm-none-eabi-4_9-2015q3/bin/../lib/gcc/arm-none-eabi/4.9.3/../../../../arm-none-eabi/lib/armv7e-m/softfp/libc_nano.a(lib_a-strtod.o)
                0x08004118                _strtod_r
 .text._strtol_r
                0x08004d3c      0x10c /opt/gcc-arm-none-eabi-4_9-2015q3/bin/../lib/gcc/arm-none-eabi/4.9.3/../../../../arm-none-eabi/lib/armv7e-m/softfp/libc_nano.a(lib_a-strtol.o)
                0x08004d3c                _strtol_r
 .text.__swbuf_r
                0x08004e48       0xa8 /opt/gcc-arm-none-eabi-4_9-2015q3/bin/../lib/gcc/arm-none-eabi/4.9.3/../../../../arm-none-eabi/lib/armv7e-m/softfp/libc_nano.a(lib_a-wbuf.o)
                0x08004e48                __swbuf_r
 .text._write_r
                0x08004ef0       0x24 /opt/gcc-arm-none-eabi-4_9-2015q3/bin/../lib/gcc/arm-none-eabi/4.9.3/../../../../arm-none-eabi/lib/armv7e-m/softfp/libc_nano.a(lib_a-writer.o)
                0x08004ef0                _write_r
 .text.__swsetup_r
                0x08004f14       0xd8 /opt/gcc-arm-none-eabi-4_9-2015q3/bin/../lib/gcc/arm-none-eabi/4.9.3/../../../../arm-none-eabi/lib/armv7e-m/softfp/libc_nano.a(lib_a-wsetup.o)
                0x08004f14                __swsetup_r
 .text._close_r
                0x08004fec       0x20 /opt/gcc-arm-none-eabi-4_9-2015q3/bin/../lib/gcc/arm-none-eabi/4.9.3/../../../../arm-none-eabi/lib/armv7e-m/softfp/libc_nano.a(lib_a-closer.o)
                0x08004fec                _close_r
 .text.quorem   0x0800500c      0x11a /opt/gcc-arm-none-eabi-4_9-2015q3/bin/../lib/gcc/arm-none-eabi/4.9.3/../../../../arm-none-eabi/lib/armv7e-m/softfp/libc_nano.a(lib_a-dtoa.o)
 *fill*         0x08005126        0x2 
 .text._dtoa_r  0x08005128      0xb88 /opt/gcc-arm-none-eabi-4_9-2015q3/bin/../lib/gcc/arm-none-eabi/4.9.3/../../../../arm-none-eabi/lib/armv7e-m/softfp/libc_nano.a(lib_a-dtoa.o)
                0x08005128                _dtoa_r
 .text.rshift   0x08005cb0       0x6c /opt/gcc-arm-none-eabi-4_9-2015q3/bin/../lib/gcc/arm-none-eabi/4.9.3/../../../../arm-none-eabi/lib/armv7e-m/softfp/libc_nano.a(lib_a-gdtoa-gethex.o)
 .text.__hexdig_fun
                0x08005d1c       0x2a /opt/gcc-arm-none-eabi-4_9-2015q3/bin/../lib/gcc/arm-none-eabi/4.9.3/../../../../arm-none-eabi/lib/armv7e-m/softfp/libc_nano.a(lib_a-gdtoa-gethex.o)
                0x08005d1c                __hexdig_fun
 .text.__gethex
                0x08005d46      0x44a /opt/gcc-arm-none-eabi-4_9-2015q3/bin/../lib/gcc/arm-none-eabi/4.9.3/../../../../arm-none-eabi/lib/armv7e-m/softfp/libc_nano.a(lib_a-gdtoa-gethex.o)
                0x08005d46                __gethex
 .text.L_shift  0x08006190       0x24 /opt/gcc-arm-none-eabi-4_9-2015q3/bin/../lib/gcc/arm-none-eabi/4.9.3/../../../../arm-none-eabi/lib/armv7e-m/softfp/libc_nano.a(lib_a-gdtoa-hexnan.o)
 .text.__hexnan
                0x080061b4      0x114 /opt/gcc-arm-none-eabi-4_9-2015q3/bin/../lib/gcc/arm-none-eabi/4.9.3/../../../../arm-none-eabi/lib/armv7e-m/softfp/libc_nano.a(lib_a-gdtoa-hexnan.o)
                0x080061b4                __hexnan
 .text._localeconv_r
                0x080062c8        0x8 /opt/gcc-arm-none-eabi-4_9-2015q3/bin/../lib/gcc/arm-none-eabi/4.9.3/../../../../arm-none-eabi/lib/armv7e-m/softfp/libc_nano.a(lib_a-locale.o)
                0x080062c8                _localeconv_r
 .text._lseek_r
                0x080062d0       0x24 /opt/gcc-arm-none-eabi-4_9-2015q3/bin/../lib/gcc/arm-none-eabi/4.9.3/../../../../arm-none-eabi/lib/armv7e-m/softfp/libc_nano.a(lib_a-lseekr.o)
                0x080062d0                _lseek_r
 .text.__smakebuf_r
                0x080062f4       0x9c /opt/gcc-arm-none-eabi-4_9-2015q3/bin/../lib/gcc/arm-none-eabi/4.9.3/../../../../arm-none-eabi/lib/armv7e-m/softfp/libc_nano.a(lib_a-makebuf.o)
                0x080062f4                __smakebuf_r
 .text.memmove  0x08006390       0x36 /opt/gcc-arm-none-eabi-4_9-2015q3/bin/../lib/gcc/arm-none-eabi/4.9.3/../../../../arm-none-eabi/lib/armv7e-m/softfp/libc_nano.a(lib_a-memmove.o)
                0x08006390                memmove
 .text._Balloc  0x080063c6       0x6a /opt/gcc-arm-none-eabi-4_9-2015q3/bin/../lib/gcc/arm-none-eabi/4.9.3/../../../../arm-none-eabi/lib/armv7e-m/softfp/libc_nano.a(lib_a-mprec.o)
                0x080063c6                _Balloc
 .text._Bfree   0x08006430       0x2e /opt/gcc-arm-none-eabi-4_9-2015q3/bin/../lib/gcc/arm-none-eabi/4.9.3/../../../../arm-none-eabi/lib/armv7e-m/softfp/libc_nano.a(lib_a-mprec.o)
                0x08006430                _Bfree
 .text.__multadd
                0x0800645e       0x7c /opt/gcc-arm-none-eabi-4_9-2015q3/bin/../lib/gcc/arm-none-eabi/4.9.3/../../../../arm-none-eabi/lib/armv7e-m/softfp/libc_nano.a(lib_a-mprec.o)
                0x0800645e                __multadd
 .text.__s2b    0x080064da       0x80 /opt/gcc-arm-none-eabi-4_9-2015q3/bin/../lib/gcc/arm-none-eabi/4.9.3/../../../../arm-none-eabi/lib/armv7e-m/softfp/libc_nano.a(lib_a-mprec.o)
                0x080064da                __s2b
 .text.__hi0bits
                0x0800655a       0x40 /opt/gcc-arm-none-eabi-4_9-2015q3/bin/../lib/gcc/arm-none-eabi/4.9.3/../../../../arm-none-eabi/lib/armv7e-m/softfp/libc_nano.a(lib_a-mprec.o)
                0x0800655a                __hi0bits
 .text.__lo0bits
                0x0800659a       0x5a /opt/gcc-arm-none-eabi-4_9-2015q3/bin/../lib/gcc/arm-none-eabi/4.9.3/../../../../arm-none-eabi/lib/armv7e-m/softfp/libc_nano.a(lib_a-mprec.o)
                0x0800659a                __lo0bits
 .text.__i2b    0x080065f4       0x12 /opt/gcc-arm-none-eabi-4_9-2015q3/bin/../lib/gcc/arm-none-eabi/4.9.3/../../../../arm-none-eabi/lib/armv7e-m/softfp/libc_nano.a(lib_a-mprec.o)
                0x080065f4                __i2b
 .text.__multiply
                0x08006606      0x122 /opt/gcc-arm-none-eabi-4_9-2015q3/bin/../lib/gcc/arm-none-eabi/4.9.3/../../../../arm-none-eabi/lib/armv7e-m/softfp/libc_nano.a(lib_a-mprec.o)
                0x08006606                __multiply
 .text.__pow5mult
                0x08006728       0x9c /opt/gcc-arm-none-eabi-4_9-2015q3/bin/../lib/gcc/arm-none-eabi/4.9.3/../../../../arm-none-eabi/lib/armv7e-m/softfp/libc_nano.a(lib_a-mprec.o)
                0x08006728                __pow5mult
 .text.__lshift
                0x080067c4       0xa6 /opt/gcc-arm-none-eabi-4_9-2015q3/bin/../lib/gcc/arm-none-eabi/4.9.3/../../../../arm-none-eabi/lib/armv7e-m/softfp/libc_nano.a(lib_a-mprec.o)
                0x080067c4                __lshift
 .text.__mcmp   0x0800686a       0x38 /opt/gcc-arm-none-eabi-4_9-2015q3/bin/../lib/gcc/arm-none-eabi/4.9.3/../../../../arm-none-eabi/lib/armv7e-m/softfp/libc_nano.a(lib_a-mprec.o)
                0x0800686a                __mcmp
 .text.__mdiff  0x080068a2       0xbe /opt/gcc-arm-none-eabi-4_9-2015q3/bin/../lib/gcc/arm-none-eabi/4.9.3/../../../../arm-none-eabi/lib/armv7e-m/softfp/libc_nano.a(lib_a-mprec.o)
                0x080068a2                __mdiff
 .text.__ulp    0x08006960       0x48 /opt/gcc-arm-none-eabi-4_9-2015q3/bin/../lib/gcc/arm-none-eabi/4.9.3/../../../../arm-none-eabi/lib/armv7e-m/softfp/libc_nano.a(lib_a-mprec.o)
                0x08006960                __ulp
 .text.__b2d    0x080069a8       0x9e /opt/gcc-arm-none-eabi-4_9-2015q3/bin/../lib/gcc/arm-none-eabi/4.9.3/../../../../arm-none-eabi/lib/armv7e-m/softfp/libc_nano.a(lib_a-mprec.o)
                0x080069a8                __b2d
 .text.__d2b    0x08006a46       0xa4 /opt/gcc-arm-none-eabi-4_9-2015q3/bin/../lib/gcc/arm-none-eabi/4.9.3/../../../../arm-none-eabi/lib/armv7e-m/softfp/libc_nano.a(lib_a-mprec.o)
                0x08006a46                __d2b
 .text.__ratio  0x08006aea       0x52 /opt/gcc-arm-none-eabi-4_9-2015q3/bin/../lib/gcc/arm-none-eabi/4.9.3/../../../../arm-none-eabi/lib/armv7e-m/softfp/libc_nano.a(lib_a-mprec.o)
                0x08006aea                __ratio
 .text.__copybits
                0x08006b3c       0x34 /opt/gcc-arm-none-eabi-4_9-2015q3/bin/../lib/gcc/arm-none-eabi/4.9.3/../../../../arm-none-eabi/lib/armv7e-m/softfp/libc_nano.a(lib_a-mprec.o)
                0x08006b3c                __copybits
 .text.__any_on
                0x08006b70       0x44 /opt/gcc-arm-none-eabi-4_9-2015q3/bin/../lib/gcc/arm-none-eabi/4.9.3/../../../../arm-none-eabi/lib/armv7e-m/softfp/libc_nano.a(lib_a-mprec.o)
                0x08006b70                __any_on
 .text._calloc_r
                0x08006bb4       0x1c /opt/gcc-arm-none-eabi-4_9-2015q3/bin/../lib/gcc/arm-none-eabi/4.9.3/../../../../arm-none-eabi/lib/armv7e-m/softfp/libc_nano.a(lib_a-nano-callocr.o)
                0x08006bb4                _calloc_r
 .text._realloc_r
                0x08006bd0       0x4c /opt/gcc-arm-none-eabi-4_9-2015q3/bin/../lib/gcc/arm-none-eabi/4.9.3/../../../../arm-none-eabi/lib/armv7e-m/softfp/libc_nano.a(lib_a-nano-reallocr.o)
                0x08006bd0                _realloc_r
 .text.__ssputs_r
                0x08006c1c       0xb2 /opt/gcc-arm-none-eabi-4_9-2015q3/bin/../lib/gcc/arm-none-eabi/4.9.3/../../../../arm-none-eabi/lib/armv7e-m/softfp/libc_nano.a(lib_a-nano-svfprintf.o)
                0x08006c1c                __ssputs_r
 *fill*         0x08006cce        0x2 
 .text._svfprintf_r
                0x08006cd0      0x1e4 /opt/gcc-arm-none-eabi-4_9-2015q3/bin/../lib/gcc/arm-none-eabi/4.9.3/../../../../arm-none-eabi/lib/armv7e-m/softfp/libc_nano.a(lib_a-nano-svfprintf.o)
                0x08006cd0                _svfprintf_r
                0x08006cd0                _svfiprintf_r
 .text._read_r  0x08006eb4       0x24 /opt/gcc-arm-none-eabi-4_9-2015q3/bin/../lib/gcc/arm-none-eabi/4.9.3/../../../../arm-none-eabi/lib/armv7e-m/softfp/libc_nano.a(lib_a-readr.o)
                0x08006eb4                _read_r
 .text._fstat_r
                0x08006ed8       0x24 /opt/gcc-arm-none-eabi-4_9-2015q3/bin/../lib/gcc/arm-none-eabi/4.9.3/../../../../arm-none-eabi/lib/armv7e-m/softfp/libc_nano.a(lib_a-fstatr.o)
                0x08006ed8                _fstat_r
 .text._isatty_r
                0x08006efc       0x20 /opt/gcc-arm-none-eabi-4_9-2015q3/bin/../lib/gcc/arm-none-eabi/4.9.3/../../../../arm-none-eabi/lib/armv7e-m/softfp/libc_nano.a(lib_a-isattyr.o)
                0x08006efc                _isatty_r
 .text._malloc_usable_size_r
                0x08006f1c       0x14 /opt/gcc-arm-none-eabi-4_9-2015q3/bin/../lib/gcc/arm-none-eabi/4.9.3/../../../../arm-none-eabi/lib/armv7e-m/softfp/libc_nano.a(lib_a-nano-msizer.o)
                0x08006f1c                _malloc_usable_size_r
 .text          0x08006f30      0x370 /opt/gcc-arm-none-eabi-4_9-2015q3/bin/../lib/gcc/arm-none-eabi/4.9.3/armv7e-m/softfp/libgcc.a(_arm_addsubdf3.o)
                0x08006f30                __aeabi_drsub
                0x08006f38                __aeabi_dsub
                0x08006f38                __subdf3
                0x08006f3c                __adddf3
                0x08006f3c                __aeabi_dadd
                0x080071b4                __aeabi_ui2d
                0x080071b4                __floatunsidf
                0x080071d4                __floatsidf
                0x080071d4                __aeabi_i2d
                0x080071f8                __extendsfdf2
                0x080071f8                __aeabi_f2d
                0x08007234                __aeabi_ul2d
                0x08007234                __floatundidf
                0x08007244                __floatdidf
                0x08007244                __aeabi_l2d
 .text          0x080072a0      0x424 /opt/gcc-arm-none-eabi-4_9-2015q3/bin/../lib/gcc/arm-none-eabi/4.9.3/armv7e-m/softfp/libgcc.a(_arm_muldivdf3.o)
                0x080072a0                __aeabi_dmul
                0x080072a0                __muldf3
                0x080074f4                __aeabi_ddiv
                0x080074f4                __divdf3
 .text          0x080076c4      0x110 /opt/gcc-arm-none-eabi-4_9-2015q3/bin/../lib/gcc/arm-none-eabi/4.9.3/armv7e-m/softfp/libgcc.a(_arm_cmpdf2.o)
                0x080076c4                __gtdf2
                0x080076c4                __gedf2
                0x080076cc                __ltdf2
                0x080076cc                __ledf2
                0x080076d4                __cmpdf2
                0x080076d4                __eqdf2
                0x080076d4                __nedf2
                0x08007750                __aeabi_cdrcmple
                0x08007760                __aeabi_cdcmple
                0x08007760                __aeabi_cdcmpeq
                0x08007770                __aeabi_dcmpeq
                0x08007784                __aeabi_dcmplt
                0x08007798                __aeabi_dcmple
                0x080077ac                __aeabi_dcmpge
                0x080077c0                __aeabi_dcmpgt
 .text          0x080077d4       0x50 /opt/gcc-arm-none-eabi-4_9-2015q3/bin/../lib/gcc/arm-none-eabi/4.9.3/armv7e-m/softfp/libgcc.a(_arm_fixdfsi.o)
                0x080077d4                __fixdfsi
                0x080077d4                __aeabi_d2iz
 .text          0x08007824       0x40 /opt/gcc-arm-none-eabi-4_9-2015q3/bin/../lib/gcc/arm-none-eabi/4.9.3/armv7e-m/softfp/libgcc.a(_arm_fixunsdfsi.o)
                0x08007824                __fixunsdfsi
                0x08007824                __aeabi_d2uiz
 .text          0x08007864       0xa0 /opt/gcc-arm-none-eabi-4_9-2015q3/bin/../lib/gcc/arm-none-eabi/4.9.3/armv7e-m/softfp/libgcc.a(_arm_truncdfsf2.o)
                0x08007864                __aeabi_d2f
                0x08007864                __truncdfsf2
 .text          0x08007904       0x30 /opt/gcc-arm-none-eabi-4_9-2015q3/bin/../lib/gcc/arm-none-eabi/4.9.3/armv7e-m/softfp/libgcc.a(_aeabi_uldivmod.o)
                0x08007904                __aeabi_uldivmod
 .text          0x08007934       0x60 /opt/gcc-arm-none-eabi-4_9-2015q3/bin/../lib/gcc/arm-none-eabi/4.9.3/armv7e-m/softfp/libgcc.a(bpabi.o)
                0x08007934                __gnu_ldivmod_helper
                0x08007964                __gnu_uldivmod_helper
 .text          0x08007994        0x4 /opt/gcc-arm-none-eabi-4_9-2015q3/bin/../lib/gcc/arm-none-eabi/4.9.3/armv7e-m/softfp/libgcc.a(_dvmd_tls.o)
                0x08007994                __aeabi_ldiv0
                0x08007994                __aeabi_idiv0
 .text          0x08007998      0x29c /opt/gcc-arm-none-eabi-4_9-2015q3/bin/../lib/gcc/arm-none-eabi/4.9.3/armv7e-m/softfp/libgcc.a(_divdi3.o)
                0x08007998                __divdi3
 .text          0x08007c34      0x26c /opt/gcc-arm-none-eabi-4_9-2015q3/bin/../lib/gcc/arm-none-eabi/4.9.3/armv7e-m/softfp/libgcc.a(_udivdi3.o)
                0x08007c34                __udivdi3
 *(.init)
 .init          0x08007ea0        0x4 /opt/gcc-arm-none-eabi-4_9-2015q3/bin/../lib/gcc/arm-none-eabi/4.9.3/armv7e-m/softfp/crti.o
                0x08007ea0                _init
 .init          0x08007ea4        0x8 /opt/gcc-arm-none-eabi-4_9-2015q3/bin/../lib/gcc/arm-none-eabi/4.9.3/armv7e-m/softfp/crtn.o
 *(.fini)
 .fini          0x08007eac        0x4 /opt/gcc-arm-none-eabi-4_9-2015q3/bin/../lib/gcc/arm-none-eabi/4.9.3/armv7e-m/softfp/crti.o
                0x08007eac                _fini
 .fini          0x08007eb0        0x8 /opt/gcc-arm-none-eabi-4_9-2015q3/bin/../lib/gcc/arm-none-eabi/4.9.3/armv7e-m/softfp/crtn.o
 *crtbegin.o(.ctors)
 *crtbegin?.o(.ctors)
 *(EXCLUDE_FILE(*crtend.o *crtend?.o) .ctors)
 *(SORT(.ctors.*))
 *(.ctors)
 *crtbegin.o(.dtors)
 *crtbegin?.o(.dtors)
 *(EXCLUDE_FILE(*crtend.o *crtend?.o) .dtors)
 *(SORT(.dtors.*))
 *(.dtors)
 *(.rodata*)
 .rodata.APBAHBPrescTable
                0x08007eb8        0x8 mbed/TARGET_NUCLEO_L476RG/TOOLCHAIN_GCC_ARM/stm32l4xx_hal_rcc.o
                0x08007eb8                APBAHBPrescTable
 .rodata.CSWTCH.36
                0x08007ec0       0x10 mbed/TARGET_NUCLEO_L476RG/TOOLCHAIN_GCC_ARM/stm32l4xx_hal_uart.o
 .rodata.CSWTCH.35
                0x08007ed0        0x4 mbed/TARGET_NUCLEO_L476RG/TOOLCHAIN_GCC_ARM/stm32l4xx_hal_uart.o
 .rodata.AHBPrescTable
                0x08007ed4       0x10 mbed/TARGET_NUCLEO_L476RG/TOOLCHAIN_GCC_ARM/system_stm32l4xx.o
                0x08007ed4                AHBPrescTable
 .rodata.MSIRangeTable
                0x08007ee4       0x30 mbed/TARGET_NUCLEO_L476RG/TOOLCHAIN_GCC_ARM/system_stm32l4xx.o
                0x08007ee4                MSIRangeTable
 .rodata.str1.4
                0x08007f14       0xdb ./mbed/TARGET_NUCLEO_L476RG/TOOLCHAIN_GCC_ARM/libmbed.a(serial_api.o)
                                 0xdc (size before relaxing)
 *fill*         0x08007fef        0x1 
 .rodata.str1.4
                0x08007ff0       0x31 ./mbed/TARGET_NUCLEO_L476RG/TOOLCHAIN_GCC_ARM/libmbed.a(assert.o)
                                 0x34 (size before relaxing)
 *fill*         0x08008021        0x3 
 .rodata.str1.4
                0x08008024       0x86 ./mbed/TARGET_NUCLEO_L476RG/TOOLCHAIN_GCC_ARM/libmbed.a(gpio.o)
                                 0x88 (size before relaxing)
 *fill*         0x080080aa        0x2 
 .rodata.str1.4
                0x080080ac       0x66 ./mbed/TARGET_NUCLEO_L476RG/TOOLCHAIN_GCC_ARM/libmbed.a(pinmap_common.o)
                                 0x68 (size before relaxing)
 *fill*         0x08008112        0x2 
 .rodata.us_interface
                0x08008114       0x14 ./mbed/TARGET_NUCLEO_L476RG/TOOLCHAIN_GCC_ARM/libmbed.a(us_ticker_api.o)
 .rodata.us_data
                0x08008128        0x8 ./mbed/TARGET_NUCLEO_L476RG/TOOLCHAIN_GCC_ARM/libmbed.a(us_ticker_api.o)
 .rodata.PinMap_UART_RX
                0x08008130       0x78 ./mbed/TARGET_NUCLEO_L476RG/TOOLCHAIN_GCC_ARM/libmbed.a(PeripheralPins.o)
                0x08008130                PinMap_UART_RX
 .rodata.PinMap_UART_TX
                0x080081a8       0x78 ./mbed/TARGET_NUCLEO_L476RG/TOOLCHAIN_GCC_ARM/libmbed.a(PeripheralPins.o)
                0x080081a8                PinMap_UART_TX
 .rodata.str1.4
                0x08008220       0x7a ./mbed/TARGET_NUCLEO_L476RG/TOOLCHAIN_GCC_ARM/libmbed.a(gpio_api.o)
                                 0x94 (size before relaxing)
 *fill*         0x0800829a        0x2 
 .rodata.gpio_mode
                0x0800829c       0x38 ./mbed/TARGET_NUCLEO_L476RG/TOOLCHAIN_GCC_ARM/libmbed.a(pinmap.o)
 .rodata.str1.4
                0x080082d4       0x88 ./mbed/TARGET_NUCLEO_L476RG/TOOLCHAIN_GCC_ARM/libmbed.a(pinmap.o)
                                 0x9c (size before relaxing)
 .rodata.__sf_fake_stdin
                0x0800835c       0x20 /opt/gcc-arm-none-eabi-4_9-2015q3/bin/../lib/gcc/arm-none-eabi/4.9.3/../../../../arm-none-eabi/lib/armv7e-m/softfp/libc_nano.a(lib_a-findfp.o)
                0x0800835c                __sf_fake_stdin
 .rodata.__sf_fake_stdout
                0x0800837c       0x20 /opt/gcc-arm-none-eabi-4_9-2015q3/bin/../lib/gcc/arm-none-eabi/4.9.3/../../../../arm-none-eabi/lib/armv7e-m/softfp/libc_nano.a(lib_a-findfp.o)
                0x0800837c                __sf_fake_stdout
 .rodata.__sf_fake_stderr
                0x0800839c       0x20 /opt/gcc-arm-none-eabi-4_9-2015q3/bin/../lib/gcc/arm-none-eabi/4.9.3/../../../../arm-none-eabi/lib/armv7e-m/softfp/libc_nano.a(lib_a-findfp.o)
                0x0800839c                __sf_fake_stderr
 .rodata.str1.1
                0x080083bc        0x2 /opt/gcc-arm-none-eabi-4_9-2015q3/bin/../lib/gcc/arm-none-eabi/4.9.3/../../../../arm-none-eabi/lib/armv7e-m/softfp/libc_nano.a(lib_a-impure.o)
 *fill*         0x080083be        0x2 
 .rodata._global_impure_ptr
                0x080083c0        0x4 /opt/gcc-arm-none-eabi-4_9-2015q3/bin/../lib/gcc/arm-none-eabi/4.9.3/../../../../arm-none-eabi/lib/armv7e-m/softfp/libc_nano.a(lib_a-impure.o)
                0x080083c0                _global_impure_ptr
 .rodata.str1.1
                0x080083c4       0x11 /opt/gcc-arm-none-eabi-4_9-2015q3/bin/../lib/gcc/arm-none-eabi/4.9.3/../../../../arm-none-eabi/lib/armv7e-m/softfp/libc_nano.a(lib_a-nano-vfprintf.o)
 .rodata.str1.1
                0x080083d5       0x12 /opt/gcc-arm-none-eabi-4_9-2015q3/bin/../lib/gcc/arm-none-eabi/4.9.3/../../../../arm-none-eabi/lib/armv7e-m/softfp/libc_nano.a(lib_a-nano-vfprintf_float.o)
 .rodata.str1.1
                0x080083e7       0x22 /opt/gcc-arm-none-eabi-4_9-2015q3/bin/../lib/gcc/arm-none-eabi/4.9.3/../../../../arm-none-eabi/lib/armv7e-m/softfp/libc_nano.a(lib_a-nano-vfprintf_i.o)
 .rodata.str1.1
                0x08008409        0x5 /opt/gcc-arm-none-eabi-4_9-2015q3/bin/../lib/gcc/arm-none-eabi/4.9.3/../../../../arm-none-eabi/lib/armv7e-m/softfp/libc_nano.a(lib_a-nano-vfscanf_float.o)
 .rodata.str1.1
                0x00000000        0x5 /opt/gcc-arm-none-eabi-4_9-2015q3/bin/../lib/gcc/arm-none-eabi/4.9.3/../../../../arm-none-eabi/lib/armv7e-m/softfp/libc_nano.a(lib_a-strtod.o)
                                  0xc (size before relaxing)
 *fill*         0x0800840e        0x2 
 .rodata.fpinan.5315
                0x08008410       0x14 /opt/gcc-arm-none-eabi-4_9-2015q3/bin/../lib/gcc/arm-none-eabi/4.9.3/../../../../arm-none-eabi/lib/armv7e-m/softfp/libc_nano.a(lib_a-strtod.o)
 *fill*         0x08008424        0x4 
 .rodata.tinytens
                0x08008428       0x28 /opt/gcc-arm-none-eabi-4_9-2015q3/bin/../lib/gcc/arm-none-eabi/4.9.3/../../../../arm-none-eabi/lib/armv7e-m/softfp/libc_nano.a(lib_a-strtod.o)
 .rodata.fpi.5279
                0x08008450       0x14 /opt/gcc-arm-none-eabi-4_9-2015q3/bin/../lib/gcc/arm-none-eabi/4.9.3/../../../../arm-none-eabi/lib/armv7e-m/softfp/libc_nano.a(lib_a-strtod.o)
 .rodata._ctype_
                0x08008464      0x101 /opt/gcc-arm-none-eabi-4_9-2015q3/bin/../lib/gcc/arm-none-eabi/4.9.3/../../../../arm-none-eabi/lib/armv7e-m/softfp/libc_nano.a(lib_a-ctype_.o)
                0x08008464                _ctype_
 .rodata.str1.1
                0x08008565        0xd /opt/gcc-arm-none-eabi-4_9-2015q3/bin/../lib/gcc/arm-none-eabi/4.9.3/../../../../arm-none-eabi/lib/armv7e-m/softfp/libc_nano.a(lib_a-dtoa.o)
                                  0xf (size before relaxing)
 .rodata.str1.1
                0x08008572        0x8 /opt/gcc-arm-none-eabi-4_9-2015q3/bin/../lib/gcc/arm-none-eabi/4.9.3/../../../../arm-none-eabi/lib/armv7e-m/softfp/libc_nano.a(lib_a-locale.o)
                                  0xb (size before relaxing)
 *fill*         0x0800857a        0x6 
 .rodata.__mprec_tens
                0x08008580       0xc8 /opt/gcc-arm-none-eabi-4_9-2015q3/bin/../lib/gcc/arm-none-eabi/4.9.3/../../../../arm-none-eabi/lib/armv7e-m/softfp/libc_nano.a(lib_a-mprec.o)
                0x08008580                __mprec_tens
 .rodata.__mprec_bigtens
                0x08008648       0x28 /opt/gcc-arm-none-eabi-4_9-2015q3/bin/../lib/gcc/arm-none-eabi/4.9.3/../../../../arm-none-eabi/lib/armv7e-m/softfp/libc_nano.a(lib_a-mprec.o)
                0x08008648                __mprec_bigtens
 .rodata.p05.5314
                0x08008670        0xc /opt/gcc-arm-none-eabi-4_9-2015q3/bin/../lib/gcc/arm-none-eabi/4.9.3/../../../../arm-none-eabi/lib/armv7e-m/softfp/libc_nano.a(lib_a-mprec.o)
 .rodata.str1.1
                0x00000000       0x11 /opt/gcc-arm-none-eabi-4_9-2015q3/bin/../lib/gcc/arm-none-eabi/4.9.3/../../../../arm-none-eabi/lib/armv7e-m/softfp/libc_nano.a(lib_a-nano-svfprintf.o)
 *(.eh_frame*)
 .eh_frame      0x0800867c        0x0 /opt/gcc-arm-none-eabi-4_9-2015q3/bin/../lib/gcc/arm-none-eabi/4.9.3/armv7e-m/softfp/crtbegin.o
 .eh_frame      0x0800867c        0x0 /opt/gcc-arm-none-eabi-4_9-2015q3/bin/../lib/gcc/arm-none-eabi/4.9.3/../../../../arm-none-eabi/lib/armv7e-m/softfp/libc_nano.a(lib_a-strcmp.o)
                                 0x28 (size before relaxing)
 .eh_frame      0x0800867c        0x4 /opt/gcc-arm-none-eabi-4_9-2015q3/bin/../lib/gcc/arm-none-eabi/4.9.3/armv7e-m/softfp/crtend.o

.glue_7         0x08008680        0x0
 .glue_7        0x00000000        0x0 linker stubs

.glue_7t        0x08008680        0x0
 .glue_7t       0x00000000        0x0 linker stubs

.vfp11_veneer   0x08008680        0x0
 .vfp11_veneer  0x00000000        0x0 linker stubs

.v4_bx          0x08008680        0x0
 .v4_bx         0x00000000        0x0 linker stubs

.iplt           0x08008680        0x0
 .iplt          0x00000000        0x0 /opt/gcc-arm-none-eabi-4_9-2015q3/bin/../lib/gcc/arm-none-eabi/4.9.3/armv7e-m/softfp/crtbegin.o

.ARM.extab
 *(.ARM.extab* .gnu.linkonce.armextab.*)
                0x08008680                __exidx_start = .

.ARM.exidx      0x08008680        0x8
 *(.ARM.exidx* .gnu.linkonce.armexidx.*)
 .ARM.exidx     0x08008680        0x8 /opt/gcc-arm-none-eabi-4_9-2015q3/bin/../lib/gcc/arm-none-eabi/4.9.3/../../../../arm-none-eabi/lib/armv7e-m/softfp/crt0.o
 .ARM.exidx     0x08008688        0x0 /opt/gcc-arm-none-eabi-4_9-2015q3/bin/../lib/gcc/arm-none-eabi/4.9.3/armv7e-m/softfp/libgcc.a(_divdi3.o)
                                  0x8 (size before relaxing)
 .ARM.exidx     0x08008688        0x0 /opt/gcc-arm-none-eabi-4_9-2015q3/bin/../lib/gcc/arm-none-eabi/4.9.3/armv7e-m/softfp/libgcc.a(_udivdi3.o)
                                  0x8 (size before relaxing)
                0x08008688                __exidx_end = .
                0x08008688                __etext = .
                0x08008688                _sidata = .

.rel.dyn        0x08008688        0x0
 .rel.iplt      0x00000000        0x0 /opt/gcc-arm-none-eabi-4_9-2015q3/bin/../lib/gcc/arm-none-eabi/4.9.3/armv7e-m/softfp/crtbegin.o

.data           0x10000188       0xb8 load address 0x08008688
                0x10000188                __data_start__ = .
                0x10000188                _sdata = .
 *(vtable)
 *(.data*)
 .data._ZZ5_sbrkE4heap
                0x10000188        0x4 mbed/TARGET_NUCLEO_L476RG/TOOLCHAIN_GCC_ARM/retarget.o
 .data.SystemCoreClock
                0x1000018c        0x4 mbed/TARGET_NUCLEO_L476RG/TOOLCHAIN_GCC_ARM/system_stm32l4xx.o
                0x1000018c                SystemCoreClock
 .data.impure_data
                0x10000190       0x60 /opt/gcc-arm-none-eabi-4_9-2015q3/bin/../lib/gcc/arm-none-eabi/4.9.3/../../../../arm-none-eabi/lib/armv7e-m/softfp/libc_nano.a(lib_a-impure.o)
 .data._impure_ptr
                0x100001f0        0x4 /opt/gcc-arm-none-eabi-4_9-2015q3/bin/../lib/gcc/arm-none-eabi/4.9.3/../../../../arm-none-eabi/lib/armv7e-m/softfp/libc_nano.a(lib_a-impure.o)
                0x100001f0                _impure_ptr
 .data.__ctype_ptr__
                0x100001f4        0x4 /opt/gcc-arm-none-eabi-4_9-2015q3/bin/../lib/gcc/arm-none-eabi/4.9.3/../../../../arm-none-eabi/lib/armv7e-m/softfp/libc_nano.a(lib_a-ctype_.o)
                0x100001f4                __ctype_ptr__
 .data.lconv    0x100001f8       0x38 /opt/gcc-arm-none-eabi-4_9-2015q3/bin/../lib/gcc/arm-none-eabi/4.9.3/../../../../arm-none-eabi/lib/armv7e-m/softfp/libc_nano.a(lib_a-locale.o)
                0x10000230                . = ALIGN (0x4)
                0x10000230                PROVIDE (__preinit_array_start, .)
 *(.preinit_array)
                0x10000230                PROVIDE (__preinit_array_end, .)
                0x10000230                . = ALIGN (0x4)
                0x10000230                PROVIDE (__init_array_start, .)
 *(SORT(.init_array.*))
 *(.init_array)
 .init_array    0x10000230        0x4 /opt/gcc-arm-none-eabi-4_9-2015q3/bin/../lib/gcc/arm-none-eabi/4.9.3/armv7e-m/softfp/crtbegin.o
 .init_array    0x10000234        0x4 main.o
                0x10000238                PROVIDE (__init_array_end, .)
                0x10000238                . = ALIGN (0x4)
                0x10000238                PROVIDE (__fini_array_start, .)
 *(SORT(.fini_array.*))
 *(.fini_array)
 .fini_array    0x10000238        0x4 /opt/gcc-arm-none-eabi-4_9-2015q3/bin/../lib/gcc/arm-none-eabi/4.9.3/armv7e-m/softfp/crtbegin.o
                0x1000023c                PROVIDE (__fini_array_end, .)
 *(.jcr*)
 .jcr           0x1000023c        0x0 /opt/gcc-arm-none-eabi-4_9-2015q3/bin/../lib/gcc/arm-none-eabi/4.9.3/armv7e-m/softfp/crtbegin.o
 .jcr           0x1000023c        0x4 /opt/gcc-arm-none-eabi-4_9-2015q3/bin/../lib/gcc/arm-none-eabi/4.9.3/armv7e-m/softfp/crtend.o
                0x10000240                . = ALIGN (0x4)
                0x10000240                __data_end__ = .
                0x10000240                _edata = .

.igot.plt       0x10000240        0x0 load address 0x08008740
 .igot.plt      0x00000000        0x0 /opt/gcc-arm-none-eabi-4_9-2015q3/bin/../lib/gcc/arm-none-eabi/4.9.3/armv7e-m/softfp/crtbegin.o

.bss            0x10000240      0x280 load address 0x08008740
                0x10000240                . = ALIGN (0x4)
                0x10000240                __bss_start__ = .
                0x10000240                _sbss = .
 *(.bss*)
 .bss           0x10000240       0x1c /opt/gcc-arm-none-eabi-4_9-2015q3/bin/../lib/gcc/arm-none-eabi/4.9.3/armv7e-m/softfp/crtbegin.o
 .bss.red       0x1000025c       0x14 main.o
                0x1000025c                red
 .bss.yellow    0x10000270       0x14 main.o
                0x10000270                yellow
 .bss.green     0x10000284       0x14 main.o
                0x10000284                green
 .bss.PreviousVal
                0x10000298        0x4 mbed/TARGET_NUCLEO_L476RG/TOOLCHAIN_GCC_ARM/hal_tick.o
                0x10000298                PreviousVal
 .bss._ZL11filehandles
                0x1000029c      0x100 mbed/TARGET_NUCLEO_L476RG/TOOLCHAIN_GCC_ARM/retarget.o
 .bss.uwTick    0x1000039c        0x4 mbed/TARGET_NUCLEO_L476RG/TOOLCHAIN_GCC_ARM/stm32l4xx_hal.o
 .bss.stdio_uart_inited
                0x100003a0        0x4 ./mbed/TARGET_NUCLEO_L476RG/TOOLCHAIN_GCC_ARM/libmbed.a(serial_api.o)
                0x100003a0                stdio_uart_inited
 .bss.events    0x100003a4        0x8 ./mbed/TARGET_NUCLEO_L476RG/TOOLCHAIN_GCC_ARM/libmbed.a(us_ticker_api.o)
 .bss.TimMasterHandle
                0x100003ac       0x3c ./mbed/TARGET_NUCLEO_L476RG/TOOLCHAIN_GCC_ARM/libmbed.a(us_ticker.o)
 .bss.us_ticker_inited
                0x100003e8        0x4 ./mbed/TARGET_NUCLEO_L476RG/TOOLCHAIN_GCC_ARM/libmbed.a(us_ticker.o)
 .bss.__malloc_sbrk_start
                0x100003ec        0x4 /opt/gcc-arm-none-eabi-4_9-2015q3/bin/../lib/gcc/arm-none-eabi/4.9.3/../../../../arm-none-eabi/lib/armv7e-m/softfp/libc_nano.a(lib_a-nano-mallocr.o)
                0x100003ec                __malloc_sbrk_start
 .bss.__malloc_free_list
                0x100003f0        0x4 /opt/gcc-arm-none-eabi-4_9-2015q3/bin/../lib/gcc/arm-none-eabi/4.9.3/../../../../arm-none-eabi/lib/armv7e-m/softfp/libc_nano.a(lib_a-nano-mallocr.o)
                0x100003f0                __malloc_free_list
 *(COMMON)
 COMMON         0x100003f4       0x3c mbed/TARGET_NUCLEO_L476RG/TOOLCHAIN_GCC_ARM/hal_tick.o
                0x100003f4                TimMasterHandle
 COMMON         0x10000430       0x8c ./mbed/TARGET_NUCLEO_L476RG/TOOLCHAIN_GCC_ARM/libmbed.a(serial_api.o)
                0x10000430                UartHandle
                0x100004a0                stdio_uart
 COMMON         0x100004bc        0x4 /opt/gcc-arm-none-eabi-4_9-2015q3/bin/../lib/gcc/arm-none-eabi/4.9.3/../../../../arm-none-eabi/lib/armv7e-m/softfp/libc_nano.a(lib_a-reent.o)
                0x100004bc                errno
                0x100004c0                . = ALIGN (0x4)
                0x100004c0                __bss_end__ = .
                0x100004c0                _ebss = .

.heap           0x100004c0        0x0
                0x100004c0                __end__ = .
                0x100004c0                end = __end__
 *(.heap*)
                0x100004c0                __HeapLimit = .

.stack_dummy    0x100004c0        0x0
 *(.stack*)
                0x10008000                __StackTop = (ORIGIN (SRAM2) + 0x7e78)
                0x10008000                _estack = __StackTop
                0x10008000                __StackLimit = (__StackTop - SIZEOF (.stack_dummy))
                0x10008000                PROVIDE (__stack, __StackTop)
                0x00000001                ASSERT ((__StackLimit >= __HeapLimit), region RAM overflowed with stack)
OUTPUT(watch_led_blink.elf elf32-littlearm)

.ARM.attributes
                0x00000000       0x2e
 .ARM.attributes
                0x00000000       0x22 /opt/gcc-arm-none-eabi-4_9-2015q3/bin/../lib/gcc/arm-none-eabi/4.9.3/armv7e-m/softfp/crti.o
 .ARM.attributes
                0x00000022       0x32 /opt/gcc-arm-none-eabi-4_9-2015q3/bin/../lib/gcc/arm-none-eabi/4.9.3/armv7e-m/softfp/crtbegin.o
 .ARM.attributes
                0x00000054       0x20 /opt/gcc-arm-none-eabi-4_9-2015q3/bin/../lib/gcc/arm-none-eabi/4.9.3/../../../../arm-none-eabi/lib/armv7e-m/softfp/crt0.o
 .ARM.attributes
                0x00000074       0x37 main.o
 .ARM.attributes
                0x000000ab       0x37 mbed/TARGET_NUCLEO_L476RG/TOOLCHAIN_GCC_ARM/board.o
 .ARM.attributes
                0x000000e2       0x37 mbed/TARGET_NUCLEO_L476RG/TOOLCHAIN_GCC_ARM/cmsis_nvic.o
 .ARM.attributes
                0x00000119       0x37 mbed/TARGET_NUCLEO_L476RG/TOOLCHAIN_GCC_ARM/hal_tick.o
 .ARM.attributes
                0x00000150       0x37 mbed/TARGET_NUCLEO_L476RG/TOOLCHAIN_GCC_ARM/mbed_overrides.o
 .ARM.attributes
                0x00000187       0x37 mbed/TARGET_NUCLEO_L476RG/TOOLCHAIN_GCC_ARM/retarget.o
 .ARM.attributes
                0x000001be       0x21 mbed/TARGET_NUCLEO_L476RG/TOOLCHAIN_GCC_ARM/startup_stm32l476xx.o
 .ARM.attributes
                0x000001df       0x37 mbed/TARGET_NUCLEO_L476RG/TOOLCHAIN_GCC_ARM/stm32l4xx_hal.o
 .ARM.attributes
                0x00000216       0x37 mbed/TARGET_NUCLEO_L476RG/TOOLCHAIN_GCC_ARM/stm32l4xx_hal_cortex.o
 .ARM.attributes
                0x0000024d       0x37 mbed/TARGET_NUCLEO_L476RG/TOOLCHAIN_GCC_ARM/stm32l4xx_hal_msp_template.o
 .ARM.attributes
                0x00000284       0x37 mbed/TARGET_NUCLEO_L476RG/TOOLCHAIN_GCC_ARM/stm32l4xx_hal_gpio.o
 .ARM.attributes
                0x000002bb       0x37 mbed/TARGET_NUCLEO_L476RG/TOOLCHAIN_GCC_ARM/stm32l4xx_hal_pwr_ex.o
 .ARM.attributes
                0x000002f2       0x37 mbed/TARGET_NUCLEO_L476RG/TOOLCHAIN_GCC_ARM/stm32l4xx_hal_rcc.o
 .ARM.attributes
                0x00000329       0x37 mbed/TARGET_NUCLEO_L476RG/TOOLCHAIN_GCC_ARM/stm32l4xx_hal_tim.o
 .ARM.attributes
                0x00000360       0x37 mbed/TARGET_NUCLEO_L476RG/TOOLCHAIN_GCC_ARM/stm32l4xx_hal_uart.o
 .ARM.attributes
                0x00000397       0x37 mbed/TARGET_NUCLEO_L476RG/TOOLCHAIN_GCC_ARM/system_stm32l4xx.o
 .ARM.attributes
                0x000003ce       0x37 ./mbed/TARGET_NUCLEO_L476RG/TOOLCHAIN_GCC_ARM/libmbed.a(serial_api.o)
 .ARM.attributes
                0x00000405       0x37 ./mbed/TARGET_NUCLEO_L476RG/TOOLCHAIN_GCC_ARM/libmbed.a(assert.o)
 .ARM.attributes
                0x0000043c       0x37 ./mbed/TARGET_NUCLEO_L476RG/TOOLCHAIN_GCC_ARM/libmbed.a(error.o)
 .ARM.attributes
                0x00000473       0x37 ./mbed/TARGET_NUCLEO_L476RG/TOOLCHAIN_GCC_ARM/libmbed.a(gpio.o)
 .ARM.attributes
                0x000004aa       0x37 ./mbed/TARGET_NUCLEO_L476RG/TOOLCHAIN_GCC_ARM/libmbed.a(pinmap_common.o)
 .ARM.attributes
                0x000004e1       0x37 ./mbed/TARGET_NUCLEO_L476RG/TOOLCHAIN_GCC_ARM/libmbed.a(us_ticker_api.o)
 .ARM.attributes
                0x00000518       0x37 ./mbed/TARGET_NUCLEO_L476RG/TOOLCHAIN_GCC_ARM/libmbed.a(wait_api.o)
 .ARM.attributes
                0x0000054f       0x37 ./mbed/TARGET_NUCLEO_L476RG/TOOLCHAIN_GCC_ARM/libmbed.a(PeripheralPins.o)
 .ARM.attributes
                0x00000586       0x37 ./mbed/TARGET_NUCLEO_L476RG/TOOLCHAIN_GCC_ARM/libmbed.a(gpio_api.o)
 .ARM.attributes
                0x000005bd       0x37 ./mbed/TARGET_NUCLEO_L476RG/TOOLCHAIN_GCC_ARM/libmbed.a(pinmap.o)
 .ARM.attributes
                0x000005f4       0x37 ./mbed/TARGET_NUCLEO_L476RG/TOOLCHAIN_GCC_ARM/libmbed.a(us_ticker.o)
 .ARM.attributes
                0x0000062b       0x37 ./mbed/TARGET_NUCLEO_L476RG/TOOLCHAIN_GCC_ARM/libmbed.a(ticker_api.o)
 .ARM.attributes
                0x00000662       0x32 /opt/gcc-arm-none-eabi-4_9-2015q3/bin/../lib/gcc/arm-none-eabi/4.9.3/../../../../arm-none-eabi/lib/armv7e-m/softfp/libc_nano.a(lib_a-errno.o)
 .ARM.attributes
                0x00000694       0x32 /opt/gcc-arm-none-eabi-4_9-2015q3/bin/../lib/gcc/arm-none-eabi/4.9.3/../../../../arm-none-eabi/lib/armv7e-m/softfp/libc_nano.a(lib_a-exit.o)
 .ARM.attributes
                0x000006c6       0x32 /opt/gcc-arm-none-eabi-4_9-2015q3/bin/../lib/gcc/arm-none-eabi/4.9.3/../../../../arm-none-eabi/lib/armv7e-m/softfp/libc_nano.a(lib_a-fflush.o)
 .ARM.attributes
                0x000006f8       0x32 /opt/gcc-arm-none-eabi-4_9-2015q3/bin/../lib/gcc/arm-none-eabi/4.9.3/../../../../arm-none-eabi/lib/armv7e-m/softfp/libc_nano.a(lib_a-findfp.o)
 .ARM.attributes
                0x0000072a       0x32 /opt/gcc-arm-none-eabi-4_9-2015q3/bin/../lib/gcc/arm-none-eabi/4.9.3/../../../../arm-none-eabi/lib/armv7e-m/softfp/libc_nano.a(lib_a-fwalk.o)
 .ARM.attributes
                0x0000075c       0x32 /opt/gcc-arm-none-eabi-4_9-2015q3/bin/../lib/gcc/arm-none-eabi/4.9.3/../../../../arm-none-eabi/lib/armv7e-m/softfp/libc_nano.a(lib_a-impure.o)
 .ARM.attributes
                0x0000078e       0x32 /opt/gcc-arm-none-eabi-4_9-2015q3/bin/../lib/gcc/arm-none-eabi/4.9.3/../../../../arm-none-eabi/lib/armv7e-m/softfp/libc_nano.a(lib_a-init.o)
 .ARM.attributes
                0x000007c0       0x32 /opt/gcc-arm-none-eabi-4_9-2015q3/bin/../lib/gcc/arm-none-eabi/4.9.3/../../../../arm-none-eabi/lib/armv7e-m/softfp/libc_nano.a(lib_a-malloc.o)
 .ARM.attributes
                0x000007f2       0x32 /opt/gcc-arm-none-eabi-4_9-2015q3/bin/../lib/gcc/arm-none-eabi/4.9.3/../../../../arm-none-eabi/lib/armv7e-m/softfp/libc_nano.a(lib_a-memchr.o)
 .ARM.attributes
                0x00000824       0x32 /opt/gcc-arm-none-eabi-4_9-2015q3/bin/../lib/gcc/arm-none-eabi/4.9.3/../../../../arm-none-eabi/lib/armv7e-m/softfp/libc_nano.a(lib_a-memcpy.o)
 .ARM.attributes
                0x00000856       0x32 /opt/gcc-arm-none-eabi-4_9-2015q3/bin/../lib/gcc/arm-none-eabi/4.9.3/../../../../arm-none-eabi/lib/armv7e-m/softfp/libc_nano.a(lib_a-memset.o)
 .ARM.attributes
                0x00000888       0x32 /opt/gcc-arm-none-eabi-4_9-2015q3/bin/../lib/gcc/arm-none-eabi/4.9.3/../../../../arm-none-eabi/lib/armv7e-m/softfp/libc_nano.a(lib_a-nano-freer.o)
 .ARM.attributes
                0x000008ba       0x32 /opt/gcc-arm-none-eabi-4_9-2015q3/bin/../lib/gcc/arm-none-eabi/4.9.3/../../../../arm-none-eabi/lib/armv7e-m/softfp/libc_nano.a(lib_a-nano-mallocr.o)
 .ARM.attributes
                0x000008ec       0x32 /opt/gcc-arm-none-eabi-4_9-2015q3/bin/../lib/gcc/arm-none-eabi/4.9.3/../../../../arm-none-eabi/lib/armv7e-m/softfp/libc_nano.a(lib_a-nano-vfprintf.o)
 .ARM.attributes
                0x0000091e       0x32 /opt/gcc-arm-none-eabi-4_9-2015q3/bin/../lib/gcc/arm-none-eabi/4.9.3/../../../../arm-none-eabi/lib/armv7e-m/softfp/libc_nano.a(lib_a-nano-vfprintf_float.o)
 .ARM.attributes
                0x00000950       0x32 /opt/gcc-arm-none-eabi-4_9-2015q3/bin/../lib/gcc/arm-none-eabi/4.9.3/../../../../arm-none-eabi/lib/armv7e-m/softfp/libc_nano.a(lib_a-nano-vfprintf_i.o)
 .ARM.attributes
                0x00000982       0x32 /opt/gcc-arm-none-eabi-4_9-2015q3/bin/../lib/gcc/arm-none-eabi/4.9.3/../../../../arm-none-eabi/lib/armv7e-m/softfp/libc_nano.a(lib_a-nano-vfscanf_float.o)
 .ARM.attributes
                0x000009b4       0x32 /opt/gcc-arm-none-eabi-4_9-2015q3/bin/../lib/gcc/arm-none-eabi/4.9.3/../../../../arm-none-eabi/lib/armv7e-m/softfp/libc_nano.a(lib_a-reent.o)
 .ARM.attributes
                0x000009e6       0x32 /opt/gcc-arm-none-eabi-4_9-2015q3/bin/../lib/gcc/arm-none-eabi/4.9.3/../../../../arm-none-eabi/lib/armv7e-m/softfp/libc_nano.a(lib_a-s_fpclassify.o)
 .ARM.attributes
                0x00000a18       0x32 /opt/gcc-arm-none-eabi-4_9-2015q3/bin/../lib/gcc/arm-none-eabi/4.9.3/../../../../arm-none-eabi/lib/armv7e-m/softfp/libc_nano.a(lib_a-sbrkr.o)
 .ARM.attributes
                0x00000a4a       0x32 /opt/gcc-arm-none-eabi-4_9-2015q3/bin/../lib/gcc/arm-none-eabi/4.9.3/../../../../arm-none-eabi/lib/armv7e-m/softfp/libc_nano.a(lib_a-sf_nan.o)
 .ARM.attributes
                0x00000a7c       0x32 /opt/gcc-arm-none-eabi-4_9-2015q3/bin/../lib/gcc/arm-none-eabi/4.9.3/../../../../arm-none-eabi/lib/armv7e-m/softfp/libc_nano.a(lib_a-sprintf.o)
 .ARM.attributes
                0x00000aae       0x32 /opt/gcc-arm-none-eabi-4_9-2015q3/bin/../lib/gcc/arm-none-eabi/4.9.3/../../../../arm-none-eabi/lib/armv7e-m/softfp/libc_nano.a(lib_a-stdio.o)
 .ARM.attributes
                0x00000ae0       0x20 /opt/gcc-arm-none-eabi-4_9-2015q3/bin/../lib/gcc/arm-none-eabi/4.9.3/../../../../arm-none-eabi/lib/armv7e-m/softfp/libc_nano.a(lib_a-strcmp.o)
 .ARM.attributes
                0x00000b00       0x32 /opt/gcc-arm-none-eabi-4_9-2015q3/bin/../lib/gcc/arm-none-eabi/4.9.3/../../../../arm-none-eabi/lib/armv7e-m/softfp/libc_nano.a(lib_a-strlen.o)
 .ARM.attributes
                0x00000b32       0x32 /opt/gcc-arm-none-eabi-4_9-2015q3/bin/../lib/gcc/arm-none-eabi/4.9.3/../../../../arm-none-eabi/lib/armv7e-m/softfp/libc_nano.a(lib_a-strncmp.o)
 .ARM.attributes
                0x00000b64       0x32 /opt/gcc-arm-none-eabi-4_9-2015q3/bin/../lib/gcc/arm-none-eabi/4.9.3/../../../../arm-none-eabi/lib/armv7e-m/softfp/libc_nano.a(lib_a-strtod.o)
 .ARM.attributes
                0x00000b96       0x32 /opt/gcc-arm-none-eabi-4_9-2015q3/bin/../lib/gcc/arm-none-eabi/4.9.3/../../../../arm-none-eabi/lib/armv7e-m/softfp/libc_nano.a(lib_a-strtol.o)
 .ARM.attributes
                0x00000bc8       0x32 /opt/gcc-arm-none-eabi-4_9-2015q3/bin/../lib/gcc/arm-none-eabi/4.9.3/../../../../arm-none-eabi/lib/armv7e-m/softfp/libc_nano.a(lib_a-wbuf.o)
 .ARM.attributes
                0x00000bfa       0x32 /opt/gcc-arm-none-eabi-4_9-2015q3/bin/../lib/gcc/arm-none-eabi/4.9.3/../../../../arm-none-eabi/lib/armv7e-m/softfp/libc_nano.a(lib_a-writer.o)
 .ARM.attributes
                0x00000c2c       0x32 /opt/gcc-arm-none-eabi-4_9-2015q3/bin/../lib/gcc/arm-none-eabi/4.9.3/../../../../arm-none-eabi/lib/armv7e-m/softfp/libc_nano.a(lib_a-wsetup.o)
 .ARM.attributes
                0x00000c5e       0x32 /opt/gcc-arm-none-eabi-4_9-2015q3/bin/../lib/gcc/arm-none-eabi/4.9.3/../../../../arm-none-eabi/lib/armv7e-m/softfp/libc_nano.a(lib_a-closer.o)
 .ARM.attributes
                0x00000c90       0x32 /opt/gcc-arm-none-eabi-4_9-2015q3/bin/../lib/gcc/arm-none-eabi/4.9.3/../../../../arm-none-eabi/lib/armv7e-m/softfp/libc_nano.a(lib_a-ctype_.o)
 .ARM.attributes
                0x00000cc2       0x32 /opt/gcc-arm-none-eabi-4_9-2015q3/bin/../lib/gcc/arm-none-eabi/4.9.3/../../../../arm-none-eabi/lib/armv7e-m/softfp/libc_nano.a(lib_a-dtoa.o)
 .ARM.attributes
                0x00000cf4       0x32 /opt/gcc-arm-none-eabi-4_9-2015q3/bin/../lib/gcc/arm-none-eabi/4.9.3/../../../../arm-none-eabi/lib/armv7e-m/softfp/libc_nano.a(lib_a-gdtoa-gethex.o)
 .ARM.attributes
                0x00000d26       0x32 /opt/gcc-arm-none-eabi-4_9-2015q3/bin/../lib/gcc/arm-none-eabi/4.9.3/../../../../arm-none-eabi/lib/armv7e-m/softfp/libc_nano.a(lib_a-gdtoa-hexnan.o)
 .ARM.attributes
                0x00000d58       0x32 /opt/gcc-arm-none-eabi-4_9-2015q3/bin/../lib/gcc/arm-none-eabi/4.9.3/../../../../arm-none-eabi/lib/armv7e-m/softfp/libc_nano.a(lib_a-locale.o)
 .ARM.attributes
                0x00000d8a       0x32 /opt/gcc-arm-none-eabi-4_9-2015q3/bin/../lib/gcc/arm-none-eabi/4.9.3/../../../../arm-none-eabi/lib/armv7e-m/softfp/libc_nano.a(lib_a-lseekr.o)
 .ARM.attributes
                0x00000dbc       0x32 /opt/gcc-arm-none-eabi-4_9-2015q3/bin/../lib/gcc/arm-none-eabi/4.9.3/../../../../arm-none-eabi/lib/armv7e-m/softfp/libc_nano.a(lib_a-makebuf.o)
 .ARM.attributes
                0x00000dee       0x32 /opt/gcc-arm-none-eabi-4_9-2015q3/bin/../lib/gcc/arm-none-eabi/4.9.3/../../../../arm-none-eabi/lib/armv7e-m/softfp/libc_nano.a(lib_a-memmove.o)
 .ARM.attributes
                0x00000e20       0x32 /opt/gcc-arm-none-eabi-4_9-2015q3/bin/../lib/gcc/arm-none-eabi/4.9.3/../../../../arm-none-eabi/lib/armv7e-m/softfp/libc_nano.a(lib_a-mprec.o)
 .ARM.attributes
                0x00000e52       0x32 /opt/gcc-arm-none-eabi-4_9-2015q3/bin/../lib/gcc/arm-none-eabi/4.9.3/../../../../arm-none-eabi/lib/armv7e-m/softfp/libc_nano.a(lib_a-nano-callocr.o)
 .ARM.attributes
                0x00000e84       0x32 /opt/gcc-arm-none-eabi-4_9-2015q3/bin/../lib/gcc/arm-none-eabi/4.9.3/../../../../arm-none-eabi/lib/armv7e-m/softfp/libc_nano.a(lib_a-nano-reallocr.o)
 .ARM.attributes
                0x00000eb6       0x32 /opt/gcc-arm-none-eabi-4_9-2015q3/bin/../lib/gcc/arm-none-eabi/4.9.3/../../../../arm-none-eabi/lib/armv7e-m/softfp/libc_nano.a(lib_a-nano-svfprintf.o)
 .ARM.attributes
                0x00000ee8       0x32 /opt/gcc-arm-none-eabi-4_9-2015q3/bin/../lib/gcc/arm-none-eabi/4.9.3/../../../../arm-none-eabi/lib/armv7e-m/softfp/libc_nano.a(lib_a-readr.o)
 .ARM.attributes
                0x00000f1a       0x32 /opt/gcc-arm-none-eabi-4_9-2015q3/bin/../lib/gcc/arm-none-eabi/4.9.3/../../../../arm-none-eabi/lib/armv7e-m/softfp/libc_nano.a(lib_a-fstatr.o)
 .ARM.attributes
                0x00000f4c       0x32 /opt/gcc-arm-none-eabi-4_9-2015q3/bin/../lib/gcc/arm-none-eabi/4.9.3/../../../../arm-none-eabi/lib/armv7e-m/softfp/libc_nano.a(lib_a-isattyr.o)
 .ARM.attributes
                0x00000f7e       0x32 /opt/gcc-arm-none-eabi-4_9-2015q3/bin/../lib/gcc/arm-none-eabi/4.9.3/../../../../arm-none-eabi/lib/armv7e-m/softfp/libc_nano.a(lib_a-nano-msizer.o)
 .ARM.attributes
                0x00000fb0       0x22 /opt/gcc-arm-none-eabi-4_9-2015q3/bin/../lib/gcc/arm-none-eabi/4.9.3/armv7e-m/softfp/libgcc.a(_arm_addsubdf3.o)
 .ARM.attributes
                0x00000fd2       0x22 /opt/gcc-arm-none-eabi-4_9-2015q3/bin/../lib/gcc/arm-none-eabi/4.9.3/armv7e-m/softfp/libgcc.a(_arm_muldivdf3.o)
 .ARM.attributes
                0x00000ff4       0x22 /opt/gcc-arm-none-eabi-4_9-2015q3/bin/../lib/gcc/arm-none-eabi/4.9.3/armv7e-m/softfp/libgcc.a(_arm_cmpdf2.o)
 .ARM.attributes
                0x00001016       0x22 /opt/gcc-arm-none-eabi-4_9-2015q3/bin/../lib/gcc/arm-none-eabi/4.9.3/armv7e-m/softfp/libgcc.a(_arm_fixdfsi.o)
 .ARM.attributes
                0x00001038       0x22 /opt/gcc-arm-none-eabi-4_9-2015q3/bin/../lib/gcc/arm-none-eabi/4.9.3/armv7e-m/softfp/libgcc.a(_arm_fixunsdfsi.o)
 .ARM.attributes
                0x0000105a       0x22 /opt/gcc-arm-none-eabi-4_9-2015q3/bin/../lib/gcc/arm-none-eabi/4.9.3/armv7e-m/softfp/libgcc.a(_arm_truncdfsf2.o)
 .ARM.attributes
                0x0000107c       0x22 /opt/gcc-arm-none-eabi-4_9-2015q3/bin/../lib/gcc/arm-none-eabi/4.9.3/armv7e-m/softfp/libgcc.a(_aeabi_uldivmod.o)
 .ARM.attributes
                0x0000109e       0x32 /opt/gcc-arm-none-eabi-4_9-2015q3/bin/../lib/gcc/arm-none-eabi/4.9.3/armv7e-m/softfp/libgcc.a(bpabi.o)
 .ARM.attributes
                0x000010d0       0x22 /opt/gcc-arm-none-eabi-4_9-2015q3/bin/../lib/gcc/arm-none-eabi/4.9.3/armv7e-m/softfp/libgcc.a(_dvmd_tls.o)
 .ARM.attributes
                0x000010f2       0x32 /opt/gcc-arm-none-eabi-4_9-2015q3/bin/../lib/gcc/arm-none-eabi/4.9.3/armv7e-m/softfp/libgcc.a(_divdi3.o)
 .ARM.attributes
                0x00001124       0x32 /opt/gcc-arm-none-eabi-4_9-2015q3/bin/../lib/gcc/arm-none-eabi/4.9.3/armv7e-m/softfp/libgcc.a(_udivdi3.o)
 .ARM.attributes
                0x00001156       0x32 /opt/gcc-arm-none-eabi-4_9-2015q3/bin/../lib/gcc/arm-none-eabi/4.9.3/armv7e-m/softfp/crtend.o
 .ARM.attributes
                0x00001188       0x22 /opt/gcc-arm-none-eabi-4_9-2015q3/bin/../lib/gcc/arm-none-eabi/4.9.3/armv7e-m/softfp/crtn.o

.comment        0x00000000       0xe0
 .comment       0x00000000       0x70 main.o
                                 0x71 (size before relaxing)
 .comment       0x00000070       0x70 mbed/TARGET_NUCLEO_L476RG/TOOLCHAIN_GCC_ARM/board.o
                                 0x71 (size before relaxing)
 .comment       0x00000000       0x71 mbed/TARGET_NUCLEO_L476RG/TOOLCHAIN_GCC_ARM/cmsis_nvic.o
 .comment       0x00000000       0x71 mbed/TARGET_NUCLEO_L476RG/TOOLCHAIN_GCC_ARM/hal_tick.o
 .comment       0x00000000       0x71 mbed/TARGET_NUCLEO_L476RG/TOOLCHAIN_GCC_ARM/mbed_overrides.o
 .comment       0x00000000       0x71 mbed/TARGET_NUCLEO_L476RG/TOOLCHAIN_GCC_ARM/retarget.o
 .comment       0x00000000       0x71 mbed/TARGET_NUCLEO_L476RG/TOOLCHAIN_GCC_ARM/stm32l4xx_hal.o
 .comment       0x00000000       0x71 mbed/TARGET_NUCLEO_L476RG/TOOLCHAIN_GCC_ARM/stm32l4xx_hal_cortex.o
 .comment       0x00000000       0x71 mbed/TARGET_NUCLEO_L476RG/TOOLCHAIN_GCC_ARM/stm32l4xx_hal_msp_template.o
 .comment       0x00000000       0x71 mbed/TARGET_NUCLEO_L476RG/TOOLCHAIN_GCC_ARM/stm32l4xx_hal_gpio.o
 .comment       0x00000000       0x71 mbed/TARGET_NUCLEO_L476RG/TOOLCHAIN_GCC_ARM/stm32l4xx_hal_pwr_ex.o
 .comment       0x00000000       0x71 mbed/TARGET_NUCLEO_L476RG/TOOLCHAIN_GCC_ARM/stm32l4xx_hal_rcc.o
 .comment       0x00000000       0x71 mbed/TARGET_NUCLEO_L476RG/TOOLCHAIN_GCC_ARM/stm32l4xx_hal_tim.o
 .comment       0x00000000       0x71 mbed/TARGET_NUCLEO_L476RG/TOOLCHAIN_GCC_ARM/stm32l4xx_hal_uart.o
 .comment       0x00000000       0x71 mbed/TARGET_NUCLEO_L476RG/TOOLCHAIN_GCC_ARM/system_stm32l4xx.o
 .comment       0x00000000       0x71 ./mbed/TARGET_NUCLEO_L476RG/TOOLCHAIN_GCC_ARM/libmbed.a(serial_api.o)
 .comment       0x00000000       0x71 ./mbed/TARGET_NUCLEO_L476RG/TOOLCHAIN_GCC_ARM/libmbed.a(assert.o)
 .comment       0x00000000       0x71 ./mbed/TARGET_NUCLEO_L476RG/TOOLCHAIN_GCC_ARM/libmbed.a(error.o)
 .comment       0x00000000       0x71 ./mbed/TARGET_NUCLEO_L476RG/TOOLCHAIN_GCC_ARM/libmbed.a(gpio.o)
 .comment       0x00000000       0x71 ./mbed/TARGET_NUCLEO_L476RG/TOOLCHAIN_GCC_ARM/libmbed.a(pinmap_common.o)
 .comment       0x00000000       0x71 ./mbed/TARGET_NUCLEO_L476RG/TOOLCHAIN_GCC_ARM/libmbed.a(us_ticker_api.o)
 .comment       0x00000000       0x71 ./mbed/TARGET_NUCLEO_L476RG/TOOLCHAIN_GCC_ARM/libmbed.a(wait_api.o)
 .comment       0x00000000       0x71 ./mbed/TARGET_NUCLEO_L476RG/TOOLCHAIN_GCC_ARM/libmbed.a(PeripheralPins.o)
 .comment       0x00000000       0x71 ./mbed/TARGET_NUCLEO_L476RG/TOOLCHAIN_GCC_ARM/libmbed.a(gpio_api.o)
 .comment       0x00000000       0x71 ./mbed/TARGET_NUCLEO_L476RG/TOOLCHAIN_GCC_ARM/libmbed.a(pinmap.o)
 .comment       0x00000000       0x71 ./mbed/TARGET_NUCLEO_L476RG/TOOLCHAIN_GCC_ARM/libmbed.a(us_ticker.o)
 .comment       0x00000000       0x71 ./mbed/TARGET_NUCLEO_L476RG/TOOLCHAIN_GCC_ARM/libmbed.a(ticker_api.o)

.debug_info     0x00000000     0x184f
 .debug_info    0x00000000     0x184f main.o

.debug_abbrev   0x00000000      0x41f
 .debug_abbrev  0x00000000      0x41f main.o

.debug_loc      0x00000000       0x3f
 .debug_loc     0x00000000       0x3f main.o

.debug_aranges  0x00000000       0x30
 .debug_aranges
                0x00000000       0x30 main.o

.debug_ranges   0x00000000       0x68
 .debug_ranges  0x00000000       0x68 main.o

.debug_line     0x00000000      0x37c
 .debug_line    0x00000000      0x37c main.o

.debug_str      0x00000000      0xa29
 .debug_str     0x00000000      0xa29 main.o
                                0xaf1 (size before relaxing)

.debug_frame    0x00000000     0x1050
 .debug_frame   0x00000000       0x5c main.o
 .debug_frame   0x0000005c       0x20 /opt/gcc-arm-none-eabi-4_9-2015q3/bin/../lib/gcc/arm-none-eabi/4.9.3/../../../../arm-none-eabi/lib/armv7e-m/softfp/libc_nano.a(lib_a-errno.o)
 .debug_frame   0x0000007c       0x28 /opt/gcc-arm-none-eabi-4_9-2015q3/bin/../lib/gcc/arm-none-eabi/4.9.3/../../../../arm-none-eabi/lib/armv7e-m/softfp/libc_nano.a(lib_a-exit.o)
 .debug_frame   0x000000a4       0x68 /opt/gcc-arm-none-eabi-4_9-2015q3/bin/../lib/gcc/arm-none-eabi/4.9.3/../../../../arm-none-eabi/lib/armv7e-m/softfp/libc_nano.a(lib_a-fflush.o)
 .debug_frame   0x0000010c      0x11c /opt/gcc-arm-none-eabi-4_9-2015q3/bin/../lib/gcc/arm-none-eabi/4.9.3/../../../../arm-none-eabi/lib/armv7e-m/softfp/libc_nano.a(lib_a-findfp.o)
 .debug_frame   0x00000228       0x54 /opt/gcc-arm-none-eabi-4_9-2015q3/bin/../lib/gcc/arm-none-eabi/4.9.3/../../../../arm-none-eabi/lib/armv7e-m/softfp/libc_nano.a(lib_a-fwalk.o)
 .debug_frame   0x0000027c       0x2c /opt/gcc-arm-none-eabi-4_9-2015q3/bin/../lib/gcc/arm-none-eabi/4.9.3/../../../../arm-none-eabi/lib/armv7e-m/softfp/libc_nano.a(lib_a-init.o)
 .debug_frame   0x000002a8       0x30 /opt/gcc-arm-none-eabi-4_9-2015q3/bin/../lib/gcc/arm-none-eabi/4.9.3/../../../../arm-none-eabi/lib/armv7e-m/softfp/libc_nano.a(lib_a-malloc.o)
 .debug_frame   0x000002d8       0x28 /opt/gcc-arm-none-eabi-4_9-2015q3/bin/../lib/gcc/arm-none-eabi/4.9.3/../../../../arm-none-eabi/lib/armv7e-m/softfp/libc_nano.a(lib_a-memchr.o)
 .debug_frame   0x00000300       0x28 /opt/gcc-arm-none-eabi-4_9-2015q3/bin/../lib/gcc/arm-none-eabi/4.9.3/../../../../arm-none-eabi/lib/armv7e-m/softfp/libc_nano.a(lib_a-memcpy.o)
 .debug_frame   0x00000328       0x20 /opt/gcc-arm-none-eabi-4_9-2015q3/bin/../lib/gcc/arm-none-eabi/4.9.3/../../../../arm-none-eabi/lib/armv7e-m/softfp/libc_nano.a(lib_a-memset.o)
 .debug_frame   0x00000348       0x2c /opt/gcc-arm-none-eabi-4_9-2015q3/bin/../lib/gcc/arm-none-eabi/4.9.3/../../../../arm-none-eabi/lib/armv7e-m/softfp/libc_nano.a(lib_a-nano-freer.o)
 .debug_frame   0x00000374       0x2c /opt/gcc-arm-none-eabi-4_9-2015q3/bin/../lib/gcc/arm-none-eabi/4.9.3/../../../../arm-none-eabi/lib/armv7e-m/softfp/libc_nano.a(lib_a-nano-mallocr.o)
 .debug_frame   0x000003a0       0xb8 /opt/gcc-arm-none-eabi-4_9-2015q3/bin/../lib/gcc/arm-none-eabi/4.9.3/../../../../arm-none-eabi/lib/armv7e-m/softfp/libc_nano.a(lib_a-nano-vfprintf.o)
 .debug_frame   0x00000458       0x8c /opt/gcc-arm-none-eabi-4_9-2015q3/bin/../lib/gcc/arm-none-eabi/4.9.3/../../../../arm-none-eabi/lib/armv7e-m/softfp/libc_nano.a(lib_a-nano-vfprintf_float.o)
 .debug_frame   0x000004e4       0x58 /opt/gcc-arm-none-eabi-4_9-2015q3/bin/../lib/gcc/arm-none-eabi/4.9.3/../../../../arm-none-eabi/lib/armv7e-m/softfp/libc_nano.a(lib_a-nano-vfprintf_i.o)
 .debug_frame   0x0000053c       0x40 /opt/gcc-arm-none-eabi-4_9-2015q3/bin/../lib/gcc/arm-none-eabi/4.9.3/../../../../arm-none-eabi/lib/armv7e-m/softfp/libc_nano.a(lib_a-nano-vfscanf_float.o)
 .debug_frame   0x0000057c       0x5c /opt/gcc-arm-none-eabi-4_9-2015q3/bin/../lib/gcc/arm-none-eabi/4.9.3/../../../../arm-none-eabi/lib/armv7e-m/softfp/libc_nano.a(lib_a-reent.o)
 .debug_frame   0x000005d8       0x28 /opt/gcc-arm-none-eabi-4_9-2015q3/bin/../lib/gcc/arm-none-eabi/4.9.3/../../../../arm-none-eabi/lib/armv7e-m/softfp/libc_nano.a(lib_a-s_fpclassify.o)
 .debug_frame   0x00000600       0x2c /opt/gcc-arm-none-eabi-4_9-2015q3/bin/../lib/gcc/arm-none-eabi/4.9.3/../../../../arm-none-eabi/lib/armv7e-m/softfp/libc_nano.a(lib_a-sbrkr.o)
 .debug_frame   0x0000062c       0x20 /opt/gcc-arm-none-eabi-4_9-2015q3/bin/../lib/gcc/arm-none-eabi/4.9.3/../../../../arm-none-eabi/lib/armv7e-m/softfp/libc_nano.a(lib_a-sf_nan.o)
 .debug_frame   0x0000064c       0x70 /opt/gcc-arm-none-eabi-4_9-2015q3/bin/../lib/gcc/arm-none-eabi/4.9.3/../../../../arm-none-eabi/lib/armv7e-m/softfp/libc_nano.a(lib_a-sprintf.o)
 .debug_frame   0x000006bc       0x88 /opt/gcc-arm-none-eabi-4_9-2015q3/bin/../lib/gcc/arm-none-eabi/4.9.3/../../../../arm-none-eabi/lib/armv7e-m/softfp/libc_nano.a(lib_a-stdio.o)
 .debug_frame   0x00000744       0x20 /opt/gcc-arm-none-eabi-4_9-2015q3/bin/../lib/gcc/arm-none-eabi/4.9.3/../../../../arm-none-eabi/lib/armv7e-m/softfp/libc_nano.a(lib_a-strlen.o)
 .debug_frame   0x00000764       0x2c /opt/gcc-arm-none-eabi-4_9-2015q3/bin/../lib/gcc/arm-none-eabi/4.9.3/../../../../arm-none-eabi/lib/armv7e-m/softfp/libc_nano.a(lib_a-strncmp.o)
 .debug_frame   0x00000790       0xb4 /opt/gcc-arm-none-eabi-4_9-2015q3/bin/../lib/gcc/arm-none-eabi/4.9.3/../../../../arm-none-eabi/lib/armv7e-m/softfp/libc_nano.a(lib_a-strtod.o)
 .debug_frame   0x00000844       0x54 /opt/gcc-arm-none-eabi-4_9-2015q3/bin/../lib/gcc/arm-none-eabi/4.9.3/../../../../arm-none-eabi/lib/armv7e-m/softfp/libc_nano.a(lib_a-strtol.o)
 .debug_frame   0x00000898       0x3c /opt/gcc-arm-none-eabi-4_9-2015q3/bin/../lib/gcc/arm-none-eabi/4.9.3/../../../../arm-none-eabi/lib/armv7e-m/softfp/libc_nano.a(lib_a-wbuf.o)
 .debug_frame   0x000008d4       0x2c /opt/gcc-arm-none-eabi-4_9-2015q3/bin/../lib/gcc/arm-none-eabi/4.9.3/../../../../arm-none-eabi/lib/armv7e-m/softfp/libc_nano.a(lib_a-writer.o)
 .debug_frame   0x00000900       0x2c /opt/gcc-arm-none-eabi-4_9-2015q3/bin/../lib/gcc/arm-none-eabi/4.9.3/../../../../arm-none-eabi/lib/armv7e-m/softfp/libc_nano.a(lib_a-wsetup.o)
 .debug_frame   0x0000092c       0x2c /opt/gcc-arm-none-eabi-4_9-2015q3/bin/../lib/gcc/arm-none-eabi/4.9.3/../../../../arm-none-eabi/lib/armv7e-m/softfp/libc_nano.a(lib_a-closer.o)
 .debug_frame   0x00000958       0x6c /opt/gcc-arm-none-eabi-4_9-2015q3/bin/../lib/gcc/arm-none-eabi/4.9.3/../../../../arm-none-eabi/lib/armv7e-m/softfp/libc_nano.a(lib_a-dtoa.o)
 .debug_frame   0x000009c4       0x70 /opt/gcc-arm-none-eabi-4_9-2015q3/bin/../lib/gcc/arm-none-eabi/4.9.3/../../../../arm-none-eabi/lib/armv7e-m/softfp/libc_nano.a(lib_a-gdtoa-gethex.o)
 .debug_frame   0x00000a34       0x58 /opt/gcc-arm-none-eabi-4_9-2015q3/bin/../lib/gcc/arm-none-eabi/4.9.3/../../../../arm-none-eabi/lib/armv7e-m/softfp/libc_nano.a(lib_a-gdtoa-hexnan.o)
 .debug_frame   0x00000a8c       0x98 /opt/gcc-arm-none-eabi-4_9-2015q3/bin/../lib/gcc/arm-none-eabi/4.9.3/../../../../arm-none-eabi/lib/armv7e-m/softfp/libc_nano.a(lib_a-locale.o)
 .debug_frame   0x00000b24       0x2c /opt/gcc-arm-none-eabi-4_9-2015q3/bin/../lib/gcc/arm-none-eabi/4.9.3/../../../../arm-none-eabi/lib/armv7e-m/softfp/libc_nano.a(lib_a-lseekr.o)