Archive member included because of file (symbol)

./Drivers/STM32L4xx_HAL_Driver/libstm32fw.a(stm32l4xx_hal.o)
                              Src/main.o (HAL_Init)
./Drivers/STM32L4xx_HAL_Driver/libstm32fw.a(stm32l4xx_hal_cortex.o)
                              Src/stm32l4xx_hal_msp.o (HAL_NVIC_SetPriorityGrouping)
./Drivers/STM32L4xx_HAL_Driver/libstm32fw.a(stm32l4xx_hal_gpio.o)
                              Src/main.o (HAL_GPIO_Init)
./Drivers/STM32L4xx_HAL_Driver/libstm32fw.a(stm32l4xx_hal_pwr_ex.o)
                              Src/main.o (HAL_PWREx_ControlVoltageScaling)
./Drivers/STM32L4xx_HAL_Driver/libstm32fw.a(stm32l4xx_hal_rcc.o)
                              Src/main.o (HAL_RCC_OscConfig)
./Drivers/STM32L4xx_HAL_Driver/libstm32fw.a(stm32l4xx_hal_pwr.o)
                              ./Drivers/STM32L4xx_HAL_Driver/libstm32fw.a(stm32l4xx_hal_pwr_ex.o) (HAL_PWR_PVDCallback)
/Users/nmolo/gcc-arm-none-eabi/bin/../lib/gcc/arm-none-eabi/4.8.4/../../../../arm-none-eabi/lib/libc.a(lib_a-exit.o)
                              /Users/nmolo/gcc-arm-none-eabi/bin/../lib/gcc/arm-none-eabi/4.8.4/../../../../arm-none-eabi/lib/crt0.o (exit)
/Users/nmolo/gcc-arm-none-eabi/bin/../lib/gcc/arm-none-eabi/4.8.4/../../../../arm-none-eabi/lib/libc.a(lib_a-impure.o)
                              /Users/nmolo/gcc-arm-none-eabi/bin/../lib/gcc/arm-none-eabi/4.8.4/../../../../arm-none-eabi/lib/libc.a(lib_a-exit.o) (_global_impure_ptr)
/Users/nmolo/gcc-arm-none-eabi/bin/../lib/gcc/arm-none-eabi/4.8.4/../../../../arm-none-eabi/lib/libc.a(lib_a-init.o)
                              /Users/nmolo/gcc-arm-none-eabi/bin/../lib/gcc/arm-none-eabi/4.8.4/../../../../arm-none-eabi/lib/crt0.o (__libc_init_array)
/Users/nmolo/gcc-arm-none-eabi/bin/../lib/gcc/arm-none-eabi/4.8.4/../../../../arm-none-eabi/lib/libc.a(lib_a-memset.o)
                              /Users/nmolo/gcc-arm-none-eabi/bin/../lib/gcc/arm-none-eabi/4.8.4/../../../../arm-none-eabi/lib/crt0.o (memset)
/Users/nmolo/gcc-arm-none-eabi/bin/../lib/gcc/arm-none-eabi/4.8.4/../../../../arm-none-eabi/lib/libc.a(lib_a-__call_atexit.o)
                              /Users/nmolo/gcc-arm-none-eabi/bin/../lib/gcc/arm-none-eabi/4.8.4/../../../../arm-none-eabi/lib/libc.a(lib_a-exit.o) (__call_exitprocs)
/Users/nmolo/gcc-arm-none-eabi/bin/../lib/gcc/arm-none-eabi/4.8.4/../../../../arm-none-eabi/lib/libc.a(lib_a-atexit.o)
                              /Users/nmolo/gcc-arm-none-eabi/bin/../lib/gcc/arm-none-eabi/4.8.4/../../../../arm-none-eabi/lib/libc.a(lib_a-__call_atexit.o) (atexit)
/Users/nmolo/gcc-arm-none-eabi/bin/../lib/gcc/arm-none-eabi/4.8.4/../../../../arm-none-eabi/lib/libc.a(lib_a-fini.o)
                              /Users/nmolo/gcc-arm-none-eabi/bin/../lib/gcc/arm-none-eabi/4.8.4/../../../../arm-none-eabi/lib/libc.a(lib_a-__call_atexit.o) (__libc_fini_array)
/Users/nmolo/gcc-arm-none-eabi/bin/../lib/gcc/arm-none-eabi/4.8.4/../../../../arm-none-eabi/lib/libc.a(lib_a-__atexit.o)
                              /Users/nmolo/gcc-arm-none-eabi/bin/../lib/gcc/arm-none-eabi/4.8.4/../../../../arm-none-eabi/lib/libc.a(lib_a-atexit.o) (__register_exitproc)

Discarded input sections

 .text          0x0000000000000000        0x0 /Users/nmolo/gcc-arm-none-eabi/bin/../lib/gcc/arm-none-eabi/4.8.4/crti.o
 .data          0x0000000000000000        0x0 /Users/nmolo/gcc-arm-none-eabi/bin/../lib/gcc/arm-none-eabi/4.8.4/crti.o
 .bss           0x0000000000000000        0x0 /Users/nmolo/gcc-arm-none-eabi/bin/../lib/gcc/arm-none-eabi/4.8.4/crti.o
 .data          0x0000000000000000        0x4 /Users/nmolo/gcc-arm-none-eabi/bin/../lib/gcc/arm-none-eabi/4.8.4/crtbegin.o
 .text          0x0000000000000000      0x114 /Users/nmolo/gcc-arm-none-eabi/bin/../lib/gcc/arm-none-eabi/4.8.4/../../../../arm-none-eabi/lib/crt0.o
 .data          0x0000000000000000        0x0 /Users/nmolo/gcc-arm-none-eabi/bin/../lib/gcc/arm-none-eabi/4.8.4/../../../../arm-none-eabi/lib/crt0.o
 .bss           0x0000000000000000        0x0 /Users/nmolo/gcc-arm-none-eabi/bin/../lib/gcc/arm-none-eabi/4.8.4/../../../../arm-none-eabi/lib/crt0.o
 .ARM.extab     0x0000000000000000        0x0 /Users/nmolo/gcc-arm-none-eabi/bin/../lib/gcc/arm-none-eabi/4.8.4/../../../../arm-none-eabi/lib/crt0.o
 .ARM.exidx     0x0000000000000000        0x8 /Users/nmolo/gcc-arm-none-eabi/bin/../lib/gcc/arm-none-eabi/4.8.4/../../../../arm-none-eabi/lib/crt0.o
 .ARM.attributes
                0x0000000000000000       0x14 /Users/nmolo/gcc-arm-none-eabi/bin/../lib/gcc/arm-none-eabi/4.8.4/../../../../arm-none-eabi/lib/crt0.o
 .text          0x0000000000000000       0x14 Drivers/CMSIS/Device/ST/STM32L4xx/Source/Templates/gcc/startup_stm32l476xx.o
 .data          0x0000000000000000        0x0 Drivers/CMSIS/Device/ST/STM32L4xx/Source/Templates/gcc/startup_stm32l476xx.o
 .bss           0x0000000000000000        0x0 Drivers/CMSIS/Device/ST/STM32L4xx/Source/Templates/gcc/startup_stm32l476xx.o
 .bss           0x0000000000000000        0x0 Drivers/CMSIS/Device/ST/STM32L4xx/Source/Templates/system_stm32l4xx.o
 .data          0x0000000000000000        0x0 Src/main.o
 .bss           0x0000000000000000        0x0 Src/main.o
 .data          0x0000000000000000        0x0 Src/stm32l4xx_hal_msp.o
 .bss           0x0000000000000000        0x0 Src/stm32l4xx_hal_msp.o
 .data          0x0000000000000000        0x0 Src/stm32l4xx_it.o
 .bss           0x0000000000000000        0x0 Src/stm32l4xx_it.o
 .data          0x0000000000000000        0x0 ./Drivers/STM32L4xx_HAL_Driver/libstm32fw.a(stm32l4xx_hal.o)
 .data          0x0000000000000000        0x0 ./Drivers/STM32L4xx_HAL_Driver/libstm32fw.a(stm32l4xx_hal_cortex.o)
 .bss           0x0000000000000000        0x0 ./Drivers/STM32L4xx_HAL_Driver/libstm32fw.a(stm32l4xx_hal_cortex.o)
 .data          0x0000000000000000        0x0 ./Drivers/STM32L4xx_HAL_Driver/libstm32fw.a(stm32l4xx_hal_gpio.o)
 .bss           0x0000000000000000        0x0 ./Drivers/STM32L4xx_HAL_Driver/libstm32fw.a(stm32l4xx_hal_gpio.o)
 .data          0x0000000000000000        0x0 ./Drivers/STM32L4xx_HAL_Driver/libstm32fw.a(stm32l4xx_hal_pwr_ex.o)
 .bss           0x0000000000000000        0x0 ./Drivers/STM32L4xx_HAL_Driver/libstm32fw.a(stm32l4xx_hal_pwr_ex.o)
 .data          0x0000000000000000        0x0 ./Drivers/STM32L4xx_HAL_Driver/libstm32fw.a(stm32l4xx_hal_rcc.o)
 .bss           0x0000000000000000        0x0 ./Drivers/STM32L4xx_HAL_Driver/libstm32fw.a(stm32l4xx_hal_rcc.o)
 .data          0x0000000000000000        0x0 ./Drivers/STM32L4xx_HAL_Driver/libstm32fw.a(stm32l4xx_hal_pwr.o)
 .bss           0x0000000000000000        0x0 ./Drivers/STM32L4xx_HAL_Driver/libstm32fw.a(stm32l4xx_hal_pwr.o)
 .text          0x0000000000000000        0x0 /Users/nmolo/gcc-arm-none-eabi/bin/../lib/gcc/arm-none-eabi/4.8.4/../../../../arm-none-eabi/lib/libc.a(lib_a-exit.o)
 .data          0x0000000000000000        0x0 /Users/nmolo/gcc-arm-none-eabi/bin/../lib/gcc/arm-none-eabi/4.8.4/../../../../arm-none-eabi/lib/libc.a(lib_a-exit.o)
 .bss           0x0000000000000000        0x0 /Users/nmolo/gcc-arm-none-eabi/bin/../lib/gcc/arm-none-eabi/4.8.4/../../../../arm-none-eabi/lib/libc.a(lib_a-exit.o)
 .text.exit     0x0000000000000000       0x34 /Users/nmolo/gcc-arm-none-eabi/bin/../lib/gcc/arm-none-eabi/4.8.4/../../../../arm-none-eabi/lib/libc.a(lib_a-exit.o)
 .ARM.attributes
                0x0000000000000000       0x30 /Users/nmolo/gcc-arm-none-eabi/bin/../lib/gcc/arm-none-eabi/4.8.4/../../../../arm-none-eabi/lib/libc.a(lib_a-exit.o)
 .debug_frame   0x0000000000000000       0x28 /Users/nmolo/gcc-arm-none-eabi/bin/../lib/gcc/arm-none-eabi/4.8.4/../../../../arm-none-eabi/lib/libc.a(lib_a-exit.o)
 .text          0x0000000000000000        0x0 /Users/nmolo/gcc-arm-none-eabi/bin/../lib/gcc/arm-none-eabi/4.8.4/../../../../arm-none-eabi/lib/libc.a(lib_a-impure.o)
 .data          0x0000000000000000        0x0 /Users/nmolo/gcc-arm-none-eabi/bin/../lib/gcc/arm-none-eabi/4.8.4/../../../../arm-none-eabi/lib/libc.a(lib_a-impure.o)
 .bss           0x0000000000000000        0x0 /Users/nmolo/gcc-arm-none-eabi/bin/../lib/gcc/arm-none-eabi/4.8.4/../../../../arm-none-eabi/lib/libc.a(lib_a-impure.o)
 .data._impure_ptr
                0x0000000000000000        0x4 /Users/nmolo/gcc-arm-none-eabi/bin/../lib/gcc/arm-none-eabi/4.8.4/../../../../arm-none-eabi/lib/libc.a(lib_a-impure.o)
 .text          0x0000000000000000        0x0 /Users/nmolo/gcc-arm-none-eabi/bin/../lib/gcc/arm-none-eabi/4.8.4/../../../../arm-none-eabi/lib/libc.a(lib_a-init.o)
 .data          0x0000000000000000        0x0 /Users/nmolo/gcc-arm-none-eabi/bin/../lib/gcc/arm-none-eabi/4.8.4/../../../../arm-none-eabi/lib/libc.a(lib_a-init.o)
 .bss           0x0000000000000000        0x0 /Users/nmolo/gcc-arm-none-eabi/bin/../lib/gcc/arm-none-eabi/4.8.4/../../../../arm-none-eabi/lib/libc.a(lib_a-init.o)
 .text          0x0000000000000000        0x0 /Users/nmolo/gcc-arm-none-eabi/bin/../lib/gcc/arm-none-eabi/4.8.4/../../../../arm-none-eabi/lib/libc.a(lib_a-memset.o)
 .data          0x0000000000000000        0x0 /Users/nmolo/gcc-arm-none-eabi/bin/../lib/gcc/arm-none-eabi/4.8.4/../../../../arm-none-eabi/lib/libc.a(lib_a-memset.o)
 .bss           0x0000000000000000        0x0 /Users/nmolo/gcc-arm-none-eabi/bin/../lib/gcc/arm-none-eabi/4.8.4/../../../../arm-none-eabi/lib/libc.a(lib_a-memset.o)
 .text.memset   0x0000000000000000       0xf4 /Users/nmolo/gcc-arm-none-eabi/bin/../lib/gcc/arm-none-eabi/4.8.4/../../../../arm-none-eabi/lib/libc.a(lib_a-memset.o)
 .ARM.attributes
                0x0000000000000000       0x30 /Users/nmolo/gcc-arm-none-eabi/bin/../lib/gcc/arm-none-eabi/4.8.4/../../../../arm-none-eabi/lib/libc.a(lib_a-memset.o)
 .debug_frame   0x0000000000000000       0x2c /Users/nmolo/gcc-arm-none-eabi/bin/../lib/gcc/arm-none-eabi/4.8.4/../../../../arm-none-eabi/lib/libc.a(lib_a-memset.o)
 .text          0x0000000000000000        0x0 /Users/nmolo/gcc-arm-none-eabi/bin/../lib/gcc/arm-none-eabi/4.8.4/../../../../arm-none-eabi/lib/libc.a(lib_a-__call_atexit.o)
 .data          0x0000000000000000        0x0 /Users/nmolo/gcc-arm-none-eabi/bin/../lib/gcc/arm-none-eabi/4.8.4/../../../../arm-none-eabi/lib/libc.a(lib_a-__call_atexit.o)
 .bss           0x0000000000000000        0x0 /Users/nmolo/gcc-arm-none-eabi/bin/../lib/gcc/arm-none-eabi/4.8.4/../../../../arm-none-eabi/lib/libc.a(lib_a-__call_atexit.o)
 .text.__call_exitprocs
                0x0000000000000000      0x170 /Users/nmolo/gcc-arm-none-eabi/bin/../lib/gcc/arm-none-eabi/4.8.4/../../../../arm-none-eabi/lib/libc.a(lib_a-__call_atexit.o)
 .text          0x0000000000000000        0x0 /Users/nmolo/gcc-arm-none-eabi/bin/../lib/gcc/arm-none-eabi/4.8.4/../../../../arm-none-eabi/lib/libc.a(lib_a-atexit.o)
 .data          0x0000000000000000        0x0 /Users/nmolo/gcc-arm-none-eabi/bin/../lib/gcc/arm-none-eabi/4.8.4/../../../../arm-none-eabi/lib/libc.a(lib_a-atexit.o)
 .bss           0x0000000000000000        0x0 /Users/nmolo/gcc-arm-none-eabi/bin/../lib/gcc/arm-none-eabi/4.8.4/../../../../arm-none-eabi/lib/libc.a(lib_a-atexit.o)
 .text          0x0000000000000000        0x0 /Users/nmolo/gcc-arm-none-eabi/bin/../lib/gcc/arm-none-eabi/4.8.4/../../../../arm-none-eabi/lib/libc.a(lib_a-fini.o)
 .data          0x0000000000000000        0x0 /Users/nmolo/gcc-arm-none-eabi/bin/../lib/gcc/arm-none-eabi/4.8.4/../../../../arm-none-eabi/lib/libc.a(lib_a-fini.o)
 .bss           0x0000000000000000        0x0 /Users/nmolo/gcc-arm-none-eabi/bin/../lib/gcc/arm-none-eabi/4.8.4/../../../../arm-none-eabi/lib/libc.a(lib_a-fini.o)
 .text          0x0000000000000000        0x0 /Users/nmolo/gcc-arm-none-eabi/bin/../lib/gcc/arm-none-eabi/4.8.4/../../../../arm-none-eabi/lib/libc.a(lib_a-__atexit.o)
 .data          0x0000000000000000        0x0 /Users/nmolo/gcc-arm-none-eabi/bin/../lib/gcc/arm-none-eabi/4.8.4/../../../../arm-none-eabi/lib/libc.a(lib_a-__atexit.o)
 .bss           0x0000000000000000        0x0 /Users/nmolo/gcc-arm-none-eabi/bin/../lib/gcc/arm-none-eabi/4.8.4/../../../../arm-none-eabi/lib/libc.a(lib_a-__atexit.o)
 .text          0x0000000000000000        0x0 /Users/nmolo/gcc-arm-none-eabi/bin/../lib/gcc/arm-none-eabi/4.8.4/crtend.o
 .data          0x0000000000000000        0x0 /Users/nmolo/gcc-arm-none-eabi/bin/../lib/gcc/arm-none-eabi/4.8.4/crtend.o
 .bss           0x0000000000000000        0x0 /Users/nmolo/gcc-arm-none-eabi/bin/../lib/gcc/arm-none-eabi/4.8.4/crtend.o
 .eh_frame      0x0000000000000000        0x4 /Users/nmolo/gcc-arm-none-eabi/bin/../lib/gcc/arm-none-eabi/4.8.4/crtend.o
 .jcr           0x0000000000000000        0x4 /Users/nmolo/gcc-arm-none-eabi/bin/../lib/gcc/arm-none-eabi/4.8.4/crtend.o
 .ARM.attributes
                0x0000000000000000       0x30 /Users/nmolo/gcc-arm-none-eabi/bin/../lib/gcc/arm-none-eabi/4.8.4/crtend.o
 .text          0x0000000000000000        0x0 /Users/nmolo/gcc-arm-none-eabi/bin/../lib/gcc/arm-none-eabi/4.8.4/crtn.o
 .data          0x0000000000000000        0x0 /Users/nmolo/gcc-arm-none-eabi/bin/../lib/gcc/arm-none-eabi/4.8.4/crtn.o
 .bss           0x0000000000000000        0x0 /Users/nmolo/gcc-arm-none-eabi/bin/../lib/gcc/arm-none-eabi/4.8.4/crtn.o

Memory Configuration

Name             Origin             Length             Attributes
FLASH            0x0000000008000000 0x0000000000100000 xr
RAM              0x0000000020000000 0x0000000000018000 xrw
*default*        0x0000000000000000 0xffffffffffffffff

Linker script and memory map

LOAD /Users/nmolo/gcc-arm-none-eabi/bin/../lib/gcc/arm-none-eabi/4.8.4/crti.o
LOAD /Users/nmolo/gcc-arm-none-eabi/bin/../lib/gcc/arm-none-eabi/4.8.4/crtbegin.o
LOAD /Users/nmolo/gcc-arm-none-eabi/bin/../lib/gcc/arm-none-eabi/4.8.4/../../../../arm-none-eabi/lib/crt0.o
LOAD Drivers/CMSIS/Device/ST/STM32L4xx/Source/Templates/gcc/startup_stm32l476xx.o
LOAD Drivers/CMSIS/Device/ST/STM32L4xx/Source/Templates/system_stm32l4xx.o
LOAD Src/main.o
LOAD Src/stm32l4xx_hal_msp.o
LOAD Src/stm32l4xx_it.o
LOAD ./Drivers/STM32L4xx_HAL_Driver/libstm32fw.a
LOAD /Users/nmolo/gcc-arm-none-eabi/bin/../lib/gcc/arm-none-eabi/4.8.4/../../../../arm-none-eabi/lib/libm.a
START GROUP
LOAD /Users/nmolo/gcc-arm-none-eabi/bin/../lib/gcc/arm-none-eabi/4.8.4/libgcc.a
LOAD /Users/nmolo/gcc-arm-none-eabi/bin/../lib/gcc/arm-none-eabi/4.8.4/../../../../arm-none-eabi/lib/libc.a
END GROUP
LOAD /Users/nmolo/gcc-arm-none-eabi/bin/../lib/gcc/arm-none-eabi/4.8.4/crtend.o
LOAD /Users/nmolo/gcc-arm-none-eabi/bin/../lib/gcc/arm-none-eabi/4.8.4/crtn.o
                0x0000000020018000                _estack = 0x20018000
                0x0000000000000200                _Min_Heap_Size = 0x200
                0x0000000000000400                _Min_Stack_Size = 0x400

.isr_vector     0x0000000008000000      0x188
                0x0000000008000000                . = ALIGN (0x8)
 *(.isr_vector)
 .isr_vector    0x0000000008000000      0x188 Drivers/CMSIS/Device/ST/STM32L4xx/Source/Templates/gcc/startup_stm32l476xx.o
                0x0000000008000000                g_pfnVectors
                0x0000000008000188                . = ALIGN (0x8)

.text           0x0000000008000188     0x26c8
                0x0000000008000188                . = ALIGN (0x8)
 *(.text)
 .text          0x0000000008000188       0x94 /Users/nmolo/gcc-arm-none-eabi/bin/../lib/gcc/arm-none-eabi/4.8.4/crtbegin.o
 .text          0x000000000800021c      0x104 Drivers/CMSIS/Device/ST/STM32L4xx/Source/Templates/system_stm32l4xx.o
                0x000000000800021c                SystemInit
                0x000000000800026c                SystemCoreClockUpdate
 .text          0x0000000008000320       0x8c Src/main.o
                0x0000000008000320                SystemClock_Config
 .text          0x00000000080003ac       0x34 Src/stm32l4xx_hal_msp.o
                0x00000000080003ac                HAL_MspInit
 .text          0x00000000080003e0       0x10 Src/stm32l4xx_it.o
                0x00000000080003e0                SysTick_Handler
 .text          0x00000000080003f0      0x20c ./Drivers/STM32L4xx_HAL_Driver/libstm32fw.a(stm32l4xx_hal.o)
                0x00000000080003f4                HAL_MspDeInit
                0x00000000080003f8                HAL_DeInit
                0x0000000008000424                HAL_InitTick
                0x000000000800044c                HAL_Init
                0x0000000008000470                HAL_IncTick
                0x0000000008000480                HAL_GetTick
                0x000000000800048c                HAL_Delay
                0x00000000080004a4                HAL_SuspendTick
                0x00000000080004b4                HAL_ResumeTick
                0x00000000080004c4                HAL_GetHalVersion
                0x00000000080004cc                HAL_GetREVID
                0x00000000080004d8                HAL_GetDEVID
                0x00000000080004e8                HAL_DBGMCU_EnableDBGSleepMode
                0x00000000080004f8                HAL_DBGMCU_DisableDBGSleepMode
                0x0000000008000508                HAL_DBGMCU_EnableDBGStopMode
                0x0000000008000518                HAL_DBGMCU_DisableDBGStopMode
                0x0000000008000528                HAL_DBGMCU_EnableDBGStandbyMode
                0x0000000008000538                HAL_DBGMCU_DisableDBGStandbyMode
                0x0000000008000548                HAL_SYSCFG_SRAM2Erase
                0x0000000008000568                HAL_SYSCFG_EnableMemorySwappingBank
                0x0000000008000574                HAL_SYSCFG_DisableMemorySwappingBank
                0x0000000008000580                HAL_SYSCFG_VREFBUF_VoltageScalingConfig
                0x0000000008000594                HAL_SYSCFG_VREFBUF_HighImpedanceConfig
                0x00000000080005a8                HAL_SYSCFG_VREFBUF_TrimmingConfig
                0x00000000080005bc                HAL_SYSCFG_EnableVREFBUF
                0x00000000080005ec                HAL_SYSCFG_DisableVREFBUF
 .text          0x00000000080005fc      0x28c ./Drivers/STM32L4xx_HAL_Driver/libstm32fw.a(stm32l4xx_hal_cortex.o)
                0x00000000080005fc                HAL_NVIC_SetPriorityGrouping
                0x0000000008000620                HAL_NVIC_SetPriority
                0x0000000008000690                HAL_NVIC_EnableIRQ
                0x00000000080006a8                HAL_NVIC_DisableIRQ
                0x00000000080006c4                HAL_NVIC_SystemReset
                0x00000000080006e8                HAL_SYSTICK_Config
                0x0000000008000720                HAL_NVIC_GetPriorityGrouping
                0x0000000008000730                HAL_NVIC_GetPriority
                0x0000000008000790                HAL_NVIC_SetPendingIRQ
                0x00000000080007ac                HAL_NVIC_GetPendingIRQ
                0x00000000080007c8                HAL_NVIC_ClearPendingIRQ
                0x00000000080007e4                HAL_NVIC_GetActive
                0x0000000008000800                HAL_SYSTICK_CLKSourceConfig
                0x0000000008000818                HAL_SYSTICK_Callback
                0x000000000800081c                HAL_SYSTICK_IRQHandler
                0x0000000008000824                HAL_MPU_ConfigRegion
 .text          0x0000000008000888      0x3ec ./Drivers/STM32L4xx_HAL_Driver/libstm32fw.a(stm32l4xx_hal_gpio.o)
                0x0000000008000888                HAL_GPIO_Init
                0x0000000008000aa0                HAL_GPIO_DeInit
                0x0000000008000c0c                HAL_GPIO_ReadPin
                0x0000000008000c18                HAL_GPIO_WritePin
                0x0000000008000c24                HAL_GPIO_TogglePin
                0x0000000008000c2c                HAL_GPIO_LockPin
                0x0000000008000c58                HAL_GPIO_EXTI_Callback
                0x0000000008000c5c                HAL_GPIO_EXTI_IRQHandler
 .text          0x0000000008000c74      0x7a8 ./Drivers/STM32L4xx_HAL_Driver/libstm32fw.a(stm32l4xx_hal_pwr_ex.o)
                0x0000000008000c74                HAL_PWREx_GetVoltageRange
                0x0000000008000c84                HAL_PWREx_ControlVoltageScaling
                0x0000000008000d04                HAL_PWREx_EnableBatteryCharging
                0x0000000008000d20                HAL_PWREx_DisableBatteryCharging
                0x0000000008000d30                HAL_PWREx_EnableVddUSB
                0x0000000008000d40                HAL_PWREx_DisableVddUSB
                0x0000000008000d50                HAL_PWREx_EnableVddIO2
                0x0000000008000d60                HAL_PWREx_DisableVddIO2
                0x0000000008000d70                HAL_PWREx_EnableInternalWakeUpLine
                0x0000000008000d80                HAL_PWREx_DisableInternalWakeUpLine
                0x0000000008000d90                HAL_PWREx_EnableGPIOPullUp
                0x0000000008000e58                HAL_PWREx_DisableGPIOPullUp
                0x0000000008000ee8                HAL_PWREx_EnableGPIOPullDown
                0x0000000008000fb0                HAL_PWREx_DisableGPIOPullDown
                0x0000000008001044                HAL_PWREx_EnablePullUpPullDownConfig
                0x0000000008001054                HAL_PWREx_DisablePullUpPullDownConfig
                0x0000000008001064                HAL_PWREx_EnableSRAM2ContentRetention
                0x0000000008001074                HAL_PWREx_DisableSRAM2ContentRetention
                0x0000000008001084                HAL_PWREx_EnablePVM1
                0x0000000008001094                HAL_PWREx_DisablePVM1
                0x00000000080010a4                HAL_PWREx_EnablePVM2
                0x00000000080010b4                HAL_PWREx_DisablePVM2
                0x00000000080010c4                HAL_PWREx_EnablePVM3
                0x00000000080010d4                HAL_PWREx_DisablePVM3
                0x00000000080010e4                HAL_PWREx_EnablePVM4
                0x00000000080010f4                HAL_PWREx_DisablePVM4
                0x0000000008001104                HAL_PWREx_ConfigPVM
                0x00000000080012b4                HAL_PWREx_EnableLowPowerRunMode
                0x00000000080012c4                HAL_PWREx_DisableLowPowerRunMode
                0x000000000800130c                HAL_PWREx_EnterSTOP1Mode
                0x0000000008001348                HAL_PWREx_EnterSTOP2Mode
                0x0000000008001384                HAL_PWREx_EnterSHUTDOWNMode
                0x00000000080013a8                HAL_PWREx_PVM1Callback
                0x00000000080013ac                HAL_PWREx_PVM2Callback
                0x00000000080013b0                HAL_PWREx_PVM3Callback
                0x00000000080013b4                HAL_PWREx_PVM4Callback
                0x00000000080013b8                HAL_PWREx_PVD_PVM_IRQHandler
 .text          0x000000000800141c      0xef4 ./Drivers/STM32L4xx_HAL_Driver/libstm32fw.a(stm32l4xx_hal_rcc.o)
                0x00000000080014a4                HAL_RCC_DeInit
                0x0000000008001508                HAL_RCC_OscConfig
                0x0000000008001cf4                HAL_RCC_ClockConfig
                0x0000000008001f94                HAL_RCC_MCOConfig
                0x0000000008001fe4                HAL_RCC_GetSysClockFreq
                0x00000000080020e4                HAL_RCC_GetHCLKFreq
                0x0000000008002118                HAL_RCC_GetPCLK1Freq
                0x0000000008002144                HAL_RCC_GetPCLK2Freq
                0x0000000008002170                HAL_RCC_GetOscConfig
                0x000000000800229c                HAL_RCC_GetClockConfig
                0x00000000080022e0                HAL_RCC_EnableCSS
                0x00000000080022f0                HAL_RCC_CSSCallback
                0x00000000080022f4                HAL_RCC_NMI_IRQHandler
 .text          0x0000000008002310      0x1b4 ./Drivers/STM32L4xx_HAL_Driver/libstm32fw.a(stm32l4xx_hal_pwr.o)
                0x0000000008002310                HAL_PWR_DeInit
                0x0000000008002328                HAL_PWR_EnableBkUpAccess
                0x0000000008002338                HAL_PWR_DisableBkUpAccess
                0x0000000008002348                HAL_PWR_ConfigPVD
                0x00000000080023c8                HAL_PWR_EnablePVD
                0x00000000080023d8                HAL_PWR_DisablePVD
                0x00000000080023e8                HAL_PWR_EnableWakeUpPin
                0x0000000008002408                HAL_PWR_DisableWakeUpPin
                0x0000000008002418                HAL_PWR_EnterSLEEPMode
                0x0000000008002458                HAL_PWR_EnterSTOPMode
                0x000000000800245c                HAL_PWR_EnterSTANDBYMode
                0x0000000008002480                HAL_PWR_EnableSleepOnExit
                0x0000000008002490                HAL_PWR_DisableSleepOnExit
                0x00000000080024a0                HAL_PWR_EnableSEVOnPend
                0x00000000080024b0                HAL_PWR_DisableSEVOnPend
                0x00000000080024c0                HAL_PWR_PVDCallback
 *(.text*)
 .text.Reset_Handler
                0x00000000080024c4       0x5c Drivers/CMSIS/Device/ST/STM32L4xx/Source/Templates/gcc/startup_stm32l476xx.o
                0x00000000080024c4                Reset_Handler
 .text.Default_Handler
                0x0000000008002520        0x4 Drivers/CMSIS/Device/ST/STM32L4xx/Source/Templates/gcc/startup_stm32l476xx.o
                0x0000000008002520                TIM1_BRK_TIM15_IRQHandler
                0x0000000008002520                EXTI2_IRQHandler
                0x0000000008002520                TIM8_TRG_COM_IRQHandler
                0x0000000008002520                TIM8_CC_IRQHandler
                0x0000000008002520                DebugMon_Handler
                0x0000000008002520                DFSDM0_IRQHandler
                0x0000000008002520                TIM1_CC_IRQHandler
                0x0000000008002520                TSC_IRQHandler
                0x0000000008002520                HardFault_Handler
                0x0000000008002520                TAMP_STAMP_IRQHandler
                0x0000000008002520                PendSV_Handler
                0x0000000008002520                NMI_Handler
                0x0000000008002520                EXTI3_IRQHandler
                0x0000000008002520                LPTIM2_IRQHandler
                0x0000000008002520                I2C3_ER_IRQHandler
                0x0000000008002520                EXTI0_IRQHandler
                0x0000000008002520                I2C2_EV_IRQHandler
                0x0000000008002520                CAN1_RX0_IRQHandler
                0x0000000008002520                FPU_IRQHandler
                0x0000000008002520                TIM1_UP_TIM16_IRQHandler
                0x0000000008002520                UsageFault_Handler
                0x0000000008002520                ADC1_2_IRQHandler
                0x0000000008002520                SPI1_IRQHandler
                0x0000000008002520                TIM6_DAC_IRQHandler
                0x0000000008002520                TIM8_UP_IRQHandler
                0x0000000008002520                DMA2_Channel2_IRQHandler
                0x0000000008002520                DMA1_Channel4_IRQHandler
                0x0000000008002520                SAI2_IRQHandler
                0x0000000008002520                USART3_IRQHandler
                0x0000000008002520                DMA1_Channel7_IRQHandler
                0x0000000008002520                CAN1_RX1_IRQHandler
                0x0000000008002520                LCD_IRQHandler
                0x0000000008002520                UART5_IRQHandler
                0x0000000008002520                ADC3_IRQHandler
                0x0000000008002520                TIM4_IRQHandler
                0x0000000008002520                DMA2_Channel1_IRQHandler
                0x0000000008002520                QUADSPI_IRQHandler
                0x0000000008002520                I2C1_EV_IRQHandler
                0x0000000008002520                DMA1_Channel6_IRQHandler
                0x0000000008002520                UART4_IRQHandler
                0x0000000008002520                DMA2_Channel4_IRQHandler
                0x0000000008002520                TIM3_IRQHandler
                0x0000000008002520                RCC_IRQHandler
                0x0000000008002520                DMA1_Channel1_IRQHandler
                0x0000000008002520                Default_Handler
                0x0000000008002520                DMA2_Channel7_IRQHandler
                0x0000000008002520                EXTI15_10_IRQHandler
                0x0000000008002520                TIM7_IRQHandler
                0x0000000008002520                SDMMC1_IRQHandler
                0x0000000008002520                TIM5_IRQHandler
                0x0000000008002520                I2C3_EV_IRQHandler
                0x0000000008002520                DFSDM2_IRQHandler
                0x0000000008002520                EXTI9_5_IRQHandler
                0x0000000008002520                RTC_WKUP_IRQHandler
                0x0000000008002520                PVD_PVM_IRQHandler
                0x0000000008002520                SPI2_IRQHandler
                0x0000000008002520                DFSDM3_IRQHandler
                0x0000000008002520                MemManage_Handler
                0x0000000008002520                CAN1_TX_IRQHandler
                0x0000000008002520                SVC_Handler
                0x0000000008002520                DMA2_Channel5_IRQHandler
                0x0000000008002520                DMA1_Channel5_IRQHandler
                0x0000000008002520                EXTI4_IRQHandler
                0x0000000008002520                RNG_IRQHandler
                0x0000000008002520                TIM1_TRG_COM_TIM17_IRQHandler
                0x0000000008002520                DMA1_Channel3_IRQHandler
                0x0000000008002520                COMP_IRQHandler
                0x0000000008002520                WWDG_IRQHandler
                0x0000000008002520                LPUART1_IRQHandler
                0x0000000008002520                DMA2_Channel6_IRQHandler
                0x0000000008002520                TIM2_IRQHandler
                0x0000000008002520                EXTI1_IRQHandler
                0x0000000008002520                USART2_IRQHandler
                0x0000000008002520                I2C2_ER_IRQHandler
                0x0000000008002520                DMA1_Channel2_IRQHandler
                0x0000000008002520                TIM8_BRK_IRQHandler
                0x0000000008002520                CAN1_SCE_IRQHandler
                0x0000000008002520                FLASH_IRQHandler
                0x0000000008002520                BusFault_Handler
                0x0000000008002520                USART1_IRQHandler
                0x0000000008002520                OTG_FS_IRQHandler
                0x0000000008002520                SPI3_IRQHandler
                0x0000000008002520                I2C1_ER_IRQHandler
                0x0000000008002520                FMC_IRQHandler
                0x0000000008002520                SWPMI1_IRQHandler
                0x0000000008002520                LPTIM1_IRQHandler
                0x0000000008002520                DFSDM1_IRQHandler
                0x0000000008002520                SAI1_IRQHandler
                0x0000000008002520                DMA2_Channel3_IRQHandler
                0x0000000008002520                RTC_Alarm_IRQHandler
 .text.startup  0x0000000008002524       0xf4 Src/main.o
                0x0000000008002524                main
 .text.__libc_init_array
                0x0000000008002618       0x88 /Users/nmolo/gcc-arm-none-eabi/bin/../lib/gcc/arm-none-eabi/4.8.4/../../../../arm-none-eabi/lib/libc.a(lib_a-init.o)
                0x0000000008002618                __libc_init_array
 .text.startup.register_fini
                0x00000000080026a0       0x24 /Users/nmolo/gcc-arm-none-eabi/bin/../lib/gcc/arm-none-eabi/4.8.4/../../../../arm-none-eabi/lib/libc.a(lib_a-__call_atexit.o)
 .text.atexit   0x00000000080026c4       0x20 /Users/nmolo/gcc-arm-none-eabi/bin/../lib/gcc/arm-none-eabi/4.8.4/../../../../arm-none-eabi/lib/libc.a(lib_a-atexit.o)
                0x00000000080026c4                atexit
 .text.__libc_fini_array
                0x00000000080026e4       0x48 /Users/nmolo/gcc-arm-none-eabi/bin/../lib/gcc/arm-none-eabi/4.8.4/../../../../arm-none-eabi/lib/libc.a(lib_a-fini.o)
                0x00000000080026e4                __libc_fini_array
 .text.__register_exitproc
                0x000000000800272c       0xf0 /Users/nmolo/gcc-arm-none-eabi/bin/../lib/gcc/arm-none-eabi/4.8.4/../../../../arm-none-eabi/lib/libc.a(lib_a-__atexit.o)
                0x000000000800272c                __register_exitproc
 *(.glue_7)
 .glue_7        0x0000000000000000        0x0 linker stubs
 *(.glue_7t)
 .glue_7t       0x0000000000000000        0x0 linker stubs
 *(.eh_frame)
 .eh_frame      0x000000000800281c        0x0 /Users/nmolo/gcc-arm-none-eabi/bin/../lib/gcc/arm-none-eabi/4.8.4/crtbegin.o
 *(.init)
 .init          0x000000000800281c        0xc /Users/nmolo/gcc-arm-none-eabi/bin/../lib/gcc/arm-none-eabi/4.8.4/crti.o
                0x000000000800281c                _init
 .init          0x0000000008002828        0xc /Users/nmolo/gcc-arm-none-eabi/bin/../lib/gcc/arm-none-eabi/4.8.4/crtn.o
 *(.fini)
 .fini          0x0000000008002834        0xc /Users/nmolo/gcc-arm-none-eabi/bin/../lib/gcc/arm-none-eabi/4.8.4/crti.o
                0x0000000008002834                _fini
 .fini          0x0000000008002840        0xc /Users/nmolo/gcc-arm-none-eabi/bin/../lib/gcc/arm-none-eabi/4.8.4/crtn.o
                0x0000000008002850                . = ALIGN (0x8)
 *fill*         0x000000000800284c        0x4 
                0x0000000008002850                _etext = .

.vfp11_veneer   0x0000000008002850        0x0
 .vfp11_veneer  0x0000000000000000        0x0 linker stubs

.v4_bx          0x0000000008002850        0x0
 .v4_bx         0x0000000000000000        0x0 linker stubs

.iplt           0x0000000008002850        0x0
 .iplt          0x0000000000000000        0x0 /Users/nmolo/gcc-arm-none-eabi/bin/../lib/gcc/arm-none-eabi/4.8.4/crtbegin.o

.rodata         0x0000000008002850       0x50
                0x0000000008002850                . = ALIGN (0x8)
 *(.rodata)
 .rodata        0x0000000008002850       0x40 Drivers/CMSIS/Device/ST/STM32L4xx/Source/Templates/system_stm32l4xx.o
                0x0000000008002850                MSIRangeTable
                0x0000000008002880                AHBPrescTable
 .rodata        0x0000000008002890        0x8 ./Drivers/STM32L4xx_HAL_Driver/libstm32fw.a(stm32l4xx_hal_rcc.o)
                0x0000000008002890                APBAHBPrescTable
 *(.rodata*)
 .rodata.str1.4
                0x0000000008002898        0x4 /Users/nmolo/gcc-arm-none-eabi/bin/../lib/gcc/arm-none-eabi/4.8.4/../../../../arm-none-eabi/lib/libc.a(lib_a-impure.o)
 .rodata._global_impure_ptr
                0x000000000800289c        0x4 /Users/nmolo/gcc-arm-none-eabi/bin/../lib/gcc/arm-none-eabi/4.8.4/../../../../arm-none-eabi/lib/libc.a(lib_a-impure.o)
                0x000000000800289c                _global_impure_ptr
                0x00000000080028a0                . = ALIGN (0x8)

.rel.dyn        0x00000000080028a0        0x0
 .rel.iplt      0x0000000000000000        0x0 /Users/nmolo/gcc-arm-none-eabi/bin/../lib/gcc/arm-none-eabi/4.8.4/crtbegin.o

.ARM.extab      0x00000000080028a0        0x0
                0x00000000080028a0                . = ALIGN (0x8)
 *(.ARM.extab* .gnu.linkonce.armextab.*)
                0x00000000080028a0                . = ALIGN (0x8)

.ARM            0x00000000080028a0        0x0
                0x00000000080028a0                . = ALIGN (0x8)
                0x00000000080028a0                __exidx_start = .
 *(.ARM.exidx*)
                0x00000000080028a0                __exidx_end = .
                0x00000000080028a0                . = ALIGN (0x8)

.preinit_array  0x00000000080028a0        0x0
                0x00000000080028a0                . = ALIGN (0x8)
                0x00000000080028a0                PROVIDE (__preinit_array_start, .)
 *(.preinit_array*)
                0x00000000080028a0                PROVIDE (__preinit_array_end, .)
                0x00000000080028a0                . = ALIGN (0x8)

.init_array     0x00000000080028a0        0x8
                0x00000000080028a0                . = ALIGN (0x8)
                0x00000000080028a0                PROVIDE (__init_array_start, .)
 *(SORT(.init_array.*))
 .init_array.00000
                0x00000000080028a0        0x4 /Users/nmolo/gcc-arm-none-eabi/bin/../lib/gcc/arm-none-eabi/4.8.4/../../../../arm-none-eabi/lib/libc.a(lib_a-__call_atexit.o)
 *(.init_array*)
 .init_array    0x00000000080028a4        0x4 /Users/nmolo/gcc-arm-none-eabi/bin/../lib/gcc/arm-none-eabi/4.8.4/crtbegin.o
                0x00000000080028a8                PROVIDE (__init_array_end, .)
                0x00000000080028a8                . = ALIGN (0x8)

.fini_array     0x00000000080028a8        0x8
                0x00000000080028a8                . = ALIGN (0x8)
                0x00000000080028a8                PROVIDE (__fini_array_start, .)
 *(SORT(.fini_array.*))
 *(.fini_array*)
 .fini_array    0x00000000080028a8        0x4 /Users/nmolo/gcc-arm-none-eabi/bin/../lib/gcc/arm-none-eabi/4.8.4/crtbegin.o
                0x00000000080028ac                PROVIDE (__fini_array_end, .)
                0x00000000080028b0                . = ALIGN (0x8)
 *fill*         0x00000000080028ac        0x4 
                0x00000000080028b0                _sidata = LOADADDR (.data)

.data           0x0000000020000000      0x430 load address 0x00000000080028b0
                0x0000000020000000                . = ALIGN (0x8)
                0x0000000020000000                _sdata = .
 *(.data)
 .data          0x0000000020000000        0x4 Drivers/CMSIS/Device/ST/STM32L4xx/Source/Templates/system_stm32l4xx.o
                0x0000000020000000                SystemCoreClock
 *(.data*)
 *fill*         0x0000000020000004        0x4 
 .data.impure_data
                0x0000000020000008      0x428 /Users/nmolo/gcc-arm-none-eabi/bin/../lib/gcc/arm-none-eabi/4.8.4/../../../../arm-none-eabi/lib/libc.a(lib_a-impure.o)
                0x0000000020000430                . = ALIGN (0x8)
                0x0000000020000430                _edata = .

.jcr            0x0000000020000430        0x0 load address 0x0000000008002ce0
 .jcr           0x0000000020000430        0x0 /Users/nmolo/gcc-arm-none-eabi/bin/../lib/gcc/arm-none-eabi/4.8.4/crtbegin.o

.igot.plt       0x0000000020000430        0x0 load address 0x0000000008002ce0
 .igot.plt      0x0000000000000000        0x0 /Users/nmolo/gcc-arm-none-eabi/bin/../lib/gcc/arm-none-eabi/4.8.4/crtbegin.o
                0x0000000020000430                . = ALIGN (0x4)

.bss            0x0000000020000430       0x20 load address 0x0000000008002ce0
                0x0000000020000430                _sbss = .
                0x0000000020000430                __bss_start__ = _sbss
 *(.bss)
 .bss           0x0000000020000430       0x1c /Users/nmolo/gcc-arm-none-eabi/bin/../lib/gcc/arm-none-eabi/4.8.4/crtbegin.o
 .bss           0x000000002000044c        0x4 ./Drivers/STM32L4xx_HAL_Driver/libstm32fw.a(stm32l4xx_hal.o)
 *(.bss*)
 *(COMMON)
                0x0000000020000450                . = ALIGN (0x4)
                0x0000000020000450                _ebss = .
                0x0000000020000450                __bss_end__ = _ebss

._user_heap_stack
                0x0000000020000450      0x600 load address 0x0000000008002ce0
                0x0000000020000450                . = ALIGN (0x8)
                0x0000000020000450                PROVIDE (end, .)
                0x0000000020000450                PROVIDE (_end, .)
                0x0000000020000650                . = (. + _Min_Heap_Size)
 *fill*         0x0000000020000450      0x200 
                0x0000000020000a50                . = (. + _Min_Stack_Size)
 *fill*         0x0000000020000650      0x400 
                0x0000000020000a50                . = ALIGN (0x8)

/DISCARD/
 libc.a(*)
 libm.a(*)
 libgcc.a(*)

.ARM.attributes
                0x0000000000000000       0x35
 *(.ARM.attributes)
 .ARM.attributes
                0x0000000000000000       0x16 /Users/nmolo/gcc-arm-none-eabi/bin/../lib/gcc/arm-none-eabi/4.8.4/crti.o
 .ARM.attributes
                0x0000000000000016       0x30 /Users/nmolo/gcc-arm-none-eabi/bin/../lib/gcc/arm-none-eabi/4.8.4/crtbegin.o
 .ARM.attributes
                0x0000000000000046       0x21 Drivers/CMSIS/Device/ST/STM32L4xx/Source/Templates/gcc/startup_stm32l476xx.o
 .ARM.attributes
                0x0000000000000067       0x37 Drivers/CMSIS/Device/ST/STM32L4xx/Source/Templates/system_stm32l4xx.o
 .ARM.attributes
                0x000000000000009e       0x37 Src/main.o
 .ARM.attributes
                0x00000000000000d5       0x37 Src/stm32l4xx_hal_msp.o
 .ARM.attributes
                0x000000000000010c       0x37 Src/stm32l4xx_it.o
 .ARM.attributes
                0x0000000000000143       0x37 ./Drivers/STM32L4xx_HAL_Driver/libstm32fw.a(stm32l4xx_hal.o)
 .ARM.attributes
                0x000000000000017a       0x37 ./Drivers/STM32L4xx_HAL_Driver/libstm32fw.a(stm32l4xx_hal_cortex.o)
 .ARM.attributes
                0x00000000000001b1       0x37 ./Drivers/STM32L4xx_HAL_Driver/libstm32fw.a(stm32l4xx_hal_gpio.o)
 .ARM.attributes
                0x00000000000001e8       0x37 ./Drivers/STM32L4xx_HAL_Driver/libstm32fw.a(stm32l4xx_hal_pwr_ex.o)
 .ARM.attributes
                0x000000000000021f       0x37 ./Drivers/STM32L4xx_HAL_Driver/libstm32fw.a(stm32l4xx_hal_rcc.o)
 .ARM.attributes
                0x0000000000000256       0x37 ./Drivers/STM32L4xx_HAL_Driver/libstm32fw.a(stm32l4xx_hal_pwr.o)
 .ARM.attributes
                0x000000000000028d       0x30 /Users/nmolo/gcc-arm-none-eabi/bin/../lib/gcc/arm-none-eabi/4.8.4/../../../../arm-none-eabi/lib/libc.a(lib_a-impure.o)
 .ARM.attributes
                0x00000000000002bd       0x30 /Users/nmolo/gcc-arm-none-eabi/bin/../lib/gcc/arm-none-eabi/4.8.4/../../../../arm-none-eabi/lib/libc.a(lib_a-init.o)
 .ARM.attributes
                0x00000000000002ed       0x30 /Users/nmolo/gcc-arm-none-eabi/bin/../lib/gcc/arm-none-eabi/4.8.4/../../../../arm-none-eabi/lib/libc.a(lib_a-__call_atexit.o)
 .ARM.attributes
                0x000000000000031d       0x30 /Users/nmolo/gcc-arm-none-eabi/bin/../lib/gcc/arm-none-eabi/4.8.4/../../../../arm-none-eabi/lib/libc.a(lib_a-atexit.o)
 .ARM.attributes
                0x000000000000034d       0x30 /Users/nmolo/gcc-arm-none-eabi/bin/../lib/gcc/arm-none-eabi/4.8.4/../../../../arm-none-eabi/lib/libc.a(lib_a-fini.o)
 .ARM.attributes
                0x000000000000037d       0x30 /Users/nmolo/gcc-arm-none-eabi/bin/../lib/gcc/arm-none-eabi/4.8.4/../../../../arm-none-eabi/lib/libc.a(lib_a-__atexit.o)
 .ARM.attributes
                0x00000000000003ad       0x18 /Users/nmolo/gcc-arm-none-eabi/bin/../lib/gcc/arm-none-eabi/4.8.4/crtn.o
OUTPUT(main.out elf32-littlearm)

.debug_line     0x0000000000000000     0x208e
 .debug_line    0x0000000000000000       0xab Drivers/CMSIS/Device/ST/STM32L4xx/Source/Templates/gcc/startup_stm32l476xx.o
 .debug_line    0x00000000000000ab      0x1bf Drivers/CMSIS/Device/ST/STM32L4xx/Source/Templates/system_stm32l4xx.o
 .debug_line    0x000000000000026a      0x25c Src/main.o
 .debug_line    0x00000000000004c6      0x17b Src/stm32l4xx_hal_msp.o
 .debug_line    0x0000000000000641      0x149 Src/stm32l4xx_it.o
 .debug_line    0x000000000000078a      0x247 ./Drivers/STM32L4xx_HAL_Driver/libstm32fw.a(stm32l4xx_hal.o)
 .debug_line    0x00000000000009d1      0x314 ./Drivers/STM32L4xx_HAL_Driver/libstm32fw.a(stm32l4xx_hal_cortex.o)
 .debug_line    0x0000000000000ce5      0x2fb ./Drivers/STM32L4xx_HAL_Driver/libstm32fw.a(stm32l4xx_hal_gpio.o)
 .debug_line    0x0000000000000fe0      0x43c ./Drivers/STM32L4xx_HAL_Driver/libstm32fw.a(stm32l4xx_hal_pwr_ex.o)
 .debug_line    0x000000000000141c      0xa1e ./Drivers/STM32L4xx_HAL_Driver/libstm32fw.a(stm32l4xx_hal_rcc.o)
 .debug_line    0x0000000000001e3a      0x254 ./Drivers/STM32L4xx_HAL_Driver/libstm32fw.a(stm32l4xx_hal_pwr.o)

.debug_info     0x0000000000000000     0x6797
 .debug_info    0x0000000000000000       0x97 Drivers/CMSIS/Device/ST/STM32L4xx/Source/Templates/gcc/startup_stm32l476xx.o
 .debug_info    0x0000000000000097      0x55e Drivers/CMSIS/Device/ST/STM32L4xx/Source/Templates/system_stm32l4xx.o
 .debug_info    0x00000000000005f5      0xbf2 Src/main.o
 .debug_info    0x00000000000011e7      0x585 Src/stm32l4xx_hal_msp.o
 .debug_info    0x000000000000176c       0xd9 Src/stm32l4xx_it.o
 .debug_info    0x0000000000001845      0xb45 ./Drivers/STM32L4xx_HAL_Driver/libstm32fw.a(stm32l4xx_hal.o)
 .debug_info    0x000000000000238a      0xe76 ./Drivers/STM32L4xx_HAL_Driver/libstm32fw.a(stm32l4xx_hal_cortex.o)
 .debug_info    0x0000000000003200      0x7d8 ./Drivers/STM32L4xx_HAL_Driver/libstm32fw.a(stm32l4xx_hal_gpio.o)
 .debug_info    0x00000000000039d8      0x9be ./Drivers/STM32L4xx_HAL_Driver/libstm32fw.a(stm32l4xx_hal_pwr_ex.o)
 .debug_info    0x0000000000004396     0x1aac ./Drivers/STM32L4xx_HAL_Driver/libstm32fw.a(stm32l4xx_hal_rcc.o)
 .debug_info    0x0000000000005e42      0x955 ./Drivers/STM32L4xx_HAL_Driver/libstm32fw.a(stm32l4xx_hal_pwr.o)

.debug_abbrev   0x0000000000000000     0x129b
 .debug_abbrev  0x0000000000000000       0x12 Drivers/CMSIS/Device/ST/STM32L4xx/Source/Templates/gcc/startup_stm32l476xx.o
 .debug_abbrev  0x0000000000000012      0x120 Drivers/CMSIS/Device/ST/STM32L4xx/Source/Templates/system_stm32l4xx.o
 .debug_abbrev  0x0000000000000132      0x20b Src/main.o
 .debug_abbrev  0x000000000000033d      0x11e Src/stm32l4xx_hal_msp.o
 .debug_abbrev  0x000000000000045b       0x93 Src/stm32l4xx_it.o
 .debug_abbrev  0x00000000000004ee      0x20a ./Drivers/STM32L4xx_HAL_Driver/libstm32fw.a(stm32l4xx_hal.o)
 .debug_abbrev  0x00000000000006f8      0x2ca ./Drivers/STM32L4xx_HAL_Driver/libstm32fw.a(stm32l4xx_hal_cortex.o)
 .debug_abbrev  0x00000000000009c2      0x1c6 ./Drivers/STM32L4xx_HAL_Driver/libstm32fw.a(stm32l4xx_hal_gpio.o)
 .debug_abbrev  0x0000000000000b88      0x230 ./Drivers/STM32L4xx_HAL_Driver/libstm32fw.a(stm32l4xx_hal_pwr_ex.o)
 .debug_abbrev  0x0000000000000db8      0x30b ./Drivers/STM32L4xx_HAL_Driver/libstm32fw.a(stm32l4xx_hal_rcc.o)
 .debug_abbrev  0x00000000000010c3      0x1d8 ./Drivers/STM32L4xx_HAL_Driver/libstm32fw.a(stm32l4xx_hal_pwr.o)

.debug_aranges  0x0000000000000000      0x170
 .debug_aranges
                0x0000000000000000       0x28 Drivers/CMSIS/Device/ST/STM32L4xx/Source/Templates/gcc/startup_stm32l476xx.o
 .debug_aranges
                0x0000000000000028       0x20 Drivers/CMSIS/Device/ST/STM32L4xx/Source/Templates/system_stm32l4xx.o
 .debug_aranges
                0x0000000000000048       0x28 Src/main.o
 .debug_aranges
                0x0000000000000070       0x20 Src/stm32l4xx_hal_msp.o
 .debug_aranges
                0x0000000000000090       0x20 Src/stm32l4xx_it.o
 .debug_aranges
                0x00000000000000b0       0x20 ./Drivers/STM32L4xx_HAL_Driver/libstm32fw.a(stm32l4xx_hal.o)
 .debug_aranges
                0x00000000000000d0       0x20 ./Drivers/STM32L4xx_HAL_Driver/libstm32fw.a(stm32l4xx_hal_cortex.o)
 .debug_aranges
                0x00000000000000f0       0x20 ./Drivers/STM32L4xx_HAL_Driver/libstm32fw.a(stm32l4xx_hal_gpio.o)
 .debug_aranges
                0x0000000000000110       0x20 ./Drivers/STM32L4xx_HAL_Driver/libstm32fw.a(stm32l4xx_hal_pwr_ex.o)
 .debug_aranges
                0x0000000000000130       0x20 ./Drivers/STM32L4xx_HAL_Driver/libstm32fw.a(stm32l4xx_hal_rcc.o)
 .debug_aranges
                0x0000000000000150       0x20 ./Drivers/STM32L4xx_HAL_Driver/libstm32fw.a(stm32l4xx_hal_pwr.o)

.debug_ranges   0x0000000000000000      0x448
 .debug_ranges  0x0000000000000000       0x20 Drivers/CMSIS/Device/ST/STM32L4xx/Source/Templates/gcc/startup_stm32l476xx.o
 .debug_ranges  0x0000000000000020       0x68 Src/main.o
 .debug_ranges  0x0000000000000088       0x20 Src/stm32l4xx_hal_msp.o
 .debug_ranges  0x00000000000000a8       0xb8 ./Drivers/STM32L4xx_HAL_Driver/libstm32fw.a(stm32l4xx_hal_cortex.o)
 .debug_ranges  0x0000000000000160       0x20 ./Drivers/STM32L4xx_HAL_Driver/libstm32fw.a(stm32l4xx_hal_gpio.o)
 .debug_ranges  0x0000000000000180      0x2c8 ./Drivers/STM32L4xx_HAL_Driver/libstm32fw.a(stm32l4xx_hal_rcc.o)

.debug_loc      0x0000000000000000     0x27e6
 .debug_loc     0x0000000000000000      0x1c4 Drivers/CMSIS/Device/ST/STM32L4xx/Source/Templates/system_stm32l4xx.o
 .debug_loc     0x00000000000001c4       0xf6 ./Drivers/STM32L4xx_HAL_Driver/libstm32fw.a(stm32l4xx_hal.o)
 .debug_loc     0x00000000000002ba      0x582 ./Drivers/STM32L4xx_HAL_Driver/libstm32fw.a(stm32l4xx_hal_cortex.o)
 .debug_loc     0x000000000000083c      0x391 ./Drivers/STM32L4xx_HAL_Driver/libstm32fw.a(stm32l4xx_hal_gpio.o)
 .debug_loc     0x0000000000000bcd      0x883 ./Drivers/STM32L4xx_HAL_Driver/libstm32fw.a(stm32l4xx_hal_pwr_ex.o)
 .debug_loc     0x0000000000001450     0x124b ./Drivers/STM32L4xx_HAL_Driver/libstm32fw.a(stm32l4xx_hal_rcc.o)
 .debug_loc     0x000000000000269b      0x14b ./Drivers/STM32L4xx_HAL_Driver/libstm32fw.a(stm32l4xx_hal_pwr.o)

.debug_str      0x0000000000000000     0x1bf1
 .debug_str     0x0000000000000000      0x39d Drivers/CMSIS/Device/ST/STM32L4xx/Source/Templates/system_stm32l4xx.o
                                        0x408 (size before relaxing)
 .debug_str     0x000000000000039d      0x7ff Src/main.o
                                        0xb0e (size before relaxing)
 .debug_str     0x0000000000000b9c       0x41 Src/stm32l4xx_hal_msp.o
                                        0x819 (size before relaxing)
 .debug_str     0x0000000000000bdd       0x46 Src/stm32l4xx_it.o
                                        0x1ce (size before relaxing)
 .debug_str     0x0000000000000c23      0x3c1 ./Drivers/STM32L4xx_HAL_Driver/libstm32fw.a(stm32l4xx_hal.o)
                                        0xc4a (size before relaxing)
 .debug_str     0x0000000000000fe4      0x2f3 ./Drivers/STM32L4xx_HAL_Driver/libstm32fw.a(stm32l4xx_hal_cortex.o)
                                        0xbbf (size before relaxing)
 .debug_str     0x00000000000012d7      0x106 ./Drivers/STM32L4xx_HAL_Driver/libstm32fw.a(stm32l4xx_hal_gpio.o)
                                        0x553 (size before relaxing)
 .debug_str     0x00000000000013dd      0x4f0 ./Drivers/STM32L4xx_HAL_Driver/libstm32fw.a(stm32l4xx_hal_pwr_ex.o)
                                        0x7f6 (size before relaxing)
 .debug_str     0x00000000000018cd      0x16b ./Drivers/STM32L4xx_HAL_Driver/libstm32fw.a(stm32l4xx_hal_rcc.o)
                                        0x865 (size before relaxing)
 .debug_str     0x0000000000001a38      0x1b9 ./Drivers/STM32L4xx_HAL_Driver/libstm32fw.a(stm32l4xx_hal_pwr.o)
                                        0x6b4 (size before relaxing)

.comment        0x0000000000000000       0x70
 .comment       0x0000000000000000       0x70 Drivers/CMSIS/Device/ST/STM32L4xx/Source/Templates/system_stm32l4xx.o
                                         0x71 (size before relaxing)
 .comment       0x0000000000000000       0x71 Src/main.o
 .comment       0x0000000000000000       0x71 Src/stm32l4xx_hal_msp.o
 .comment       0x0000000000000000       0x71 Src/stm32l4xx_it.o
 .comment       0x0000000000000000       0x71 ./Drivers/STM32L4xx_HAL_Driver/libstm32fw.a(stm32l4xx_hal.o)
 .comment       0x0000000000000000       0x71 ./Drivers/STM32L4xx_HAL_Driver/libstm32fw.a(stm32l4xx_hal_cortex.o)
 .comment       0x0000000000000000       0x71 ./Drivers/STM32L4xx_HAL_Driver/libstm32fw.a(stm32l4xx_hal_gpio.o)
 .comment       0x0000000000000000       0x71 ./Drivers/STM32L4xx_HAL_Driver/libstm32fw.a(stm32l4xx_hal_pwr_ex.o)
 .comment       0x0000000000000000       0x71 ./Drivers/STM32L4xx_HAL_Driver/libstm32fw.a(stm32l4xx_hal_rcc.o)
 .comment       0x0000000000000000       0x71 ./Drivers/STM32L4xx_HAL_Driver/libstm32fw.a(stm32l4xx_hal_pwr.o)

.debug_frame    0x0000000000000000      0xac0
 .debug_frame   0x0000000000000000       0x40 Drivers/CMSIS/Device/ST/STM32L4xx/Source/Templates/system_stm32l4xx.o
 .debug_frame   0x0000000000000040       0x44 Src/main.o
 .debug_frame   0x0000000000000084       0x28 Src/stm32l4xx_hal_msp.o
 .debug_frame   0x00000000000000ac       0x28 Src/stm32l4xx_it.o
 .debug_frame   0x00000000000000d4      0x1f8 ./Drivers/STM32L4xx_HAL_Driver/libstm32fw.a(stm32l4xx_hal.o)
 .debug_frame   0x00000000000002cc      0x144 ./Drivers/STM32L4xx_HAL_Driver/libstm32fw.a(stm32l4xx_hal_cortex.o)
 .debug_frame   0x0000000000000410       0xc8 ./Drivers/STM32L4xx_HAL_Driver/libstm32fw.a(stm32l4xx_hal_gpio.o)
 .debug_frame   0x00000000000004d8      0x268 ./Drivers/STM32L4xx_HAL_Driver/libstm32fw.a(stm32l4xx_hal_pwr_ex.o)
 .debug_frame   0x0000000000000740      0x160 ./Drivers/STM32L4xx_HAL_Driver/libstm32fw.a(stm32l4xx_hal_rcc.o)
 .debug_frame   0x00000000000008a0      0x120 ./Drivers/STM32L4xx_HAL_Driver/libstm32fw.a(stm32l4xx_hal_pwr.o)
 .debug_frame   0x00000000000009c0       0x2c /Users/nmolo/gcc-arm-none-eabi/bin/../lib/gcc/arm-none-eabi/4.8.4/../../../../arm-none-eabi/lib/libc.a(lib_a-init.o)
 .debug_frame   0x00000000000009ec       0x50 /Users/nmolo/gcc-arm-none-eabi/bin/../lib/gcc/arm-none-eabi/4.8.4/../../../../arm-none-eabi/lib/libc.a(lib_a-__call_atexit.o)
 .debug_frame   0x0000000000000a3c       0x28 /Users/nmolo/gcc-arm-none-eabi/bin/../lib/gcc/arm-none-eabi/4.8.4/../../../../arm-none-eabi/lib/libc.a(lib_a-atexit.o)
 .debug_frame   0x0000000000000a64       0x2c /Users/nmolo/gcc-arm-none-eabi/bin/../lib/gcc/arm-none-eabi/4.8.4/../../../../arm-none-eabi/lib/libc.a(lib_a-fini.o)
 .debug_frame   0x0000000000000a90       0x30 /Users/nmolo/gcc-arm-none-eabi/bin/../lib/gcc/arm-none-eabi/4.8.4/../../../../arm-none-eabi/lib/libc.a(lib_a-__atexit.o)

Cross Reference Table

Symbol                                            File
ADC1_2_IRQHandler                                 Drivers/CMSIS/Device/ST/STM32L4xx/Source/Templates/gcc/startup_stm32l476xx.o
ADC3_IRQHandler                                   Drivers/CMSIS/Device/ST/STM32L4xx/Source/Templates/gcc/startup_stm32l476xx.o
AHBPrescTable                                     Drivers/CMSIS/Device/ST/STM32L4xx/Source/Templates/system_stm32l4xx.o
                                                  ./Drivers/STM32L4xx_HAL_Driver/libstm32fw.a(stm32l4xx_hal_rcc.o)
APBAHBPrescTable                                  ./Drivers/STM32L4xx_HAL_Driver/libstm32fw.a(stm32l4xx_hal_rcc.o)
BusFault_Handler                                  Drivers/CMSIS/Device/ST/STM32L4xx/Source/Templates/gcc/startup_stm32l476xx.o
CAN1_RX0_IRQHandler                               Drivers/CMSIS/Device/ST/STM32L4xx/Source/Templates/gcc/startup_stm32l476xx.o
CAN1_RX1_IRQHandler                               Drivers/CMSIS/Device/ST/STM32L4xx/Source/Templates/gcc/startup_stm32l476xx.o
CAN1_SCE_IRQHandler                               Drivers/CMSIS/Device/ST/STM32L4xx/Source/Templates/gcc/startup_stm32l476xx.o
CAN1_TX_IRQHandler                                Drivers/CMSIS/Device/ST/STM32L4xx/Source/Templates/gcc/startup_stm32l476xx.o
COMP_IRQHandler                                   Drivers/CMSIS/Device/ST/STM32L4xx/Source/Templates/gcc/startup_stm32l476xx.o
DFSDM0_IRQHandler                                 Drivers/CMSIS/Device/ST/STM32L4xx/Source/Templates/gcc/startup_stm32l476xx.o
DFSDM1_IRQHandler                                 Drivers/CMSIS/Device/ST/STM32L4xx/Source/Templates/gcc/startup_stm32l476xx.o
DFSDM2_IRQHandler                                 Drivers/CMSIS/Device/ST/STM32L4xx/Source/Templates/gcc/startup_stm32l476xx.o
DFSDM3_IRQHandler                                 Drivers/CMSIS/Device/ST/STM32L4xx/Source/Templates/gcc/startup_stm32l476xx.o
DMA1_Channel1_IRQHandler                          Drivers/CMSIS/Device/ST/STM32L4xx/Source/Templates/gcc/startup_stm32l476xx.o
DMA1_Channel2_IRQHandler                          Drivers/CMSIS/Device/ST/STM32L4xx/Source/Templates/gcc/startup_stm32l476xx.o
DMA1_Channel3_IRQHandler                          Drivers/CMSIS/Device/ST/STM32L4xx/Source/Templates/gcc/startup_stm32l476xx.o
DMA1_Channel4_IRQHandler                          Drivers/CMSIS/Device/ST/STM32L4xx/Source/Templates/gcc/startup_stm32l476xx.o
DMA1_Channel5_IRQHandler                          Drivers/CMSIS/Device/ST/STM32L4xx/Source/Templates/gcc/startup_stm32l476xx.o
DMA1_Channel6_IRQHandler                          Drivers/CMSIS/Device/ST/STM32L4xx/Source/Templates/gcc/startup_stm32l476xx.o
DMA1_Channel7_IRQHandler                          Drivers/CMSIS/Device/ST/STM32L4xx/Source/Templates/gcc/startup_stm32l476xx.o
DMA2_Channel1_IRQHandler                          Drivers/CMSIS/Device/ST/STM32L4xx/Source/Templates/gcc/startup_stm32l476xx.o
DMA2_Channel2_IRQHandler                          Drivers/CMSIS/Device/ST/STM32L4xx/Source/Templates/gcc/startup_stm32l476xx.o
DMA2_Channel3_IRQHandler                          Drivers/CMSIS/Device/ST/STM32L4xx/Source/Templates/gcc/startup_stm32l476xx.o
DMA2_Channel4_IRQHandler                          Drivers/CMSIS/Device/ST/STM32L4xx/Source/Templates/gcc/startup_stm32l476xx.o
DMA2_Channel5_IRQHandler                          Drivers/CMSIS/Device/ST/STM32L4xx/Source/Templates/gcc/startup_stm32l476xx.o
DMA2_Channel6_IRQHandler                          Drivers/CMSIS/Device/ST/STM32L4xx/Source/Templates/gcc/startup_stm32l476xx.o
DMA2_Channel7_IRQHandler                          Drivers/CMSIS/Device/ST/STM32L4xx/Source/Templates/gcc/startup_stm32l476xx.o
DebugMon_Handler                                  Drivers/CMSIS/Device/ST/STM32L4xx/Source/Templates/gcc/startup_stm32l476xx.o
Default_Handler                                   Drivers/CMSIS/Device/ST/STM32L4xx/Source/Templates/gcc/startup_stm32l476xx.o
EXTI0_IRQHandler                                  Drivers/CMSIS/Device/ST/STM32L4xx/Source/Templates/gcc/startup_stm32l476xx.o
EXTI15_10_IRQHandler                              Drivers/CMSIS/Device/ST/STM32L4xx/Source/Templates/gcc/startup_stm32l476xx.o
EXTI1_IRQHandler                                  Drivers/CMSIS/Device/ST/STM32L4xx/Source/Templates/gcc/startup_stm32l476xx.o
EXTI2_IRQHandler                                  Drivers/CMSIS/Device/ST/STM32L4xx/Source/Templates/gcc/startup_stm32l476xx.o
EXTI3_IRQHandler                                  Drivers/CMSIS/Device/ST/STM32L4xx/Source/Templates/gcc/startup_stm32l476xx.o
EXTI4_IRQHandler                                  Drivers/CMSIS/Device/ST/STM32L4xx/Source/Templates/gcc/startup_stm32l476xx.o
EXTI9_5_IRQHandler                                Drivers/CMSIS/Device/ST/STM32L4xx/Source/Templates/gcc/startup_stm32l476xx.o
FLASH_IRQHandler                                  Drivers/CMSIS/Device/ST/STM32L4xx/Source/Templates/gcc/startup_stm32l476xx.o
FMC_IRQHandler                                    Drivers/CMSIS/Device/ST/STM32L4xx/Source/Templates/gcc/startup_stm32l476xx.o
FPU_IRQHandler                                    Drivers/CMSIS/Device/ST/STM32L4xx/Source/Templates/gcc/startup_stm32l476xx.o
HAL_DBGMCU_DisableDBGSleepMode                    ./Drivers/STM32L4xx_HAL_Driver/libstm32fw.a(stm32l4xx_hal.o)
HAL_DBGMCU_DisableDBGStandbyMode                  ./Drivers/STM32L4xx_HAL_Driver/libstm32fw.a(stm32l4xx_hal.o)
HAL_DBGMCU_DisableDBGStopMode                     ./Drivers/STM32L4xx_HAL_Driver/libstm32fw.a(stm32l4xx_hal.o)
HAL_DBGMCU_EnableDBGSleepMode                     ./Drivers/STM32L4xx_HAL_Driver/libstm32fw.a(stm32l4xx_hal.o)
HAL_DBGMCU_EnableDBGStandbyMode                   ./Drivers/STM32L4xx_HAL_Driver/libstm32fw.a(stm32l4xx_hal.o)
HAL_DBGMCU_EnableDBGStopMode                      ./Drivers/STM32L4xx_HAL_Driver/libstm32fw.a(stm32l4xx_hal.o)
HAL_DeInit                                        ./Drivers/STM32L4xx_HAL_Driver/libstm32fw.a(stm32l4xx_hal.o)
HAL_Delay                                         ./Drivers/STM32L4xx_HAL_Driver/libstm32fw.a(stm32l4xx_hal.o)
                                                  Src/main.o
HAL_GPIO_DeInit                                   ./Drivers/STM32L4xx_HAL_Driver/libstm32fw.a(stm32l4xx_hal_gpio.o)
HAL_GPIO_EXTI_Callback                            ./Drivers/STM32L4xx_HAL_Driver/libstm32fw.a(stm32l4xx_hal_gpio.o)
HAL_GPIO_EXTI_IRQHandler                          ./Drivers/STM32L4xx_HAL_Driver/libstm32fw.a(stm32l4xx_hal_gpio.o)
HAL_GPIO_Init                                     ./Drivers/STM32L4xx_HAL_Driver/libstm32fw.a(stm32l4xx_hal_gpio.o)
                                                  ./Drivers/STM32L4xx_HAL_Driver/libstm32fw.a(stm32l4xx_hal_rcc.o)
                                                  Src/main.o
HAL_GPIO_LockPin                                  ./Drivers/STM32L4xx_HAL_Driver/libstm32fw.a(stm32l4xx_hal_gpio.o)
HAL_GPIO_ReadPin                                  ./Drivers/STM32L4xx_HAL_Driver/libstm32fw.a(stm32l4xx_hal_gpio.o)
HAL_GPIO_TogglePin                                ./Drivers/STM32L4xx_HAL_Driver/libstm32fw.a(stm32l4xx_hal_gpio.o)
HAL_GPIO_WritePin                                 ./Drivers/STM32L4xx_HAL_Driver/libstm32fw.a(stm32l4xx_hal_gpio.o)
                                                  Src/main.o
HAL_GetDEVID                                      ./Drivers/STM32L4xx_HAL_Driver/libstm32fw.a(stm32l4xx_hal.o)
HAL_GetHalVersion                                 ./Drivers/STM32L4xx_HAL_Driver/libstm32fw.a(stm32l4xx_hal.o)
HAL_GetREVID                                      ./Drivers/STM32L4xx_HAL_Driver/libstm32fw.a(stm32l4xx_hal.o)
HAL_GetTick                                       ./Drivers/STM32L4xx_HAL_Driver/libstm32fw.a(stm32l4xx_hal.o)
                                                  ./Drivers/STM32L4xx_HAL_Driver/libstm32fw.a(stm32l4xx_hal_rcc.o)
HAL_IncTick                                       ./Drivers/STM32L4xx_HAL_Driver/libstm32fw.a(stm32l4xx_hal.o)
                                                  Src/stm32l4xx_it.o
HAL_Init                                          ./Drivers/STM32L4xx_HAL_Driver/libstm32fw.a(stm32l4xx_hal.o)
                                                  Src/main.o
HAL_InitTick                                      ./Drivers/STM32L4xx_HAL_Driver/libstm32fw.a(stm32l4xx_hal.o)
                                                  ./Drivers/STM32L4xx_HAL_Driver/libstm32fw.a(stm32l4xx_hal_rcc.o)
HAL_MPU_ConfigRegion                              ./Drivers/STM32L4xx_HAL_Driver/libstm32fw.a(stm32l4xx_hal_cortex.o)
HAL_MspDeInit                                     ./Drivers/STM32L4xx_HAL_Driver/libstm32fw.a(stm32l4xx_hal.o)
HAL_MspInit                                       Src/stm32l4xx_hal_msp.o
HAL_NVIC_ClearPendingIRQ                          ./Drivers/STM32L4xx_HAL_Driver/libstm32fw.a(stm32l4xx_hal_cortex.o)
HAL_NVIC_DisableIRQ                               ./Drivers/STM32L4xx_HAL_Driver/libstm32fw.a(stm32l4xx_hal_cortex.o)
HAL_NVIC_EnableIRQ                                ./Drivers/STM32L4xx_HAL_Driver/libstm32fw.a(stm32l4xx_hal_cortex.o)
HAL_NVIC_GetActive                                ./Drivers/STM32L4xx_HAL_Driver/libstm32fw.a(stm32l4xx_hal_cortex.o)
HAL_NVIC_GetPendingIRQ                            ./Drivers/STM32L4xx_HAL_Driver/libstm32fw.a(stm32l4xx_hal_cortex.o)
HAL_NVIC_GetPriority                              ./Drivers/STM32L4xx_HAL_Driver/libstm32fw.a(stm32l4xx_hal_cortex.o)
HAL_NVIC_GetPriorityGrouping                      ./Drivers/STM32L4xx_HAL_Driver/libstm32fw.a(stm32l4xx_hal_cortex.o)
HAL_NVIC_SetPendingIRQ                            ./Drivers/STM32L4xx_HAL_Driver/libstm32fw.a(stm32l4xx_hal_cortex.o)
HAL_NVIC_SetPriority                              ./Drivers/STM32L4xx_HAL_Driver/libstm32fw.a(stm32l4xx_hal_cortex.o)
                                                  ./Drivers/STM32L4xx_HAL_Driver/libstm32fw.a(stm32l4xx_hal.o)
                                                  Src/stm32l4xx_hal_msp.o
                                                  Src/main.o
HAL_NVIC_SetPriorityGrouping                      ./Drivers/STM32L4xx_HAL_Driver/libstm32fw.a(stm32l4xx_hal_cortex.o)
                                                  ./Drivers/STM32L4xx_HAL_Driver/libstm32fw.a(stm32l4xx_hal.o)
                                                  Src/stm32l4xx_hal_msp.o
HAL_NVIC_SystemReset                              ./Drivers/STM32L4xx_HAL_Driver/libstm32fw.a(stm32l4xx_hal_cortex.o)
HAL_PWREx_ConfigPVM                               ./Drivers/STM32L4xx_HAL_Driver/libstm32fw.a(stm32l4xx_hal_pwr_ex.o)
HAL_PWREx_ControlVoltageScaling                   ./Drivers/STM32L4xx_HAL_Driver/libstm32fw.a(stm32l4xx_hal_pwr_ex.o)
                                                  Src/main.o
HAL_PWREx_DisableBatteryCharging                  ./Drivers/STM32L4xx_HAL_Driver/libstm32fw.a(stm32l4xx_hal_pwr_ex.o)
HAL_PWREx_DisableGPIOPullDown                     ./Drivers/STM32L4xx_HAL_Driver/libstm32fw.a(stm32l4xx_hal_pwr_ex.o)
HAL_PWREx_DisableGPIOPullUp                       ./Drivers/STM32L4xx_HAL_Driver/libstm32fw.a(stm32l4xx_hal_pwr_ex.o)
HAL_PWREx_DisableInternalWakeUpLine               ./Drivers/STM32L4xx_HAL_Driver/libstm32fw.a(stm32l4xx_hal_pwr_ex.o)
HAL_PWREx_DisableLowPowerRunMode                  ./Drivers/STM32L4xx_HAL_Driver/libstm32fw.a(stm32l4xx_hal_pwr_ex.o)
                                                  ./Drivers/STM32L4xx_HAL_Driver/libstm32fw.a(stm32l4xx_hal_pwr.o)
HAL_PWREx_DisablePVM1                             ./Drivers/STM32L4xx_HAL_Driver/libstm32fw.a(stm32l4xx_hal_pwr_ex.o)
HAL_PWREx_DisablePVM2                             ./Drivers/STM32L4xx_HAL_Driver/libstm32fw.a(stm32l4xx_hal_pwr_ex.o)
HAL_PWREx_DisablePVM3                             ./Drivers/STM32L4xx_HAL_Driver/libstm32fw.a(stm32l4xx_hal_pwr_ex.o)
HAL_PWREx_DisablePVM4                             ./Drivers/STM32L4xx_HAL_Driver/libstm32fw.a(stm32l4xx_hal_pwr_ex.o)
HAL_PWREx_DisablePullUpPullDownConfig             ./Drivers/STM32L4xx_HAL_Driver/libstm32fw.a(stm32l4xx_hal_pwr_ex.o)
HAL_PWREx_DisableSRAM2ContentRetention            ./Drivers/STM32L4xx_HAL_Driver/libstm32fw.a(stm32l4xx_hal_pwr_ex.o)
HAL_PWREx_DisableVddIO2                           ./Drivers/STM32L4xx_HAL_Driver/libstm32fw.a(stm32l4xx_hal_pwr_ex.o)
HAL_PWREx_DisableVddUSB                           ./Drivers/STM32L4xx_HAL_Driver/libstm32fw.a(stm32l4xx_hal_pwr_ex.o)
HAL_PWREx_EnableBatteryCharging                   ./Drivers/STM32L4xx_HAL_Driver/libstm32fw.a(stm32l4xx_hal_pwr_ex.o)
HAL_PWREx_EnableGPIOPullDown                      ./Drivers/STM32L4xx_HAL_Driver/libstm32fw.a(stm32l4xx_hal_pwr_ex.o)
HAL_PWREx_EnableGPIOPullUp                        ./Drivers/STM32L4xx_HAL_Driver/libstm32fw.a(stm32l4xx_hal_pwr_ex.o)
HAL_PWREx_EnableInternalWakeUpLine                ./Drivers/STM32L4xx_HAL_Driver/libstm32fw.a(stm32l4xx_hal_pwr_ex.o)
HAL_PWREx_EnableLowPowerRunMode                   ./Drivers/STM32L4xx_HAL_Driver/libstm32fw.a(stm32l4xx_hal_pwr_ex.o)
                                                  ./Drivers/STM32L4xx_HAL_Driver/libstm32fw.a(stm32l4xx_hal_pwr.o)
HAL_PWREx_EnablePVM1                              ./Drivers/STM32L4xx_HAL_Driver/libstm32fw.a(stm32l4xx_hal_pwr_ex.o)
HAL_PWREx_EnablePVM2                              ./Drivers/STM32L4xx_HAL_Driver/libstm32fw.a(stm32l4xx_hal_pwr_ex.o)
HAL_PWREx_EnablePVM3                              ./Drivers/STM32L4xx_HAL_Driver/libstm32fw.a(stm32l4xx_hal_pwr_ex.o)
HAL_PWREx_EnablePVM4                              ./Drivers/STM32L4xx_HAL_Driver/libstm32fw.a(stm32l4xx_hal_pwr_ex.o)
HAL_PWREx_EnablePullUpPullDownConfig              ./Drivers/STM32L4xx_HAL_Driver/libstm32fw.a(stm32l4xx_hal_pwr_ex.o)
HAL_PWREx_EnableSRAM2ContentRetention             ./Drivers/STM32L4xx_HAL_Driver/libstm32fw.a(stm32l4xx_hal_pwr_ex.o)
HAL_PWREx_EnableVddIO2                            ./Drivers/STM32L4xx_HAL_Driver/libstm32fw.a(stm32l4xx_hal_pwr_ex.o)
HAL_PWREx_EnableVddUSB                            ./Drivers/STM32L4xx_HAL_Driver/libstm32fw.a(stm32l4xx_hal_pwr_ex.o)
HAL_PWREx_EnterSHUTDOWNMode                       ./Drivers/STM32L4xx_HAL_Driver/libstm32fw.a(stm32l4xx_hal_pwr_ex.o)
HAL_PWREx_EnterSTOP1Mode                          ./Drivers/STM32L4xx_HAL_Driver/libstm32fw.a(stm32l4xx_hal_pwr_ex.o)
                                                  ./Drivers/STM32L4xx_HAL_Driver/libstm32fw.a(stm32l4xx_hal_pwr.o)
HAL_PWREx_EnterSTOP2Mode                          ./Drivers/STM32L4xx_HAL_Driver/libstm32fw.a(stm32l4xx_hal_pwr_ex.o)
HAL_PWREx_GetVoltageRange                         ./Drivers/STM32L4xx_HAL_Driver/libstm32fw.a(stm32l4xx_hal_pwr_ex.o)
                                                  ./Drivers/STM32L4xx_HAL_Driver/libstm32fw.a(stm32l4xx_hal_rcc.o)
HAL_PWREx_PVD_PVM_IRQHandler                      ./Drivers/STM32L4xx_HAL_Driver/libstm32fw.a(stm32l4xx_hal_pwr_ex.o)
HAL_PWREx_PVM1Callback                            ./Drivers/STM32L4xx_HAL_Driver/libstm32fw.a(stm32l4xx_hal_pwr_ex.o)
HAL_PWREx_PVM2Callback                            ./Drivers/STM32L4xx_HAL_Driver/libstm32fw.a(stm32l4xx_hal_pwr_ex.o)
HAL_PWREx_PVM3Callback                            ./Drivers/STM32L4xx_HAL_Driver/libstm32fw.a(stm32l4xx_hal_pwr_ex.o)
HAL_PWREx_PVM4Callback                            ./Drivers/STM32L4xx_HAL_Driver/libstm32fw.a(stm32l4xx_hal_pwr_ex.o)
HAL_PWR_ConfigPVD                                 ./Drivers/STM32L4xx_HAL_Driver/libstm32fw.a(stm32l4xx_hal_pwr.o)
HAL_PWR_DeInit                                    ./Drivers/STM32L4xx_HAL_Driver/libstm32fw.a(stm32l4xx_hal_pwr.o)
HAL_PWR_DisableBkUpAccess                         ./Drivers/STM32L4xx_HAL_Driver/libstm32fw.a(stm32l4xx_hal_pwr.o)
HAL_PWR_DisablePVD                                ./Drivers/STM32L4xx_HAL_Driver/libstm32fw.a(stm32l4xx_hal_pwr.o)
HAL_PWR_DisableSEVOnPend                          ./Drivers/STM32L4xx_HAL_Driver/libstm32fw.a(stm32l4xx_hal_pwr.o)
HAL_PWR_DisableSleepOnExit                        ./Drivers/STM32L4xx_HAL_Driver/libstm32fw.a(stm32l4xx_hal_pwr.o)
HAL_PWR_DisableWakeUpPin                          ./Drivers/STM32L4xx_HAL_Driver/libstm32fw.a(stm32l4xx_hal_pwr.o)
HAL_PWR_EnableBkUpAccess                          ./Drivers/STM32L4xx_HAL_Driver/libstm32fw.a(stm32l4xx_hal_pwr.o)
HAL_PWR_EnablePVD                                 ./Drivers/STM32L4xx_HAL_Driver/libstm32fw.a(stm32l4xx_hal_pwr.o)
HAL_PWR_EnableSEVOnPend                           ./Drivers/STM32L4xx_HAL_Driver/libstm32fw.a(stm32l4xx_hal_pwr.o)
HAL_PWR_EnableSleepOnExit                         ./Drivers/STM32L4xx_HAL_Driver/libstm32fw.a(stm32l4xx_hal_pwr.o)
HAL_PWR_EnableWakeUpPin                           ./Drivers/STM32L4xx_HAL_Driver/libstm32fw.a(stm32l4xx_hal_pwr.o)
HAL_PWR_EnterSLEEPMode                            ./Drivers/STM32L4xx_HAL_Driver/libstm32fw.a(stm32l4xx_hal_pwr.o)
HAL_PWR_EnterSTANDBYMode                          ./Drivers/STM32L4xx_HAL_Driver/libstm32fw.a(stm32l4xx_hal_pwr.o)
HAL_PWR_EnterSTOPMode                             ./Drivers/STM32L4xx_HAL_Driver/libstm32fw.a(stm32l4xx_hal_pwr.o)
HAL_PWR_PVDCallback                               ./Drivers/STM32L4xx_HAL_Driver/libstm32fw.a(stm32l4xx_hal_pwr.o)
                                                  ./Drivers/STM32L4xx_HAL_Driver/libstm32fw.a(stm32l4xx_hal_pwr_ex.o)
HAL_RCC_CSSCallback                               ./Drivers/STM32L4xx_HAL_Driver/libstm32fw.a(stm32l4xx_hal_rcc.o)
HAL_RCC_ClockConfig                               ./Drivers/STM32L4xx_HAL_Driver/libstm32fw.a(stm32l4xx_hal_rcc.o)
                                                  Src/main.o
HAL_RCC_DeInit                                    ./Drivers/STM32L4xx_HAL_Driver/libstm32fw.a(stm32l4xx_hal_rcc.o)
HAL_RCC_EnableCSS                                 ./Drivers/STM32L4xx_HAL_Driver/libstm32fw.a(stm32l4xx_hal_rcc.o)
HAL_RCC_GetClockConfig                            ./Drivers/STM32L4xx_HAL_Driver/libstm32fw.a(stm32l4xx_hal_rcc.o)
HAL_RCC_GetHCLKFreq                               ./Drivers/STM32L4xx_HAL_Driver/libstm32fw.a(stm32l4xx_hal_rcc.o)
                                                  ./Drivers/STM32L4xx_HAL_Driver/libstm32fw.a(stm32l4xx_hal.o)
                                                  Src/main.o
HAL_RCC_GetOscConfig                              ./Drivers/STM32L4xx_HAL_Driver/libstm32fw.a(stm32l4xx_hal_rcc.o)
HAL_RCC_GetPCLK1Freq                              ./Drivers/STM32L4xx_HAL_Driver/libstm32fw.a(stm32l4xx_hal_rcc.o)
HAL_RCC_GetPCLK2Freq                              ./Drivers/STM32L4xx_HAL_Driver/libstm32fw.a(stm32l4xx_hal_rcc.o)
HAL_RCC_GetSysClockFreq                           ./Drivers/STM32L4xx_HAL_Driver/libstm32fw.a(stm32l4xx_hal_rcc.o)
HAL_RCC_MCOConfig                                 ./Drivers/STM32L4xx_HAL_Driver/libstm32fw.a(stm32l4xx_hal_rcc.o)
                                                  Src/main.o
HAL_RCC_NMI_IRQHandler                            ./Drivers/STM32L4xx_HAL_Driver/libstm32fw.a(stm32l4xx_hal_rcc.o)
HAL_RCC_OscConfig                                 ./Drivers/STM32L4xx_HAL_Driver/libstm32fw.a(stm32l4xx_hal_rcc.o)
                                                  Src/main.o
HAL_ResumeTick                                    ./Drivers/STM32L4xx_HAL_Driver/libstm32fw.a(stm32l4xx_hal.o)
HAL_SYSCFG_DisableMemorySwappingBank              ./Drivers/STM32L4xx_HAL_Driver/libstm32fw.a(stm32l4xx_hal.o)
HAL_SYSCFG_DisableVREFBUF                         ./Drivers/STM32L4xx_HAL_Driver/libstm32fw.a(stm32l4xx_hal.o)
HAL_SYSCFG_EnableMemorySwappingBank               ./Drivers/STM32L4xx_HAL_Driver/libstm32fw.a(stm32l4xx_hal.o)
HAL_SYSCFG_EnableVREFBUF                          ./Drivers/STM32L4xx_HAL_Driver/libstm32fw.a(stm32l4xx_hal.o)
HAL_SYSCFG_SRAM2Erase                             ./Drivers/STM32L4xx_HAL_Driver/libstm32fw.a(stm32l4xx_hal.o)
HAL_SYSCFG_VREFBUF_HighImpedanceConfig            ./Drivers/STM32L4xx_HAL_Driver/libstm32fw.a(stm32l4xx_hal.o)
HAL_SYSCFG_VREFBUF_TrimmingConfig                 ./Drivers/STM32L4xx_HAL_Driver/libstm32fw.a(stm32l4xx_hal.o)
HAL_SYSCFG_VREFBUF_VoltageScalingConfig           ./Drivers/STM32L4xx_HAL_Driver/libstm32fw.a(stm32l4xx_hal.o)
HAL_SYSTICK_CLKSourceConfig                       ./Drivers/STM32L4xx_HAL_Driver/libstm32fw.a(stm32l4xx_hal_cortex.o)
                                                  Src/main.o
HAL_SYSTICK_Callback                              ./Drivers/STM32L4xx_HAL_Driver/libstm32fw.a(stm32l4xx_hal_cortex.o)
HAL_SYSTICK_Config                                ./Drivers/STM32L4xx_HAL_Driver/libstm32fw.a(stm32l4xx_hal_cortex.o)
                                                  ./Drivers/STM32L4xx_HAL_Driver/libstm32fw.a(stm32l4xx_hal.o)
                                                  Src/main.o
HAL_SYSTICK_IRQHandler                            ./Drivers/STM32L4xx_HAL_Driver/libstm32fw.a(stm32l4xx_hal_cortex.o)
                                                  Src/stm32l4xx_it.o
HAL_SuspendTick                                   ./Drivers/STM32L4xx_HAL_Driver/libstm32fw.a(stm32l4xx_hal.o)
HardFault_Handler                                 Drivers/CMSIS/Device/ST/STM32L4xx/Source/Templates/gcc/startup_stm32l476xx.o
I2C1_ER_IRQHandler                                Drivers/CMSIS/Device/ST/STM32L4xx/Source/Templates/gcc/startup_stm32l476xx.o
I2C1_EV_IRQHandler                                Drivers/CMSIS/Device/ST/STM32L4xx/Source/Templates/gcc/startup_stm32l476xx.o
I2C2_ER_IRQHandler                                Drivers/CMSIS/Device/ST/STM32L4xx/Source/Templates/gcc/startup_stm32l476xx.o
I2C2_EV_IRQHandler                                Drivers/CMSIS/Device/ST/STM32L4xx/Source/Templates/gcc/startup_stm32l476xx.o
I2C3_ER_IRQHandler                                Drivers/CMSIS/Device/ST/STM32L4xx/Source/Templates/gcc/startup_stm32l476xx.o
I2C3_EV_IRQHandler                                Drivers/CMSIS/Device/ST/STM32L4xx/Source/Templates/gcc/startup_stm32l476xx.o
LCD_IRQHandler                                    Drivers/CMSIS/Device/ST/STM32L4xx/Source/Templates/gcc/startup_stm32l476xx.o
LPTIM1_IRQHandler                                 Drivers/CMSIS/Device/ST/STM32L4xx/Source/Templates/gcc/startup_stm32l476xx.o
LPTIM2_IRQHandler                                 Drivers/CMSIS/Device/ST/STM32L4xx/Source/Templates/gcc/startup_stm32l476xx.o
LPUART1_IRQHandler                                Drivers/CMSIS/Device/ST/STM32L4xx/Source/Templates/gcc/startup_stm32l476xx.o
MSIRangeTable                                     Drivers/CMSIS/Device/ST/STM32L4xx/Source/Templates/system_stm32l4xx.o
                                                  ./Drivers/STM32L4xx_HAL_Driver/libstm32fw.a(stm32l4xx_hal_rcc.o)
MemManage_Handler                                 Drivers/CMSIS/Device/ST/STM32L4xx/Source/Templates/gcc/startup_stm32l476xx.o
NMI_Handler                                       Drivers/CMSIS/Device/ST/STM32L4xx/Source/Templates/gcc/startup_stm32l476xx.o
OTG_FS_IRQHandler                                 Drivers/CMSIS/Device/ST/STM32L4xx/Source/Templates/gcc/startup_stm32l476xx.o
PVD_PVM_IRQHandler                                Drivers/CMSIS/Device/ST/STM32L4xx/Source/Templates/gcc/startup_stm32l476xx.o
PendSV_Handler                                    Drivers/CMSIS/Device/ST/STM32L4xx/Source/Templates/gcc/startup_stm32l476xx.o
QUADSPI_IRQHandler                                Drivers/CMSIS/Device/ST/STM32L4xx/Source/Templates/gcc/startup_stm32l476xx.o
RCC_IRQHandler                                    Drivers/CMSIS/Device/ST/STM32L4xx/Source/Templates/gcc/startup_stm32l476xx.o
RNG_IRQHandler                                    Drivers/CMSIS/Device/ST/STM32L4xx/Source/Templates/gcc/startup_stm32l476xx.o
RTC_Alarm_IRQHandler                              Drivers/CMSIS/Device/ST/STM32L4xx/Source/Templates/gcc/startup_stm32l476xx.o
RTC_WKUP_IRQHandler                               Drivers/CMSIS/Device/ST/STM32L4xx/Source/Templates/gcc/startup_stm32l476xx.o
Reset_Handler                                     Drivers/CMSIS/Device/ST/STM32L4xx/Source/Templates/gcc/startup_stm32l476xx.o
SAI1_IRQHandler                                   Drivers/CMSIS/Device/ST/STM32L4xx/Source/Templates/gcc/startup_stm32l476xx.o
SAI2_IRQHandler                                   Drivers/CMSIS/Device/ST/STM32L4xx/Source/Templates/gcc/startup_stm32l476xx.o
SDMMC1_IRQHandler                                 Drivers/CMSIS/Device/ST/STM32L4xx/Source/Templates/gcc/startup_stm32l476xx.o
SPI1_IRQHandler                                   Drivers/CMSIS/Device/ST/STM32L4xx/Source/Templates/gcc/startup_stm32l476xx.o
SPI2_IRQHandler                                   Drivers/CMSIS/Device/ST/STM32L4xx/Source/Templates/gcc/startup_stm32l476xx.o
SPI3_IRQHandler                                   Drivers/CMSIS/Device/ST/STM32L4xx/Source/Templates/gcc/startup_stm32l476xx.o
SVC_Handler                                       Drivers/CMSIS/Device/ST/STM32L4xx/Source/Templates/gcc/startup_stm32l476xx.o
SWPMI1_IRQHandler                                 Drivers/CMSIS/Device/ST/STM32L4xx/Source/Templates/gcc/startup_stm32l476xx.o
SysTick_Handler                                   Src/stm32l4xx_it.o
                                                  Drivers/CMSIS/Device/ST/STM32L4xx/Source/Templates/gcc/startup_stm32l476xx.o
SystemClock_Config                                Src/main.o
SystemCoreClock                                   Drivers/CMSIS/Device/ST/STM32L4xx/Source/Templates/system_stm32l4xx.o
                                                  ./Drivers/STM32L4xx_HAL_Driver/libstm32fw.a(stm32l4xx_hal_rcc.o)
                                                  ./Drivers/STM32L4xx_HAL_Driver/libstm32fw.a(stm32l4xx_hal_pwr_ex.o)
SystemCoreClockUpdate                             Drivers/CMSIS/Device/ST/STM32L4xx/Source/Templates/system_stm32l4xx.o
SystemInit                                        Drivers/CMSIS/Device/ST/STM32L4xx/Source/Templates/system_stm32l4xx.o
                                                  Drivers/CMSIS/Device/ST/STM32L4xx/Source/Templates/gcc/startup_stm32l476xx.o
TAMP_STAMP_IRQHandler                             Drivers/CMSIS/Device/ST/STM32L4xx/Source/Templates/gcc/startup_stm32l476xx.o
TIM1_BRK_TIM15_IRQHandler                         Drivers/CMSIS/Device/ST/STM32L4xx/Source/Templates/gcc/startup_stm32l476xx.o
TIM1_CC_IRQHandler                                Drivers/CMSIS/Device/ST/STM32L4xx/Source/Templates/gcc/startup_stm32l476xx.o
TIM1_TRG_COM_TIM17_IRQHandler                     Drivers/CMSIS/Device/ST/STM32L4xx/Source/Templates/gcc/startup_stm32l476xx.o
TIM1_UP_TIM16_IRQHandler                          Drivers/CMSIS/Device/ST/STM32L4xx/Source/Templates/gcc/startup_stm32l476xx.o
TIM2_IRQHandler                                   Drivers/CMSIS/Device/ST/STM32L4xx/Source/Templates/gcc/startup_stm32l476xx.o
TIM3_IRQHandler                                   Drivers/CMSIS/Device/ST/STM32L4xx/Source/Templates/gcc/startup_stm32l476xx.o
TIM4_IRQHandler                                   Drivers/CMSIS/Device/ST/STM32L4xx/Source/Templates/gcc/startup_stm32l476xx.o
TIM5_IRQHandler                                   Drivers/CMSIS/Device/ST/STM32L4xx/Source/Templates/gcc/startup_stm32l476xx.o
TIM6_DAC_IRQHandler                               Drivers/CMSIS/Device/ST/STM32L4xx/Source/Templates/gcc/startup_stm32l476xx.o
TIM7_IRQHandler                                   Drivers/CMSIS/Device/ST/STM32L4xx/Source/Templates/gcc/startup_stm32l476xx.o
TIM8_BRK_IRQHandler                               Drivers/CMSIS/Device/ST/STM32L4xx/Source/Templates/gcc/startup_stm32l476xx.o
TIM8_CC_IRQHandler                                Drivers/CMSIS/Device/ST/STM32L4xx/Source/Templates/gcc/startup_stm32l476xx.o
TIM8_TRG_COM_IRQHandler                           Drivers/CMSIS/Device/ST/STM32L4xx/Source/Templates/gcc/startup_stm32l476xx.o
TIM8_UP_IRQHandler                                Drivers/CMSIS/Device/ST/STM32L4xx/Source/Templates/gcc/startup_stm32l476xx.o
TSC_IRQHandler                                    Drivers/CMSIS/Device/ST/STM32L4xx/Source/Templates/gcc/startup_stm32l476xx.o
UART4_IRQHandler                                  Drivers/CMSIS/Device/ST/STM32L4xx/Source/Templates/gcc/startup_stm32l476xx.o
UART5_IRQHandler                                  Drivers/CMSIS/Device/ST/STM32L4xx/Source/Templates/gcc/startup_stm32l476xx.o
USART1_IRQHandler                                 Drivers/CMSIS/Device/ST/STM32L4xx/Source/Templates/gcc/startup_stm32l476xx.o
USART2_IRQHandler                                 Drivers/CMSIS/Device/ST/STM32L4xx/Source/Templates/gcc/startup_stm32l476xx.o
USART3_IRQHandler                                 Drivers/CMSIS/Device/ST/STM32L4xx/Source/Templates/gcc/startup_stm32l476xx.o
UsageFault_Handler                                Drivers/CMSIS/Device/ST/STM32L4xx/Source/Templates/gcc/startup_stm32l476xx.o
WWDG_IRQHandler                                   Drivers/CMSIS/Device/ST/STM32L4xx/Source/Templates/gcc/startup_stm32l476xx.o
_Jv_RegisterClasses                               /Users/nmolo/gcc-arm-none-eabi/bin/../lib/gcc/arm-none-eabi/4.8.4/crtbegin.o
__bss_end__                                       /Users/nmolo/gcc-arm-none-eabi/bin/../lib/gcc/arm-none-eabi/4.8.4/../../../../arm-none-eabi/lib/crt0.o
__bss_start__                                     /Users/nmolo/gcc-arm-none-eabi/bin/../lib/gcc/arm-none-eabi/4.8.4/../../../../arm-none-eabi/lib/crt0.o
__call_exitprocs                                  /Users/nmolo/gcc-arm-none-eabi/bin/../lib/gcc/arm-none-eabi/4.8.4/../../../../arm-none-eabi/lib/libc.a(lib_a-__call_atexit.o)
                                                  /Users/nmolo/gcc-arm-none-eabi/bin/../lib/gcc/arm-none-eabi/4.8.4/../../../../arm-none-eabi/lib/libc.a(lib_a-exit.o)
__deregister_frame_info                           /Users/nmolo/gcc-arm-none-eabi/bin/../lib/gcc/arm-none-eabi/4.8.4/crtbegin.o
__dso_handle                                      /Users/nmolo/gcc-arm-none-eabi/bin/../lib/gcc/arm-none-eabi/4.8.4/crtbegin.o
__fini_array_end                                  /Users/nmolo/gcc-arm-none-eabi/bin/../lib/gcc/arm-none-eabi/4.8.4/../../../../arm-none-eabi/lib/libc.a(lib_a-fini.o)
__fini_array_start                                /Users/nmolo/gcc-arm-none-eabi/bin/../lib/gcc/arm-none-eabi/4.8.4/../../../../arm-none-eabi/lib/libc.a(lib_a-fini.o)
__init_array_end                                  /Users/nmolo/gcc-arm-none-eabi/bin/../lib/gcc/arm-none-eabi/4.8.4/../../../../arm-none-eabi/lib/libc.a(lib_a-init.o)
__init_array_start                                /Users/nmolo/gcc-arm-none-eabi/bin/../lib/gcc/arm-none-eabi/4.8.4/../../../../arm-none-eabi/lib/libc.a(lib_a-init.o)
__libc_fini                                       /Users/nmolo/gcc-arm-none-eabi/bin/../lib/gcc/arm-none-eabi/4.8.4/../../../../arm-none-eabi/lib/libc.a(lib_a-__call_atexit.o)
__libc_fini_array                                 /Users/nmolo/gcc-arm-none-eabi/bin/../lib/gcc/arm-none-eabi/4.8.4/../../../../arm-none-eabi/lib/libc.a(lib_a-fini.o)
                                                  /Users/nmolo/gcc-arm-none-eabi/bin/../lib/gcc/arm-none-eabi/4.8.4/../../../../arm-none-eabi/lib/libc.a(lib_a-__call_atexit.o)
                                                  /Users/nmolo/gcc-arm-none-eabi/bin/../lib/gcc/arm-none-eabi/4.8.4/../../../../arm-none-eabi/lib/crt0.o
__libc_init_array                                 /Users/nmolo/gcc-arm-none-eabi/bin/../lib/gcc/arm-none-eabi/4.8.4/../../../../arm-none-eabi/lib/libc.a(lib_a-init.o)
                                                  Drivers/CMSIS/Device/ST/STM32L4xx/Source/Templates/gcc/startup_stm32l476xx.o
                                                  /Users/nmolo/gcc-arm-none-eabi/bin/../lib/gcc/arm-none-eabi/4.8.4/../../../../arm-none-eabi/lib/crt0.o
__preinit_array_end                               /Users/nmolo/gcc-arm-none-eabi/bin/../lib/gcc/arm-none-eabi/4.8.4/../../../../arm-none-eabi/lib/libc.a(lib_a-init.o)
__preinit_array_start                             /Users/nmolo/gcc-arm-none-eabi/bin/../lib/gcc/arm-none-eabi/4.8.4/../../../../arm-none-eabi/lib/libc.a(lib_a-init.o)
__register_exitproc                               /Users/nmolo/gcc-arm-none-eabi/bin/../lib/gcc/arm-none-eabi/4.8.4/../../../../arm-none-eabi/lib/libc.a(lib_a-__atexit.o)
                                                  /Users/nmolo/gcc-arm-none-eabi/bin/../lib/gcc/arm-none-eabi/4.8.4/../../../../arm-none-eabi/lib/libc.a(lib_a-atexit.o)
__register_frame_info                             /Users/nmolo/gcc-arm-none-eabi/bin/../lib/gcc/arm-none-eabi/4.8.4/crtbegin.o
__stack                                           /Users/nmolo/gcc-arm-none-eabi/bin/../lib/gcc/arm-none-eabi/4.8.4/../../../../arm-none-eabi/lib/crt0.o
_ebss                                             Drivers/CMSIS/Device/ST/STM32L4xx/Source/Templates/gcc/startup_stm32l476xx.o
_edata                                            Drivers/CMSIS/Device/ST/STM32L4xx/Source/Templates/gcc/startup_stm32l476xx.o
_estack                                           Drivers/CMSIS/Device/ST/STM32L4xx/Source/Templates/gcc/startup_stm32l476xx.o
_exit                                             /Users/nmolo/gcc-arm-none-eabi/bin/../lib/gcc/arm-none-eabi/4.8.4/../../../../arm-none-eabi/lib/libc.a(lib_a-exit.o)
_fini                                             /Users/nmolo/gcc-arm-none-eabi/bin/../lib/gcc/arm-none-eabi/4.8.4/crti.o
                                                  /Users/nmolo/gcc-arm-none-eabi/bin/../lib/gcc/arm-none-eabi/4.8.4/../../../../arm-none-eabi/lib/libc.a(lib_a-fini.o)
_global_impure_ptr                                /Users/nmolo/gcc-arm-none-eabi/bin/../lib/gcc/arm-none-eabi/4.8.4/../../../../arm-none-eabi/lib/libc.a(lib_a-impure.o)
                                                  /Users/nmolo/gcc-arm-none-eabi/bin/../lib/gcc/arm-none-eabi/4.8.4/../../../../arm-none-eabi/lib/libc.a(lib_a-__atexit.o)
                                                  /Users/nmolo/gcc-arm-none-eabi/bin/../lib/gcc/arm-none-eabi/4.8.4/../../../../arm-none-eabi/lib/libc.a(lib_a-__call_atexit.o)
                                                  /Users/nmolo/gcc-arm-none-eabi/bin/../lib/gcc/arm-none-eabi/4.8.4/../../../../arm-none-eabi/lib/libc.a(lib_a-exit.o)
_impure_ptr                                       /Users/nmolo/gcc-arm-none-eabi/bin/../lib/gcc/arm-none-eabi/4.8.4/../../../../arm-none-eabi/lib/libc.a(lib_a-impure.o)
_init                                             /Users/nmolo/gcc-arm-none-eabi/bin/../lib/gcc/arm-none-eabi/4.8.4/crti.o
                                                  /Users/nmolo/gcc-arm-none-eabi/bin/../lib/gcc/arm-none-eabi/4.8.4/../../../../arm-none-eabi/lib/libc.a(lib_a-init.o)
_mainCRTStartup                                   /Users/nmolo/gcc-arm-none-eabi/bin/../lib/gcc/arm-none-eabi/4.8.4/../../../../arm-none-eabi/lib/crt0.o
_sbss                                             Drivers/CMSIS/Device/ST/STM32L4xx/Source/Templates/gcc/startup_stm32l476xx.o
_sdata                                            Drivers/CMSIS/Device/ST/STM32L4xx/Source/Templates/gcc/startup_stm32l476xx.o
_sidata                                           Drivers/CMSIS/Device/ST/STM32L4xx/Source/Templates/gcc/startup_stm32l476xx.o
_start                                            /Users/nmolo/gcc-arm-none-eabi/bin/../lib/gcc/arm-none-eabi/4.8.4/../../../../arm-none-eabi/lib/crt0.o
atexit                                            /Users/nmolo/gcc-arm-none-eabi/bin/../lib/gcc/arm-none-eabi/4.8.4/../../../../arm-none-eabi/lib/libc.a(lib_a-atexit.o)
                                                  /Users/nmolo/gcc-arm-none-eabi/bin/../lib/gcc/arm-none-eabi/4.8.4/../../../../arm-none-eabi/lib/libc.a(lib_a-__call_atexit.o)
                                                  /Users/nmolo/gcc-arm-none-eabi/bin/../lib/gcc/arm-none-eabi/4.8.4/../../../../arm-none-eabi/lib/crt0.o
exit                                              /Users/nmolo/gcc-arm-none-eabi/bin/../lib/gcc/arm-none-eabi/4.8.4/../../../../arm-none-eabi/lib/libc.a(lib_a-exit.o)
                                                  /Users/nmolo/gcc-arm-none-eabi/bin/../lib/gcc/arm-none-eabi/4.8.4/../../../../arm-none-eabi/lib/crt0.o
free                                              /Users/nmolo/gcc-arm-none-eabi/bin/../lib/gcc/arm-none-eabi/4.8.4/../../../../arm-none-eabi/lib/libc.a(lib_a-__call_atexit.o)
g_pfnVectors                                      Drivers/CMSIS/Device/ST/STM32L4xx/Source/Templates/gcc/startup_stm32l476xx.o
hardware_init_hook                                /Users/nmolo/gcc-arm-none-eabi/bin/../lib/gcc/arm-none-eabi/4.8.4/../../../../arm-none-eabi/lib/crt0.o
main                                              Src/main.o
                                                  Drivers/CMSIS/Device/ST/STM32L4xx/Source/Templates/gcc/startup_stm32l476xx.o
                                                  /Users/nmolo/gcc-arm-none-eabi/bin/../lib/gcc/arm-none-eabi/4.8.4/../../../../arm-none-eabi/lib/crt0.o
malloc                                            /Users/nmolo/gcc-arm-none-eabi/bin/../lib/gcc/arm-none-eabi/4.8.4/../../../../arm-none-eabi/lib/libc.a(lib_a-__atexit.o)
memset                                            /Users/nmolo/gcc-arm-none-eabi/bin/../lib/gcc/arm-none-eabi/4.8.4/../../../../arm-none-eabi/lib/libc.a(lib_a-memset.o)
                                                  /Users/nmolo/gcc-arm-none-eabi/bin/../lib/gcc/arm-none-eabi/4.8.4/../../../../arm-none-eabi/lib/crt0.o
software_init_hook                                /Users/nmolo/gcc-arm-none-eabi/bin/../lib/gcc/arm-none-eabi/4.8.4/../../../../arm-none-eabi/lib/crt0.o
